Total number of trainable parameters:  902450
[INFO]: RGB model is used for init model
loading checkpoint /home/aipu/qyh/Real-time-GesRec/results/shared/egogesture_resnetl_10_RGB_8.pth
Total number of trainable parameters:  893042
Total number of trainable parameters:  47693332
[INFO]: RGB model is used for init model
loading checkpoint /home/aipu/qyh/Real-time-GesRec/train_res/egogesture_resnext_1.0x_RGB_32_best.pth
Total number of trainable parameters:  47693332
Start Evaluation
[1/431]============
/home/aipu/qyh/datasets/EgoGesture/videos/Subject02/Scene6/Color/rgb1.avi
@@@@@@@@@@@@@@ Subject02/Scene6/Color/rgb1
[INFO]: Videot  is loading... /home/aipu/qyh/datasets/EgoGesture/videos/Subject02/Scene6/Color/rgb1 Subject02/Scene6/Color/rgb1
Late Detected - class : 38 with prob : 0.20205073890346698 at frame 172
Late Detected - class : 34 with prob : 0.20775579539794622 at frame 660
Late Detected - class : 60 with prob : 0.15258823201105118 at frame 729
Late Detected - class : 32 with prob : 0.272701634355416 at frame 795
Late Detected - class : 52 with prob : 0.45396856071025166 at frame 983
predicted classes: 	 [38 34 60 32 52]
True classes :		 [73 38 37 79 19 28 12 34 60 32 70 52]
Levenshtein Accuracy = 0.41666666666666663 (0.4166666666666667)
[2/431]============
/home/aipu/qyh/datasets/EgoGesture/videos/Subject02/Scene6/Color/rgb2.avi
@@@@@@@@@@@@@@ Subject02/Scene6/Color/rgb2
[INFO]: Videot  is loading... /home/aipu/qyh/datasets/EgoGesture/videos/Subject02/Scene6/Color/rgb2 Subject02/Scene6/Color/rgb2
Late Detected - class : 72 with prob : 0.3766968323498187 at frame 554
Late Detected - class : 44 with prob : 0.15120892197586822 at frame 639
Late Detected - class : 83 with prob : 0.1756387672434638 at frame 902
Late Detected - class : 14 with prob : 0.37907917657671153 at frame 1220
Late Detected - class : 18 with prob : 0.17233410841728292 at frame 1298
predicted classes: 	 [72 44 83 14 18]
True classes :		 [31 57  0 42 72 44  2 30 59 14 18]
Levenshtein Accuracy = 0.36363636363636365 (0.391304347826087)
[3/431]============
/home/aipu/qyh/datasets/EgoGesture/videos/Subject02/Scene6/Color/rgb6.avi
@@@@@@@@@@@@@@ Subject02/Scene6/Color/rgb6
[INFO]: Videot  is loading... /home/aipu/qyh/datasets/EgoGesture/videos/Subject02/Scene6/Color/rgb6 Subject02/Scene6/Color/rgb6
Late Detected - class : 65 with prob : 0.2358341621535037 at frame 254
Late Detected - class : 41 with prob : 0.2621988110796707 at frame 341
Late Detected - class : 15 with prob : 0.15553252887943642 at frame 413
Late Detected - class : 78 with prob : 0.30826747744126415 at frame 528
Late Detected - class : 3 with prob : 0.3046932610697938 at frame 646
Late Detected - class : 39 with prob : 0.31041859534947364 at frame 694
Late Detected - class : 27 with prob : 0.227370911468481 at frame 776
Late Detected - class : 61 with prob : 0.2698954767034903 at frame 858
Late Detected - class : 6 with prob : 0.3527050308611566 at frame 970
Late Detected - class : 33 with prob : 0.23547533224286293 at frame 1042
Late Detected - class : 48 with prob : 0.46173028813059175 at frame 1270
predicted classes: 	 [65 41 15 78  3 39 27 61  6 33 48]
True classes :		 [65 41 15 78  3 39 27 61  6 33 53 48]
Levenshtein Accuracy = 0.9166666666666666 (0.5714285714285714)
[4/431]============
/home/aipu/qyh/datasets/EgoGesture/videos/Subject02/Scene6/Color/rgb3.avi
@@@@@@@@@@@@@@ Subject02/Scene6/Color/rgb3
[INFO]: Videot  is loading... /home/aipu/qyh/datasets/EgoGesture/videos/Subject02/Scene6/Color/rgb3 Subject02/Scene6/Color/rgb3
Late Detected - class : 67 with prob : 0.19814224904117672 at frame 134
Late Detected - class : 56 with prob : 0.26385118346829045 at frame 296
Late Detected - class : 10 with prob : 0.40892313667299407 at frame 417
Late Detected - class : 22 with prob : 0.42508720902464664 at frame 595
Late Detected - class : 83 with prob : 0.1738839969788766 at frame 634
Late Detected - class : 40 with prob : 0.44559752468823627 at frame 811
Late Detected - class : 29 with prob : 0.1535939686367065 at frame 862
Late Detected - class : 17 with prob : 0.5258759841037107 at frame 1108
Late Detected - class : 26 with prob : 0.22893824064171403 at frame 1188
predicted classes: 	 [67 56 10 22 83 40 29 17 26]
True classes :		 [67  1 56 10 64 22 71 40 29 11 17 26]
Levenshtein Accuracy = 0.6666666666666667 (0.5957446808510638)
[5/431]============
/home/aipu/qyh/datasets/EgoGesture/videos/Subject02/Scene6/Color/rgb7.avi
@@@@@@@@@@@@@@ Subject02/Scene6/Color/rgb7
[INFO]: Videot  is loading... /home/aipu/qyh/datasets/EgoGesture/videos/Subject02/Scene6/Color/rgb7 Subject02/Scene6/Color/rgb7
Late Detected - class : 83 with prob : 0.21523387539373018 at frame 571
Late Detected - class : 56 with prob : 0.16495763350158604 at frame 657
Late Detected - class : 46 with prob : 0.2867994678529146 at frame 734
Late Detected - class : 63 with prob : 0.23561380555659578 at frame 813
Late Detected - class : 35 with prob : 0.20987364140804696 at frame 909
Late Detected - class : 23 with prob : 0.3114510523229113 at frame 981
Late Detected - class : 4 with prob : 0.29803954958112716 at frame 1064
Late Detected - class : 83 with prob : 0.25610690282668463 at frame 1190
Late Detected - class : 45 with prob : 0.18047085947830513 at frame 1325
predicted classes: 	 [83 56 46 63 35 23  4 83 45]
True classes :		 [68 20 46 63 35 23  4  7 16 45 55]
Levenshtein Accuracy = 0.5454545454545454 (0.5862068965517241)
[6/431]============
/home/aipu/qyh/datasets/EgoGesture/videos/Subject02/Scene6/Color/rgb4.avi
@@@@@@@@@@@@@@ Subject02/Scene6/Color/rgb4
[INFO]: Videot  is loading... /home/aipu/qyh/datasets/EgoGesture/videos/Subject02/Scene6/Color/rgb4 Subject02/Scene6/Color/rgb4
Late Detected - class : 54 with prob : 0.17602486715191093 at frame 418
Late Detected - class : 51 with prob : 0.18148963073360416 at frame 574
Late Detected - class : 8 with prob : 0.17790334380337203 at frame 1122
predicted classes: 	 [54 51  8]
True classes :		 [54 47 51 81 74  5 49  8 25 76 75 77]
Levenshtein Accuracy = 0.25 (0.5285714285714286)
[7/431]============
/home/aipu/qyh/datasets/EgoGesture/videos/Subject02/Scene6/Color/rgb5.avi
@@@@@@@@@@@@@@ Subject02/Scene6/Color/rgb5
[INFO]: Videot  is loading... /home/aipu/qyh/datasets/EgoGesture/videos/Subject02/Scene6/Color/rgb5 Subject02/Scene6/Color/rgb5
Late Detected - class : 82 with prob : 0.2069765856702932 at frame 260
Late Detected - class : 36 with prob : 0.2186979581901834 at frame 434
Late Detected - class : 21 with prob : 0.15787388843483943 at frame 513
Late Detected - class : 58 with prob : 0.22866864173153167 at frame 694
Late Detected - class : 9 with prob : 0.427889671228535 at frame 913
Late Detected - class : 13 with prob : 0.25949705053518385 at frame 1018
Late Detected - class : 43 with prob : 0.17255591392577094 at frame 1247
predicted classes: 	 [82 36 21 58  9 13 43]
True classes :		 [80 82 62 36 21 24 58 50  9 13 66 43]
Levenshtein Accuracy = 0.5833333333333333 (0.5365853658536586)
[8/431]============
/home/aipu/qyh/datasets/EgoGesture/videos/Subject02/Scene1/Color/rgb1.avi
@@@@@@@@@@@@@@ Subject02/Scene1/Color/rgb1
[INFO]: Videot  is loading... /home/aipu/qyh/datasets/EgoGesture/videos/Subject02/Scene1/Color/rgb1 Subject02/Scene1/Color/rgb1
Late Detected - class : 0 with prob : 0.19624982367123375 at frame 366
Late Detected - class : 1 with prob : 0.222683780929132 at frame 471
Late Detected - class : 5 with prob : 0.2616517102503107 at frame 624
Late Detected - class : 4 with prob : 0.3104527707914192 at frame 780
Late Detected - class : 7 with prob : 0.370291606382142 at frame 895
Late Detected - class : 6 with prob : 0.3802428765027097 at frame 1004
Late Detected - class : 3 with prob : 0.2510301657425043 at frame 1132
Late Detected - class : 8 with prob : 0.42607815821077166 at frame 1285
Late Detected - class : 9 with prob : 0.5301317893214927 at frame 1542
Late Detected - class : 10 with prob : 0.4034283522252088 at frame 1688
predicted classes: 	 [ 0  1  5  4  7  6  3  8  9 10]
True classes :		 [ 0  1  5  4  7  6  3  8  2  9 10]
Levenshtein Accuracy = 0.9090909090909091 (0.5806451612903226)
[9/431]============
/home/aipu/qyh/datasets/EgoGesture/videos/Subject02/Scene1/Color/rgb2.avi
@@@@@@@@@@@@@@ Subject02/Scene1/Color/rgb2
[INFO]: Videot  is loading... /home/aipu/qyh/datasets/EgoGesture/videos/Subject02/Scene1/Color/rgb2 Subject02/Scene1/Color/rgb2
Late Detected - class : 11 with prob : 0.27775818180171774 at frame 161
Late Detected - class : 13 with prob : 0.35758586765742245 at frame 298
Late Detected - class : 15 with prob : 0.3065668810528843 at frame 430
Late Detected - class : 14 with prob : 0.5027966640374261 at frame 689
Late Detected - class : 12 with prob : 0.17270031466138686 at frame 802
Late Detected - class : 17 with prob : 0.39453284346076845 at frame 949
Late Detected - class : 19 with prob : 0.42312569355143675 at frame 1142
predicted classes: 	 [11 13 15 14 12 17 19]
True classes :		 [11 13 15 16 14 12 17 19 18]
Levenshtein Accuracy = 0.7777777777777778 (0.5980392156862745)
[10/431]============
/home/aipu/qyh/datasets/EgoGesture/videos/Subject02/Scene1/Color/rgb6.avi
@@@@@@@@@@@@@@ Subject02/Scene1/Color/rgb6
[INFO]: Videot  is loading... /home/aipu/qyh/datasets/EgoGesture/videos/Subject02/Scene1/Color/rgb6 Subject02/Scene1/Color/rgb6
Late Detected - class : 53 with prob : 0.2870021073966488 at frame 134
Late Detected - class : 56 with prob : 0.34091485072569194 at frame 275
Late Detected - class : 59 with prob : 0.338248006505612 at frame 398
Late Detected - class : 55 with prob : 0.36160096005205405 at frame 583
Late Detected - class : 54 with prob : 0.2825587790535345 at frame 959
Late Detected - class : 57 with prob : 0.19050278906009346 at frame 1073
Late Detected - class : 58 with prob : 0.2423952600743425 at frame 1178
Late Detected - class : 60 with prob : 0.30378384967805966 at frame 1313
Late Detected - class : 61 with prob : 0.3670501851774464 at frame 1413
predicted classes: 	 [53 56 59 55 54 57 58 60 61]
True classes :		 [53 56 59 55 54 57 58 60 61]
Levenshtein Accuracy = 1.0 (0.6306306306306306)
[11/431]============
/home/aipu/qyh/datasets/EgoGesture/videos/Subject02/Scene1/Color/rgb3.avi
@@@@@@@@@@@@@@ Subject02/Scene1/Color/rgb3
[INFO]: Videot  is loading... /home/aipu/qyh/datasets/EgoGesture/videos/Subject02/Scene1/Color/rgb3 Subject02/Scene1/Color/rgb3
Late Detected - class : 20 with prob : 0.20058951159318383 at frame 81
Late Detected - class : 23 with prob : 0.4820812278478362 at frame 335
Late Detected - class : 24 with prob : 0.21185472672257658 at frame 428
Late Detected - class : 26 with prob : 0.3614676643385968 at frame 549
Late Detected - class : 22 with prob : 0.626406785912747 at frame 681
Late Detected - class : 25 with prob : 0.18525636516308747 at frame 799
Late Detected - class : 31 with prob : 0.21951152155070622 at frame 1131
Late Detected - class : 32 with prob : 0.40325409091922204 at frame 1257
Late Detected - class : 27 with prob : 0.38174133845116254 at frame 1369
Late Detected - class : 30 with prob : 0.44289039297335203 at frame 1465
Late Detected - class : 31 with prob : 0.4556946293609746 at frame 1547
predicted classes: 	 [20 23 24 26 22 25 31 32 27 30 31]
True classes :		 [20 21 23 24 26 22 25 28 31 32 27 30 31]
Levenshtein Accuracy = 0.8461538461538461 (0.6532258064516129)
[12/431]============
/home/aipu/qyh/datasets/EgoGesture/videos/Subject02/Scene1/Color/rgb7.avi
@@@@@@@@@@@@@@ Subject02/Scene1/Color/rgb7
[INFO]: Videot  is loading... /home/aipu/qyh/datasets/EgoGesture/videos/Subject02/Scene1/Color/rgb7 Subject02/Scene1/Color/rgb7
Late Detected - class : 72 with prob : 0.5924009641172727 at frame 102
Late Detected - class : 73 with prob : 0.2854909650759271 at frame 185
Late Detected - class : 74 with prob : 0.3391853229807189 at frame 271
Late Detected - class : 75 with prob : 0.42942629694748136 at frame 373
Late Detected - class : 76 with prob : 0.20105955850093088 at frame 459
Late Detected - class : 77 with prob : 0.21203310690901359 at frame 526
Late Detected - class : 78 with prob : 0.38012315361083854 at frame 619
Late Detected - class : 82 with prob : 0.35599457007859675 at frame 992
predicted classes: 	 [72 73 74 75 76 77 78 82]
True classes :		 [72 73 74 75 76 77 78 79 80 81 82]
Levenshtein Accuracy = 0.7272727272727273 (0.6592592592592592)
[13/431]============
/home/aipu/qyh/datasets/EgoGesture/videos/Subject02/Scene1/Color/rgb4.avi
@@@@@@@@@@@@@@ Subject02/Scene1/Color/rgb4
[INFO]: Videot  is loading... /home/aipu/qyh/datasets/EgoGesture/videos/Subject02/Scene1/Color/rgb4 Subject02/Scene1/Color/rgb4
Late Detected - class : 29 with prob : 0.27251718433718464 at frame 96
Late Detected - class : 34 with prob : 0.3010742115081439 at frame 269
Late Detected - class : 33 with prob : 0.5411329603618433 at frame 409
Late Detected - class : 35 with prob : 0.5107822043333085 at frame 484
Late Detected - class : 38 with prob : 0.4674379086006644 at frame 601
Late Detected - class : 40 with prob : 0.47341900003643916 at frame 734
Late Detected - class : 36 with prob : 0.5500143891386655 at frame 872
Late Detected - class : 37 with prob : 0.37034776933713226 at frame 985
Late Detected - class : 41 with prob : 0.5316479026700515 at frame 1122
Late Detected - class : 39 with prob : 0.5535395998600164 at frame 1297
Late Detected - class : 42 with prob : 0.22927052093082126 at frame 1473
Late Detected - class : 43 with prob : 0.22654788149065128 at frame 1599
predicted classes: 	 [29 34 33 35 38 40 36 37 41 39 42 43]
True classes :		 [29 34 33 35 38 40 36 37 41 39 42 43]
Levenshtein Accuracy = 1.0 (0.6870748299319728)
[14/431]============
/home/aipu/qyh/datasets/EgoGesture/videos/Subject02/Scene1/Color/rgb5.avi
@@@@@@@@@@@@@@ Subject02/Scene1/Color/rgb5
[INFO]: Videot  is loading... /home/aipu/qyh/datasets/EgoGesture/videos/Subject02/Scene1/Color/rgb5 Subject02/Scene1/Color/rgb5
Late Detected - class : 44 with prob : 0.3565086160825319 at frame 126
Late Detected - class : 46 with prob : 0.3028236048702063 at frame 309
Late Detected - class : 49 with prob : 0.2864851244024627 at frame 442
Late Detected - class : 51 with prob : 0.6608332012945044 at frame 602
Late Detected - class : 52 with prob : 0.567743800269709 at frame 768
Late Detected - class : 45 with prob : 0.3490491740271925 at frame 947
Late Detected - class : 47 with prob : 0.2725576935972748 at frame 1081
Late Detected - class : 48 with prob : 0.5891400763665715 at frame 1223
Late Detected - class : 51 with prob : 0.7923296490662234 at frame 1357
Late Detected - class : 52 with prob : 0.48827345960911034 at frame 1449
Late Detected - class : 50 with prob : 0.2692600493316189 at frame 1526
predicted classes: 	 [44 46 49 51 52 45 47 48 51 52 50]
True classes :		 [44 46 49 51 52 45 47 48 51 52 50]
Levenshtein Accuracy = 1.0 (0.7088607594936709)
[15/431]============
/home/aipu/qyh/datasets/EgoGesture/videos/Subject02/Scene3/Color/rgb1.avi
@@@@@@@@@@@@@@ Subject02/Scene3/Color/rgb1
[INFO]: Videot  is loading... /home/aipu/qyh/datasets/EgoGesture/videos/Subject02/Scene3/Color/rgb1 Subject02/Scene3/Color/rgb1
Late Detected - class : 6 with prob : 0.503203332761911 at frame 182
Late Detected - class : 5 with prob : 0.2536893593196351 at frame 312
Late Detected - class : 4 with prob : 0.275818065850301 at frame 619
Late Detected - class : 7 with prob : 0.32631826164328875 at frame 791
Late Detected - class : 1 with prob : 0.23690657779044516 at frame 950
Late Detected - class : 8 with prob : 0.35047872785304834 at frame 1126
Late Detected - class : 0 with prob : 0.21772235910968962 at frame 1293
Late Detected - class : 9 with prob : 0.4155631522342799 at frame 1565
Late Detected - class : 10 with prob : 0.4563653190680519 at frame 1671
predicted classes: 	 [ 6  5  4  7  1  8  0  9 10]
True classes :		 [ 6  5  2  4  7  1  8  3  0  9 10]
Levenshtein Accuracy = 0.8181818181818181 (0.7159763313609467)
[16/431]============
/home/aipu/qyh/datasets/EgoGesture/videos/Subject02/Scene3/Color/rgb2.avi
@@@@@@@@@@@@@@ Subject02/Scene3/Color/rgb2
[INFO]: Videot  is loading... /home/aipu/qyh/datasets/EgoGesture/videos/Subject02/Scene3/Color/rgb2 Subject02/Scene3/Color/rgb2
Late Detected - class : 15 with prob : 0.3396419420041216 at frame 122
Late Detected - class : 13 with prob : 0.40553709054184645 at frame 542
Late Detected - class : 14 with prob : 0.4546931992083087 at frame 652
Late Detected - class : 17 with prob : 0.3135840178319664 at frame 752
Late Detected - class : 12 with prob : 0.2692961106490836 at frame 923
Late Detected - class : 11 with prob : 0.37260801198500015 at frame 1041
Late Detected - class : 19 with prob : 0.33200717304200944 at frame 1160
Late Detected - class : 18 with prob : 0.31093072633417573 at frame 1265
Late Detected - class : 20 with prob : 0.23136994085287318 at frame 1377
predicted classes: 	 [15 13 14 17 12 11 19 18 20]
True classes :		 [15 16 13 14 17 12 11 19 18 20]
Levenshtein Accuracy = 0.9 (0.7262569832402235)
[17/431]============
/home/aipu/qyh/datasets/EgoGesture/videos/Subject02/Scene3/Color/rgb6.avi
@@@@@@@@@@@@@@ Subject02/Scene3/Color/rgb6
[INFO]: Videot  is loading... /home/aipu/qyh/datasets/EgoGesture/videos/Subject02/Scene3/Color/rgb6 Subject02/Scene3/Color/rgb6
Late Detected - class : 56 with prob : 0.2676094387304139 at frame 126
Late Detected - class : 62 with prob : 0.3311903098539824 at frame 357
Late Detected - class : 58 with prob : 0.3312856668717507 at frame 509
Late Detected - class : 55 with prob : 0.4703928025406999 at frame 664
Late Detected - class : 56 with prob : 0.4850615599038573 at frame 768
Late Detected - class : 59 with prob : 0.3961235930975336 at frame 873
Late Detected - class : 61 with prob : 0.37549974948334053 at frame 1011
Late Detected - class : 83 with prob : 0.3401479564754198 at frame 1124
predicted classes: 	 [56 62 58 55 56 59 61 83]
True classes :		 [57 60 62 58 55 56 59 61]
Levenshtein Accuracy = 0.625 (0.7219251336898396)
[18/431]============
/home/aipu/qyh/datasets/EgoGesture/videos/Subject02/Scene3/Color/rgb3.avi
@@@@@@@@@@@@@@ Subject02/Scene3/Color/rgb3
[INFO]: Videot  is loading... /home/aipu/qyh/datasets/EgoGesture/videos/Subject02/Scene3/Color/rgb3 Subject02/Scene3/Color/rgb3
Late Detected - class : 26 with prob : 0.3873886422075637 at frame 250
Late Detected - class : 22 with prob : 0.5309098215918255 at frame 536
Late Detected - class : 25 with prob : 0.18468818557740677 at frame 637
Late Detected - class : 23 with prob : 0.44991034589513257 at frame 739
Late Detected - class : 29 with prob : 0.34413101174051886 at frame 871
Late Detected - class : 32 with prob : 0.4402099122755429 at frame 975
Late Detected - class : 28 with prob : 0.294199745838937 at frame 1115
Late Detected - class : 27 with prob : 0.4063558456995252 at frame 1244
Late Detected - class : 30 with prob : 0.36044515963398505 at frame 1341
Late Detected - class : 34 with prob : 0.3750094204316287 at frame 1496
Late Detected - class : 31 with prob : 0.5143595065982716 at frame 1609
Late Detected - class : 33 with prob : 0.3925050597321067 at frame 1705
predicted classes: 	 [26 22 25 23 29 32 28 27 30 34 31 33]
True classes :		 [24 26 21 22 25 23 29 32 28 27 30 34 31 33]
Levenshtein Accuracy = 0.8571428571428572 (0.7313432835820896)
[19/431]============
/home/aipu/qyh/datasets/EgoGesture/videos/Subject02/Scene3/Color/rgb8.avi
@@@@@@@@@@@@@@ Subject02/Scene3/Color/rgb8
[INFO]: Videot  is loading... /home/aipu/qyh/datasets/EgoGesture/videos/Subject02/Scene3/Color/rgb8 Subject02/Scene3/Color/rgb8
Late Detected - class : 72 with prob : 0.6153227156049745 at frame 105
Late Detected - class : 73 with prob : 0.30195250790084455 at frame 189
Late Detected - class : 74 with prob : 0.3745464802486921 at frame 267
Late Detected - class : 75 with prob : 0.3992238421061634 at frame 350
Late Detected - class : 78 with prob : 0.5006256060385328 at frame 466
Late Detected - class : 79 with prob : 0.17990446323478615 at frame 548
Late Detected - class : 76 with prob : 0.289399601725337 at frame 624
Late Detected - class : 80 with prob : 0.308737013865863 at frame 703
Late Detected - class : 77 with prob : 0.3093023524940966 at frame 774
Late Detected - class : 81 with prob : 0.38443963261062764 at frame 854
predicted classes: 	 [72 73 74 75 78 79 76 80 77 81]
True classes :		 [72 73 74 75 78 79 76 80 77 81 82]
Levenshtein Accuracy = 0.9090909090909091 (0.7405660377358491)
[20/431]============
/home/aipu/qyh/datasets/EgoGesture/videos/Subject02/Scene3/Color/rgb7.avi
@@@@@@@@@@@@@@ Subject02/Scene3/Color/rgb7
[INFO]: Videot  is loading... /home/aipu/qyh/datasets/EgoGesture/videos/Subject02/Scene3/Color/rgb7 Subject02/Scene3/Color/rgb7
Late Detected - class : 63 with prob : 0.45459480562922133 at frame 137
Late Detected - class : 67 with prob : 0.3690898069246856 at frame 225
Late Detected - class : 68 with prob : 0.5217538560783032 at frame 493
Late Detected - class : 64 with prob : 0.4631295798144697 at frame 656
Late Detected - class : 65 with prob : 0.3895671834607499 at frame 774
Late Detected - class : 68 with prob : 0.3557515092348703 at frame 1034
Late Detected - class : 69 with prob : 0.17917611659087138 at frame 1045
Late Detected - class : 66 with prob : 0.40930080335789587 at frame 1145
predicted classes: 	 [63 67 68 64 65 68 69 66]
True classes :		 [63 67 70 68 64 65 71 69 66]
Levenshtein Accuracy = 0.7777777777777778 (0.7420814479638009)
[21/431]============
/home/aipu/qyh/datasets/EgoGesture/videos/Subject02/Scene3/Color/rgb4.avi
@@@@@@@@@@@@@@ Subject02/Scene3/Color/rgb4
[INFO]: Videot  is loading... /home/aipu/qyh/datasets/EgoGesture/videos/Subject02/Scene3/Color/rgb4 Subject02/Scene3/Color/rgb4
Late Detected - class : 35 with prob : 0.3674827594740334 at frame 146
Late Detected - class : 38 with prob : 0.5319282656488121 at frame 328
Late Detected - class : 40 with prob : 0.5085430591399303 at frame 469
Late Detected - class : 42 with prob : 0.2335347040838712 at frame 595
Late Detected - class : 41 with prob : 0.3995046143338007 at frame 734
Late Detected - class : 37 with prob : 0.37746474897084437 at frame 846
Late Detected - class : 39 with prob : 0.502853928993696 at frame 975
Late Detected - class : 36 with prob : 0.4662347324775154 at frame 1089
Late Detected - class : 43 with prob : 0.2134364912374968 at frame 1228
Late Detected - class : 44 with prob : 0.2859408263495343 at frame 1343
predicted classes: 	 [35 38 40 42 41 37 39 36 43 44]
True classes :		 [35 38 40 42 41 37 39 36 43 44]
Levenshtein Accuracy = 1.0 (0.7532467532467533)
[22/431]============
/home/aipu/qyh/datasets/EgoGesture/videos/Subject02/Scene3/Color/rgb5.avi
@@@@@@@@@@@@@@ Subject02/Scene3/Color/rgb5
[INFO]: Videot  is loading... /home/aipu/qyh/datasets/EgoGesture/videos/Subject02/Scene3/Color/rgb5 Subject02/Scene3/Color/rgb5
Late Detected - class : 46 with prob : 0.312405360665036 at frame 140
Late Detected - class : 48 with prob : 0.384517260605836 at frame 281
Late Detected - class : 51 with prob : 0.49076317965972066 at frame 402
Late Detected - class : 53 with prob : 0.2452038343158879 at frame 562
Late Detected - class : 49 with prob : 0.2437694614742453 at frame 677
Late Detected - class : 45 with prob : 0.19574108565275167 at frame 801
Late Detected - class : 50 with prob : 0.17861792269241936 at frame 929
Late Detected - class : 52 with prob : 0.47926799101837364 at frame 1045
Late Detected - class : 54 with prob : 0.21396511480163388 at frame 1435
predicted classes: 	 [46 48 51 53 49 45 50 52 54]
True classes :		 [46 48 51 53 49 45 50 52 47 54]
Levenshtein Accuracy = 0.9 (0.7593360995850622)
[23/431]============
/home/aipu/qyh/datasets/EgoGesture/videos/Subject02/Scene2/Color/rgb1.avi
@@@@@@@@@@@@@@ Subject02/Scene2/Color/rgb1
[INFO]: Videot  is loading... /home/aipu/qyh/datasets/EgoGesture/videos/Subject02/Scene2/Color/rgb1 Subject02/Scene2/Color/rgb1
Late Detected - class : 2 with prob : 0.18410112604157614 at frame 313
Late Detected - class : 5 with prob : 0.3176232047903229 at frame 435
Late Detected - class : 6 with prob : 0.4458044695111342 at frame 574
Late Detected - class : 7 with prob : 0.3811595667981253 at frame 709
Late Detected - class : 4 with prob : 0.30183039258837313 at frame 895
Late Detected - class : 83 with prob : 0.17019310972953428 at frame 1065
Late Detected - class : 1 with prob : 0.3043986286725605 at frame 1195
Late Detected - class : 8 with prob : 0.405477443205347 at frame 1357
Late Detected - class : 9 with prob : 0.5170854417493279 at frame 1566
Late Detected - class : 10 with prob : 0.7149060055953105 at frame 1676
predicted classes: 	 [ 2  5  6  7  4 83  1  8  9 10]
True classes :		 [ 0  2  5  6  7  4  3  1  8  9 10]
Levenshtein Accuracy = 0.8181818181818181 (0.7619047619047619)
[24/431]============
/home/aipu/qyh/datasets/EgoGesture/videos/Subject02/Scene2/Color/rgb2.avi
@@@@@@@@@@@@@@ Subject02/Scene2/Color/rgb2
[INFO]: Videot  is loading... /home/aipu/qyh/datasets/EgoGesture/videos/Subject02/Scene2/Color/rgb2 Subject02/Scene2/Color/rgb2
Late Detected - class : 11 with prob : 0.33430211215855277 at frame 136
Late Detected - class : 15 with prob : 0.4128010897968926 at frame 253
Late Detected - class : 83 with prob : 0.28088175503904367 at frame 327
Late Detected - class : 12 with prob : 0.2709102513274921 at frame 456
Late Detected - class : 13 with prob : 0.3968974003373244 at frame 611
Late Detected - class : 14 with prob : 0.5159185476500707 at frame 745
Late Detected - class : 17 with prob : 0.5388026359147942 at frame 886
Late Detected - class : 19 with prob : 0.44876759871630983 at frame 1048
Late Detected - class : 18 with prob : 0.18351361957701487 at frame 1127
predicted classes: 	 [11 15 83 12 13 14 17 19 18]
True classes :		 [11 15 16 12 13 14 17 19 18 20]
Levenshtein Accuracy = 0.8 (0.7633587786259542)
[25/431]============
/home/aipu/qyh/datasets/EgoGesture/videos/Subject02/Scene2/Color/rgb6.avi
@@@@@@@@@@@@@@ Subject02/Scene2/Color/rgb6
[INFO]: Videot  is loading... /home/aipu/qyh/datasets/EgoGesture/videos/Subject02/Scene2/Color/rgb6 Subject02/Scene2/Color/rgb6
Late Detected - class : 54 with prob : 0.3062912453092605 at frame 145
Late Detected - class : 56 with prob : 0.3344049837776645 at frame 326
Late Detected - class : 54 with prob : 0.24182919274576103 at frame 680
Late Detected - class : 55 with prob : 0.4063642947011736 at frame 915
Late Detected - class : 57 with prob : 0.2679710641002705 at frame 1046
Late Detected - class : 58 with prob : 0.3441849753397169 at frame 1203
Late Detected - class : 60 with prob : 0.38718336883247234 at frame 1312
Late Detected - class : 62 with prob : 0.26215080705141386 at frame 1411
Late Detected - class : 61 with prob : 0.30784456212903066 at frame 1482
predicted classes: 	 [54 56 54 55 57 58 60 62 61]
True classes :		 [54 56 59 54 55 57 58 60 62 61]
Levenshtein Accuracy = 0.9 (0.7683823529411765)
[26/431]============
/home/aipu/qyh/datasets/EgoGesture/videos/Subject02/Scene2/Color/rgb3.avi
@@@@@@@@@@@@@@ Subject02/Scene2/Color/rgb3
[INFO]: Videot  is loading... /home/aipu/qyh/datasets/EgoGesture/videos/Subject02/Scene2/Color/rgb3 Subject02/Scene2/Color/rgb3
Late Detected - class : 23 with prob : 0.4048421306715544 at frame 123
Late Detected - class : 26 with prob : 0.31886194508075494 at frame 238
Late Detected - class : 22 with prob : 0.5542400332684404 at frame 521
Late Detected - class : 83 with prob : 0.24969866124359674 at frame 634
Late Detected - class : 25 with prob : 0.1701838655490287 at frame 754
Late Detected - class : 27 with prob : 0.38075505727659015 at frame 899
Late Detected - class : 30 with prob : 0.30453160709881166 at frame 1003
Late Detected - class : 32 with prob : 0.4502534987787407 at frame 1110
Late Detected - class : 29 with prob : 0.42866385760763476 at frame 1229
Late Detected - class : 31 with prob : 0.3635211231477856 at frame 1328
Late Detected - class : 28 with prob : 0.2715079897123385 at frame 1425
predicted classes: 	 [23 26 22 83 25 27 30 32 29 31 28]
True classes :		 [23 26 24 22 21 25 27 30 32 29 31 28]
Levenshtein Accuracy = 0.8333333333333334 (0.7711267605633803)
[27/431]============
/home/aipu/qyh/datasets/EgoGesture/videos/Subject02/Scene2/Color/rgb8.avi
@@@@@@@@@@@@@@ Subject02/Scene2/Color/rgb8
[INFO]: Videot  is loading... /home/aipu/qyh/datasets/EgoGesture/videos/Subject02/Scene2/Color/rgb8 Subject02/Scene2/Color/rgb8
Late Detected - class : 72 with prob : 0.47032107802334183 at frame 121
Late Detected - class : 73 with prob : 0.27157209282506634 at frame 203
Late Detected - class : 74 with prob : 0.31148566621000473 at frame 279
Late Detected - class : 75 with prob : 0.2969240704954576 at frame 346
Late Detected - class : 76 with prob : 0.2027035878759236 at frame 414
Late Detected - class : 77 with prob : 0.250289517555741 at frame 483
Late Detected - class : 78 with prob : 0.3110951801406651 at frame 559
Late Detected - class : 79 with prob : 0.2769915637959982 at frame 628
Late Detected - class : 83 with prob : 0.19590344879135554 at frame 689
predicted classes: 	 [72 73 74 75 76 77 78 79 83]
True classes :		 [72 73 74 75 76 77 78 79 80 81 82]
Levenshtein Accuracy = 0.7272727272727273 (0.7694915254237288)
[28/431]============
/home/aipu/qyh/datasets/EgoGesture/videos/Subject02/Scene2/Color/rgb7.avi
@@@@@@@@@@@@@@ Subject02/Scene2/Color/rgb7
[INFO]: Videot  is loading... /home/aipu/qyh/datasets/EgoGesture/videos/Subject02/Scene2/Color/rgb7 Subject02/Scene2/Color/rgb7
Late Detected - class : 68 with prob : 0.43936130594850453 at frame 147
Late Detected - class : 66 with prob : 0.433470291839185 at frame 277
Late Detected - class : 70 with prob : 0.18041468008060882 at frame 399
Late Detected - class : 68 with prob : 0.1580795321988662 at frame 608
Late Detected - class : 69 with prob : 0.46573377027942015 at frame 717
Late Detected - class : 67 with prob : 0.4055411864134873 at frame 811
Late Detected - class : 65 with prob : 0.42937283328043 at frame 930
Late Detected - class : 63 with prob : 0.3541406727859647 at frame 1039
Late Detected - class : 64 with prob : 0.4033846589456033 at frame 1125
Late Detected - class : 71 with prob : 0.20606736484930366 at frame 1217
predicted classes: 	 [68 66 70 68 69 67 65 63 64 71]
True classes :		 [68 66 70 68 69 67 65 63 64 71]
Levenshtein Accuracy = 1.0 (0.7770491803278688)
[29/431]============
/home/aipu/qyh/datasets/EgoGesture/videos/Subject02/Scene2/Color/rgb4.avi
@@@@@@@@@@@@@@ Subject02/Scene2/Color/rgb4
[INFO]: Videot  is loading... /home/aipu/qyh/datasets/EgoGesture/videos/Subject02/Scene2/Color/rgb4 Subject02/Scene2/Color/rgb4
Late Detected - class : 33 with prob : 0.37123566878204584 at frame 130
Late Detected - class : 35 with prob : 0.4809778551343298 at frame 244
Late Detected - class : 37 with prob : 0.40009258021362837 at frame 380
Late Detected - class : 40 with prob : 0.5310539214176637 at frame 517
Late Detected - class : 34 with prob : 0.2996103202880982 at frame 684
Late Detected - class : 36 with prob : 0.5249271980629578 at frame 840
Late Detected - class : 38 with prob : 0.508615359734212 at frame 969
Late Detected - class : 41 with prob : 0.504234027367244 at frame 1079
Late Detected - class : 39 with prob : 0.5143562144135468 at frame 1231
Late Detected - class : 42 with prob : 0.24734576584449 at frame 1378
predicted classes: 	 [33 35 37 40 34 36 38 41 39 42]
True classes :		 [33 35 37 40 34 36 38 41 39 42]
Levenshtein Accuracy = 1.0 (0.7841269841269841)
[30/431]============
/home/aipu/qyh/datasets/EgoGesture/videos/Subject02/Scene2/Color/rgb5.avi
@@@@@@@@@@@@@@ Subject02/Scene2/Color/rgb5
[INFO]: Videot  is loading... /home/aipu/qyh/datasets/EgoGesture/videos/Subject02/Scene2/Color/rgb5 Subject02/Scene2/Color/rgb5
Late Detected - class : 44 with prob : 0.42660959636434326 at frame 134
Late Detected - class : 45 with prob : 0.3526821790146316 at frame 258
Late Detected - class : 48 with prob : 0.5773875613123286 at frame 378
Late Detected - class : 42 with prob : 0.38740228389042963 at frame 621
Late Detected - class : 43 with prob : 0.27971016574668717 at frame 714
Late Detected - class : 49 with prob : 0.3301897372613994 at frame 894
Late Detected - class : 46 with prob : 0.23084214212839937 at frame 1004
Late Detected - class : 47 with prob : 0.27772628548830414 at frame 1119
Late Detected - class : 50 with prob : 0.3860429710647843 at frame 1286
Late Detected - class : 52 with prob : 0.5205004979639247 at frame 1411
Late Detected - class : 51 with prob : 0.48673965333607105 at frame 1519
predicted classes: 	 [44 45 48 42 43 49 46 47 50 52 51]
True classes :		 [44 45 48 42 43 49 46 47 50 52 51]
Levenshtein Accuracy = 1.0 (0.7914110429447853)
[31/431]============
/home/aipu/qyh/datasets/EgoGesture/videos/Subject02/Scene5/Color/rgb1.avi
@@@@@@@@@@@@@@ Subject02/Scene5/Color/rgb1
[INFO]: Videot  is loading... /home/aipu/qyh/datasets/EgoGesture/videos/Subject02/Scene5/Color/rgb1 Subject02/Scene5/Color/rgb1
Late Detected - class : 35 with prob : 0.3783475597736596 at frame 97
Late Detected - class : 73 with prob : 0.20665873799108886 at frame 229
Late Detected - class : 82 with prob : 0.39908470948815217 at frame 369
Late Detected - class : 38 with prob : 0.36446219975292266 at frame 441
Late Detected - class : 71 with prob : 0.3750260651648324 at frame 517
Late Detected - class : 64 with prob : 0.24282238196115938 at frame 589
Late Detected - class : 26 with prob : 0.283628578160456 at frame 660
Late Detected - class : 8 with prob : 0.350426916501167 at frame 732
Late Detected - class : 7 with prob : 0.3163968405289834 at frame 752
Late Detected - class : 61 with prob : 0.39485588348834044 at frame 837
Late Detected - class : 74 with prob : 0.2964299156562365 at frame 913
predicted classes: 	 [35 73 82 38 71 64 26  8  7 61 74]
True classes :		 [35 79 73  2 82 38 71 64 26  7 61 74]
Levenshtein Accuracy = 0.75 (0.7899408284023669)
[32/431]============
/home/aipu/qyh/datasets/EgoGesture/videos/Subject02/Scene5/Color/rgb2.avi
@@@@@@@@@@@@@@ Subject02/Scene5/Color/rgb2
[INFO]: Videot  is loading... /home/aipu/qyh/datasets/EgoGesture/videos/Subject02/Scene5/Color/rgb2 Subject02/Scene5/Color/rgb2
Late Detected - class : 27 with prob : 0.32434834089400494 at frame 100
Late Detected - class : 32 with prob : 0.24096266045556858 at frame 162
Late Detected - class : 54 with prob : 0.20394936148111562 at frame 231
Late Detected - class : 66 with prob : 0.21247164694792958 at frame 295
Late Detected - class : 56 with prob : 0.1650404020329987 at frame 362
Late Detected - class : 42 with prob : 0.2438616720672183 at frame 494
Late Detected - class : 50 with prob : 0.24362535395583665 at frame 556
Late Detected - class : 56 with prob : 0.3188658242710491 at frame 629
Late Detected - class : 55 with prob : 0.20370115553370727 at frame 699
Late Detected - class : 8 with prob : 0.261096135138792 at frame 773
Late Detected - class : 83 with prob : 0.21607172129866153 at frame 855
Late Detected - class : 48 with prob : 0.4678104043924335 at frame 930
predicted classes: 	 [27 32 54 66 56 42 50 56 55  8 83 48]
True classes :		 [27 32 54 66 57 42 50 56 55  8  1 48]
Levenshtein Accuracy = 0.8333333333333334 (0.7914285714285715)
[33/431]============
/home/aipu/qyh/datasets/EgoGesture/videos/Subject02/Scene5/Color/rgb6.avi
@@@@@@@@@@@@@@ Subject02/Scene5/Color/rgb6
[INFO]: Videot  is loading... /home/aipu/qyh/datasets/EgoGesture/videos/Subject02/Scene5/Color/rgb6 Subject02/Scene5/Color/rgb6
Late Detected - class : 9 with prob : 0.35454463148803633 at frame 87
Late Detected - class : 11 with prob : 0.22977681263884892 at frame 224
Late Detected - class : 49 with prob : 0.3317471510687309 at frame 295
Late Detected - class : 23 with prob : 0.3549941954189517 at frame 358
Late Detected - class : 4 with prob : 0.45079205135293815 at frame 453
Late Detected - class : 21 with prob : 0.27525504930954364 at frame 700
Late Detected - class : 62 with prob : 0.23317714229774336 at frame 758
Late Detected - class : 10 with prob : 0.28213834157810674 at frame 848
Late Detected - class : 36 with prob : 0.3185500572187977 at frame 899
predicted classes: 	 [ 9 11 49 23  4 21 62 10 36]
True classes :		 [ 9 28 11 49 23  4 21 62 10 36 59 65]
Levenshtein Accuracy = 0.75 (0.7900552486187845)
[34/431]============
/home/aipu/qyh/datasets/EgoGesture/videos/Subject02/Scene5/Color/rgb3.avi
@@@@@@@@@@@@@@ Subject02/Scene5/Color/rgb3
[INFO]: Videot  is loading... /home/aipu/qyh/datasets/EgoGesture/videos/Subject02/Scene5/Color/rgb3 Subject02/Scene5/Color/rgb3
Late Detected - class : 16 with prob : 0.25916685838055153 at frame 104
Late Detected - class : 53 with prob : 0.2965692352032002 at frame 182
Late Detected - class : 76 with prob : 0.23918041689794747 at frame 259
Late Detected - class : 19 with prob : 0.35925598478569576 at frame 328
Late Detected - class : 3 with prob : 0.22069250862903605 at frame 392
Late Detected - class : 34 with prob : 0.2519958429022389 at frame 457
Late Detected - class : 68 with prob : 0.4125601631488678 at frame 532
Late Detected - class : 70 with prob : 0.20237852285159538 at frame 597
Late Detected - class : 47 with prob : 0.15091423616663538 at frame 669
Late Detected - class : 44 with prob : 0.1976792819765701 at frame 731
Late Detected - class : 40 with prob : 0.3660791075465264 at frame 808
Late Detected - class : 46 with prob : 0.2526812134475192 at frame 878
predicted classes: 	 [16 53 76 19  3 34 68 70 47 44 40 46]
True classes :		 [16 53 76 19  3 34 68 70 47 44 40 46]
Levenshtein Accuracy = 1.0 (0.7967914438502673)
[35/431]============
/home/aipu/qyh/datasets/EgoGesture/videos/Subject02/Scene5/Color/rgb7.avi
@@@@@@@@@@@@@@ Subject02/Scene5/Color/rgb7
[INFO]: Videot  is loading... /home/aipu/qyh/datasets/EgoGesture/videos/Subject02/Scene5/Color/rgb7 Subject02/Scene5/Color/rgb7
Late Detected - class : 52 with prob : 0.22877834939826022 at frame 389
Late Detected - class : 29 with prob : 0.3348932202437607 at frame 489
Late Detected - class : 22 with prob : 0.3624412039555427 at frame 556
Late Detected - class : 63 with prob : 0.3783943978038618 at frame 589
predicted classes: 	 [52 29 22 63]
True classes :		 [81 80 31  0 52 39 29 51 22 63 13]
Levenshtein Accuracy = 0.36363636363636365 (0.7844155844155845)
[36/431]============
/home/aipu/qyh/datasets/EgoGesture/videos/Subject02/Scene5/Color/rgb4.avi
@@@@@@@@@@@@@@ Subject02/Scene5/Color/rgb4
[INFO]: Videot  is loading... /home/aipu/qyh/datasets/EgoGesture/videos/Subject02/Scene5/Color/rgb4 Subject02/Scene5/Color/rgb4
Late Detected - class : 18 with prob : 0.27870504195925744 at frame 113
Late Detected - class : 67 with prob : 0.3510477595454591 at frame 177
Late Detected - class : 77 with prob : 0.20769027978921772 at frame 244
Late Detected - class : 58 with prob : 0.2189089662686675 at frame 326
Late Detected - class : 37 with prob : 0.281575504543843 at frame 409
Late Detected - class : 68 with prob : 0.2375900713692026 at frame 487
Late Detected - class : 6 with prob : 0.419610833269379 at frame 563
Late Detected - class : 25 with prob : 0.2968511469472715 at frame 629
Late Detected - class : 14 with prob : 0.4139304401053038 at frame 717
Late Detected - class : 45 with prob : 0.3945729074625017 at frame 799
Late Detected - class : 15 with prob : 0.26045218443965124 at frame 868
Late Detected - class : 5 with prob : 0.1701887076515969 at frame 939
predicted classes: 	 [18 67 77 58 37 68  6 25 14 45 15  5]
True classes :		 [18 67 77 58 37 69  6 25 14 45 15  5]
Levenshtein Accuracy = 0.9166666666666666 (0.7884130982367759)
[37/431]============
/home/aipu/qyh/datasets/EgoGesture/videos/Subject02/Scene5/Color/rgb5.avi
@@@@@@@@@@@@@@ Subject02/Scene5/Color/rgb5
[INFO]: Videot  is loading... /home/aipu/qyh/datasets/EgoGesture/videos/Subject02/Scene5/Color/rgb5 Subject02/Scene5/Color/rgb5
Late Detected - class : 75 with prob : 0.4163442236790534 at frame 123
Late Detected - class : 12 with prob : 0.23123166012803603 at frame 193
Late Detected - class : 41 with prob : 0.35495630388948224 at frame 264
Late Detected - class : 78 with prob : 0.37387651853917087 at frame 334
Late Detected - class : 20 with prob : 0.18498523296188096 at frame 464
Late Detected - class : 60 with prob : 0.30695711952615895 at frame 554
Late Detected - class : 30 with prob : 0.19764875058289105 at frame 634
Late Detected - class : 43 with prob : 0.2748446578999826 at frame 728
Late Detected - class : 17 with prob : 0.3825764812411788 at frame 821
Late Detected - class : 72 with prob : 0.5892381964313157 at frame 907
Late Detected - class : 33 with prob : 0.37454291955679875 at frame 968
predicted classes: 	 [75 12 41 78 20 60 30 43 17 72 33]
True classes :		 [75 12 41 78 24 20 60 30 43 17 72 33]
Levenshtein Accuracy = 0.9166666666666666 (0.7921760391198044)
[38/431]============
/home/aipu/qyh/datasets/EgoGesture/videos/Subject02/Scene4/Color/rgb1.avi
@@@@@@@@@@@@@@ Subject02/Scene4/Color/rgb1
[INFO]: Videot  is loading... /home/aipu/qyh/datasets/EgoGesture/videos/Subject02/Scene4/Color/rgb1 Subject02/Scene4/Color/rgb1
Late Detected - class : 2 with prob : 0.15628442042567406 at frame 217
Late Detected - class : 6 with prob : 0.4346347636396796 at frame 423
Late Detected - class : 1 with prob : 0.1975645215454443 at frame 711
Late Detected - class : 0 with prob : 0.19157588721733537 at frame 787
Late Detected - class : 8 with prob : 0.4320345270106535 at frame 918
Late Detected - class : 4 with prob : 0.24289484628814612 at frame 1110
predicted classes: 	 [2 6 1 0 8 4]
True classes :		 [2 3 6 7 1 0 8 5 4]
Levenshtein Accuracy = 0.6666666666666667 (0.7894736842105263)
[39/431]============
/home/aipu/qyh/datasets/EgoGesture/videos/Subject02/Scene4/Color/rgb2.avi
@@@@@@@@@@@@@@ Subject02/Scene4/Color/rgb2
[INFO]: Videot  is loading... /home/aipu/qyh/datasets/EgoGesture/videos/Subject02/Scene4/Color/rgb2 Subject02/Scene4/Color/rgb2
Late Detected - class : 9 with prob : 0.4433131979389046 at frame 174
Late Detected - class : 13 with prob : 0.34708496427627 at frame 350
Late Detected - class : 15 with prob : 0.3940108688979575 at frame 486
Late Detected - class : 10 with prob : 0.2351409414238132 at frame 625
Late Detected - class : 12 with prob : 0.1992022390677998 at frame 746
Late Detected - class : 11 with prob : 0.32287999127790823 at frame 1035
Late Detected - class : 14 with prob : 0.3928081860807901 at frame 1171
Late Detected - class : 18 with prob : 0.3862564125912603 at frame 1633
predicted classes: 	 [ 9 13 15 10 12 11 14 18]
True classes :		 [ 9 13 15 10 12 11 14 17 19 16 18]
Levenshtein Accuracy = 0.7272727272727273 (0.7878787878787878)
[40/431]============
/home/aipu/qyh/datasets/EgoGesture/videos/Subject02/Scene4/Color/rgb6.avi
@@@@@@@@@@@@@@ Subject02/Scene4/Color/rgb6
[INFO]: Videot  is loading... /home/aipu/qyh/datasets/EgoGesture/videos/Subject02/Scene4/Color/rgb6 Subject02/Scene4/Color/rgb6
Late Detected - class : 44 with prob : 0.34023083627610995 at frame 143
Late Detected - class : 47 with prob : 0.1996715640953407 at frame 276
Late Detected - class : 50 with prob : 0.18503888322900133 at frame 393
Late Detected - class : 48 with prob : 0.5387971673397145 at frame 550
Late Detected - class : 45 with prob : 0.25978773064037175 at frame 674
Late Detected - class : 49 with prob : 0.22785477183248565 at frame 800
Late Detected - class : 51 with prob : 0.5252044205865686 at frame 967
Late Detected - class : 46 with prob : 0.4013924960961674 at frame 1089
Late Detected - class : 52 with prob : 0.37590356758733395 at frame 1243
predicted classes: 	 [44 47 50 48 45 49 51 46 52]
True classes :		 [44 47 50 48 45 49 51 46 52]
Levenshtein Accuracy = 1.0 (0.7922374429223744)
[41/431]============
/home/aipu/qyh/datasets/EgoGesture/videos/Subject02/Scene4/Color/rgb3.avi
@@@@@@@@@@@@@@ Subject02/Scene4/Color/rgb3
[INFO]: Videot  is loading... /home/aipu/qyh/datasets/EgoGesture/videos/Subject02/Scene4/Color/rgb3 Subject02/Scene4/Color/rgb3
Late Detected - class : 22 with prob : 0.38702146826724515 at frame 123
Late Detected - class : 24 with prob : 0.1702325389191486 at frame 216
Late Detected - class : 20 with prob : 0.20493854168991116 at frame 335
Late Detected - class : 25 with prob : 0.2488661515503267 at frame 449
Late Detected - class : 23 with prob : 0.4337387983228793 at frame 658
Late Detected - class : 28 with prob : 0.17944609791194327 at frame 766
Late Detected - class : 31 with prob : 0.4110639437197344 at frame 892
Late Detected - class : 26 with prob : 0.2945898912125258 at frame 997
Late Detected - class : 29 with prob : 0.43519632671694464 at frame 1103
Late Detected - class : 27 with prob : 0.3922291915012027 at frame 1194
Late Detected - class : 32 with prob : 0.43108641967346406 at frame 1273
Late Detected - class : 30 with prob : 0.4095418428728053 at frame 1357
predicted classes: 	 [22 24 20 25 23 28 31 26 29 27 32 30]
True classes :		 [22 24 20 25 21 23 28 31 26 29 27 32 30]
Levenshtein Accuracy = 0.9230769230769231 (0.7960088691796009)
[42/431]============
/home/aipu/qyh/datasets/EgoGesture/videos/Subject02/Scene4/Color/rgb8.avi
@@@@@@@@@@@@@@ Subject02/Scene4/Color/rgb8
[INFO]: Videot  is loading... /home/aipu/qyh/datasets/EgoGesture/videos/Subject02/Scene4/Color/rgb8 Subject02/Scene4/Color/rgb8
Late Detected - class : 72 with prob : 0.2689116989395799 at frame 85
Late Detected - class : 73 with prob : 0.2789787397826647 at frame 193
Late Detected - class : 74 with prob : 0.3214472412263658 at frame 277
Late Detected - class : 75 with prob : 0.3051553122758748 at frame 363
Late Detected - class : 76 with prob : 0.207881908932354 at frame 448
Late Detected - class : 77 with prob : 0.23651324104580349 at frame 528
Late Detected - class : 78 with prob : 0.35095644701833534 at frame 621
Late Detected - class : 81 with prob : 0.22131108345785008 at frame 858
Late Detected - class : 83 with prob : 0.2357733876295403 at frame 1089
predicted classes: 	 [72 73 74 75 76 77 78 81 83]
True classes :		 [72 73 74 75 76 77 78 79 80 81 82]
Levenshtein Accuracy = 0.7272727272727273 (0.7943722943722944)
[43/431]============
/home/aipu/qyh/datasets/EgoGesture/videos/Subject02/Scene4/Color/rgb7.avi
@@@@@@@@@@@@@@ Subject02/Scene4/Color/rgb7
[INFO]: Videot  is loading... /home/aipu/qyh/datasets/EgoGesture/videos/Subject02/Scene4/Color/rgb7 Subject02/Scene4/Color/rgb7
Late Detected - class : 63 with prob : 0.42461945224449454 at frame 235
Late Detected - class : 65 with prob : 0.42777782800977965 at frame 361
Late Detected - class : 66 with prob : 0.40818514722056476 at frame 569
Late Detected - class : 62 with prob : 0.20144421114859234 at frame 720
Late Detected - class : 68 with prob : 0.27770674712551113 at frame 893
Late Detected - class : 64 with prob : 0.31828087713209763 at frame 1082
Late Detected - class : 67 with prob : 0.3897334372887179 at frame 1183
predicted classes: 	 [63 65 66 62 68 64 67]
True classes :		 [63 65 66 62 68 70 64 67 71 69]
Levenshtein Accuracy = 0.7 (0.7923728813559322)
[44/431]============
/home/aipu/qyh/datasets/EgoGesture/videos/Subject02/Scene4/Color/rgb4.avi
@@@@@@@@@@@@@@ Subject02/Scene4/Color/rgb4
[INFO]: Videot  is loading... /home/aipu/qyh/datasets/EgoGesture/videos/Subject02/Scene4/Color/rgb4 Subject02/Scene4/Color/rgb4
Late Detected - class : 34 with prob : 0.20394148602359283 at frame 152
Late Detected - class : 36 with prob : 0.4085741012294853 at frame 277
Late Detected - class : 39 with prob : 0.40016581799866013 at frame 387
Late Detected - class : 33 with prob : 0.2975419657972574 at frame 503
Late Detected - class : 37 with prob : 0.3176121719991776 at frame 622
Late Detected - class : 41 with prob : 0.46428907661211044 at frame 763
Late Detected - class : 35 with prob : 0.4211146683870173 at frame 897
Late Detected - class : 38 with prob : 0.30784204776773444 at frame 1003
Late Detected - class : 40 with prob : 0.4627334945087324 at frame 1134
Late Detected - class : 43 with prob : 0.1859537664185734 at frame 1260
predicted classes: 	 [34 36 39 33 37 41 35 38 40 43]
True classes :		 [34 36 39 33 37 41 35 38 40 43 42]
Levenshtein Accuracy = 0.9090909090909091 (0.7950310559006211)
[45/431]============
/home/aipu/qyh/datasets/EgoGesture/videos/Subject02/Scene4/Color/rgb5.avi
@@@@@@@@@@@@@@ Subject02/Scene4/Color/rgb5
[INFO]: Videot  is loading... /home/aipu/qyh/datasets/EgoGesture/videos/Subject02/Scene4/Color/rgb5 Subject02/Scene4/Color/rgb5
Late Detected - class : 56 with prob : 0.3502613776514857 at frame 131
Late Detected - class : 55 with prob : 0.45538011661087924 at frame 411
Late Detected - class : 61 with prob : 0.29981804557973013 at frame 511
Late Detected - class : 58 with prob : 0.23223566857943026 at frame 652
Late Detected - class : 54 with prob : 0.18463721531632904 at frame 796
Late Detected - class : 56 with prob : 0.4445059408647061 at frame 939
Late Detected - class : 83 with prob : 0.28937795008127093 at frame 1027
Late Detected - class : 53 with prob : 0.22564028128371547 at frame 1169
predicted classes: 	 [56 55 61 58 54 56 83 53]
True classes :		 [57 59 55 61 58 54 56 60 53]
Levenshtein Accuracy = 0.6666666666666667 (0.7926829268292683)
[46/431]============
/home/aipu/qyh/datasets/EgoGesture/videos/Subject09/Scene6/Color/rgb1.avi
@@@@@@@@@@@@@@ Subject09/Scene6/Color/rgb1
[INFO]: Videot  is loading... /home/aipu/qyh/datasets/EgoGesture/videos/Subject09/Scene6/Color/rgb1 Subject09/Scene6/Color/rgb1
Late Detected - class : 30 with prob : 0.23210415810222193 at frame 152
Late Detected - class : 12 with prob : 0.2627898804368169 at frame 470
Late Detected - class : 6 with prob : 0.5566448628095205 at frame 600
Late Detected - class : 37 with prob : 0.34117803213399966 at frame 691
Late Detected - class : 31 with prob : 0.19771928022948856 at frame 786
Late Detected - class : 8 with prob : 0.4306189732548286 at frame 999
Late Detected - class : 72 with prob : 0.597923807426028 at frame 1174
Late Detected - class : 83 with prob : 0.19339141067011859 at frame 1215
Late Detected - class : 23 with prob : 0.2950109536147655 at frame 1589
Late Detected - class : 28 with prob : 0.23561503235154832 at frame 1652
predicted classes: 	 [30 12  6 37 31  8 72 83 23 28]
True classes :		 [30  2 45 12  6 37 31  8 72 79 23 28]
Levenshtein Accuracy = 0.75 (0.7916666666666666)
[47/431]============
/home/aipu/qyh/datasets/EgoGesture/videos/Subject09/Scene6/Color/rgb2.avi
@@@@@@@@@@@@@@ Subject09/Scene6/Color/rgb2
[INFO]: Videot  is loading... /home/aipu/qyh/datasets/EgoGesture/videos/Subject09/Scene6/Color/rgb2 Subject09/Scene6/Color/rgb2
Late Detected - class : 53 with prob : 0.35685992358971974 at frame 478
Late Detected - class : 39 with prob : 0.34002791854889425 at frame 625
Late Detected - class : 63 with prob : 0.36279964738980897 at frame 798
Late Detected - class : 68 with prob : 0.23501604816082258 at frame 1086
Late Detected - class : 35 with prob : 0.4449572351607426 at frame 1392
Late Detected - class : 54 with prob : 0.3466137030194731 at frame 1854
Late Detected - class : 43 with prob : 0.21795829248646767 at frame 2016
predicted classes: 	 [53 39 63 68 35 54 43]
True classes :		 [75 56 53 39 63 19 69 18 35 15 54 43]
Levenshtein Accuracy = 0.5 (0.7848837209302325)
[48/431]============
/home/aipu/qyh/datasets/EgoGesture/videos/Subject09/Scene6/Color/rgb6.avi
@@@@@@@@@@@@@@ Subject09/Scene6/Color/rgb6
[INFO]: Videot  is loading... /home/aipu/qyh/datasets/EgoGesture/videos/Subject09/Scene6/Color/rgb6 Subject09/Scene6/Color/rgb6
Late Detected - class : 78 with prob : 0.15122903175818272 at frame 143
Late Detected - class : 48 with prob : 0.4091239898346818 at frame 406
Late Detected - class : 21 with prob : 0.27881485781568566 at frame 614
Late Detected - class : 1 with prob : 0.19068873931867053 at frame 728
Late Detected - class : 3 with prob : 0.2093531902509465 at frame 817
Late Detected - class : 62 with prob : 0.21085984500787566 at frame 930
Late Detected - class : 65 with prob : 0.22991990853712121 at frame 1002
Late Detected - class : 70 with prob : 0.44529875885175163 at frame 1387
predicted classes: 	 [78 48 21  1  3 62 65 70]
True classes :		 [78 48 77 21  1  3 62 65 59 74 70 24]
Levenshtein Accuracy = 0.6666666666666667 (0.7821969696969697)
[49/431]============
/home/aipu/qyh/datasets/EgoGesture/videos/Subject09/Scene6/Color/rgb3.avi
@@@@@@@@@@@@@@ Subject09/Scene6/Color/rgb3
[INFO]: Videot  is loading... /home/aipu/qyh/datasets/EgoGesture/videos/Subject09/Scene6/Color/rgb3 Subject09/Scene6/Color/rgb3
Late Detected - class : 73 with prob : 0.17472964325698884 at frame 590
Late Detected - class : 49 with prob : 0.24587332984452703 at frame 693
Late Detected - class : 66 with prob : 0.35072977646246883 at frame 936
Late Detected - class : 64 with prob : 0.35292586610688637 at frame 1053
Late Detected - class : 67 with prob : 0.4475942861882696 at frame 1188
Late Detected - class : 13 with prob : 0.3432792080887422 at frame 1354
Late Detected - class : 44 with prob : 0.1992194764947502 at frame 1621
Late Detected - class : 17 with prob : 0.5581182475821507 at frame 1852
Late Detected - class : 60 with prob : 0.2598849217966933 at frame 1940
predicted classes: 	 [73 49 66 64 67 13 44 17 60]
True classes :		 [ 5 73 49 57 66 81 67 13 25 44 17 60]
Levenshtein Accuracy = 0.6666666666666667 (0.7796296296296297)
[50/431]============
/home/aipu/qyh/datasets/EgoGesture/videos/Subject09/Scene6/Color/rgb7.avi
@@@@@@@@@@@@@@ Subject09/Scene6/Color/rgb7
[INFO]: Videot  is loading... /home/aipu/qyh/datasets/EgoGesture/videos/Subject09/Scene6/Color/rgb7 Subject09/Scene6/Color/rgb7
Late Detected - class : 7 with prob : 0.356446301608123 at frame 287
Late Detected - class : 27 with prob : 0.27336018384997374 at frame 474
Late Detected - class : 32 with prob : 0.23517999168388984 at frame 585
Late Detected - class : 83 with prob : 0.29376328236677257 at frame 637
Late Detected - class : 10 with prob : 0.37839085602534317 at frame 868
Late Detected - class : 80 with prob : 0.26668215466801526 at frame 1123
Late Detected - class : 83 with prob : 0.25186665277630194 at frame 1266
Late Detected - class : 47 with prob : 0.2449017192456968 at frame 1401
predicted classes: 	 [ 7 27 32 83 10 80 83 47]
True classes :		 [20  7 16 27 32  4 10  0 80 41 47]
Levenshtein Accuracy = 0.5454545454545454 (0.7749546279491834)
[51/431]============
/home/aipu/qyh/datasets/EgoGesture/videos/Subject09/Scene6/Color/rgb4.avi
@@@@@@@@@@@@@@ Subject09/Scene6/Color/rgb4
[INFO]: Videot  is loading... /home/aipu/qyh/datasets/EgoGesture/videos/Subject09/Scene6/Color/rgb4 Subject09/Scene6/Color/rgb4
Late Detected - class : 83 with prob : 0.19220983898225089 at frame 402
Late Detected - class : 55 with prob : 0.3149271250570673 at frame 536
Late Detected - class : 52 with prob : 0.5196808603529993 at frame 789
Late Detected - class : 11 with prob : 0.3474838703077751 at frame 929
Late Detected - class : 46 with prob : 0.3250988453233554 at frame 997
Late Detected - class : 33 with prob : 0.2681471984619945 at frame 1072
Late Detected - class : 9 with prob : 0.44897714829618673 at frame 1246
Late Detected - class : 82 with prob : 0.21939004061975137 at frame 1368
Late Detected - class : 51 with prob : 0.3732044875419058 at frame 1483
Late Detected - class : 83 with prob : 0.23298856280111718 at frame 1535
Late Detected - class : 58 with prob : 0.45217372717398985 at frame 1740
predicted classes: 	 [83 55 52 11 46 33  9 82 51 83 58]
True classes :		 [68 55 71 52 11 46 33  9 82 51 50 58]
Levenshtein Accuracy = 0.75 (0.7744227353463587)
[52/431]============
/home/aipu/qyh/datasets/EgoGesture/videos/Subject09/Scene6/Color/rgb5.avi
@@@@@@@@@@@@@@ Subject09/Scene6/Color/rgb5
[INFO]: Videot  is loading... /home/aipu/qyh/datasets/EgoGesture/videos/Subject09/Scene6/Color/rgb5 Subject09/Scene6/Color/rgb5
Late Detected - class : 29 with prob : 0.30167038348757225 at frame 132
Late Detected - class : 40 with prob : 0.15404908745181578 at frame 216
Late Detected - class : 64 with prob : 0.22710058953883522 at frame 322
Late Detected - class : 36 with prob : 0.407041507093169 at frame 406
Late Detected - class : 38 with prob : 0.2948307083943389 at frame 594
Late Detected - class : 76 with prob : 0.18302138390567627 at frame 729
Late Detected - class : 26 with prob : 0.1956811254639272 at frame 846
Late Detected - class : 22 with prob : 0.44966277337107124 at frame 949
Late Detected - class : 68 with prob : 0.2160186003488085 at frame 1100
Late Detected - class : 61 with prob : 0.28210390713211553 at frame 1212
Late Detected - class : 14 with prob : 0.46081354500300586 at frame 1341
predicted classes: 	 [29 40 64 36 38 76 26 22 68 61 14]
True classes :		 [29 40 64 36 34 38 76 26 22 42 61 14]
Levenshtein Accuracy = 0.8333333333333334 (0.7756521739130435)
[53/431]============
/home/aipu/qyh/datasets/EgoGesture/videos/Subject09/Scene1/Color/rgb1.avi
@@@@@@@@@@@@@@ Subject09/Scene1/Color/rgb1
[INFO]: Videot  is loading... /home/aipu/qyh/datasets/EgoGesture/videos/Subject09/Scene1/Color/rgb1 Subject09/Scene1/Color/rgb1
Late Detected - class : 1 with prob : 0.33661373166939124 at frame 141
Late Detected - class : 0 with prob : 0.21318146504012708 at frame 222
Late Detected - class : 2 with prob : 0.22432468201694444 at frame 313
Late Detected - class : 3 with prob : 0.29334319086850713 at frame 397
Late Detected - class : 4 with prob : 0.34318627663211787 at frame 516
Late Detected - class : 5 with prob : 0.2934516891139757 at frame 598
Late Detected - class : 6 with prob : 0.5561959408640663 at frame 748
Late Detected - class : 7 with prob : 0.5471409044742912 at frame 915
Late Detected - class : 8 with prob : 0.45711191285814756 at frame 1042
Late Detected - class : 9 with prob : 0.5788241223238633 at frame 1224
Late Detected - class : 10 with prob : 0.5584055732677232 at frame 1384
predicted classes: 	 [ 1  0  2  3  4  5  6  7  8  9 10]
True classes :		 [ 1  0  2  3  4  5  6  7  8  9 10]
Levenshtein Accuracy = 1.0 (0.7798634812286689)
[54/431]============
/home/aipu/qyh/datasets/EgoGesture/videos/Subject09/Scene1/Color/rgb2.avi
@@@@@@@@@@@@@@ Subject09/Scene1/Color/rgb2
[INFO]: Videot  is loading... /home/aipu/qyh/datasets/EgoGesture/videos/Subject09/Scene1/Color/rgb2 Subject09/Scene1/Color/rgb2
Late Detected - class : 11 with prob : 0.4101399147790577 at frame 328
Late Detected - class : 12 with prob : 0.3338365214064116 at frame 429
Late Detected - class : 13 with prob : 0.3273698323678481 at frame 603
Late Detected - class : 14 with prob : 0.3546732015145692 at frame 722
Late Detected - class : 83 with prob : 0.15249172151066812 at frame 912
Late Detected - class : 16 with prob : 0.4197298444164754 at frame 930
Late Detected - class : 17 with prob : 0.48252202481206374 at frame 1106
Late Detected - class : 18 with prob : 0.2884965446241416 at frame 1241
Late Detected - class : 16 with prob : 0.1566451068698776 at frame 1257
Late Detected - class : 19 with prob : 0.362802938927629 at frame 1381
predicted classes: 	 [11 12 13 14 83 16 17 18 16 19]
True classes :		 [11 12 13 14 15 16 17 18 19]
Levenshtein Accuracy = 0.7777777777777778 (0.7798319327731092)
[55/431]============
/home/aipu/qyh/datasets/EgoGesture/videos/Subject09/Scene1/Color/rgb6.avi
@@@@@@@@@@@@@@ Subject09/Scene1/Color/rgb6
[INFO]: Videot  is loading... /home/aipu/qyh/datasets/EgoGesture/videos/Subject09/Scene1/Color/rgb6 Subject09/Scene1/Color/rgb6
Late Detected - class : 53 with prob : 0.35698195941610744 at frame 237
Late Detected - class : 54 with prob : 0.3099908300833845 at frame 347
Late Detected - class : 55 with prob : 0.3758618047448211 at frame 491
Late Detected - class : 57 with prob : 0.31681277177023576 at frame 624
Late Detected - class : 56 with prob : 0.37444314814698854 at frame 747
Late Detected - class : 8 with prob : 0.26806740821945196 at frame 851
Late Detected - class : 59 with prob : 0.31520787066292005 at frame 950
Late Detected - class : 60 with prob : 0.468744497350762 at frame 1164
Late Detected - class : 61 with prob : 0.48969578295727767 at frame 1260
predicted classes: 	 [53 54 55 57 56  8 59 60 61]
True classes :		 [53 54 55 57 56 58 59 60 61]
Levenshtein Accuracy = 0.8888888888888888 (0.7814569536423841)
[56/431]============
/home/aipu/qyh/datasets/EgoGesture/videos/Subject09/Scene1/Color/rgb3.avi
@@@@@@@@@@@@@@ Subject09/Scene1/Color/rgb3
[INFO]: Videot  is loading... /home/aipu/qyh/datasets/EgoGesture/videos/Subject09/Scene1/Color/rgb3 Subject09/Scene1/Color/rgb3
Late Detected - class : 21 with prob : 0.3986230250078975 at frame 250
Late Detected - class : 22 with prob : 0.577451271274621 at frame 382
Late Detected - class : 23 with prob : 0.49981391054908497 at frame 496
Late Detected - class : 24 with prob : 0.3014797262032374 at frame 580
Late Detected - class : 25 with prob : 0.175688954266282 at frame 664
Late Detected - class : 26 with prob : 0.4777507014630086 at frame 757
Late Detected - class : 27 with prob : 0.3602576439132892 at frame 844
Late Detected - class : 43 with prob : 0.29171071634081647 at frame 939
Late Detected - class : 29 with prob : 0.15577155104445845 at frame 1031
Late Detected - class : 30 with prob : 0.36996251183244194 at frame 1136
Late Detected - class : 31 with prob : 0.23597101597405068 at frame 1221
Late Detected - class : 32 with prob : 0.4416145325266934 at frame 1329
predicted classes: 	 [21 22 23 24 25 26 27 43 29 30 31 32]
True classes :		 [20 21 22 23 24 25 26 27 28 29 30 31 32]
Levenshtein Accuracy = 0.8461538461538461 (0.7828200972447326)
[57/431]============
/home/aipu/qyh/datasets/EgoGesture/videos/Subject09/Scene1/Color/rgb8.avi
@@@@@@@@@@@@@@ Subject09/Scene1/Color/rgb8
[INFO]: Videot  is loading... /home/aipu/qyh/datasets/EgoGesture/videos/Subject09/Scene1/Color/rgb8 Subject09/Scene1/Color/rgb8
Late Detected - class : 72 with prob : 0.6329657399384998 at frame 446
Late Detected - class : 75 with prob : 0.5046969780997215 at frame 798
Late Detected - class : 76 with prob : 0.3750457639231172 at frame 918
Late Detected - class : 77 with prob : 0.28338304224333644 at frame 1017
Late Detected - class : 81 with prob : 0.16844024971669988 at frame 1232
Late Detected - class : 78 with prob : 0.19635313556139253 at frame 1332
Late Detected - class : 79 with prob : 0.34051613352517707 at frame 1438
Late Detected - class : 83 with prob : 0.2784772164088357 at frame 1514
predicted classes: 	 [72 75 76 77 81 78 79 83]
True classes :		 [72 73 74 75 76 77 80 81 78 79 82]
Levenshtein Accuracy = 0.6363636363636364 (0.7802547770700637)
[58/431]============
/home/aipu/qyh/datasets/EgoGesture/videos/Subject09/Scene1/Color/rgb7.avi
@@@@@@@@@@@@@@ Subject09/Scene1/Color/rgb7
[INFO]: Videot  is loading... /home/aipu/qyh/datasets/EgoGesture/videos/Subject09/Scene1/Color/rgb7 Subject09/Scene1/Color/rgb7
Late Detected - class : 83 with prob : 0.22222229088599313 at frame 143
Late Detected - class : 63 with prob : 0.3955332892332002 at frame 245
Late Detected - class : 64 with prob : 0.44632937152652763 at frame 372
Late Detected - class : 65 with prob : 0.3098085275440875 at frame 447
Late Detected - class : 67 with prob : 0.4127715296143115 at frame 589
Late Detected - class : 83 with prob : 0.1881647406363742 at frame 860
Late Detected - class : 69 with prob : 0.2654197093920318 at frame 965
Late Detected - class : 70 with prob : 0.15140739230200387 at frame 1030
predicted classes: 	 [83 63 64 65 67 83 69 70]
True classes :		 [62 63 64 65 67 66 68 69 70 71]
Levenshtein Accuracy = 0.6 (0.7774294670846394)
[59/431]============
/home/aipu/qyh/datasets/EgoGesture/videos/Subject09/Scene1/Color/rgb4.avi
@@@@@@@@@@@@@@ Subject09/Scene1/Color/rgb4
[INFO]: Videot  is loading... /home/aipu/qyh/datasets/EgoGesture/videos/Subject09/Scene1/Color/rgb4 Subject09/Scene1/Color/rgb4
Late Detected - class : 33 with prob : 0.45440212926293283 at frame 134
Late Detected - class : 34 with prob : 0.31038130399033087 at frame 237
Late Detected - class : 35 with prob : 0.5592026273983238 at frame 374
Late Detected - class : 36 with prob : 0.4591194024997235 at frame 490
Late Detected - class : 37 with prob : 0.48320297759245767 at frame 603
Late Detected - class : 38 with prob : 0.4616151879123863 at frame 723
Late Detected - class : 39 with prob : 0.457762617508498 at frame 867
Late Detected - class : 40 with prob : 0.49694742681837295 at frame 999
Late Detected - class : 41 with prob : 0.5502801162318741 at frame 1138
predicted classes: 	 [33 34 35 36 37 38 39 40 41]
True classes :		 [33 34 35 36 37 38 39 40 41]
Levenshtein Accuracy = 1.0 (0.7805255023183926)
[60/431]============
/home/aipu/qyh/datasets/EgoGesture/videos/Subject09/Scene1/Color/rgb5.avi
@@@@@@@@@@@@@@ Subject09/Scene1/Color/rgb5
[INFO]: Videot  is loading... /home/aipu/qyh/datasets/EgoGesture/videos/Subject09/Scene1/Color/rgb5 Subject09/Scene1/Color/rgb5
Late Detected - class : 42 with prob : 0.26819890786406375 at frame 124
Late Detected - class : 43 with prob : 0.3460646803120577 at frame 226
Late Detected - class : 44 with prob : 0.4100783548612022 at frame 351
Late Detected - class : 45 with prob : 0.4199532091467876 at frame 452
Late Detected - class : 46 with prob : 0.3905656720861932 at frame 570
Late Detected - class : 47 with prob : 0.38811070487119703 at frame 712
Late Detected - class : 48 with prob : 0.6142810857071568 at frame 853
Late Detected - class : 49 with prob : 0.37025646356611075 at frame 978
Late Detected - class : 83 with prob : 0.2997955861786335 at frame 1084
Late Detected - class : 51 with prob : 0.4417008902489802 at frame 1193
Late Detected - class : 52 with prob : 0.46945642495671236 at frame 1308
predicted classes: 	 [42 43 44 45 46 47 48 49 83 51 52]
True classes :		 [42 43 44 45 46 47 48 49 50 51 52]
Levenshtein Accuracy = 0.9090909090909091 (0.7826747720364742)
[61/431]============
/home/aipu/qyh/datasets/EgoGesture/videos/Subject09/Scene3/Color/rgb1.avi
@@@@@@@@@@@@@@ Subject09/Scene3/Color/rgb1
[INFO]: Videot  is loading... /home/aipu/qyh/datasets/EgoGesture/videos/Subject09/Scene3/Color/rgb1 Subject09/Scene3/Color/rgb1
Late Detected - class : 83 with prob : 0.7381333688023738 at frame 108
Late Detected - class : 7 with prob : 0.3724222311229468 at frame 1458
Late Detected - class : 9 with prob : 0.5349672129899538 at frame 1678
predicted classes: 	 [83  7  9]
True classes :		 [ 2  6 24 13 15 36  7  9]
Levenshtein Accuracy = 0.25 (0.7762762762762763)
[62/431]============
/home/aipu/qyh/datasets/EgoGesture/videos/Subject09/Scene3/Color/rgb2.avi
@@@@@@@@@@@@@@ Subject09/Scene3/Color/rgb2
[INFO]: Videot  is loading... /home/aipu/qyh/datasets/EgoGesture/videos/Subject09/Scene3/Color/rgb2 Subject09/Scene3/Color/rgb2
Late Detected - class : 83 with prob : 0.45663323445565485 at frame 64
Late Detected - class : 12 with prob : 0.39191934333326184 at frame 588
Late Detected - class : 83 with prob : 0.7573110444994976 at frame 643
Late Detected - class : 77 with prob : 0.24592292577172822 at frame 1394
Late Detected - class : 3 with prob : 0.3298569116539948 at frame 1488
predicted classes: 	 [83 12 83 77  3]
True classes :		 [ 4  8 12 17 20 27  1  0  3]
Levenshtein Accuracy = 0.2222222222222222 (0.7688888888888888)
[63/431]============
/home/aipu/qyh/datasets/EgoGesture/videos/Subject09/Scene3/Color/rgb6.avi
@@@@@@@@@@@@@@ Subject09/Scene3/Color/rgb6
[INFO]: Videot  is loading... /home/aipu/qyh/datasets/EgoGesture/videos/Subject09/Scene3/Color/rgb6 Subject09/Scene3/Color/rgb6
Late Detected - class : 83 with prob : 0.6791825369521847 at frame 155
Late Detected - class : 44 with prob : 0.3127354708825541 at frame 250
Late Detected - class : 83 with prob : 0.4223556483337636 at frame 348
Late Detected - class : 39 with prob : 0.471051185160581 at frame 486
Late Detected - class : 51 with prob : 0.43341688521747124 at frame 652
Late Detected - class : 41 with prob : 0.49707844906488363 at frame 820
Late Detected - class : 83 with prob : 0.31240945495272365 at frame 836
Late Detected - class : 48 with prob : 0.4005873064284995 at frame 952
Late Detected - class : 83 with prob : 0.31703167004049765 at frame 1000
Late Detected - class : 53 with prob : 0.34861061716693686 at frame 1175
Late Detected - class : 79 with prob : 0.174352097887108 at frame 1189
Late Detected - class : 40 with prob : 0.3322310379100873 at frame 1303
predicted classes: 	 [83 44 83 39 51 41 83 48 83 53 79 40]
True classes :		 [44 46 39 51 41 48 53 40]
Levenshtein Accuracy = 0.375 (0.7642752562225475)
[64/431]============
/home/aipu/qyh/datasets/EgoGesture/videos/Subject09/Scene3/Color/rgb3.avi
@@@@@@@@@@@@@@ Subject09/Scene3/Color/rgb3
[INFO]: Videot  is loading... /home/aipu/qyh/datasets/EgoGesture/videos/Subject09/Scene3/Color/rgb3 Subject09/Scene3/Color/rgb3
Late Detected - class : 83 with prob : 0.6181880548576761 at frame 355
Late Detected - class : 22 with prob : 0.2746274031803182 at frame 510
Late Detected - class : 83 with prob : 0.6336139847912552 at frame 731
Late Detected - class : 16 with prob : 0.24375719502223853 at frame 1142
Late Detected - class : 83 with prob : 0.49686431304609524 at frame 1220
Late Detected - class : 10 with prob : 0.5113519807628274 at frame 1342
Late Detected - class : 83 with prob : 0.5803032972193336 at frame 1520
Late Detected - class : 32 with prob : 0.3124146956120767 at frame 1691
Late Detected - class : 83 with prob : 0.2626137547268759 at frame 1717
predicted classes: 	 [83 22 83 16 83 10 83 32 83]
True classes :		 [16 19 22 25 31 11 18 10 14 23]
Levenshtein Accuracy = 0.09999999999999998 (0.7546897546897547)
[65/431]============
/home/aipu/qyh/datasets/EgoGesture/videos/Subject09/Scene3/Color/rgb8.avi
@@@@@@@@@@@@@@ Subject09/Scene3/Color/rgb8
[INFO]: Videot  is loading... /home/aipu/qyh/datasets/EgoGesture/videos/Subject09/Scene3/Color/rgb8 Subject09/Scene3/Color/rgb8
Late Detected - class : 75 with prob : 0.31344209544816304 at frame 255
Late Detected - class : 77 with prob : 0.21966462064997364 at frame 341
Late Detected - class : 78 with prob : 0.2498160839394092 at frame 421
Late Detected - class : 72 with prob : 0.5685197234191977 at frame 1268
predicted classes: 	 [75 77 78 72]
True classes :		 [73 75 77 79 81 82 80 78 76 74 72]
Levenshtein Accuracy = 0.36363636363636365 (0.7485795454545454)
[66/431]============
/home/aipu/qyh/datasets/EgoGesture/videos/Subject09/Scene3/Color/rgb7.avi
@@@@@@@@@@@@@@ Subject09/Scene3/Color/rgb7
[INFO]: Videot  is loading... /home/aipu/qyh/datasets/EgoGesture/videos/Subject09/Scene3/Color/rgb7 Subject09/Scene3/Color/rgb7
Late Detected - class : 83 with prob : 0.2879636707327257 at frame 254
Late Detected - class : 68 with prob : 0.36171033626568105 at frame 516
Late Detected - class : 83 with prob : 0.3389652658437773 at frame 693
Late Detected - class : 59 with prob : 0.3195035362689806 at frame 989
Late Detected - class : 83 with prob : 0.30127986347322455 at frame 1143
Late Detected - class : 55 with prob : 0.32218374552488416 at frame 1546
Late Detected - class : 83 with prob : 0.3164901715308017 at frame 1708
Late Detected - class : 65 with prob : 0.3551734137143593 at frame 2528
Late Detected - class : 83 with prob : 0.33762163114858 at frame 2650
predicted classes: 	 [83 68 83 59 83 55 83 65 83]
True classes :		 [54 56 68 60 61 59 64 62 57 55 63 67 69 66 70 65 71]
Levenshtein Accuracy = 0.23529411764705888 (0.7364771151178918)
[67/431]============
/home/aipu/qyh/datasets/EgoGesture/videos/Subject09/Scene3/Color/rgb4.avi
@@@@@@@@@@@@@@ Subject09/Scene3/Color/rgb4
[INFO]: Videot  is loading... /home/aipu/qyh/datasets/EgoGesture/videos/Subject09/Scene3/Color/rgb4 Subject09/Scene3/Color/rgb4
Late Detected - class : 83 with prob : 0.7423184212537749 at frame 627
Late Detected - class : 32 with prob : 0.15678360897629243 at frame 865
Late Detected - class : 37 with prob : 0.4390558977716203 at frame 959
Late Detected - class : 83 with prob : 0.285230234960313 at frame 990
Late Detected - class : 47 with prob : 0.37786834644672573 at frame 1119
Late Detected - class : 43 with prob : 0.3001711730893276 at frame 1304
Late Detected - class : 52 with prob : 0.4987716829853985 at frame 1431
Late Detected - class : 35 with prob : 0.3967412981171967 at frame 1559
predicted classes: 	 [83 32 37 83 47 43 52 35]
True classes :		 [21 28 34 26 32 29 47 43 52 35]
Levenshtein Accuracy = 0.4 (0.7318741450068399)
[68/431]============
/home/aipu/qyh/datasets/EgoGesture/videos/Subject09/Scene3/Color/rgb5.avi
@@@@@@@@@@@@@@ Subject09/Scene3/Color/rgb5
[INFO]: Videot  is loading... /home/aipu/qyh/datasets/EgoGesture/videos/Subject09/Scene3/Color/rgb5 Subject09/Scene3/Color/rgb5
Late Detected - class : 83 with prob : 0.3976415142826661 at frame 157
Late Detected - class : 50 with prob : 0.34059740544905337 at frame 1203
Late Detected - class : 45 with prob : 0.44725609392249643 at frame 1353
Late Detected - class : 49 with prob : 0.337904224276598 at frame 1479
Late Detected - class : 8 with prob : 0.1740912452920654 at frame 1703
Late Detected - class : 61 with prob : 0.4157630551000518 at frame 1826
predicted classes: 	 [83 50 45 49  8 61]
True classes :		 [ 5 29 30 33 38 42 50 45 49 58 61]
Levenshtein Accuracy = 0.36363636363636365 (0.7264150943396226)
[69/431]============
/home/aipu/qyh/datasets/EgoGesture/videos/Subject09/Scene2/Color/rgb1.avi
@@@@@@@@@@@@@@ Subject09/Scene2/Color/rgb1
[INFO]: Videot  is loading... /home/aipu/qyh/datasets/EgoGesture/videos/Subject09/Scene2/Color/rgb1 Subject09/Scene2/Color/rgb1
Late Detected - class : 83 with prob : 0.31416158451486814 at frame 136
Late Detected - class : 1 with prob : 0.28683724159256163 at frame 156
Late Detected - class : 43 with prob : 0.24885557866280306 at frame 271
Late Detected - class : 10 with prob : 0.2864881059575266 at frame 536
Late Detected - class : 8 with prob : 0.21160798339025166 at frame 713
Late Detected - class : 7 with prob : 0.5650363895336247 at frame 736
Late Detected - class : 4 with prob : 0.37579767798833186 at frame 910
Late Detected - class : 2 with prob : 0.27021180215372337 at frame 1061
Late Detected - class : 0 with prob : 0.314597117148198 at frame 1176
Late Detected - class : 5 with prob : 0.34796165311069743 at frame 1408
Late Detected - class : 6 with prob : 0.4864431575484424 at frame 1547
Late Detected - class : 8 with prob : 0.42411667109407475 at frame 1706
predicted classes: 	 [83  1 43 10  8  7  4  2  0  5  6  8]
True classes :		 [ 1  3 10  7  4  2  0  5  6  8]
Levenshtein Accuracy = 0.7 (0.726063829787234)
[70/431]============
/home/aipu/qyh/datasets/EgoGesture/videos/Subject09/Scene2/Color/rgb2.avi
@@@@@@@@@@@@@@ Subject09/Scene2/Color/rgb2
[INFO]: Videot  is loading... /home/aipu/qyh/datasets/EgoGesture/videos/Subject09/Scene2/Color/rgb2 Subject09/Scene2/Color/rgb2
Late Detected - class : 10 with prob : 0.4589251372627086 at frame 185
Late Detected - class : 13 with prob : 0.352187205153479 at frame 512
Late Detected - class : 15 with prob : 0.19451161792783078 at frame 645
Late Detected - class : 19 with prob : 0.41025416576999696 at frame 847
Late Detected - class : 11 with prob : 0.41796163655846613 at frame 1011
Late Detected - class : 14 with prob : 0.41839583290765864 at frame 1200
Late Detected - class : 19 with prob : 0.16286870974468587 at frame 1519
Late Detected - class : 12 with prob : 0.284105005114121 at frame 1716
Late Detected - class : 17 with prob : 0.5532146394827042 at frame 1954
Late Detected - class : 20 with prob : 0.2044137357485177 at frame 2047
Late Detected - class : 21 with prob : 0.2825024782246157 at frame 2182
predicted classes: 	 [10 13 15 19 11 14 19 12 17 20 21]
True classes :		 [10 14 15 19 11 14 16 18 11 17 20 21]
Levenshtein Accuracy = 0.6666666666666667 (0.725130890052356)
[71/431]============
/home/aipu/qyh/datasets/EgoGesture/videos/Subject09/Scene2/Color/rgb6.avi
@@@@@@@@@@@@@@ Subject09/Scene2/Color/rgb6
[INFO]: Videot  is loading... /home/aipu/qyh/datasets/EgoGesture/videos/Subject09/Scene2/Color/rgb6 Subject09/Scene2/Color/rgb6
Late Detected - class : 51 with prob : 0.2873095829603626 at frame 294
Late Detected - class : 48 with prob : 0.5735611690778524 at frame 429
Late Detected - class : 57 with prob : 0.2551006663668389 at frame 615
Late Detected - class : 83 with prob : 0.4076414606124795 at frame 810
Late Detected - class : 56 with prob : 0.32688920312289343 at frame 1143
Late Detected - class : 61 with prob : 0.3120585712227288 at frame 1278
Late Detected - class : 83 with prob : 0.2328476506118851 at frame 1399
Late Detected - class : 58 with prob : 0.3343443281199141 at frame 1414
predicted classes: 	 [51 48 57 83 56 61 83 58]
True classes :		 [45 51 48 57 60 54 56 61 58]
Levenshtein Accuracy = 0.5555555555555556 (0.723156532988357)
[72/431]============
/home/aipu/qyh/datasets/EgoGesture/videos/Subject09/Scene2/Color/rgb3.avi
@@@@@@@@@@@@@@ Subject09/Scene2/Color/rgb3
[INFO]: Videot  is loading... /home/aipu/qyh/datasets/EgoGesture/videos/Subject09/Scene2/Color/rgb3 Subject09/Scene2/Color/rgb3
Late Detected - class : 22 with prob : 0.5589354602222519 at frame 183
Late Detected - class : 27 with prob : 0.2959158818865087 at frame 314
Late Detected - class : 31 with prob : 0.2949258516056812 at frame 413
Late Detected - class : 23 with prob : 0.3643549598997159 at frame 740
Late Detected - class : 30 with prob : 0.330593705803511 at frame 894
Late Detected - class : 26 with prob : 0.3144717930332184 at frame 1042
Late Detected - class : 29 with prob : 0.19379499794252156 at frame 1274
Late Detected - class : 32 with prob : 0.33516022436127324 at frame 1393
predicted classes: 	 [22 27 31 23 30 26 29 32]
True classes :		 [22 27 31 24 28 23 30 26 25 29 32]
Levenshtein Accuracy = 0.7272727272727273 (0.7232142857142857)
[73/431]============
/home/aipu/qyh/datasets/EgoGesture/videos/Subject09/Scene2/Color/rgb8.avi
@@@@@@@@@@@@@@ Subject09/Scene2/Color/rgb8
[INFO]: Videot  is loading... /home/aipu/qyh/datasets/EgoGesture/videos/Subject09/Scene2/Color/rgb8 Subject09/Scene2/Color/rgb8
Late Detected - class : 72 with prob : 0.5616066725544538 at frame 246
Late Detected - class : 76 with prob : 0.261880602837294 at frame 453
Late Detected - class : 78 with prob : 0.37337702109697807 at frame 565
Late Detected - class : 80 with prob : 0.2686340396275024 at frame 692
Late Detected - class : 83 with prob : 0.232553634468163 at frame 909
Late Detected - class : 77 with prob : 0.15443315693535253 at frame 1125
Late Detected - class : 75 with prob : 0.48047432530349016 at frame 1258
Late Detected - class : 73 with prob : 0.24248153135610315 at frame 1358
predicted classes: 	 [72 76 78 80 83 77 75 73]
True classes :		 [72 74 76 78 80 82 81 79 77 75 73]
Levenshtein Accuracy = 0.6363636363636364 (0.7220125786163522)
[74/431]============
/home/aipu/qyh/datasets/EgoGesture/videos/Subject09/Scene2/Color/rgb7.avi
@@@@@@@@@@@@@@ Subject09/Scene2/Color/rgb7
[INFO]: Videot  is loading... /home/aipu/qyh/datasets/EgoGesture/videos/Subject09/Scene2/Color/rgb7 Subject09/Scene2/Color/rgb7
Late Detected - class : 55 with prob : 0.31911814287686513 at frame 176
Late Detected - class : 59 with prob : 0.4232400844683349 at frame 498
Late Detected - class : 63 with prob : 0.5342494707621674 at frame 791
Late Detected - class : 83 with prob : 0.2869317000052285 at frame 1066
Late Detected - class : 70 with prob : 0.38360382938595455 at frame 1086
Late Detected - class : 71 with prob : 0.20961758506696554 at frame 1218
Late Detected - class : 68 with prob : 0.2774929985964212 at frame 1399
Late Detected - class : 65 with prob : 0.3415570045437726 at frame 1601
Late Detected - class : 69 with prob : 0.33002701380311394 at frame 1747
Late Detected - class : 66 with prob : 0.45179687359447707 at frame 1871
predicted classes: 	 [55 59 63 83 70 71 68 65 69 66]
True classes :		 [55 62 59 64 63 67 70 71 68 65 69 66]
Levenshtein Accuracy = 0.75 (0.7224287484510533)
[75/431]============
/home/aipu/qyh/datasets/EgoGesture/videos/Subject09/Scene2/Color/rgb4.avi
@@@@@@@@@@@@@@ Subject09/Scene2/Color/rgb4
[INFO]: Videot  is loading... /home/aipu/qyh/datasets/EgoGesture/videos/Subject09/Scene2/Color/rgb4 Subject09/Scene2/Color/rgb4
Late Detected - class : 33 with prob : 0.363508750298011 at frame 192
Late Detected - class : 37 with prob : 0.37855128682906614 at frame 325
Late Detected - class : 41 with prob : 0.4750413071027451 at frame 478
Late Detected - class : 44 with prob : 0.3293290293743168 at frame 631
Late Detected - class : 35 with prob : 0.449753483391861 at frame 773
Late Detected - class : 39 with prob : 0.36581300625589824 at frame 903
Late Detected - class : 42 with prob : 0.27072788918224894 at frame 1106
Late Detected - class : 38 with prob : 0.4219244745289443 at frame 1266
predicted classes: 	 [33 37 41 44 35 39 42 38]
True classes :		 [33 37 41 44 35 39 42 38]
Levenshtein Accuracy = 1.0 (0.7251533742331289)
[76/431]============
/home/aipu/qyh/datasets/EgoGesture/videos/Subject09/Scene2/Color/rgb5.avi
@@@@@@@@@@@@@@ Subject09/Scene2/Color/rgb5
[INFO]: Videot  is loading... /home/aipu/qyh/datasets/EgoGesture/videos/Subject09/Scene2/Color/rgb5 Subject09/Scene2/Color/rgb5
Late Detected - class : 34 with prob : 0.24461401710095998 at frame 141
Late Detected - class : 40 with prob : 0.4210458249226182 at frame 287
Late Detected - class : 47 with prob : 0.5304687814828899 at frame 468
Late Detected - class : 36 with prob : 0.4568809702321084 at frame 623
Late Detected - class : 46 with prob : 0.5164348717500522 at frame 822
Late Detected - class : 49 with prob : 0.270389258192989 at frame 966
Late Detected - class : 52 with prob : 0.5914815449926124 at frame 1142
Late Detected - class : 50 with prob : 0.18751231026763274 at frame 1245
Late Detected - class : 43 with prob : 0.3511092340892273 at frame 1371
Late Detected - class : 53 with prob : 0.30741477149066593 at frame 1665
predicted classes: 	 [34 40 47 36 46 49 52 50 43 53]
True classes :		 [34 40 47 36 46 49 52 50 43 53]
Levenshtein Accuracy = 1.0 (0.7284848484848485)
[77/431]============
/home/aipu/qyh/datasets/EgoGesture/videos/Subject09/Scene5/Color/rgb1.avi
@@@@@@@@@@@@@@ Subject09/Scene5/Color/rgb1
[INFO]: Videot  is loading... /home/aipu/qyh/datasets/EgoGesture/videos/Subject09/Scene5/Color/rgb1 Subject09/Scene5/Color/rgb1
Late Detected - class : 33 with prob : 0.2851460250798925 at frame 104
Late Detected - class : 22 with prob : 0.4669722373945937 at frame 219
Late Detected - class : 67 with prob : 0.20261107350499485 at frame 324
Late Detected - class : 6 with prob : 0.21636825363967419 at frame 561
Late Detected - class : 12 with prob : 0.3548848556026939 at frame 796
Late Detected - class : 62 with prob : 0.23362565161097612 at frame 920
Late Detected - class : 72 with prob : 0.6187515095416338 at frame 1044
Late Detected - class : 38 with prob : 0.3837156956106093 at frame 1152
Late Detected - class : 58 with prob : 0.24274006201350287 at frame 1257
Late Detected - class : 9 with prob : 0.3362944306213481 at frame 1467
Late Detected - class : 34 with prob : 0.19548067737392597 at frame 1610
predicted classes: 	 [33 22 67  6 12 62 72 38 58  9 34]
True classes :		 [33 22 67 15  6 12 62 72 38 58  9 34]
Levenshtein Accuracy = 0.9166666666666666 (0.7311827956989247)
[78/431]============
/home/aipu/qyh/datasets/EgoGesture/videos/Subject09/Scene5/Color/rgb2.avi
@@@@@@@@@@@@@@ Subject09/Scene5/Color/rgb2
[INFO]: Videot  is loading... /home/aipu/qyh/datasets/EgoGesture/videos/Subject09/Scene5/Color/rgb2 Subject09/Scene5/Color/rgb2
Late Detected - class : 32 with prob : 0.2600047823225295 at frame 154
Late Detected - class : 44 with prob : 0.2508034189397547 at frame 248
Late Detected - class : 35 with prob : 0.3140774316369832 at frame 327
Late Detected - class : 45 with prob : 0.33651488684801517 at frame 423
Late Detected - class : 43 with prob : 0.3099375740819785 at frame 674
Late Detected - class : 29 with prob : 0.25627561678371463 at frame 899
Late Detected - class : 50 with prob : 0.22596921319062802 at frame 995
Late Detected - class : 48 with prob : 0.48367000436798885 at frame 1288
Late Detected - class : 64 with prob : 0.19659524439670825 at frame 1402
predicted classes: 	 [32 44 35 45 43 29 50 48 64]
True classes :		 [32 44 35 45 43 69 29 50 47  2 48 64]
Levenshtein Accuracy = 0.75 (0.7314487632508834)
[79/431]============
/home/aipu/qyh/datasets/EgoGesture/videos/Subject09/Scene5/Color/rgb6.avi
@@@@@@@@@@@@@@ Subject09/Scene5/Color/rgb6
[INFO]: Videot  is loading... /home/aipu/qyh/datasets/EgoGesture/videos/Subject09/Scene5/Color/rgb6 Subject09/Scene5/Color/rgb6
Late Detected - class : 19 with prob : 0.2824226816317831 at frame 336
Late Detected - class : 31 with prob : 0.34785793560276207 at frame 405
Late Detected - class : 37 with prob : 0.3746254468180516 at frame 628
Late Detected - class : 46 with prob : 0.3629169366970285 at frame 716
Late Detected - class : 64 with prob : 0.3549241894076432 at frame 863
Late Detected - class : 53 with prob : 0.4706142077127962 at frame 1028
Late Detected - class : 10 with prob : 0.4374197853714619 at frame 1207
Late Detected - class : 83 with prob : 0.3047579736995542 at frame 1568
Late Detected - class : 23 with prob : 0.21951163833195345 at frame 1680
predicted classes: 	 [19 31 37 46 64 53 10 83 23]
True classes :		 [19 31 71 37 46 81 53 10 79 77 59 23]
Levenshtein Accuracy = 0.5833333333333333 (0.7293844367015099)
[80/431]============
/home/aipu/qyh/datasets/EgoGesture/videos/Subject09/Scene5/Color/rgb3.avi
@@@@@@@@@@@@@@ Subject09/Scene5/Color/rgb3
[INFO]: Videot  is loading... /home/aipu/qyh/datasets/EgoGesture/videos/Subject09/Scene5/Color/rgb3 Subject09/Scene5/Color/rgb3
Late Detected - class : 75 with prob : 0.3959619207982726 at frame 367
Late Detected - class : 56 with prob : 0.22434769155267353 at frame 479
Late Detected - class : 74 with prob : 0.3188438894804649 at frame 607
Late Detected - class : 56 with prob : 0.37849946511659244 at frame 736
Late Detected - class : 41 with prob : 0.2115594989600767 at frame 840
Late Detected - class : 51 with prob : 0.45155407519288443 at frame 1062
Late Detected - class : 73 with prob : 0.2617550781722166 at frame 1303
Late Detected - class : 28 with prob : 0.23763740265715336 at frame 1408
Late Detected - class : 83 with prob : 0.1937409756823284 at frame 1566
Late Detected - class : 80 with prob : 0.26893847657402836 at frame 1582
predicted classes: 	 [75 56 74 56 41 51 73 28 83 80]
True classes :		 [60 75 57 74 56 40 18 51 82 73 28 80]
Levenshtein Accuracy = 0.5 (0.7262313860252004)
[81/431]============
/home/aipu/qyh/datasets/EgoGesture/videos/Subject09/Scene5/Color/rgb7.avi
@@@@@@@@@@@@@@ Subject09/Scene5/Color/rgb7
[INFO]: Videot  is loading... /home/aipu/qyh/datasets/EgoGesture/videos/Subject09/Scene5/Color/rgb7 Subject09/Scene5/Color/rgb7
Late Detected - class : 30 with prob : 0.2133244351775132 at frame 135
Late Detected - class : 14 with prob : 0.4034755393375581 at frame 332
Late Detected - class : 17 with prob : 0.5358276527129396 at frame 461
Late Detected - class : 13 with prob : 0.3495036120626747 at frame 666
Late Detected - class : 36 with prob : 0.42351226513350126 at frame 816
Late Detected - class : 61 with prob : 0.4659447912533618 at frame 914
Late Detected - class : 70 with prob : 0.6373973316245497 at frame 1024
Late Detected - class : 4 with prob : 0.2740383458308625 at frame 1146
Late Detected - class : 24 with prob : 0.16221981428167812 at frame 1252
Late Detected - class : 0 with prob : 0.17124976680668955 at frame 1329
Late Detected - class : 27 with prob : 0.3791748066779872 at frame 1568
predicted classes: 	 [30 14 17 13 36 61 70  4 24  0 27]
True classes :		 [30 14 17 13 36 61 70  4 24  0 27]
Levenshtein Accuracy = 1.0 (0.7296380090497737)
[82/431]============
/home/aipu/qyh/datasets/EgoGesture/videos/Subject09/Scene5/Color/rgb4.avi
@@@@@@@@@@@@@@ Subject09/Scene5/Color/rgb4
[INFO]: Videot  is loading... /home/aipu/qyh/datasets/EgoGesture/videos/Subject09/Scene5/Color/rgb4 Subject09/Scene5/Color/rgb4
Late Detected - class : 39 with prob : 0.35261622106202717 at frame 262
Late Detected - class : 3 with prob : 0.20663673652155176 at frame 352
Late Detected - class : 68 with prob : 0.3820817307365832 at frame 503
Late Detected - class : 21 with prob : 0.2604597875131957 at frame 608
Late Detected - class : 8 with prob : 0.5396080020537901 at frame 746
Late Detected - class : 83 with prob : 0.2124447511665565 at frame 866
Late Detected - class : 68 with prob : 0.3835116669005059 at frame 1047
Late Detected - class : 25 with prob : 0.1551609198121696 at frame 1173
Late Detected - class : 49 with prob : 0.25021183030607785 at frame 1360
Late Detected - class : 54 with prob : 0.3432094217810341 at frame 1521
Late Detected - class : 5 with prob : 0.21822011772927724 at frame 1659
Late Detected - class : 65 with prob : 0.3280120440225519 at frame 1786
predicted classes: 	 [39  3 68 21  8 83 68 25 49 54  5 65]
True classes :		 [39  3 68 21  8 20 78 25 49 54  5 65]
Levenshtein Accuracy = 0.8333333333333334 (0.7310267857142857)
[83/431]============
/home/aipu/qyh/datasets/EgoGesture/videos/Subject09/Scene5/Color/rgb5.avi
@@@@@@@@@@@@@@ Subject09/Scene5/Color/rgb5
[INFO]: Videot  is loading... /home/aipu/qyh/datasets/EgoGesture/videos/Subject09/Scene5/Color/rgb5 Subject09/Scene5/Color/rgb5
Late Detected - class : 11 with prob : 0.3573085611079105 at frame 301
Late Detected - class : 66 with prob : 0.33589014137163986 at frame 411
Late Detected - class : 76 with prob : 0.2411678470973503 at frame 519
Late Detected - class : 26 with prob : 0.3302922381237776 at frame 628
Late Detected - class : 1 with prob : 0.23150114199677957 at frame 735
Late Detected - class : 42 with prob : 0.3512390271287071 at frame 906
Late Detected - class : 63 with prob : 0.22205514089617626 at frame 1029
Late Detected - class : 55 with prob : 0.3880019306293786 at frame 1352
Late Detected - class : 52 with prob : 0.5308708409478814 at frame 1828
Late Detected - class : 16 with prob : 0.3875340678550651 at frame 1929
Late Detected - class : 7 with prob : 0.22751129969859546 at frame 2025
Late Detected - class : 40 with prob : 0.2302136911645309 at frame 2136
predicted classes: 	 [11 66 76 26  1 42 63 55 52 16  7 40]
True classes :		 [11 66 76 26  1 42 63 55 52 16  7 40]
Levenshtein Accuracy = 1.0 (0.7345814977973568)
[84/431]============
/home/aipu/qyh/datasets/EgoGesture/videos/Subject09/Scene4/Color/rgb1.avi
@@@@@@@@@@@@@@ Subject09/Scene4/Color/rgb1
[INFO]: Videot  is loading... /home/aipu/qyh/datasets/EgoGesture/videos/Subject09/Scene4/Color/rgb1 Subject09/Scene4/Color/rgb1
Late Detected - class : 0 with prob : 0.2414609655391375 at frame 302
Late Detected - class : 1 with prob : 0.2510021667479737 at frame 391
Late Detected - class : 6 with prob : 0.5767990598127797 at frame 541
Late Detected - class : 7 with prob : 0.15861455450873704 at frame 745
Late Detected - class : 4 with prob : 0.3724939253859108 at frame 923
Late Detected - class : 3 with prob : 0.28075658191580155 at frame 1081
Late Detected - class : 8 with prob : 0.5599842374892308 at frame 1216
Late Detected - class : 9 with prob : 0.5463771227008584 at frame 1388
Late Detected - class : 2 with prob : 0.16652773456397266 at frame 1496
Late Detected - class : 5 with prob : 0.2654959696771045 at frame 1596
predicted classes: 	 [0 1 6 7 4 3 8 9 2 5]
True classes :		 [0 1 6 7 4 3 8 9 2 5]
Levenshtein Accuracy = 1.0 (0.7374727668845316)
[85/431]============
/home/aipu/qyh/datasets/EgoGesture/videos/Subject09/Scene4/Color/rgb2.avi
@@@@@@@@@@@@@@ Subject09/Scene4/Color/rgb2
[INFO]: Videot  is loading... /home/aipu/qyh/datasets/EgoGesture/videos/Subject09/Scene4/Color/rgb2 Subject09/Scene4/Color/rgb2
Late Detected - class : 13 with prob : 0.30754668025366466 at frame 214
Late Detected - class : 14 with prob : 0.36749713773292425 at frame 338
Late Detected - class : 83 with prob : 0.31627098504022155 at frame 430
Late Detected - class : 19 with prob : 0.4258526104343898 at frame 552
Late Detected - class : 11 with prob : 0.465660138585267 at frame 716
Late Detected - class : 15 with prob : 0.2731676941239501 at frame 842
Late Detected - class : 17 with prob : 0.5113078029149997 at frame 1031
Late Detected - class : 18 with prob : 0.21175157752778206 at frame 1186
Late Detected - class : 10 with prob : 0.5788410755498727 at frame 1353
Late Detected - class : 12 with prob : 0.4991393196921384 at frame 1521
predicted classes: 	 [13 14 83 19 11 15 17 18 10 12]
True classes :		 [13 14 16 19 11 15 17 18 10 12]
Levenshtein Accuracy = 0.9 (0.7392241379310345)
[86/431]============
/home/aipu/qyh/datasets/EgoGesture/videos/Subject09/Scene4/Color/rgb6.avi
@@@@@@@@@@@@@@ Subject09/Scene4/Color/rgb6
[INFO]: Videot  is loading... /home/aipu/qyh/datasets/EgoGesture/videos/Subject09/Scene4/Color/rgb6 Subject09/Scene4/Color/rgb6
Late Detected - class : 54 with prob : 0.3367510768852889 at frame 199
Late Detected - class : 83 with prob : 0.15098996356751704 at frame 341
Late Detected - class : 61 with prob : 0.31538841098002873 at frame 726
Late Detected - class : 83 with prob : 0.21348681518779652 at frame 863
Late Detected - class : 58 with prob : 0.22848510022184876 at frame 881
Late Detected - class : 83 with prob : 0.35480180885383916 at frame 976
Late Detected - class : 59 with prob : 0.28666851721933406 at frame 1099
Late Detected - class : 56 with prob : 0.3246283231994237 at frame 1200
Late Detected - class : 53 with prob : 0.4524467951109088 at frame 1365
predicted classes: 	 [54 83 61 83 58 83 59 56 53]
True classes :		 [54 57 60 61 58 55 59 56 53]
Levenshtein Accuracy = 0.5555555555555556 (0.7374599786552828)
[87/431]============
/home/aipu/qyh/datasets/EgoGesture/videos/Subject09/Scene4/Color/rgb3.avi
@@@@@@@@@@@@@@ Subject09/Scene4/Color/rgb3
[INFO]: Videot  is loading... /home/aipu/qyh/datasets/EgoGesture/videos/Subject09/Scene4/Color/rgb3 Subject09/Scene4/Color/rgb3
Late Detected - class : 20 with prob : 0.16336590530507467 at frame 139
Late Detected - class : 21 with prob : 0.38454346721949806 at frame 300
Late Detected - class : 23 with prob : 0.39603087286215477 at frame 414
Late Detected - class : 29 with prob : 0.3792768329663607 at frame 535
Late Detected - class : 28 with prob : 0.19519534372294006 at frame 686
Late Detected - class : 27 with prob : 0.23053730835877784 at frame 857
Late Detected - class : 25 with prob : 0.20105564773167 at frame 1036
Late Detected - class : 22 with prob : 0.5147830220471349 at frame 1182
Late Detected - class : 26 with prob : 0.34780610106701537 at frame 1306
predicted classes: 	 [20 21 23 29 28 27 25 22 26]
True classes :		 [20 21 23 29 28 24 27 25 22 26 31]
Levenshtein Accuracy = 0.8181818181818181 (0.7383966244725738)
[88/431]============
/home/aipu/qyh/datasets/EgoGesture/videos/Subject09/Scene4/Color/rgb8.avi
@@@@@@@@@@@@@@ Subject09/Scene4/Color/rgb8
[INFO]: Videot  is loading... /home/aipu/qyh/datasets/EgoGesture/videos/Subject09/Scene4/Color/rgb8 Subject09/Scene4/Color/rgb8
Late Detected - class : 78 with prob : 0.34180593393131387 at frame 417
Late Detected - class : 83 with prob : 0.19353560441418471 at frame 545
Late Detected - class : 75 with prob : 0.2946506628231258 at frame 955
Late Detected - class : 83 with prob : 0.27677241411804804 at frame 1052
Late Detected - class : 72 with prob : 0.5799357551156233 at frame 1247
predicted classes: 	 [78 83 75 83 72]
True classes :		 [82 81 80 78 78 79 76 77 75 74 73 72]
Levenshtein Accuracy = 0.25 (0.7322916666666667)
[89/431]============
/home/aipu/qyh/datasets/EgoGesture/videos/Subject09/Scene4/Color/rgb7.avi
@@@@@@@@@@@@@@ Subject09/Scene4/Color/rgb7
[INFO]: Videot  is loading... /home/aipu/qyh/datasets/EgoGesture/videos/Subject09/Scene4/Color/rgb7 Subject09/Scene4/Color/rgb7
Late Detected - class : 83 with prob : 0.2263242396300695 at frame 168
Late Detected - class : 70 with prob : 0.3226952284971341 at frame 266
Late Detected - class : 67 with prob : 0.45894158106604144 at frame 387
Late Detected - class : 64 with prob : 0.3435631273643978 at frame 573
Late Detected - class : 69 with prob : 0.34232225518618914 at frame 727
Late Detected - class : 63 with prob : 0.422478447059904 at frame 824
Late Detected - class : 64 with prob : 0.39875190017546147 at frame 1009
Late Detected - class : 65 with prob : 0.38062334323536784 at frame 1125
Late Detected - class : 66 with prob : 0.41426960783190425 at frame 1222
predicted classes: 	 [83 70 67 64 69 63 64 65 66]
True classes :		 [68 70 67 62 64 69 63 64 65 66 71]
Levenshtein Accuracy = 0.7272727272727273 (0.7322348094747683)
[90/431]============
/home/aipu/qyh/datasets/EgoGesture/videos/Subject09/Scene4/Color/rgb4.avi
@@@@@@@@@@@@@@ Subject09/Scene4/Color/rgb4
[INFO]: Videot  is loading... /home/aipu/qyh/datasets/EgoGesture/videos/Subject09/Scene4/Color/rgb4 Subject09/Scene4/Color/rgb4
Late Detected - class : 32 with prob : 0.393799209540052 at frame 220
Late Detected - class : 35 with prob : 0.33978217090636753 at frame 344
Late Detected - class : 38 with prob : 0.42132314913016444 at frame 519
Late Detected - class : 41 with prob : 0.4132781530907472 at frame 642
Late Detected - class : 36 with prob : 0.396558623003918 at frame 747
Late Detected - class : 37 with prob : 0.4471378762589616 at frame 902
Late Detected - class : 33 with prob : 0.32712143757995016 at frame 1005
Late Detected - class : 34 with prob : 0.3125642159779073 at frame 1126
Late Detected - class : 40 with prob : 0.26482331883541255 at frame 1258
Late Detected - class : 39 with prob : 0.37646742431307095 at frame 1404
predicted classes: 	 [32 35 38 41 36 37 33 34 40 39]
True classes :		 [30 32 35 38 41 36 37 33 34 40 39]
Levenshtein Accuracy = 0.9090909090909091 (0.7342158859470469)
[91/431]============
/home/aipu/qyh/datasets/EgoGesture/videos/Subject09/Scene4/Color/rgb5.avi
@@@@@@@@@@@@@@ Subject09/Scene4/Color/rgb5
[INFO]: Videot  is loading... /home/aipu/qyh/datasets/EgoGesture/videos/Subject09/Scene4/Color/rgb5 Subject09/Scene4/Color/rgb5
Late Detected - class : 43 with prob : 0.33938784774950403 at frame 169
Late Detected - class : 44 with prob : 0.3083682760664885 at frame 288
Late Detected - class : 47 with prob : 0.29031633131073364 at frame 402
Late Detected - class : 49 with prob : 0.31015204907920646 at frame 534
Late Detected - class : 52 with prob : 0.5149224557588788 at frame 635
Late Detected - class : 50 with prob : 0.2652950875969056 at frame 743
Late Detected - class : 45 with prob : 0.3679950308511484 at frame 873
Late Detected - class : 48 with prob : 0.6127752914035862 at frame 1013
Late Detected - class : 42 with prob : 0.3335955846764513 at frame 1163
Late Detected - class : 46 with prob : 0.4234027862167353 at frame 1364
Late Detected - class : 51 with prob : 0.4355063091396178 at frame 1457
predicted classes: 	 [43 44 47 49 52 50 45 48 42 46 51]
True classes :		 [43 44 47 49 52 50 45 48 42 46 51]
Levenshtein Accuracy = 1.0 (0.7371601208459214)
[92/431]============
/home/aipu/qyh/datasets/EgoGesture/videos/Subject11/Scene6/Color/rgb1.avi
@@@@@@@@@@@@@@ Subject11/Scene6/Color/rgb1
[INFO]: Videot  is loading... /home/aipu/qyh/datasets/EgoGesture/videos/Subject11/Scene6/Color/rgb1 Subject11/Scene6/Color/rgb1
Late Detected - class : 61 with prob : 0.161019637339602 at frame 148
Late Detected - class : 40 with prob : 0.24552977366541692 at frame 250
Late Detected - class : 1 with prob : 0.2263082355848305 at frame 345
Late Detected - class : 55 with prob : 0.25288807736182733 at frame 456
Late Detected - class : 44 with prob : 0.15260659526319448 at frame 554
Late Detected - class : 33 with prob : 0.3004065005159011 at frame 668
Late Detected - class : 31 with prob : 0.4344086718300808 at frame 795
Late Detected - class : 12 with prob : 0.28861758722625636 at frame 912
Late Detected - class : 16 with prob : 0.31822828282292603 at frame 1004
Late Detected - class : 18 with prob : 0.2631755964834045 at frame 1107
Late Detected - class : 83 with prob : 0.3454925677482691 at frame 1150
Late Detected - class : 63 with prob : 0.49982076696754274 at frame 1281
Late Detected - class : 8 with prob : 0.4296079079281805 at frame 1405
predicted classes: 	 [61 40  1 55 44 33 31 12 16 18 83 63  8]
True classes :		 [28 40  1 55 44 33 31 12 16 18 63  8]
Levenshtein Accuracy = 0.8333333333333334 (0.7383084577114428)
[93/431]============
/home/aipu/qyh/datasets/EgoGesture/videos/Subject11/Scene6/Color/rgb2.avi
@@@@@@@@@@@@@@ Subject11/Scene6/Color/rgb2
[INFO]: Videot  is loading... /home/aipu/qyh/datasets/EgoGesture/videos/Subject11/Scene6/Color/rgb2 Subject11/Scene6/Color/rgb2
Late Detected - class : 83 with prob : 0.22496533210929998 at frame 374
Late Detected - class : 25 with prob : 0.28541803359238804 at frame 473
Late Detected - class : 53 with prob : 0.3303164852084141 at frame 613
Late Detected - class : 62 with prob : 0.2064968747057717 at frame 1170
Late Detected - class : 29 with prob : 0.34904674708089295 at frame 1324
Late Detected - class : 9 with prob : 0.4577145336431416 at frame 1681
Late Detected - class : 50 with prob : 0.15060421949200592 at frame 1761
predicted classes: 	 [83 25 53 62 29  9 50]
True classes :		 [56 79 80 25 53 77 81 62 29 50  9 50]
Levenshtein Accuracy = 0.5 (0.7354965585054081)
[94/431]============
/home/aipu/qyh/datasets/EgoGesture/videos/Subject11/Scene6/Color/rgb6.avi
@@@@@@@@@@@@@@ Subject11/Scene6/Color/rgb6
[INFO]: Videot  is loading... /home/aipu/qyh/datasets/EgoGesture/videos/Subject11/Scene6/Color/rgb6 Subject11/Scene6/Color/rgb6
Late Detected - class : 57 with prob : 0.2733870604580745 at frame 179
Late Detected - class : 52 with prob : 0.526109014669248 at frame 279
Late Detected - class : 67 with prob : 0.49844960621450035 at frame 393
Late Detected - class : 24 with prob : 0.1907786234787984 at frame 467
Late Detected - class : 65 with prob : 0.4042599091341429 at frame 594
Late Detected - class : 4 with prob : 0.2651962050028009 at frame 750
Late Detected - class : 47 with prob : 0.23777085044137844 at frame 829
Late Detected - class : 64 with prob : 0.4719330235660302 at frame 914
Late Detected - class : 17 with prob : 0.44958355995636573 at frame 1027
Late Detected - class : 48 with prob : 0.37513953548999396 at frame 1105
Late Detected - class : 68 with prob : 0.2197472239225813 at frame 1223
Late Detected - class : 58 with prob : 0.16310698404329257 at frame 1338
predicted classes: 	 [57 52 67 24 65  4 47 64 17 48 68 58]
True classes :		 [57 52 67 24 65  4 47 64 17 48 69 58]
Levenshtein Accuracy = 0.9166666666666666 (0.7376093294460642)
[95/431]============
/home/aipu/qyh/datasets/EgoGesture/videos/Subject11/Scene6/Color/rgb3.avi
@@@@@@@@@@@@@@ Subject11/Scene6/Color/rgb3
[INFO]: Videot  is loading... /home/aipu/qyh/datasets/EgoGesture/videos/Subject11/Scene6/Color/rgb3 Subject11/Scene6/Color/rgb3
Late Detected - class : 68 with prob : 0.2267105975623142 at frame 216
Late Detected - class : 5 with prob : 0.4069021246241627 at frame 371
Late Detected - class : 72 with prob : 0.5099363374612158 at frame 472
Late Detected - class : 49 with prob : 0.4766318488470042 at frame 628
Late Detected - class : 30 with prob : 0.4708257993827148 at frame 766
Late Detected - class : 20 with prob : 0.3037939950298304 at frame 873
Late Detected - class : 36 with prob : 0.5115424581462124 at frame 1008
Late Detected - class : 38 with prob : 0.6182604061755542 at frame 1137
Late Detected - class : 19 with prob : 0.2900498859831206 at frame 1211
Late Detected - class : 10 with prob : 0.4621601391201794 at frame 1339
Late Detected - class : 13 with prob : 0.5498984408403467 at frame 1498
Late Detected - class : 51 with prob : 0.2470824481846241 at frame 1552
predicted classes: 	 [68  5 72 49 30 20 36 38 19 10 13 51]
True classes :		 [68  5 72 49 30 20 36 38 19 10 13 51]
Levenshtein Accuracy = 1.0 (0.7406340057636888)
[96/431]============
/home/aipu/qyh/datasets/EgoGesture/videos/Subject11/Scene6/Color/rgb7.avi
@@@@@@@@@@@@@@ Subject11/Scene6/Color/rgb7
[INFO]: Videot  is loading... /home/aipu/qyh/datasets/EgoGesture/videos/Subject11/Scene6/Color/rgb7 Subject11/Scene6/Color/rgb7
Late Detected - class : 75 with prob : 0.34252283481058327 at frame 300
Late Detected - class : 11 with prob : 0.41465052952643405 at frame 434
Late Detected - class : 26 with prob : 0.2860066182573829 at frame 519
Late Detected - class : 60 with prob : 0.25522482435493565 at frame 749
Late Detected - class : 21 with prob : 0.3763779302311913 at frame 855
Late Detected - class : 39 with prob : 0.3769127077662673 at frame 948
Late Detected - class : 76 with prob : 0.23898054505063923 at frame 1116
Late Detected - class : 6 with prob : 0.40914428593767416 at frame 1260
predicted classes: 	 [75 11 26 60 21 39 76  6]
True classes :		 [15 75 11 26 59 60 21 39 76  6 70]
Levenshtein Accuracy = 0.7272727272727273 (0.7404942965779467)
[97/431]============
/home/aipu/qyh/datasets/EgoGesture/videos/Subject11/Scene6/Color/rgb4.avi
@@@@@@@@@@@@@@ Subject11/Scene6/Color/rgb4
[INFO]: Videot  is loading... /home/aipu/qyh/datasets/EgoGesture/videos/Subject11/Scene6/Color/rgb4 Subject11/Scene6/Color/rgb4
Late Detected - class : 63 with prob : 0.2859768115535792 at frame 176
Late Detected - class : 20 with prob : 0.2282043736028152 at frame 317
Late Detected - class : 54 with prob : 0.27799306766445797 at frame 574
Late Detected - class : 35 with prob : 0.48138915623450784 at frame 818
Late Detected - class : 7 with prob : 0.16312863681108922 at frame 942
Late Detected - class : 34 with prob : 0.39516474675052154 at frame 1057
Late Detected - class : 23 with prob : 0.4981026924304964 at frame 1162
Late Detected - class : 82 with prob : 0.44398031464967097 at frame 1280
Late Detected - class : 46 with prob : 0.2987738999414375 at frame 1508
predicted classes: 	 [63 20 54 35  7 34 23 82 46]
True classes :		 [42 43 71 54 73 35  7 34 23 82 27 46]
Levenshtein Accuracy = 0.5833333333333333 (0.7387218045112782)
[98/431]============
/home/aipu/qyh/datasets/EgoGesture/videos/Subject11/Scene6/Color/rgb5.avi
@@@@@@@@@@@@@@ Subject11/Scene6/Color/rgb5
[INFO]: Videot  is loading... /home/aipu/qyh/datasets/EgoGesture/videos/Subject11/Scene6/Color/rgb5 Subject11/Scene6/Color/rgb5
Late Detected - class : 2 with prob : 0.15569637828316588 at frame 258
Late Detected - class : 37 with prob : 0.33260249013654786 at frame 345
Late Detected - class : 22 with prob : 0.5635799543136577 at frame 444
Late Detected - class : 66 with prob : 0.2916290021850923 at frame 538
Late Detected - class : 61 with prob : 0.2789824433402106 at frame 610
Late Detected - class : 83 with prob : 0.4282670615908486 at frame 673
Late Detected - class : 14 with prob : 0.5918466255585986 at frame 734
Late Detected - class : 32 with prob : 0.47791527585313653 at frame 959
Late Detected - class : 45 with prob : 0.3729773826219302 at frame 1108
Late Detected - class : 78 with prob : 0.23336852148356216 at frame 1266
Late Detected - class : 3 with prob : 0.30535317087136205 at frame 1386
Late Detected - class : 83 with prob : 0.42701044038675157 at frame 1474
predicted classes: 	 [ 2 37 22 66 61 83 14 32 45 78  3 83]
True classes :		 [41  2 37 22 66 61 14 74 32 45 78  3]
Levenshtein Accuracy = 0.6666666666666667 (0.7379182156133829)
[99/431]============
/home/aipu/qyh/datasets/EgoGesture/videos/Subject11/Scene1/Color/rgb1.avi
@@@@@@@@@@@@@@ Subject11/Scene1/Color/rgb1
[INFO]: Videot  is loading... /home/aipu/qyh/datasets/EgoGesture/videos/Subject11/Scene1/Color/rgb1 Subject11/Scene1/Color/rgb1
Late Detected - class : 1 with prob : 0.27760401412078933 at frame 207
Late Detected - class : 2 with prob : 0.31087680339116835 at frame 286
Late Detected - class : 3 with prob : 0.36208160431806147 at frame 351
Late Detected - class : 4 with prob : 0.3663930425260263 at frame 456
Late Detected - class : 6 with prob : 0.44721053993873616 at frame 604
Late Detected - class : 7 with prob : 0.406349892512275 at frame 709
Late Detected - class : 8 with prob : 0.49324350528768207 at frame 801
Late Detected - class : 83 with prob : 0.24692900944837018 at frame 898
Late Detected - class : 9 with prob : 0.578495329288986 at frame 1015
predicted classes: 	 [ 1  2  3  4  6  7  8 83  9]
True classes :		 [0 1 2 3 4 5 6 7 8 9]
Levenshtein Accuracy = 0.7 (0.7375690607734806)
[100/431]============
/home/aipu/qyh/datasets/EgoGesture/videos/Subject11/Scene1/Color/rgb2.avi
@@@@@@@@@@@@@@ Subject11/Scene1/Color/rgb2
[INFO]: Videot  is loading... /home/aipu/qyh/datasets/EgoGesture/videos/Subject11/Scene1/Color/rgb2 Subject11/Scene1/Color/rgb2
Late Detected - class : 10 with prob : 0.44346543498771623 at frame 93
Late Detected - class : 11 with prob : 0.39440524916685504 at frame 197
Late Detected - class : 12 with prob : 0.26070863430976676 at frame 416
Late Detected - class : 13 with prob : 0.3411564490528652 at frame 595
Late Detected - class : 48 with prob : 0.2451125946833109 at frame 604
Late Detected - class : 14 with prob : 0.44607803078101993 at frame 669
Late Detected - class : 15 with prob : 0.28549787031814633 at frame 771
Late Detected - class : 16 with prob : 0.23777632267468518 at frame 827
Late Detected - class : 17 with prob : 0.43695342674334653 at frame 1009
Late Detected - class : 18 with prob : 0.3344478471221939 at frame 1209
Late Detected - class : 20 with prob : 0.5018746768333971 at frame 1460
Late Detected - class : 21 with prob : 0.5017945058025585 at frame 1575
Late Detected - class : 22 with prob : 0.6766063434240596 at frame 1705
Late Detected - class : 23 with prob : 0.27464964050144897 at frame 1862
Late Detected - class : 24 with prob : 0.15833966908580857 at frame 2019
Late Detected - class : 25 with prob : 0.1847679590781887 at frame 2075
Late Detected - class : 26 with prob : 0.4302228220824448 at frame 2147
predicted classes: 	 [10 11 12 13 48 14 15 16 17 18 20 21 22 23 24 25 26]
True classes :		 [10 11 12 13 14 15 16 17 18 19 20 21 22 23 23 24 25 26]
Levenshtein Accuracy = 0.8333333333333334 (0.7391304347826086)
[101/431]============
/home/aipu/qyh/datasets/EgoGesture/videos/Subject11/Scene1/Color/rgb6.avi
@@@@@@@@@@@@@@ Subject11/Scene1/Color/rgb6
[INFO]: Videot  is loading... /home/aipu/qyh/datasets/EgoGesture/videos/Subject11/Scene1/Color/rgb6 Subject11/Scene1/Color/rgb6
Late Detected - class : 83 with prob : 0.1554614482204018 at frame 412
Late Detected - class : 60 with prob : 0.2291569901879852 at frame 430
Late Detected - class : 61 with prob : 0.2590864930936221 at frame 476
Late Detected - class : 65 with prob : 0.6868529745100805 at frame 645
Late Detected - class : 66 with prob : 0.3706747440587281 at frame 1010
Late Detected - class : 67 with prob : 0.4325199142173112 at frame 1075
predicted classes: 	 [83 60 61 65 66 67]
True classes :		 [57 59 58 60 61 65 64 62 63 66 67]
Levenshtein Accuracy = 0.4545454545454546 (0.736322869955157)
[102/431]============
/home/aipu/qyh/datasets/EgoGesture/videos/Subject11/Scene1/Color/rgb3.avi
@@@@@@@@@@@@@@ Subject11/Scene1/Color/rgb3
[INFO]: Videot  is loading... /home/aipu/qyh/datasets/EgoGesture/videos/Subject11/Scene1/Color/rgb3 Subject11/Scene1/Color/rgb3
Late Detected - class : 25 with prob : 0.47452542788611746 at frame 84
Late Detected - class : 26 with prob : 0.3780882786118093 at frame 198
Late Detected - class : 27 with prob : 0.17705265352158892 at frame 279
Late Detected - class : 28 with prob : 0.20139272988290155 at frame 365
Late Detected - class : 29 with prob : 0.3920774386342433 at frame 445
Late Detected - class : 30 with prob : 0.4677854407291271 at frame 512
Late Detected - class : 31 with prob : 0.4981567344784224 at frame 576
Late Detected - class : 32 with prob : 0.5802092844043079 at frame 649
predicted classes: 	 [25 26 27 28 29 30 31 32]
True classes :		 [25 26 27 28 29 30 31 32]
Levenshtein Accuracy = 1.0 (0.7382012466607302)
[103/431]============
/home/aipu/qyh/datasets/EgoGesture/videos/Subject11/Scene1/Color/rgb8.avi
@@@@@@@@@@@@@@ Subject11/Scene1/Color/rgb8
[INFO]: Videot  is loading... /home/aipu/qyh/datasets/EgoGesture/videos/Subject11/Scene1/Color/rgb8 Subject11/Scene1/Color/rgb8
Late Detected - class : 72 with prob : 0.5406363903693836 at frame 115
Late Detected - class : 75 with prob : 0.20488311588577332 at frame 271
Late Detected - class : 76 with prob : 0.20319535957248094 at frame 516
Late Detected - class : 77 with prob : 0.3316987615430996 at frame 611
Late Detected - class : 78 with prob : 0.20097346865785384 at frame 708
Late Detected - class : 82 with prob : 0.3293873323688089 at frame 1036
predicted classes: 	 [72 75 76 77 78 82]
True classes :		 [72 75 70 76 77 78 79 80 81 82]
Levenshtein Accuracy = 0.6 (0.736981465136805)
[104/431]============
/home/aipu/qyh/datasets/EgoGesture/videos/Subject11/Scene1/Color/rgb7.avi
@@@@@@@@@@@@@@ Subject11/Scene1/Color/rgb7
[INFO]: Videot  is loading... /home/aipu/qyh/datasets/EgoGesture/videos/Subject11/Scene1/Color/rgb7 Subject11/Scene1/Color/rgb7
Late Detected - class : 68 with prob : 0.22075693592393267 at frame 104
Late Detected - class : 70 with prob : 0.15922268251544372 at frame 239
Late Detected - class : 73 with prob : 0.22058636819875518 at frame 465
Late Detected - class : 74 with prob : 0.29164358476428914 at frame 519
predicted classes: 	 [68 70 73 74]
True classes :		 [68 69 70 71 73 74]
Levenshtein Accuracy = 0.6666666666666667 (0.7366110623353819)
[105/431]============
/home/aipu/qyh/datasets/EgoGesture/videos/Subject11/Scene1/Color/rgb4.avi
@@@@@@@@@@@@@@ Subject11/Scene1/Color/rgb4
[INFO]: Videot  is loading... /home/aipu/qyh/datasets/EgoGesture/videos/Subject11/Scene1/Color/rgb4 Subject11/Scene1/Color/rgb4
Late Detected - class : 33 with prob : 0.2581763525662492 at frame 80
Late Detected - class : 34 with prob : 0.29196145050681205 at frame 196
Late Detected - class : 35 with prob : 0.33480775726032563 at frame 305
Late Detected - class : 36 with prob : 0.5364736366857337 at frame 422
Late Detected - class : 37 with prob : 0.43203286360249665 at frame 569
Late Detected - class : 39 with prob : 0.469068359484594 at frame 674
Late Detected - class : 38 with prob : 0.44434610822883464 at frame 816
Late Detected - class : 41 with prob : 0.2433476524096492 at frame 982
Late Detected - class : 42 with prob : 0.28050295627798316 at frame 1289
Late Detected - class : 45 with prob : 0.37442885328529957 at frame 1647
predicted classes: 	 [33 34 35 36 37 39 38 41 42 45]
True classes :		 [33 34 35 36 37 39 38 40 41 42 42 44 45 45]
Levenshtein Accuracy = 0.7142857142857143 (0.7363399826539462)
[106/431]============
/home/aipu/qyh/datasets/EgoGesture/videos/Subject11/Scene1/Color/rgb5.avi
@@@@@@@@@@@@@@ Subject11/Scene1/Color/rgb5
[INFO]: Videot  is loading... /home/aipu/qyh/datasets/EgoGesture/videos/Subject11/Scene1/Color/rgb5 Subject11/Scene1/Color/rgb5
Late Detected - class : 46 with prob : 0.37630329912347676 at frame 71
Late Detected - class : 48 with prob : 0.37281813186188123 at frame 206
Late Detected - class : 50 with prob : 0.1571618578170975 at frame 523
Late Detected - class : 22 with prob : 0.29197238800711733 at frame 644
Late Detected - class : 53 with prob : 0.25949977917382855 at frame 806
Late Detected - class : 54 with prob : 0.26236742446642664 at frame 872
Late Detected - class : 55 with prob : 0.25564447910256416 at frame 1447
Late Detected - class : 56 with prob : 0.18663144861875453 at frame 1547
predicted classes: 	 [46 48 50 22 53 54 55 56]
True classes :		 [46 47 48 49 51 50 52 53 54 55 56]
Levenshtein Accuracy = 0.6363636363636364 (0.7353951890034365)
[107/431]============
/home/aipu/qyh/datasets/EgoGesture/videos/Subject11/Scene3/Color/rgb1.avi
@@@@@@@@@@@@@@ Subject11/Scene3/Color/rgb1
[INFO]: Videot  is loading... /home/aipu/qyh/datasets/EgoGesture/videos/Subject11/Scene3/Color/rgb1 Subject11/Scene3/Color/rgb1
Late Detected - class : 0 with prob : 0.19825800566026205 at frame 405
Late Detected - class : 1 with prob : 0.26547237212761676 at frame 506
Late Detected - class : 3 with prob : 0.4298168072013807 at frame 605
Late Detected - class : 2 with prob : 0.27913678377568424 at frame 698
Late Detected - class : 4 with prob : 0.41341392936464866 at frame 864
Late Detected - class : 6 with prob : 0.49397089305725594 at frame 1154
Late Detected - class : 7 with prob : 0.35774790696342035 at frame 1319
Late Detected - class : 8 with prob : 0.5546544253617268 at frame 1448
Late Detected - class : 10 with prob : 0.44227591341704814 at frame 1681
Late Detected - class : 9 with prob : 0.4823188667247495 at frame 1804
Late Detected - class : 11 with prob : 0.40086386986302724 at frame 2158
Late Detected - class : 12 with prob : 0.38250109385425535 at frame 2254
Late Detected - class : 13 with prob : 0.5062781516177585 at frame 2480
Late Detected - class : 14 with prob : 0.2499490429375862 at frame 2588
Late Detected - class : 24 with prob : 0.27863780706377733 at frame 2749
Late Detected - class : 17 with prob : 0.572729029982073 at frame 3174
Late Detected - class : 18 with prob : 0.41354142997004467 at frame 3301
Late Detected - class : 19 with prob : 0.29975979912039497 at frame 3389
predicted classes: 	 [ 0  1  3  2  4  6  7  8 10  9 11 12 13 14 24 17 18 19]
True classes :		 [ 0  1  2  3  4  5  6  7  8 10  9 11 12 13 14 15 16 17 18 19]
Levenshtein Accuracy = 0.75 (0.7356418918918919)
[108/431]============
/home/aipu/qyh/datasets/EgoGesture/videos/Subject11/Scene3/Color/rgb2.avi
@@@@@@@@@@@@@@ Subject11/Scene3/Color/rgb2
[INFO]: Videot  is loading... /home/aipu/qyh/datasets/EgoGesture/videos/Subject11/Scene3/Color/rgb2 Subject11/Scene3/Color/rgb2
Late Detected - class : 20 with prob : 0.24464504316610933 at frame 224
Late Detected - class : 21 with prob : 0.47010131094687346 at frame 462
Late Detected - class : 22 with prob : 0.583461819724304 at frame 681
Late Detected - class : 23 with prob : 0.4656549404183382 at frame 917
Late Detected - class : 24 with prob : 0.3178889351017388 at frame 998
predicted classes: 	 [20 21 22 23 24]
True classes :		 [20 21 22 23 24]
Levenshtein Accuracy = 1.0 (0.736753574432296)
[109/431]============
/home/aipu/qyh/datasets/EgoGesture/videos/Subject11/Scene3/Color/rgb6.avi
@@@@@@@@@@@@@@ Subject11/Scene3/Color/rgb6
[INFO]: Videot  is loading... /home/aipu/qyh/datasets/EgoGesture/videos/Subject11/Scene3/Color/rgb6 Subject11/Scene3/Color/rgb6
Late Detected - class : 46 with prob : 0.4066927567037457 at frame 415
Late Detected - class : 47 with prob : 0.2526512123545648 at frame 835
Late Detected - class : 20 with prob : 0.33348399381642674 at frame 1165
Late Detected - class : 75 with prob : 0.153167741423385 at frame 1268
Late Detected - class : 51 with prob : 0.3835435319910716 at frame 1376
Late Detected - class : 52 with prob : 0.8032851475699763 at frame 1630
Late Detected - class : 53 with prob : 0.31971854820324186 at frame 1916
Late Detected - class : 54 with prob : 0.3132164482473842 at frame 2020
Late Detected - class : 55 with prob : 0.4004864388522857 at frame 2565
Late Detected - class : 56 with prob : 0.3082083609967835 at frame 2724
Late Detected - class : 60 with prob : 0.2794848088816243 at frame 3352
predicted classes: 	 [46 47 20 75 51 52 53 54 55 56 60]
True classes :		 [45 46 47 48 49 50 51 52 53 54  1 55 56 57 58 59 60 60]
Levenshtein Accuracy = 0.5 (0.7332228666114333)
[110/431]============
/home/aipu/qyh/datasets/EgoGesture/videos/Subject11/Scene3/Color/rgb3.avi
@@@@@@@@@@@@@@ Subject11/Scene3/Color/rgb3
[INFO]: Videot  is loading... /home/aipu/qyh/datasets/EgoGesture/videos/Subject11/Scene3/Color/rgb3 Subject11/Scene3/Color/rgb3
Late Detected - class : 25 with prob : 0.18270620552425018 at frame 141
Late Detected - class : 28 with prob : 0.257610342975525 at frame 375
Late Detected - class : 29 with prob : 0.45216877627113045 at frame 457
Late Detected - class : 30 with prob : 0.20024321140514798 at frame 656
predicted classes: 	 [25 28 29 30]
True classes :		 [25 26 27 28 29 30]
Levenshtein Accuracy = 0.6666666666666667 (0.7328936521022259)
[111/431]============
/home/aipu/qyh/datasets/EgoGesture/videos/Subject11/Scene3/Color/rgb8.avi
@@@@@@@@@@@@@@ Subject11/Scene3/Color/rgb8
[INFO]: Videot  is loading... /home/aipu/qyh/datasets/EgoGesture/videos/Subject11/Scene3/Color/rgb8 Subject11/Scene3/Color/rgb8
Late Detected - class : 72 with prob : 0.6803521179920101 at frame 261
Late Detected - class : 73 with prob : 0.3532515387754063 at frame 535
Late Detected - class : 74 with prob : 0.42773174308983725 at frame 715
Late Detected - class : 75 with prob : 0.3442836061163363 at frame 846
Late Detected - class : 78 with prob : 0.48129819431831633 at frame 1385
Late Detected - class : 82 with prob : 0.23928660358534143 at frame 1957
predicted classes: 	 [72 73 74 75 78 82]
True classes :		 [72 73 74 75 76 77 78 79 80 80 81 82]
Levenshtein Accuracy = 0.5 (0.7306122448979592)
[112/431]============
/home/aipu/qyh/datasets/EgoGesture/videos/Subject11/Scene3/Color/rgb7.avi
@@@@@@@@@@@@@@ Subject11/Scene3/Color/rgb7
[INFO]: Videot  is loading... /home/aipu/qyh/datasets/EgoGesture/videos/Subject11/Scene3/Color/rgb7 Subject11/Scene3/Color/rgb7
Late Detected - class : 61 with prob : 0.39047039346132656 at frame 126
Late Detected - class : 62 with prob : 0.49627445580958596 at frame 252
Late Detected - class : 63 with prob : 0.5180849152404968 at frame 339
Late Detected - class : 65 with prob : 0.44640178523403756 at frame 424
Late Detected - class : 64 with prob : 0.4042325214076906 at frame 536
Late Detected - class : 66 with prob : 0.4606581291016724 at frame 666
Late Detected - class : 67 with prob : 0.5490868460084406 at frame 781
Late Detected - class : 68 with prob : 0.4479377147325628 at frame 1031
predicted classes: 	 [61 62 63 65 64 66 67 68]
True classes :		 [61 62 63 65 64 66 67 68 69 70 71]
Levenshtein Accuracy = 0.7272727272727273 (0.7305825242718447)
[113/431]============
/home/aipu/qyh/datasets/EgoGesture/videos/Subject11/Scene3/Color/rgb4.avi
@@@@@@@@@@@@@@ Subject11/Scene3/Color/rgb4
[INFO]: Videot  is loading... /home/aipu/qyh/datasets/EgoGesture/videos/Subject11/Scene3/Color/rgb4 Subject11/Scene3/Color/rgb4
Late Detected - class : 31 with prob : 0.2652198728006004 at frame 103
Late Detected - class : 32 with prob : 0.44835452653791547 at frame 193
Late Detected - class : 33 with prob : 0.46321189978587596 at frame 284
Late Detected - class : 34 with prob : 0.38216554975739836 at frame 448
Late Detected - class : 35 with prob : 0.40111769642693657 at frame 565
Late Detected - class : 36 with prob : 0.523938727745659 at frame 765
predicted classes: 	 [31 32 33 34 35 36]
True classes :		 [31 32 33 34 35 36]
Levenshtein Accuracy = 1.0 (0.7318840579710145)
[114/431]============
/home/aipu/qyh/datasets/EgoGesture/videos/Subject11/Scene3/Color/rgb5.avi
@@@@@@@@@@@@@@ Subject11/Scene3/Color/rgb5
[INFO]: Videot  is loading... /home/aipu/qyh/datasets/EgoGesture/videos/Subject11/Scene3/Color/rgb5 Subject11/Scene3/Color/rgb5
Late Detected - class : 37 with prob : 0.41994477907810124 at frame 273
Late Detected - class : 38 with prob : 0.6125053789862449 at frame 388
Late Detected - class : 39 with prob : 0.5593773407301168 at frame 551
Late Detected - class : 40 with prob : 0.3258144856092322 at frame 697
Late Detected - class : 2 with prob : 0.3669235839639586 at frame 800
Late Detected - class : 41 with prob : 0.3980437834256855 at frame 911
Late Detected - class : 42 with prob : 0.37819489852334354 at frame 1259
Late Detected - class : 43 with prob : 0.33245455659699213 at frame 1394
Late Detected - class : 44 with prob : 0.46028213741345175 at frame 1601
predicted classes: 	 [37 38 39 40  2 41 42 43 44]
True classes :		 [37 38 39 40 41 41 42 43 44]
Levenshtein Accuracy = 0.8888888888888888 (0.7330135891286971)
[115/431]============
/home/aipu/qyh/datasets/EgoGesture/videos/Subject11/Scene2/Color/rgb1.avi
@@@@@@@@@@@@@@ Subject11/Scene2/Color/rgb1
[INFO]: Videot  is loading... /home/aipu/qyh/datasets/EgoGesture/videos/Subject11/Scene2/Color/rgb1 Subject11/Scene2/Color/rgb1
Late Detected - class : 3 with prob : 0.37567988063854085 at frame 166
Late Detected - class : 4 with prob : 0.2766661156693254 at frame 245
Late Detected - class : 6 with prob : 0.2689049756420415 at frame 344
Late Detected - class : 7 with prob : 0.19422987307679931 at frame 413
Late Detected - class : 8 with prob : 0.3777162603583811 at frame 456
Late Detected - class : 9 with prob : 0.28240008533991684 at frame 547
Late Detected - class : 10 with prob : 0.3039817718431634 at frame 595
predicted classes: 	 [ 3  4  6  7  8  9 10]
True classes :		 [ 1  0  3  2  4  5  6  7  8  9 10]
Levenshtein Accuracy = 0.6363636363636364 (0.7321711568938193)
[116/431]============
/home/aipu/qyh/datasets/EgoGesture/videos/Subject11/Scene2/Color/rgb2.avi
@@@@@@@@@@@@@@ Subject11/Scene2/Color/rgb2
[INFO]: Videot  is loading... /home/aipu/qyh/datasets/EgoGesture/videos/Subject11/Scene2/Color/rgb2 Subject11/Scene2/Color/rgb2
Late Detected - class : 11 with prob : 0.16211069387979213 at frame 101
Late Detected - class : 13 with prob : 0.31003622874648806 at frame 242
Late Detected - class : 72 with prob : 0.2713264379177896 at frame 554
Late Detected - class : 18 with prob : 0.22023768704380547 at frame 634
Late Detected - class : 21 with prob : 0.1805775131388078 at frame 790
Late Detected - class : 22 with prob : 0.4036360303472469 at frame 850
predicted classes: 	 [11 13 72 18 21 22]
True classes :		 [11 12 13 14 15 16 17 18 19 20 21 22]
Levenshtein Accuracy = 0.41666666666666663 (0.7291993720565149)
[117/431]============
/home/aipu/qyh/datasets/EgoGesture/videos/Subject11/Scene2/Color/rgb6.avi
@@@@@@@@@@@@@@ Subject11/Scene2/Color/rgb6
[INFO]: Videot  is loading... /home/aipu/qyh/datasets/EgoGesture/videos/Subject11/Scene2/Color/rgb6 Subject11/Scene2/Color/rgb6
Late Detected - class : 63 with prob : 0.6299633971844071 at frame 149
Late Detected - class : 57 with prob : 0.20512763672128834 at frame 220
Late Detected - class : 83 with prob : 0.42628290180440986 at frame 279
Late Detected - class : 61 with prob : 0.2107844154400093 at frame 447
predicted classes: 	 [63 57 83 61]
True classes :		 [63 57 58 59 60 61 62 65]
Levenshtein Accuracy = 0.375 (0.7269890795631825)
[118/431]============
/home/aipu/qyh/datasets/EgoGesture/videos/Subject11/Scene2/Color/rgb3.avi
@@@@@@@@@@@@@@ Subject11/Scene2/Color/rgb3
[INFO]: Videot  is loading... /home/aipu/qyh/datasets/EgoGesture/videos/Subject11/Scene2/Color/rgb3 Subject11/Scene2/Color/rgb3
Late Detected - class : 32 with prob : 0.22715793614204122 at frame 69
Late Detected - class : 30 with prob : 0.6438678045764383 at frame 226
Late Detected - class : 25 with prob : 0.21415091103102604 at frame 417
Late Detected - class : 23 with prob : 0.20935696217055919 at frame 500
Late Detected - class : 33 with prob : 0.18049463574187333 at frame 558
Late Detected - class : 34 with prob : 0.21118818014390403 at frame 604
Late Detected - class : 35 with prob : 0.44080960946817466 at frame 662
predicted classes: 	 [32 30 25 23 33 34 35]
True classes :		 [32 31 30 29 28 27 26 25 24 23 33 34 35]
Levenshtein Accuracy = 0.5384615384615384 (0.7250965250965251)
[119/431]============
/home/aipu/qyh/datasets/EgoGesture/videos/Subject11/Scene2/Color/rgb8.avi
@@@@@@@@@@@@@@ Subject11/Scene2/Color/rgb8
[INFO]: Videot  is loading... /home/aipu/qyh/datasets/EgoGesture/videos/Subject11/Scene2/Color/rgb8 Subject11/Scene2/Color/rgb8
Late Detected - class : 72 with prob : 0.598576638773007 at frame 176
Late Detected - class : 73 with prob : 0.22051628558119754 at frame 239
Late Detected - class : 74 with prob : 0.30945175061219504 at frame 299
Late Detected - class : 75 with prob : 0.2456838604556583 at frame 362
Late Detected - class : 76 with prob : 0.19386661370490205 at frame 473
Late Detected - class : 77 with prob : 0.2115796687752845 at frame 520
Late Detected - class : 79 with prob : 0.22336597325024998 at frame 636
Late Detected - class : 77 with prob : 0.21313796641270483 at frame 734
Late Detected - class : 80 with prob : 0.21117696792318394 at frame 830
predicted classes: 	 [72 73 74 75 76 77 79 77 80]
True classes :		 [72 73 74 75 76 77 78 79 81 82 80]
Levenshtein Accuracy = 0.7272727272727273 (0.725114854517611)
[120/431]============
/home/aipu/qyh/datasets/EgoGesture/videos/Subject11/Scene2/Color/rgb7.avi
@@@@@@@@@@@@@@ Subject11/Scene2/Color/rgb7
[INFO]: Videot  is loading... /home/aipu/qyh/datasets/EgoGesture/videos/Subject11/Scene2/Color/rgb7 Subject11/Scene2/Color/rgb7
Late Detected - class : 57 with prob : 0.3322959037013136 at frame 94
Late Detected - class : 58 with prob : 0.24242775531026356 at frame 160
Late Detected - class : 59 with prob : 0.3049573159679714 at frame 226
Late Detected - class : 61 with prob : 0.3034767277878035 at frame 405
Late Detected - class : 63 with prob : 0.35007258137577624 at frame 576
Late Detected - class : 64 with prob : 0.23526538607677183 at frame 627
Late Detected - class : 65 with prob : 0.24763445846635818 at frame 674
Late Detected - class : 66 with prob : 0.48004171675889484 at frame 739
Late Detected - class : 67 with prob : 0.399143864528631 at frame 796
Late Detected - class : 68 with prob : 0.30027923782719773 at frame 911
Late Detected - class : 69 with prob : 0.15889533754747856 at frame 972
Late Detected - class : 70 with prob : 0.2523884846035282 at frame 1054
predicted classes: 	 [57 58 59 61 63 64 65 66 67 68 69 70]
True classes :		 [57 58 59 60 61 62 63 64 65 66 67 68 69 70 71]
Levenshtein Accuracy = 0.8 (0.7259651778955337)
[121/431]============
/home/aipu/qyh/datasets/EgoGesture/videos/Subject11/Scene2/Color/rgb4.avi
@@@@@@@@@@@@@@ Subject11/Scene2/Color/rgb4
[INFO]: Videot  is loading... /home/aipu/qyh/datasets/EgoGesture/videos/Subject11/Scene2/Color/rgb4 Subject11/Scene2/Color/rgb4
Late Detected - class : 36 with prob : 0.20982251588980325 at frame 67
Late Detected - class : 38 with prob : 0.3402873717200748 at frame 186
Late Detected - class : 39 with prob : 0.1952748670557358 at frame 259
Late Detected - class : 40 with prob : 0.2229910648275588 at frame 323
Late Detected - class : 41 with prob : 0.25849521626282923 at frame 377
Late Detected - class : 45 with prob : 0.21061780129862137 at frame 592
Late Detected - class : 46 with prob : 0.26334536339647036 at frame 722
predicted classes: 	 [36 38 39 40 41 45 46]
True classes :		 [36 37 38 39 40 41 42 43 44 45 46]
Levenshtein Accuracy = 0.6363636363636364 (0.7252252252252253)
[122/431]============
/home/aipu/qyh/datasets/EgoGesture/videos/Subject11/Scene2/Color/rgb5.avi
@@@@@@@@@@@@@@ Subject11/Scene2/Color/rgb5
[INFO]: Videot  is loading... /home/aipu/qyh/datasets/EgoGesture/videos/Subject11/Scene2/Color/rgb5 Subject11/Scene2/Color/rgb5
Late Detected - class : 47 with prob : 0.1930527281151227 at frame 60
Late Detected - class : 48 with prob : 0.23662208018582054 at frame 117
Late Detected - class : 51 with prob : 0.22755925385320808 at frame 409
Late Detected - class : 52 with prob : 0.5152536152844612 at frame 484
Late Detected - class : 53 with prob : 0.1931396368486377 at frame 545
Late Detected - class : 54 with prob : 0.15274969448393713 at frame 588
Late Detected - class : 83 with prob : 0.2957780999496697 at frame 672
predicted classes: 	 [47 48 51 52 53 54 83]
True classes :		 [47 48 49 50 51 52 53 54 55 56]
Levenshtein Accuracy = 0.6 (0.7242921013412816)
[123/431]============
/home/aipu/qyh/datasets/EgoGesture/videos/Subject11/Scene5/Color/rgb1.avi
@@@@@@@@@@@@@@ Subject11/Scene5/Color/rgb1
[INFO]: Videot  is loading... /home/aipu/qyh/datasets/EgoGesture/videos/Subject11/Scene5/Color/rgb1 Subject11/Scene5/Color/rgb1
Late Detected - class : 61 with prob : 0.26838589020561865 at frame 92
Late Detected - class : 40 with prob : 0.1834063873118871 at frame 209
Late Detected - class : 1 with prob : 0.2297932763419924 at frame 333
Late Detected - class : 55 with prob : 0.3217408124858546 at frame 473
Late Detected - class : 44 with prob : 0.19898513385621724 at frame 567
Late Detected - class : 33 with prob : 0.35027906597231884 at frame 648
Late Detected - class : 31 with prob : 0.47122167923860914 at frame 768
Late Detected - class : 21 with prob : 0.4582591030081331 at frame 921
Late Detected - class : 16 with prob : 0.21759858907802013 at frame 1000
Late Detected - class : 18 with prob : 0.5044869115090218 at frame 1099
Late Detected - class : 63 with prob : 0.3943956523038935 at frame 1240
Late Detected - class : 8 with prob : 0.386877516380063 at frame 1368
predicted classes: 	 [61 40  1 55 44 33 31 21 16 18 63  8]
True classes :		 [28 40  1 55 44 33 31 12 16 18 63  8]
Levenshtein Accuracy = 0.8333333333333334 (0.725258493353028)
[124/431]============
/home/aipu/qyh/datasets/EgoGesture/videos/Subject11/Scene5/Color/rgb2.avi
@@@@@@@@@@@@@@ Subject11/Scene5/Color/rgb2
[INFO]: Videot  is loading... /home/aipu/qyh/datasets/EgoGesture/videos/Subject11/Scene5/Color/rgb2 Subject11/Scene5/Color/rgb2
Late Detected - class : 56 with prob : 0.34614322550816734 at frame 124
Late Detected - class : 78 with prob : 0.1793799989544347 at frame 221
Late Detected - class : 25 with prob : 0.20655180778604992 at frame 376
Late Detected - class : 53 with prob : 0.3685737329285699 at frame 534
Late Detected - class : 81 with prob : 0.42112998402592866 at frame 634
Late Detected - class : 62 with prob : 0.34647957641050214 at frame 721
Late Detected - class : 29 with prob : 0.4961818463949821 at frame 802
Late Detected - class : 0 with prob : 0.2525089234174734 at frame 930
Late Detected - class : 9 with prob : 0.5910800664304815 at frame 1070
Late Detected - class : 50 with prob : 0.24917763251353955 at frame 1158
predicted classes: 	 [56 78 25 53 81 62 29  0  9 50]
True classes :		 [56 79 80 25 53 81 62 29  0  9 50]
Levenshtein Accuracy = 0.8181818181818181 (0.726007326007326)
[125/431]============
/home/aipu/qyh/datasets/EgoGesture/videos/Subject11/Scene5/Color/rgb6.avi
@@@@@@@@@@@@@@ Subject11/Scene5/Color/rgb6
[INFO]: Videot  is loading... /home/aipu/qyh/datasets/EgoGesture/videos/Subject11/Scene5/Color/rgb6 Subject11/Scene5/Color/rgb6
Late Detected - class : 57 with prob : 0.21451370621496546 at frame 98
Late Detected - class : 52 with prob : 0.6483244851306534 at frame 206
Late Detected - class : 67 with prob : 0.5652784205254792 at frame 318
Late Detected - class : 24 with prob : 0.21812331138158209 at frame 384
Late Detected - class : 65 with prob : 0.41973292147047464 at frame 451
Late Detected - class : 4 with prob : 0.4787613757598501 at frame 568
Late Detected - class : 47 with prob : 0.26295506841009525 at frame 633
Late Detected - class : 64 with prob : 0.42412194394940655 at frame 741
Late Detected - class : 17 with prob : 0.6121784457545955 at frame 836
Late Detected - class : 48 with prob : 0.32680052562590794 at frame 924
Late Detected - class : 69 with prob : 0.2485917273366391 at frame 1013
Late Detected - class : 58 with prob : 0.17224817227531636 at frame 1079
predicted classes: 	 [57 52 67 24 65  4 47 64 17 48 69 58]
True classes :		 [57 52 67 24 65  4 47 64 17 48 69 58]
Levenshtein Accuracy = 1.0 (0.7283950617283951)
[126/431]============
/home/aipu/qyh/datasets/EgoGesture/videos/Subject11/Scene5/Color/rgb3.avi
@@@@@@@@@@@@@@ Subject11/Scene5/Color/rgb3
[INFO]: Videot  is loading... /home/aipu/qyh/datasets/EgoGesture/videos/Subject11/Scene5/Color/rgb3 Subject11/Scene5/Color/rgb3
Late Detected - class : 68 with prob : 0.33749621790818657 at frame 152
Late Detected - class : 5 with prob : 0.3818320872028186 at frame 266
Late Detected - class : 72 with prob : 0.6507969166569254 at frame 397
Late Detected - class : 49 with prob : 0.4324178609165809 at frame 512
Late Detected - class : 30 with prob : 0.445209766736861 at frame 682
Late Detected - class : 36 with prob : 0.478008037027262 at frame 987
Late Detected - class : 38 with prob : 0.4697493181379362 at frame 1084
Late Detected - class : 19 with prob : 0.41016868800646605 at frame 1182
Late Detected - class : 10 with prob : 0.5836992772553611 at frame 1408
Late Detected - class : 13 with prob : 0.3510712766923678 at frame 1563
Late Detected - class : 51 with prob : 0.24609697329750493 at frame 1631
predicted classes: 	 [68  5 72 49 30 36 38 19 10 13 51]
True classes :		 [68  5 72 49 30 20 36 38 19 10 13 51]
Levenshtein Accuracy = 0.9166666666666666 (0.7300215982721382)
[127/431]============
/home/aipu/qyh/datasets/EgoGesture/videos/Subject11/Scene5/Color/rgb7.avi
@@@@@@@@@@@@@@ Subject11/Scene5/Color/rgb7
[INFO]: Videot  is loading... /home/aipu/qyh/datasets/EgoGesture/videos/Subject11/Scene5/Color/rgb7 Subject11/Scene5/Color/rgb7
Late Detected - class : 75 with prob : 0.3736521093267957 at frame 159
Late Detected - class : 11 with prob : 0.39369312989643157 at frame 279
Late Detected - class : 26 with prob : 0.3204107486792633 at frame 342
Late Detected - class : 59 with prob : 0.3536761455964338 at frame 427
Late Detected - class : 60 with prob : 0.30979409815339437 at frame 515
Late Detected - class : 21 with prob : 0.2944163086600175 at frame 592
Late Detected - class : 39 with prob : 0.3239217103215731 at frame 660
Late Detected - class : 76 with prob : 0.3504360781838464 at frame 795
Late Detected - class : 6 with prob : 0.4933037211776686 at frame 890
predicted classes: 	 [75 11 26 59 60 21 39 76  6]
True classes :		 [15 75 11 26 59 60 21 39 76  6 70]
Levenshtein Accuracy = 0.8181818181818181 (0.7307142857142858)
[128/431]============
/home/aipu/qyh/datasets/EgoGesture/videos/Subject11/Scene5/Color/rgb4.avi
@@@@@@@@@@@@@@ Subject11/Scene5/Color/rgb4
[INFO]: Videot  is loading... /home/aipu/qyh/datasets/EgoGesture/videos/Subject11/Scene5/Color/rgb4 Subject11/Scene5/Color/rgb4
Late Detected - class : 42 with prob : 0.4083061270053728 at frame 122
Late Detected - class : 43 with prob : 0.22277155597789755 at frame 264
Late Detected - class : 81 with prob : 0.3882342755860724 at frame 365
Late Detected - class : 54 with prob : 0.34119202477078414 at frame 503
Late Detected - class : 73 with prob : 0.19493908685200323 at frame 591
Late Detected - class : 35 with prob : 0.46085259026815534 at frame 691
Late Detected - class : 7 with prob : 0.47540759142135103 at frame 801
Late Detected - class : 34 with prob : 0.3378020348545542 at frame 878
Late Detected - class : 23 with prob : 0.4497811594345434 at frame 958
Late Detected - class : 82 with prob : 0.3778181040759755 at frame 1040
Late Detected - class : 27 with prob : 0.2211783978336373 at frame 1114
Late Detected - class : 46 with prob : 0.5522079615404784 at frame 1201
predicted classes: 	 [42 43 81 54 73 35  7 34 23 82 27 46]
True classes :		 [42 43 71 54 73 35  7 34 23 82 27 46]
Levenshtein Accuracy = 0.9166666666666666 (0.7322946175637394)
[129/431]============
/home/aipu/qyh/datasets/EgoGesture/videos/Subject11/Scene5/Color/rgb5.avi
@@@@@@@@@@@@@@ Subject11/Scene5/Color/rgb5
[INFO]: Videot  is loading... /home/aipu/qyh/datasets/EgoGesture/videos/Subject11/Scene5/Color/rgb5 Subject11/Scene5/Color/rgb5
Late Detected - class : 41 with prob : 0.19897785179624713 at frame 115
Late Detected - class : 37 with prob : 0.27878822572075945 at frame 324
Late Detected - class : 22 with prob : 0.5779974645421838 at frame 411
Late Detected - class : 66 with prob : 0.43714522198408545 at frame 576
Late Detected - class : 61 with prob : 0.3492111146777274 at frame 663
Late Detected - class : 14 with prob : 0.5272423323965929 at frame 777
Late Detected - class : 74 with prob : 0.23017246046375486 at frame 856
Late Detected - class : 32 with prob : 0.36461370788410025 at frame 984
Late Detected - class : 45 with prob : 0.3824251937442173 at frame 1098
Late Detected - class : 78 with prob : 0.1925637478366645 at frame 1212
Late Detected - class : 3 with prob : 0.37024113957827276 at frame 1342
predicted classes: 	 [41 37 22 66 61 14 74 32 45 78  3]
True classes :		 [41  2 37 22 66 61 14 74 32 45 78  3]
Levenshtein Accuracy = 0.9166666666666666 (0.7338483146067416)
[130/431]============
/home/aipu/qyh/datasets/EgoGesture/videos/Subject11/Scene4/Color/rgb1.avi
@@@@@@@@@@@@@@ Subject11/Scene4/Color/rgb1
[INFO]: Videot  is loading... /home/aipu/qyh/datasets/EgoGesture/videos/Subject11/Scene4/Color/rgb1 Subject11/Scene4/Color/rgb1
Late Detected - class : 1 with prob : 0.18165906036251042 at frame 162
Late Detected - class : 2 with prob : 0.27296399206160965 at frame 247
Late Detected - class : 3 with prob : 0.3389605242928857 at frame 338
Late Detected - class : 4 with prob : 0.20450071319593144 at frame 472
Late Detected - class : 6 with prob : 0.6237115001716137 at frame 581
Late Detected - class : 7 with prob : 0.22934929265562068 at frame 685
Late Detected - class : 9 with prob : 0.2968411264831257 at frame 859
predicted classes: 	 [1 2 3 4 6 7 9]
True classes :		 [0 1 2 3 4 5 6 7 8 9]
Levenshtein Accuracy = 0.7 (0.7336122733612274)
[131/431]============
/home/aipu/qyh/datasets/EgoGesture/videos/Subject11/Scene4/Color/rgb2.avi
@@@@@@@@@@@@@@ Subject11/Scene4/Color/rgb2
[INFO]: Videot  is loading... /home/aipu/qyh/datasets/EgoGesture/videos/Subject11/Scene4/Color/rgb2 Subject11/Scene4/Color/rgb2
Late Detected - class : 14 with prob : 0.4284313655371454 at frame 195
Late Detected - class : 13 with prob : 0.3316417581547982 at frame 264
Late Detected - class : 12 with prob : 0.241730864010644 at frame 333
Late Detected - class : 11 with prob : 0.3030513470912811 at frame 392
Late Detected - class : 10 with prob : 0.3726457146594587 at frame 494
Late Detected - class : 9 with prob : 0.3286621105936944 at frame 550
predicted classes: 	 [14 13 12 11 10  9]
True classes :		 [15 14 13 12 11 10  9]
Levenshtein Accuracy = 0.8571428571428572 (0.7342123525329632)
[132/431]============
/home/aipu/qyh/datasets/EgoGesture/videos/Subject11/Scene4/Color/rgb6.avi
@@@@@@@@@@@@@@ Subject11/Scene4/Color/rgb6
[INFO]: Videot  is loading... /home/aipu/qyh/datasets/EgoGesture/videos/Subject11/Scene4/Color/rgb6 Subject11/Scene4/Color/rgb6
Late Detected - class : 68 with prob : 0.20212178116891807 at frame 106
Late Detected - class : 67 with prob : 0.42180298436345587 at frame 256
Late Detected - class : 55 with prob : 0.28503855145816304 at frame 520
Late Detected - class : 54 with prob : 0.16884944185179668 at frame 653
Late Detected - class : 53 with prob : 0.15381370988352774 at frame 785
predicted classes: 	 [68 67 55 54 53]
True classes :		 [68 69 62 55 54 53]
Levenshtein Accuracy = 0.6666666666666667 (0.7339322736696614)
[133/431]============
/home/aipu/qyh/datasets/EgoGesture/videos/Subject11/Scene4/Color/rgb3.avi
@@@@@@@@@@@@@@ Subject11/Scene4/Color/rgb3
[INFO]: Videot  is loading... /home/aipu/qyh/datasets/EgoGesture/videos/Subject11/Scene4/Color/rgb3 Subject11/Scene4/Color/rgb3
Late Detected - class : 16 with prob : 0.3073349542896758 at frame 103
Late Detected - class : 17 with prob : 0.4572967050593631 at frame 199
Late Detected - class : 18 with prob : 0.3296635275554013 at frame 259
Late Detected - class : 19 with prob : 0.3563774503748712 at frame 319
Late Detected - class : 22 with prob : 0.4790256939021196 at frame 469
Late Detected - class : 21 with prob : 0.15661784494611156 at frame 526
predicted classes: 	 [16 17 18 19 22 21]
True classes :		 [16 17 18 19 20 22 21]
Levenshtein Accuracy = 0.8571428571428572 (0.734525447042641)
[134/431]============
/home/aipu/qyh/datasets/EgoGesture/videos/Subject11/Scene4/Color/rgb8.avi
@@@@@@@@@@@@@@ Subject11/Scene4/Color/rgb8
[INFO]: Videot  is loading... /home/aipu/qyh/datasets/EgoGesture/videos/Subject11/Scene4/Color/rgb8 Subject11/Scene4/Color/rgb8
Late Detected - class : 72 with prob : 0.3992322938833385 at frame 181
Late Detected - class : 74 with prob : 0.3782260535284063 at frame 249
Late Detected - class : 75 with prob : 0.37868775123555926 at frame 339
Late Detected - class : 76 with prob : 0.3555242141935902 at frame 426
Late Detected - class : 77 with prob : 0.40310708735316153 at frame 472
Late Detected - class : 83 with prob : 0.18624233175870555 at frame 756
predicted classes: 	 [72 74 75 76 77 83]
True classes :		 [72 73 74 75 76 77 78 79 80 81 82]
Levenshtein Accuracy = 0.4545454545454546 (0.7324232081911263)
[135/431]============
/home/aipu/qyh/datasets/EgoGesture/videos/Subject11/Scene4/Color/rgb7.avi
@@@@@@@@@@@@@@ Subject11/Scene4/Color/rgb7
[INFO]: Videot  is loading... /home/aipu/qyh/datasets/EgoGesture/videos/Subject11/Scene4/Color/rgb7 Subject11/Scene4/Color/rgb7
Late Detected - class : 57 with prob : 0.16381031879105307 at frame 173
Late Detected - class : 61 with prob : 0.4809174490121291 at frame 392
Late Detected - class : 63 with prob : 0.33342049679837377 at frame 530
Late Detected - class : 65 with prob : 0.18477370818090275 at frame 579
Late Detected - class : 64 with prob : 0.3987655899084195 at frame 637
Late Detected - class : 66 with prob : 0.32297533359697106 at frame 696
predicted classes: 	 [57 61 63 65 64 66]
True classes :		 [57 58 59 60 61 62 63 65 64 66 67]
Levenshtein Accuracy = 0.5454545454545454 (0.731029810298103)
[136/431]============
/home/aipu/qyh/datasets/EgoGesture/videos/Subject11/Scene4/Color/rgb4.avi
@@@@@@@@@@@@@@ Subject11/Scene4/Color/rgb4
[INFO]: Videot  is loading... /home/aipu/qyh/datasets/EgoGesture/videos/Subject11/Scene4/Color/rgb4 Subject11/Scene4/Color/rgb4
Late Detected - class : 30 with prob : 0.2959765594975815 at frame 182
Late Detected - class : 26 with prob : 0.2883083522076838 at frame 348
Late Detected - class : 23 with prob : 0.3848709988815006 at frame 454
Late Detected - class : 32 with prob : 0.22733088158406015 at frame 568
Late Detected - class : 33 with prob : 0.2952130295026355 at frame 645
Late Detected - class : 34 with prob : 0.3755082763510897 at frame 711
Late Detected - class : 35 with prob : 0.6495341159663319 at frame 800
predicted classes: 	 [30 26 23 32 33 34 35]
True classes :		 [31 29 30 28 27 26 25 23 24 32 33 34 35]
Levenshtein Accuracy = 0.5384615384615384 (0.7293485560779046)
[137/431]============
/home/aipu/qyh/datasets/EgoGesture/videos/Subject11/Scene4/Color/rgb5.avi
@@@@@@@@@@@@@@ Subject11/Scene4/Color/rgb5
[INFO]: Videot  is loading... /home/aipu/qyh/datasets/EgoGesture/videos/Subject11/Scene4/Color/rgb5 Subject11/Scene4/Color/rgb5
Late Detected - class : 36 with prob : 0.56319217328805 at frame 117
Late Detected - class : 37 with prob : 0.40099773428185903 at frame 271
Late Detected - class : 39 with prob : 0.5139139052320296 at frame 359
Late Detected - class : 41 with prob : 0.19988623667903807 at frame 461
Late Detected - class : 43 with prob : 0.3443158913774071 at frame 636
predicted classes: 	 [36 37 39 41 43]
True classes :		 [36 37 38 39 40 41 42 43]
Levenshtein Accuracy = 0.625 (0.7287909151636607)
[138/431]============
/home/aipu/qyh/datasets/EgoGesture/videos/Subject14/Scene6/Color/rgb1.avi
@@@@@@@@@@@@@@ Subject14/Scene6/Color/rgb1
[INFO]: Videot  is loading... /home/aipu/qyh/datasets/EgoGesture/videos/Subject14/Scene6/Color/rgb1 Subject14/Scene6/Color/rgb1
Late Detected - class : 51 with prob : 0.3223361762102382 at frame 124
Late Detected - class : 83 with prob : 0.24701996227509485 at frame 251
Late Detected - class : 39 with prob : 0.15801312937913076 at frame 340
Late Detected - class : 23 with prob : 0.45618525220210165 at frame 425
Late Detected - class : 36 with prob : 0.533459447850224 at frame 531
Late Detected - class : 37 with prob : 0.20475536903928354 at frame 585
Late Detected - class : 83 with prob : 0.26295162693775614 at frame 665
Late Detected - class : 45 with prob : 0.15919430638969112 at frame 852
Late Detected - class : 47 with prob : 0.21756631841326668 at frame 1058
predicted classes: 	 [51 83 39 23 36 37 83 45 47]
True classes :		 [51 26 39 23 36 37 28 62 45 58 47 19]
Levenshtein Accuracy = 0.5833333333333333 (0.7276341948310139)
[139/431]============
/home/aipu/qyh/datasets/EgoGesture/videos/Subject14/Scene6/Color/rgb2.avi
@@@@@@@@@@@@@@ Subject14/Scene6/Color/rgb2
[INFO]: Videot  is loading... /home/aipu/qyh/datasets/EgoGesture/videos/Subject14/Scene6/Color/rgb2 Subject14/Scene6/Color/rgb2
Late Detected - class : 33 with prob : 0.28857128033973556 at frame 182
Late Detected - class : 49 with prob : 0.19132121816310504 at frame 294
Late Detected - class : 3 with prob : 0.21993679863538443 at frame 501
Late Detected - class : 65 with prob : 0.33641740412027393 at frame 653
Late Detected - class : 9 with prob : 0.4319518767101371 at frame 1313
predicted classes: 	 [33 49  3 65  9]
True classes :		 [81 33 49 38  3 65 31 24 77 57  0  9]
Levenshtein Accuracy = 0.41666666666666663 (0.725180802103879)
[140/431]============
/home/aipu/qyh/datasets/EgoGesture/videos/Subject14/Scene6/Color/rgb6.avi
@@@@@@@@@@@@@@ Subject14/Scene6/Color/rgb6
[INFO]: Videot  is loading... /home/aipu/qyh/datasets/EgoGesture/videos/Subject14/Scene6/Color/rgb6 Subject14/Scene6/Color/rgb6
Late Detected - class : 8 with prob : 0.34532223521454186 at frame 390
Late Detected - class : 13 with prob : 0.35727642023178446 at frame 500
Late Detected - class : 61 with prob : 0.40238263816526243 at frame 596
Late Detected - class : 52 with prob : 0.5533115364716316 at frame 707
Late Detected - class : 21 with prob : 0.1903539983340191 at frame 864
Late Detected - class : 17 with prob : 0.2228423284028645 at frame 953
Late Detected - class : 41 with prob : 0.1628521420059773 at frame 1052
Late Detected - class : 25 with prob : 0.21413268312226197 at frame 1160
Late Detected - class : 8 with prob : 0.3465661597467048 at frame 1230
predicted classes: 	 [ 8 13 61 52 21 17 41 25  8]
True classes :		 [15  5 18  8 13 61 52 12 17 41 25  7]
Levenshtein Accuracy = 0.5833333333333333 (0.7240704500978473)
[141/431]============
/home/aipu/qyh/datasets/EgoGesture/videos/Subject14/Scene6/Color/rgb3.avi
@@@@@@@@@@@@@@ Subject14/Scene6/Color/rgb3
[INFO]: Videot  is loading... /home/aipu/qyh/datasets/EgoGesture/videos/Subject14/Scene6/Color/rgb3 Subject14/Scene6/Color/rgb3
Late Detected - class : 76 with prob : 0.25557531330298544 at frame 127
Late Detected - class : 11 with prob : 0.35904137082066834 at frame 229
Late Detected - class : 83 with prob : 0.2310335801406663 at frame 396
Late Detected - class : 6 with prob : 0.35906782051877595 at frame 485
Late Detected - class : 14 with prob : 0.1742340018540889 at frame 619
Late Detected - class : 68 with prob : 0.15523414493556806 at frame 814
Late Detected - class : 10 with prob : 0.7319199178463994 at frame 1387
Late Detected - class : 22 with prob : 0.4299008849212149 at frame 1473
predicted classes: 	 [76 11 83  6 14 68 10 22]
True classes :		 [76 11 20 80  6 14 40 68 82 71 10 22]
Levenshtein Accuracy = 0.5833333333333333 (0.7229773462783171)
[142/431]============
/home/aipu/qyh/datasets/EgoGesture/videos/Subject14/Scene6/Color/rgb7.avi
@@@@@@@@@@@@@@ Subject14/Scene6/Color/rgb7
[INFO]: Videot  is loading... /home/aipu/qyh/datasets/EgoGesture/videos/Subject14/Scene6/Color/rgb7 Subject14/Scene6/Color/rgb7
Late Detected - class : 72 with prob : 0.44489638721753916 at frame 150
Late Detected - class : 53 with prob : 0.20429818195488422 at frame 287
Late Detected - class : 27 with prob : 0.3272455997110194 at frame 365
Late Detected - class : 83 with prob : 0.6076815995659752 at frame 531
Late Detected - class : 46 with prob : 0.30984312342977854 at frame 754
Late Detected - class : 54 with prob : 0.22120809144872722 at frame 879
Late Detected - class : 66 with prob : 0.34382630252889357 at frame 1008
Late Detected - class : 55 with prob : 0.209443268501169 at frame 1316
predicted classes: 	 [72 53 27 83 46 54 66 55]
True classes :		 [72 53 27 44 79 46 54 66 69 16 55]
Levenshtein Accuracy = 0.6363636363636364 (0.7223650385604113)
[143/431]============
/home/aipu/qyh/datasets/EgoGesture/videos/Subject14/Scene6/Color/rgb4.avi
@@@@@@@@@@@@@@ Subject14/Scene6/Color/rgb4
[INFO]: Videot  is loading... /home/aipu/qyh/datasets/EgoGesture/videos/Subject14/Scene6/Color/rgb4 Subject14/Scene6/Color/rgb4
Late Detected - class : 56 with prob : 0.24081697210402764 at frame 209
Late Detected - class : 48 with prob : 0.5039031302316621 at frame 565
Late Detected - class : 43 with prob : 0.42638212887404636 at frame 671
Late Detected - class : 83 with prob : 0.15141075281392014 at frame 757
Late Detected - class : 74 with prob : 0.2712492702874059 at frame 871
Late Detected - class : 2 with prob : 0.293355919193453 at frame 958
Late Detected - class : 4 with prob : 0.3906974360429988 at frame 1123
predicted classes: 	 [56 48 43 83 74  2  4]
True classes :		 [30 56 59 64  1 48 43 73 74  2 50  4]
Levenshtein Accuracy = 0.5 (0.7206632653061225)
[144/431]============
/home/aipu/qyh/datasets/EgoGesture/videos/Subject14/Scene6/Color/rgb5.avi
@@@@@@@@@@@@@@ Subject14/Scene6/Color/rgb5
[INFO]: Videot  is loading... /home/aipu/qyh/datasets/EgoGesture/videos/Subject14/Scene6/Color/rgb5 Subject14/Scene6/Color/rgb5
Late Detected - class : 32 with prob : 0.21265928958563343 at frame 214
Late Detected - class : 21 with prob : 0.15721012621816657 at frame 533
Late Detected - class : 35 with prob : 0.2758588571150336 at frame 620
Late Detected - class : 42 with prob : 0.20703738670366675 at frame 768
Late Detected - class : 63 with prob : 0.5655424590823883 at frame 992
Late Detected - class : 37 with prob : 0.21456002670994254 at frame 1066
Late Detected - class : 34 with prob : 0.1571624157828321 at frame 1150
Late Detected - class : 30 with prob : 0.23413983046837844 at frame 1249
predicted classes: 	 [32 21 35 42 63 37 34 30]
True classes :		 [32 78 60 67 21 35 42 70 63 29 34 75]
Levenshtein Accuracy = 0.5 (0.7189873417721518)
[145/431]============
/home/aipu/qyh/datasets/EgoGesture/videos/Subject14/Scene1/Color/rgb1.avi
@@@@@@@@@@@@@@ Subject14/Scene1/Color/rgb1
[INFO]: Videot  is loading... /home/aipu/qyh/datasets/EgoGesture/videos/Subject14/Scene1/Color/rgb1 Subject14/Scene1/Color/rgb1
Late Detected - class : 57 with prob : 0.2531235193665757 at frame 133
Late Detected - class : 35 with prob : 0.46346811346912176 at frame 237
Late Detected - class : 50 with prob : 0.3491232892014693 at frame 419
Late Detected - class : 29 with prob : 0.18986191007530767 at frame 564
Late Detected - class : 38 with prob : 0.29903498127830935 at frame 730
Late Detected - class : 52 with prob : 0.4703079376430325 at frame 814
Late Detected - class : 68 with prob : 0.1756027174160927 at frame 981
predicted classes: 	 [57 35 50 29 38 52 68]
True classes :		 [57 35 12 50 67 29  2 55 52 26 68 64]
Levenshtein Accuracy = 0.5 (0.7173366834170855)
[146/431]============
/home/aipu/qyh/datasets/EgoGesture/videos/Subject14/Scene1/Color/rgb2.avi
@@@@@@@@@@@@@@ Subject14/Scene1/Color/rgb2
[INFO]: Videot  is loading... /home/aipu/qyh/datasets/EgoGesture/videos/Subject14/Scene1/Color/rgb2 Subject14/Scene1/Color/rgb2
Late Detected - class : 11 with prob : 0.17249292867258473 at frame 106
Late Detected - class : 20 with prob : 0.16934018844562612 at frame 164
Late Detected - class : 66 with prob : 0.3268434926651833 at frame 265
Late Detected - class : 14 with prob : 0.26430969571681867 at frame 323
Late Detected - class : 65 with prob : 0.29580208699512023 at frame 383
Late Detected - class : 7 with prob : 0.17432689134569676 at frame 501
Late Detected - class : 22 with prob : 0.15853519289659254 at frame 775
predicted classes: 	 [11 20 66 14 65  7 22]
True classes :		 [11 20 28 66 14 65 24  7 47 80 45 22]
Levenshtein Accuracy = 0.5833333333333333 (0.7163341645885287)
[147/431]============
/home/aipu/qyh/datasets/EgoGesture/videos/Subject14/Scene1/Color/rgb6.avi
@@@@@@@@@@@@@@ Subject14/Scene1/Color/rgb6
[INFO]: Videot  is loading... /home/aipu/qyh/datasets/EgoGesture/videos/Subject14/Scene1/Color/rgb6 Subject14/Scene1/Color/rgb6
Late Detected - class : 83 with prob : 0.4709932743930759 at frame 81
predicted classes: 	 [83]
True classes :		 [38 77 59 37 53 48 39 17  3 61 62 36]
Levenshtein Accuracy = 0.0 (0.7110148514851485)
[148/431]============
/home/aipu/qyh/datasets/EgoGesture/videos/Subject14/Scene1/Color/rgb3.avi
@@@@@@@@@@@@@@ Subject14/Scene1/Color/rgb3
[INFO]: Videot  is loading... /home/aipu/qyh/datasets/EgoGesture/videos/Subject14/Scene1/Color/rgb3 Subject14/Scene1/Color/rgb3
predicted classes: 	 []
True classes :		 [44 81 78 31 71  5 16 25 40 33 10 72]
Levenshtein Accuracy = 0.0 (0.7057739557739557)
[149/431]============
/home/aipu/qyh/datasets/EgoGesture/videos/Subject14/Scene1/Color/rgb7.avi
@@@@@@@@@@@@@@ Subject14/Scene1/Color/rgb7
[INFO]: Videot  is loading... /home/aipu/qyh/datasets/EgoGesture/videos/Subject14/Scene1/Color/rgb7 Subject14/Scene1/Color/rgb7
Late Detected - class : 83 with prob : 0.162084418066331 at frame 69
predicted classes: 	 [83]
True classes :		 [23 56 70 74  0 21 73 49 76 54  6]
Levenshtein Accuracy = 0.0 (0.7010372178157414)
[150/431]============
/home/aipu/qyh/datasets/EgoGesture/videos/Subject14/Scene1/Color/rgb4.avi
@@@@@@@@@@@@@@ Subject14/Scene1/Color/rgb4
[INFO]: Videot  is loading... /home/aipu/qyh/datasets/EgoGesture/videos/Subject14/Scene1/Color/rgb4 Subject14/Scene1/Color/rgb4
Late Detected - class : 13 with prob : 0.15150828299347455 at frame 93
Late Detected - class : 43 with prob : 0.15698284298941176 at frame 279
Late Detected - class : 83 with prob : 0.19771778740992127 at frame 334
Late Detected - class : 42 with prob : 0.23175265862189628 at frame 527
Late Detected - class : 83 with prob : 0.17243703465526528 at frame 716
predicted classes: 	 [13 43 83 42 83]
True classes :		 [13  1 46 43 60 51 19 42  9 69 41 63]
Levenshtein Accuracy = 0.25 (0.6977589339794065)
[151/431]============
/home/aipu/qyh/datasets/EgoGesture/videos/Subject14/Scene1/Color/rgb5.avi
@@@@@@@@@@@@@@ Subject14/Scene1/Color/rgb5
[INFO]: Videot  is loading... /home/aipu/qyh/datasets/EgoGesture/videos/Subject14/Scene1/Color/rgb5 Subject14/Scene1/Color/rgb5
Late Detected - class : 83 with prob : 0.21509278303286986 at frame 83
predicted classes: 	 [83]
True classes :		 [34  4 27  8 32 79 75 82 58 30 15 18]
Levenshtein Accuracy = 0.0 (0.6927239927841251)
[152/431]============
/home/aipu/qyh/datasets/EgoGesture/videos/Subject14/Scene3/Color/rgb1.avi
@@@@@@@@@@@@@@ Subject14/Scene3/Color/rgb1
[INFO]: Videot  is loading... /home/aipu/qyh/datasets/EgoGesture/videos/Subject14/Scene3/Color/rgb1 Subject14/Scene3/Color/rgb1
Late Detected - class : 53 with prob : 0.5214709208946384 at frame 196
Late Detected - class : 15 with prob : 0.15183944524405865 at frame 259
Late Detected - class : 44 with prob : 0.27199491487217037 at frame 350
Late Detected - class : 83 with prob : 0.15008652492719543 at frame 538
Late Detected - class : 70 with prob : 0.23333463770592078 at frame 571
Late Detected - class : 83 with prob : 0.1610660188262564 at frame 706
Late Detected - class : 77 with prob : 0.4677650188549048 at frame 726
Late Detected - class : 54 with prob : 0.5026200583327585 at frame 846
Late Detected - class : 65 with prob : 0.3688852779594198 at frame 1041
predicted classes: 	 [53 15 44 83 70 83 77 54 65]
True classes :		 [53 15 44 79 70 24 77 54 67 65 59 32]
Levenshtein Accuracy = 0.5833333333333333 (0.6919402985074626)
[153/431]============
/home/aipu/qyh/datasets/EgoGesture/videos/Subject14/Scene3/Color/rgb2.avi
@@@@@@@@@@@@@@ Subject14/Scene3/Color/rgb2
[INFO]: Videot  is loading... /home/aipu/qyh/datasets/EgoGesture/videos/Subject14/Scene3/Color/rgb2 Subject14/Scene3/Color/rgb2
Late Detected - class : 63 with prob : 0.2183095124247142 at frame 216
Late Detected - class : 46 with prob : 0.26341881215396207 at frame 298
Late Detected - class : 80 with prob : 0.3657279528433851 at frame 434
Late Detected - class : 57 with prob : 0.21387969925224073 at frame 630
Late Detected - class : 27 with prob : 0.15743079989426406 at frame 708
Late Detected - class : 61 with prob : 0.19604905861878638 at frame 793
Late Detected - class : 83 with prob : 0.4371656046628752 at frame 871
predicted classes: 	 [63 46 80 57 27 61 83]
True classes :		 [34 63 46 80 19 57 27 61 60 18 30 78]
Levenshtein Accuracy = 0.5 (0.6905749851807943)
[154/431]============
/home/aipu/qyh/datasets/EgoGesture/videos/Subject14/Scene3/Color/rgb6.avi
@@@@@@@@@@@@@@ Subject14/Scene3/Color/rgb6
[INFO]: Videot  is loading... /home/aipu/qyh/datasets/EgoGesture/videos/Subject14/Scene3/Color/rgb6 Subject14/Scene3/Color/rgb6
Late Detected - class : 82 with prob : 0.3234114301812262 at frame 608
Late Detected - class : 72 with prob : 0.638878467816489 at frame 866
Late Detected - class : 37 with prob : 0.3821284297225483 at frame 1366
Late Detected - class : 52 with prob : 0.26467862008676124 at frame 1462
Late Detected - class : 33 with prob : 0.2850182294546719 at frame 1757
Late Detected - class : 83 with prob : 0.249132974280425 at frame 1882
predicted classes: 	 [82 72 37 52 33 83]
True classes :		 [28 81 82 31 72 13  6 73 37 52 33 12]
Levenshtein Accuracy = 0.41666666666666663 (0.6886403766921718)
[155/431]============
/home/aipu/qyh/datasets/EgoGesture/videos/Subject14/Scene3/Color/rgb3.avi
@@@@@@@@@@@@@@ Subject14/Scene3/Color/rgb3
[INFO]: Videot  is loading... /home/aipu/qyh/datasets/EgoGesture/videos/Subject14/Scene3/Color/rgb3 Subject14/Scene3/Color/rgb3
Late Detected - class : 11 with prob : 0.1536502438921152 at frame 179
Late Detected - class : 41 with prob : 0.19209036107832736 at frame 806
Late Detected - class : 5 with prob : 0.40157117640362583 at frame 1011
Late Detected - class : 50 with prob : 0.17829577939463692 at frame 1082
Late Detected - class : 83 with prob : 0.15712159505053663 at frame 1171
predicted classes: 	 [11 41  5 50 83]
True classes :		 [11  3 62 71 64 25 41 16  5 50 36 69]
Levenshtein Accuracy = 0.33333333333333337 (0.6861484511981297)
[156/431]============
/home/aipu/qyh/datasets/EgoGesture/videos/Subject14/Scene3/Color/rgb7.avi
@@@@@@@@@@@@@@ Subject14/Scene3/Color/rgb7
[INFO]: Videot  is loading... /home/aipu/qyh/datasets/EgoGesture/videos/Subject14/Scene3/Color/rgb7 Subject14/Scene3/Color/rgb7
Late Detected - class : 40 with prob : 0.34054541984477715 at frame 231
Late Detected - class : 83 with prob : 0.1838358617148236 at frame 504
Late Detected - class : 43 with prob : 0.33113529501540356 at frame 845
Late Detected - class : 10 with prob : 0.6908700714522686 at frame 990
Late Detected - class : 1 with prob : 0.18956303567389488 at frame 1339
predicted classes: 	 [40 83 43 10  1]
True classes :		 [29 40 66 76 68 14 43 10 45 55  1]
Levenshtein Accuracy = 0.36363636363636365 (0.6840882694541232)
[157/431]============
/home/aipu/qyh/datasets/EgoGesture/videos/Subject14/Scene3/Color/rgb4.avi
@@@@@@@@@@@@@@ Subject14/Scene3/Color/rgb4
[INFO]: Videot  is loading... /home/aipu/qyh/datasets/EgoGesture/videos/Subject14/Scene3/Color/rgb4 Subject14/Scene3/Color/rgb4
Late Detected - class : 58 with prob : 0.2871399118277723 at frame 157
Late Detected - class : 7 with prob : 0.3255303633773945 at frame 277
Late Detected - class : 42 with prob : 0.31618038215808075 at frame 427
Late Detected - class : 8 with prob : 0.5061863652270333 at frame 753
Late Detected - class : 38 with prob : 0.412300711306173 at frame 878
Late Detected - class : 74 with prob : 0.24034288690611336 at frame 1065
Late Detected - class : 2 with prob : 0.22378146182470754 at frame 1174
Late Detected - class : 83 with prob : 0.15570705997804873 at frame 1262
Late Detected - class : 0 with prob : 0.40525327160035735 at frame 1284
Late Detected - class : 48 with prob : 0.3132760913513612 at frame 1373
predicted classes: 	 [58  7 42  8 38 74  2 83  0 48]
True classes :		 [58  7 42 26 39  8 38 74  2  0 48 35]
Levenshtein Accuracy = 0.6666666666666667 (0.6839677047289504)
[158/431]============
/home/aipu/qyh/datasets/EgoGesture/videos/Subject14/Scene3/Color/rgb5.avi
@@@@@@@@@@@@@@ Subject14/Scene3/Color/rgb5
[INFO]: Videot  is loading... /home/aipu/qyh/datasets/EgoGesture/videos/Subject14/Scene3/Color/rgb5 Subject14/Scene3/Color/rgb5
Late Detected - class : 52 with prob : 0.35723474945152295 at frame 171
Late Detected - class : 4 with prob : 0.3764758780566405 at frame 283
Late Detected - class : 23 with prob : 0.2811155393435396 at frame 610
Late Detected - class : 83 with prob : 0.43575752798012135 at frame 880
Late Detected - class : 75 with prob : 0.22754114394881045 at frame 1146
Late Detected - class : 9 with prob : 0.5466108813853556 at frame 1287
Late Detected - class : 20 with prob : 0.16592110028688786 at frame 1427
predicted classes: 	 [52  4 23 83 75  9 20]
True classes :		 [22  4 51 21 56 23 17 47 49 75  9 20]
Levenshtein Accuracy = 0.41666666666666663 (0.6821305841924399)
[159/431]============
/home/aipu/qyh/datasets/EgoGesture/videos/Subject14/Scene2/Color/rgb1.avi
@@@@@@@@@@@@@@ Subject14/Scene2/Color/rgb1
[INFO]: Videot  is loading... /home/aipu/qyh/datasets/EgoGesture/videos/Subject14/Scene2/Color/rgb1 Subject14/Scene2/Color/rgb1
Late Detected - class : 8 with prob : 0.18296004573638844 at frame 246
Late Detected - class : 47 with prob : 0.19780091629230456 at frame 395
predicted classes: 	 [ 8 47]
True classes :		 [23 27 48 60  8 47 43 58 41 75 18 67]
Levenshtein Accuracy = 0.16666666666666663 (0.6786120591581343)
[160/431]============
/home/aipu/qyh/datasets/EgoGesture/videos/Subject14/Scene2/Color/rgb2.avi
@@@@@@@@@@@@@@ Subject14/Scene2/Color/rgb2
[INFO]: Videot  is loading... /home/aipu/qyh/datasets/EgoGesture/videos/Subject14/Scene2/Color/rgb2 Subject14/Scene2/Color/rgb2
predicted classes: 	 []
True classes :		 [37 52 42 45 54 17 31 36 32 19 51 82]
Levenshtein Accuracy = 0.0 (0.6740112994350282)
[161/431]============
/home/aipu/qyh/datasets/EgoGesture/videos/Subject14/Scene2/Color/rgb6.avi
@@@@@@@@@@@@@@ Subject14/Scene2/Color/rgb6
[INFO]: Videot  is loading... /home/aipu/qyh/datasets/EgoGesture/videos/Subject14/Scene2/Color/rgb6 Subject14/Scene2/Color/rgb6
predicted classes: 	 []
True classes :		 [80  3 39 26 50 21 64 38 78 81 24 14]
Levenshtein Accuracy = 0.0 (0.6694725028058361)
[162/431]============
/home/aipu/qyh/datasets/EgoGesture/videos/Subject14/Scene2/Color/rgb3.avi
@@@@@@@@@@@@@@ Subject14/Scene2/Color/rgb3
[INFO]: Videot  is loading... /home/aipu/qyh/datasets/EgoGesture/videos/Subject14/Scene2/Color/rgb3 Subject14/Scene2/Color/rgb3
Late Detected - class : 13 with prob : 0.22154133015688038 at frame 222
Late Detected - class : 83 with prob : 0.2512199125423784 at frame 564
Late Detected - class : 1 with prob : 0.22975982580049753 at frame 638
predicted classes: 	 [13 83  1]
True classes :		 [53 73 13 11 28 68 59 79  1 16 62 15]
Levenshtein Accuracy = 0.16666666666666663 (0.6661092530657748)
[163/431]============
/home/aipu/qyh/datasets/EgoGesture/videos/Subject14/Scene2/Color/rgb7.avi
@@@@@@@@@@@@@@ Subject14/Scene2/Color/rgb7
[INFO]: Videot  is loading... /home/aipu/qyh/datasets/EgoGesture/videos/Subject14/Scene2/Color/rgb7 Subject14/Scene2/Color/rgb7
Late Detected - class : 66 with prob : 0.2783992725103898 at frame 107
Late Detected - class : 10 with prob : 0.3146897776332653 at frame 639
predicted classes: 	 [66 10]
True classes :		 [66 46 56 70 25 69 40 74 12 10 63]
Levenshtein Accuracy = 0.18181818181818177 (0.6631578947368421)
[164/431]============
/home/aipu/qyh/datasets/EgoGesture/videos/Subject14/Scene2/Color/rgb4.avi
@@@@@@@@@@@@@@ Subject14/Scene2/Color/rgb4
[INFO]: Videot  is loading... /home/aipu/qyh/datasets/EgoGesture/videos/Subject14/Scene2/Color/rgb4 Subject14/Scene2/Color/rgb4
Late Detected - class : 34 with prob : 0.19279002772076098 at frame 76
Late Detected - class : 83 with prob : 0.20358962048988147 at frame 125
Late Detected - class : 49 with prob : 0.1770100819038009 at frame 526
predicted classes: 	 [34 83 49]
True classes :		 [34 65 44 61 55  7  0  5 49  4  6  2]
Levenshtein Accuracy = 0.16666666666666663 (0.6598789212988443)
[165/431]============
/home/aipu/qyh/datasets/EgoGesture/videos/Subject14/Scene2/Color/rgb5.avi
@@@@@@@@@@@@@@ Subject14/Scene2/Color/rgb5
[INFO]: Videot  is loading... /home/aipu/qyh/datasets/EgoGesture/videos/Subject14/Scene2/Color/rgb5 Subject14/Scene2/Color/rgb5
Late Detected - class : 72 with prob : 0.27584426803376294 at frame 99
Late Detected - class : 33 with prob : 0.15365403905686176 at frame 298
Late Detected - class : 30 with prob : 0.5042109983315012 at frame 676
predicted classes: 	 [72 33 30]
True classes :		 [72 35 57 77 33 22 29 71  9 20 30 76]
Levenshtein Accuracy = 0.25 (0.6571897211591033)
[166/431]============
/home/aipu/qyh/datasets/EgoGesture/videos/Subject14/Scene5/Color/rgb1.avi
@@@@@@@@@@@@@@ Subject14/Scene5/Color/rgb1
[INFO]: Videot  is loading... /home/aipu/qyh/datasets/EgoGesture/videos/Subject14/Scene5/Color/rgb1 Subject14/Scene5/Color/rgb1
Late Detected - class : 44 with prob : 0.328617947123604 at frame 121
Late Detected - class : 18 with prob : 0.1870103118875545 at frame 267
Late Detected - class : 39 with prob : 0.31135279992011633 at frame 365
Late Detected - class : 83 with prob : 0.17468243980997153 at frame 520
Late Detected - class : 58 with prob : 0.23780021735750057 at frame 620
Late Detected - class : 40 with prob : 0.27021947381311734 at frame 702
Late Detected - class : 46 with prob : 0.5006630289775639 at frame 780
Late Detected - class : 22 with prob : 0.5045033918300725 at frame 857
Late Detected - class : 83 with prob : 0.2752577661853227 at frame 916
Late Detected - class : 38 with prob : 0.32055102046663553 at frame 1065
Late Detected - class : 83 with prob : 0.3275495428907722 at frame 1225
predicted classes: 	 [44 18 39 83 58 40 46 22 83 38 83]
True classes :		 [44 18 39 60 58 40 46 22  0 38 47 41]
Levenshtein Accuracy = 0.6666666666666667 (0.6572514937533949)
[167/431]============
/home/aipu/qyh/datasets/EgoGesture/videos/Subject14/Scene5/Color/rgb2.avi
@@@@@@@@@@@@@@ Subject14/Scene5/Color/rgb2
[INFO]: Videot  is loading... /home/aipu/qyh/datasets/EgoGesture/videos/Subject14/Scene5/Color/rgb2 Subject14/Scene5/Color/rgb2
Late Detected - class : 76 with prob : 0.23899397769834776 at frame 279
Late Detected - class : 83 with prob : 0.18903889818940858 at frame 413
Late Detected - class : 4 with prob : 0.30450884479731755 at frame 555
Late Detected - class : 43 with prob : 0.3823792967847044 at frame 674
Late Detected - class : 61 with prob : 0.24903437701894549 at frame 758
Late Detected - class : 83 with prob : 0.223498052224481 at frame 818
Late Detected - class : 13 with prob : 0.3224071292706552 at frame 923
Late Detected - class : 55 with prob : 0.3104639246771363 at frame 1039
Late Detected - class : 26 with prob : 0.22357908722277176 at frame 1121
predicted classes: 	 [76 83  4 43 61 83 13 55 26]
True classes :		 [68 76 25 69  2  4 43 42 24 13 55 26]
Levenshtein Accuracy = 0.5 (0.6562331354560172)
[168/431]============
/home/aipu/qyh/datasets/EgoGesture/videos/Subject14/Scene5/Color/rgb6.avi
@@@@@@@@@@@@@@ Subject14/Scene5/Color/rgb6
[INFO]: Videot  is loading... /home/aipu/qyh/datasets/EgoGesture/videos/Subject14/Scene5/Color/rgb6 Subject14/Scene5/Color/rgb6
Late Detected - class : 3 with prob : 0.22043878852042637 at frame 223
Late Detected - class : 82 with prob : 0.29575618902187495 at frame 317
Late Detected - class : 17 with prob : 0.373983427357131 at frame 420
Late Detected - class : 35 with prob : 0.27774761502822376 at frame 517
Late Detected - class : 23 with prob : 0.30498301927836 at frame 613
Late Detected - class : 65 with prob : 0.5099171909363182 at frame 719
Late Detected - class : 74 with prob : 0.2520593665471564 at frame 898
Late Detected - class : 10 with prob : 0.353795841764795 at frame 1279
predicted classes: 	 [ 3 82 17 35 23 65 74 10]
True classes :		 [15  3 82 17 35 23 65 74  6 62 37 10]
Levenshtein Accuracy = 0.6666666666666667 (0.6563002680965148)
[169/431]============
/home/aipu/qyh/datasets/EgoGesture/videos/Subject14/Scene5/Color/rgb3.avi
@@@@@@@@@@@@@@ Subject14/Scene5/Color/rgb3
[INFO]: Videot  is loading... /home/aipu/qyh/datasets/EgoGesture/videos/Subject14/Scene5/Color/rgb3 Subject14/Scene5/Color/rgb3
Late Detected - class : 27 with prob : 0.26238747137713164 at frame 127
Late Detected - class : 7 with prob : 0.3215153907903403 at frame 209
Late Detected - class : 63 with prob : 0.4598920870705581 at frame 290
Late Detected - class : 83 with prob : 0.34899583573378473 at frame 365
Late Detected - class : 31 with prob : 0.22340253928397463 at frame 436
Late Detected - class : 36 with prob : 0.42384341140505666 at frame 523
Late Detected - class : 1 with prob : 0.27737350226446617 at frame 614
Late Detected - class : 78 with prob : 0.24189959555346088 at frame 725
Late Detected - class : 83 with prob : 0.24717113848172848 at frame 820
Late Detected - class : 12 with prob : 0.25910223250668035 at frame 969
Late Detected - class : 20 with prob : 0.25661463349013275 at frame 1080
predicted classes: 	 [27  7 63 83 31 36  1 78 83 12 20]
True classes :		 [27  7 63 30 31 36  1 78 56 61 21 20]
Levenshtein Accuracy = 0.6666666666666667 (0.6563665423548215)
[170/431]============
/home/aipu/qyh/datasets/EgoGesture/videos/Subject14/Scene5/Color/rgb7.avi
@@@@@@@@@@@@@@ Subject14/Scene5/Color/rgb7
[INFO]: Videot  is loading... /home/aipu/qyh/datasets/EgoGesture/videos/Subject14/Scene5/Color/rgb7 Subject14/Scene5/Color/rgb7
Late Detected - class : 49 with prob : 0.3168609141489544 at frame 134
Late Detected - class : 66 with prob : 0.2921647507560378 at frame 290
Late Detected - class : 5 with prob : 0.19853399628123508 at frame 458
Late Detected - class : 82 with prob : 0.3231370764486062 at frame 564
Late Detected - class : 34 with prob : 0.16651988225122524 at frame 652
Late Detected - class : 83 with prob : 0.23722056423436114 at frame 734
Late Detected - class : 50 with prob : 0.2444535799379845 at frame 821
Late Detected - class : 52 with prob : 0.24936611826340097 at frame 959
predicted classes: 	 [49 66  5 82 34 83 50 52]
True classes :		 [49 16 66 59  5 67 34 79 50 52]
Levenshtein Accuracy = 0.6 (0.6560678325384208)
[171/431]============
/home/aipu/qyh/datasets/EgoGesture/videos/Subject14/Scene5/Color/rgb4.avi
@@@@@@@@@@@@@@ Subject14/Scene5/Color/rgb4
[INFO]: Videot  is loading... /home/aipu/qyh/datasets/EgoGesture/videos/Subject14/Scene5/Color/rgb4 Subject14/Scene5/Color/rgb4
Late Detected - class : 14 with prob : 0.3788495738406833 at frame 247
Late Detected - class : 8 with prob : 0.30510196090270114 at frame 436
Late Detected - class : 72 with prob : 0.41326433574603433 at frame 524
Late Detected - class : 32 with prob : 0.292054708522189 at frame 611
Late Detected - class : 30 with prob : 0.3620848702342994 at frame 836
Late Detected - class : 45 with prob : 0.322016688802376 at frame 943
Late Detected - class : 28 with prob : 0.15073868974400678 at frame 1039
Late Detected - class : 83 with prob : 0.19253885550058467 at frame 1134
Late Detected - class : 29 with prob : 0.2237282419866066 at frame 1226
predicted classes: 	 [14  8 72 32 30 45 28 83 29]
True classes :		 [77 14 57  8 72 32 54 75 45 28 53 29]
Levenshtein Accuracy = 0.5833333333333333 (0.655608214849921)
[172/431]============
/home/aipu/qyh/datasets/EgoGesture/videos/Subject14/Scene5/Color/rgb5.avi
@@@@@@@@@@@@@@ Subject14/Scene5/Color/rgb5
[INFO]: Videot  is loading... /home/aipu/qyh/datasets/EgoGesture/videos/Subject14/Scene5/Color/rgb5 Subject14/Scene5/Color/rgb5
Late Detected - class : 51 with prob : 0.3274539282790069 at frame 90
Late Detected - class : 12 with prob : 0.40360702508693996 at frame 199
Late Detected - class : 11 with prob : 0.3072793043485268 at frame 385
Late Detected - class : 83 with prob : 0.2307854684592548 at frame 479
Late Detected - class : 80 with prob : 0.15364367053433087 at frame 685
Late Detected - class : 48 with prob : 0.19368933389035076 at frame 769
Late Detected - class : 9 with prob : 0.25991014109431265 at frame 1052
predicted classes: 	 [51 12 11 83 80 48  9]
True classes :		 [51 12 71 11 73 64 80 48 33 19  9 81]
Levenshtein Accuracy = 0.5 (0.6546310832025117)
[173/431]============
/home/aipu/qyh/datasets/EgoGesture/videos/Subject14/Scene4/Color/rgb1.avi
@@@@@@@@@@@@@@ Subject14/Scene4/Color/rgb1
[INFO]: Videot  is loading... /home/aipu/qyh/datasets/EgoGesture/videos/Subject14/Scene4/Color/rgb1 Subject14/Scene4/Color/rgb1
Late Detected - class : 39 with prob : 0.17485387580678657 at frame 149
Late Detected - class : 83 with prob : 0.3478042418879232 at frame 193
predicted classes: 	 [39 83]
True classes :		 [25 39  2 54 24 18 73 76 52 67 13 80]
Levenshtein Accuracy = 0.08333333333333337 (0.6510660426417056)
[174/431]============
/home/aipu/qyh/datasets/EgoGesture/videos/Subject14/Scene4/Color/rgb2.avi
@@@@@@@@@@@@@@ Subject14/Scene4/Color/rgb2
[INFO]: Videot  is loading... /home/aipu/qyh/datasets/EgoGesture/videos/Subject14/Scene4/Color/rgb2 Subject14/Scene4/Color/rgb2
Late Detected - class : 83 with prob : 0.16046951061890827 at frame 98
Late Detected - class : 17 with prob : 0.3404134602661475 at frame 273
Late Detected - class : 20 with prob : 0.23809403883041885 at frame 352
Late Detected - class : 43 with prob : 0.4166442123952017 at frame 445
Late Detected - class : 47 with prob : 0.16891354977921488 at frame 496
Late Detected - class : 83 with prob : 0.3460168096367007 at frame 587
Late Detected - class : 65 with prob : 0.3723606153614267 at frame 610
Late Detected - class : 55 with prob : 0.2487434391176034 at frame 658
Late Detected - class : 61 with prob : 0.48044113914859865 at frame 747
Late Detected - class : 10 with prob : 0.4267573581112234 at frame 882
Late Detected - class : 40 with prob : 0.395293808048725 at frame 968
Late Detected - class : 83 with prob : 0.16179887390112077 at frame 1055
predicted classes: 	 [83 17 20 43 47 83 65 55 61 10 40 83]
True classes :		 [ 5 30 27 17 20 43 47 65 55 61 10 40]
Levenshtein Accuracy = 0.5833333333333333 (0.6506459948320413)
[175/431]============
/home/aipu/qyh/datasets/EgoGesture/videos/Subject14/Scene4/Color/rgb6.avi
@@@@@@@@@@@@@@ Subject14/Scene4/Color/rgb6
[INFO]: Videot  is loading... /home/aipu/qyh/datasets/EgoGesture/videos/Subject14/Scene4/Color/rgb6 Subject14/Scene4/Color/rgb6
Late Detected - class : 45 with prob : 0.5703722473183261 at frame 148
Late Detected - class : 9 with prob : 0.403000829894887 at frame 271
Late Detected - class : 46 with prob : 0.435370839248054 at frame 358
Late Detected - class : 83 with prob : 0.22763401771826078 at frame 646
Late Detected - class : 32 with prob : 0.5549628659234963 at frame 978
Late Detected - class : 83 with prob : 0.2642955565091708 at frame 1016
Late Detected - class : 74 with prob : 0.2644207155448707 at frame 1136
predicted classes: 	 [45  9 46 83 32 83 74]
True classes :		 [45  9 46 64 49  0 79 69 34 32 77 74]
Levenshtein Accuracy = 0.41666666666666663 (0.6492039034411916)
[176/431]============
/home/aipu/qyh/datasets/EgoGesture/videos/Subject14/Scene4/Color/rgb3.avi
@@@@@@@@@@@@@@ Subject14/Scene4/Color/rgb3
[INFO]: Videot  is loading... /home/aipu/qyh/datasets/EgoGesture/videos/Subject14/Scene4/Color/rgb3 Subject14/Scene4/Color/rgb3
Late Detected - class : 75 with prob : 0.5374228786825365 at frame 135
Late Detected - class : 66 with prob : 0.40196901450354683 at frame 223
Late Detected - class : 11 with prob : 0.2863261167356598 at frame 350
Late Detected - class : 43 with prob : 0.25242001336707853 at frame 719
Late Detected - class : 6 with prob : 0.40814432117942384 at frame 809
Late Detected - class : 36 with prob : 0.37137683211640393 at frame 914
Late Detected - class : 71 with prob : 0.375459641208077 at frame 1017
Late Detected - class : 83 with prob : 0.18285856408157636 at frame 1103
Late Detected - class : 21 with prob : 0.38916086108512543 at frame 1259
predicted classes: 	 [75 66 11 43  6 36 71 83 21]
True classes :		 [75 66 11 19 59 15 42  6 36 71 26 12]
Levenshtein Accuracy = 0.5 (0.6482899438489025)
[177/431]============
/home/aipu/qyh/datasets/EgoGesture/videos/Subject14/Scene4/Color/rgb7.avi
@@@@@@@@@@@@@@ Subject14/Scene4/Color/rgb7
[INFO]: Videot  is loading... /home/aipu/qyh/datasets/EgoGesture/videos/Subject14/Scene4/Color/rgb7 Subject14/Scene4/Color/rgb7
Late Detected - class : 3 with prob : 0.2304505443245735 at frame 214
Late Detected - class : 67 with prob : 0.17960337582588512 at frame 492
Late Detected - class : 61 with prob : 0.22691796602633516 at frame 567
Late Detected - class : 35 with prob : 0.23505684285203204 at frame 655
Late Detected - class : 62 with prob : 0.36467734358208753 at frame 760
Late Detected - class : 29 with prob : 0.23749424163898228 at frame 840
Late Detected - class : 7 with prob : 0.2713539058514095 at frame 948
Late Detected - class : 63 with prob : 0.43272433252958104 at frame 1041
predicted classes: 	 [ 3 67 61 35 62 29  7 63]
True classes :		 [70  3 50 57 44 28 35 62 29  7 63]
Levenshtein Accuracy = 0.5454545454545454 (0.6477157360406092)
[178/431]============
/home/aipu/qyh/datasets/EgoGesture/videos/Subject14/Scene4/Color/rgb4.avi
@@@@@@@@@@@@@@ Subject14/Scene4/Color/rgb4
[INFO]: Videot  is loading... /home/aipu/qyh/datasets/EgoGesture/videos/Subject14/Scene4/Color/rgb4 Subject14/Scene4/Color/rgb4
Late Detected - class : 38 with prob : 0.3417022258366411 at frame 111
Late Detected - class : 1 with prob : 0.22535638270308928 at frame 189
Late Detected - class : 48 with prob : 0.49711534359016196 at frame 297
Late Detected - class : 33 with prob : 0.24005899881997184 at frame 367
Late Detected - class : 72 with prob : 0.541265350434591 at frame 459
Late Detected - class : 41 with prob : 0.18909546135254282 at frame 533
Late Detected - class : 53 with prob : 0.205265275307131 at frame 682
Late Detected - class : 82 with prob : 0.2891805453118261 at frame 770
Late Detected - class : 56 with prob : 0.23071235931383424 at frame 852
Late Detected - class : 51 with prob : 0.26584702284121864 at frame 907
predicted classes: 	 [38  1 48 33 72 41 53 82 56 51]
True classes :		 [38  1 48 33 72 41 16 53 82 56 51 23]
Levenshtein Accuracy = 0.8333333333333334 (0.6488395560040363)
[179/431]============
/home/aipu/qyh/datasets/EgoGesture/videos/Subject14/Scene4/Color/rgb5.avi
@@@@@@@@@@@@@@ Subject14/Scene4/Color/rgb5
[INFO]: Videot  is loading... /home/aipu/qyh/datasets/EgoGesture/videos/Subject14/Scene4/Color/rgb5 Subject14/Scene4/Color/rgb5
Late Detected - class : 8 with prob : 0.21660558347098582 at frame 143
Late Detected - class : 37 with prob : 0.16075404256917208 at frame 221
Late Detected - class : 14 with prob : 0.30770725877102567 at frame 356
Late Detected - class : 60 with prob : 0.29558782941322814 at frame 470
Late Detected - class : 22 with prob : 0.4777847275530466 at frame 729
Late Detected - class : 68 with prob : 0.3174972418213998 at frame 930
Late Detected - class : 21 with prob : 0.27868501325623546 at frame 1019
Late Detected - class : 31 with prob : 0.23726027742583822 at frame 1217
predicted classes: 	 [ 8 37 14 60 22 68 21 31]
True classes :		 [81  8 37 14 60 78 22 68 21  4 31 58]
Levenshtein Accuracy = 0.6666666666666667 (0.6489468405215647)
[180/431]============
/home/aipu/qyh/datasets/EgoGesture/videos/Subject18/Scene6/Color/rgb1.avi
@@@@@@@@@@@@@@ Subject18/Scene6/Color/rgb1
[INFO]: Videot  is loading... /home/aipu/qyh/datasets/EgoGesture/videos/Subject18/Scene6/Color/rgb1 Subject18/Scene6/Color/rgb1
Late Detected - class : 66 with prob : 0.1811821695672412 at frame 99
Late Detected - class : 72 with prob : 0.513897626260502 at frame 315
Late Detected - class : 58 with prob : 0.35756662314129434 at frame 429
Late Detected - class : 7 with prob : 0.5065624227909588 at frame 542
Late Detected - class : 70 with prob : 0.33232218375086175 at frame 717
Late Detected - class : 22 with prob : 0.5876426613576433 at frame 818
Late Detected - class : 57 with prob : 0.23669940766169498 at frame 965
Late Detected - class : 17 with prob : 0.42536359249100775 at frame 1110
Late Detected - class : 80 with prob : 0.38671636484049426 at frame 1235
Late Detected - class : 39 with prob : 0.3401926275012529 at frame 1331
Late Detected - class : 40 with prob : 0.1902650051947541 at frame 1398
predicted classes: 	 [66 72 58  7 70 22 57 17 80 39 40]
True classes :		 [66 47 72 58  7 70 22 57 17 80 39 40]
Levenshtein Accuracy = 0.9166666666666666 (0.6505483549351944)
[181/431]============
/home/aipu/qyh/datasets/EgoGesture/videos/Subject18/Scene6/Color/rgb2.avi
@@@@@@@@@@@@@@ Subject18/Scene6/Color/rgb2
[INFO]: Videot  is loading... /home/aipu/qyh/datasets/EgoGesture/videos/Subject18/Scene6/Color/rgb2 Subject18/Scene6/Color/rgb2
Late Detected - class : 23 with prob : 0.25864198763390583 at frame 183
Late Detected - class : 21 with prob : 0.27993181841511827 at frame 337
Late Detected - class : 61 with prob : 0.26957688558082843 at frame 407
Late Detected - class : 12 with prob : 0.25473386551183874 at frame 560
Late Detected - class : 56 with prob : 0.38909100095417615 at frame 859
Late Detected - class : 52 with prob : 0.3709508907358197 at frame 1029
Late Detected - class : 35 with prob : 0.4289235865252004 at frame 1139
Late Detected - class : 34 with prob : 0.2531821564379028 at frame 1210
Late Detected - class : 82 with prob : 0.2530434083915804 at frame 1330
predicted classes: 	 [23 21 61 12 56 52 35 34 82]
True classes :		 [16 20 19 21 61 12 77 56 52 35 34 82]
Levenshtein Accuracy = 0.6666666666666667 (0.6506442021803767)
[182/431]============
/home/aipu/qyh/datasets/EgoGesture/videos/Subject18/Scene6/Color/rgb6.avi
@@@@@@@@@@@@@@ Subject18/Scene6/Color/rgb6
[INFO]: Videot  is loading... /home/aipu/qyh/datasets/EgoGesture/videos/Subject18/Scene6/Color/rgb6 Subject18/Scene6/Color/rgb6
Late Detected - class : 63 with prob : 0.30779329300501 at frame 140
Late Detected - class : 11 with prob : 0.23609523973567875 at frame 270
Late Detected - class : 29 with prob : 0.19540513974951684 at frame 336
Late Detected - class : 74 with prob : 0.2550768546008495 at frame 432
Late Detected - class : 27 with prob : 0.20211582825169663 at frame 515
Late Detected - class : 42 with prob : 0.3179026055825711 at frame 660
Late Detected - class : 49 with prob : 0.21527853461281118 at frame 748
Late Detected - class : 33 with prob : 0.3281247540921411 at frame 879
Late Detected - class : 26 with prob : 0.20914893180614713 at frame 1011
Late Detected - class : 59 with prob : 0.17505044197109135 at frame 1171
predicted classes: 	 [63 11 29 74 27 42 49 33 26 59]
True classes :		 [63 11 29 74 27 42 49 60 33 26  4 59]
Levenshtein Accuracy = 0.8333333333333334 (0.6517241379310345)
[183/431]============
/home/aipu/qyh/datasets/EgoGesture/videos/Subject18/Scene6/Color/rgb3.avi
@@@@@@@@@@@@@@ Subject18/Scene6/Color/rgb3
[INFO]: Videot  is loading... /home/aipu/qyh/datasets/EgoGesture/videos/Subject18/Scene6/Color/rgb3 Subject18/Scene6/Color/rgb3
Late Detected - class : 9 with prob : 0.4993323646783873 at frame 206
Late Detected - class : 41 with prob : 0.16596179050432028 at frame 326
Late Detected - class : 32 with prob : 0.2384877853961082 at frame 398
Late Detected - class : 14 with prob : 0.3339593709389186 at frame 602
Late Detected - class : 46 with prob : 0.16667591489465544 at frame 1045
Late Detected - class : 43 with prob : 0.20047375066867637 at frame 1204
Late Detected - class : 67 with prob : 0.18528597411528538 at frame 1345
Late Detected - class : 23 with prob : 0.4302100861518168 at frame 1437
Late Detected - class : 36 with prob : 0.3772480336152281 at frame 1488
predicted classes: 	 [ 9 41 32 14 46 43 67 23 36]
True classes :		 [ 9 41 32 50 14 81 79 46 43 67 23 36]
Levenshtein Accuracy = 0.75 (0.6523016650342801)
[184/431]============
/home/aipu/qyh/datasets/EgoGesture/videos/Subject18/Scene6/Color/rgb7.avi
@@@@@@@@@@@@@@ Subject18/Scene6/Color/rgb7
[INFO]: Videot  is loading... /home/aipu/qyh/datasets/EgoGesture/videos/Subject18/Scene6/Color/rgb7 Subject18/Scene6/Color/rgb7
Late Detected - class : 44 with prob : 0.20038516315885216 at frame 185
Late Detected - class : 62 with prob : 0.18722659685462054 at frame 535
Late Detected - class : 45 with prob : 0.24700033396913468 at frame 642
Late Detected - class : 53 with prob : 0.3753112370893462 at frame 784
Late Detected - class : 6 with prob : 0.38399755259352436 at frame 893
Late Detected - class : 75 with prob : 0.17302937022663972 at frame 1013
Late Detected - class : 65 with prob : 0.2574306093145465 at frame 1174
predicted classes: 	 [44 62 45 53  6 75 65]
True classes :		 [44 25  2 15 62 45 53  6 30 18 65]
Levenshtein Accuracy = 0.5454545454545454 (0.6517291768144179)
[185/431]============
/home/aipu/qyh/datasets/EgoGesture/videos/Subject18/Scene6/Color/rgb4.avi
@@@@@@@@@@@@@@ Subject18/Scene6/Color/rgb4
[INFO]: Videot  is loading... /home/aipu/qyh/datasets/EgoGesture/videos/Subject18/Scene6/Color/rgb4 Subject18/Scene6/Color/rgb4
Late Detected - class : 28 with prob : 0.2712021079933555 at frame 131
Late Detected - class : 10 with prob : 0.48581278109507703 at frame 306
Late Detected - class : 54 with prob : 0.3034678993552304 at frame 457
Late Detected - class : 75 with prob : 0.34237918888576235 at frame 595
Late Detected - class : 68 with prob : 0.39433251057186525 at frame 731
Late Detected - class : 51 with prob : 0.25386925937707716 at frame 805
Late Detected - class : 31 with prob : 0.26784974922901794 at frame 887
Late Detected - class : 0 with prob : 0.15692648122939515 at frame 977
Late Detected - class : 1 with prob : 0.21008052104368932 at frame 1065
Late Detected - class : 5 with prob : 0.2359708711803506 at frame 1144
Late Detected - class : 55 with prob : 0.2358791491948625 at frame 1293
Late Detected - class : 8 with prob : 0.4219586533703061 at frame 1506
predicted classes: 	 [28 10 54 75 68 51 31  0  1  5 55  8]
True classes :		 [28 10 54 75 68 51 31  0  1  5 55  8]
Levenshtein Accuracy = 1.0 (0.6537530266343826)
[186/431]============
/home/aipu/qyh/datasets/EgoGesture/videos/Subject18/Scene6/Color/rgb5.avi
@@@@@@@@@@@@@@ Subject18/Scene6/Color/rgb5
[INFO]: Videot  is loading... /home/aipu/qyh/datasets/EgoGesture/videos/Subject18/Scene6/Color/rgb5 Subject18/Scene6/Color/rgb5
Late Detected - class : 73 with prob : 0.1979602052023281 at frame 220
Late Detected - class : 48 with prob : 0.4521125328295159 at frame 298
Late Detected - class : 68 with prob : 0.22022432232823858 at frame 363
Late Detected - class : 13 with prob : 0.3510959226177671 at frame 482
Late Detected - class : 38 with prob : 0.36785184746955085 at frame 610
Late Detected - class : 76 with prob : 0.16170419208659195 at frame 697
Late Detected - class : 37 with prob : 0.19677573919683503 at frame 781
Late Detected - class : 78 with prob : 0.2790164754385223 at frame 851
Late Detected - class : 64 with prob : 0.15608126744130282 at frame 911
Late Detected - class : 71 with prob : 0.29845220480577855 at frame 1029
predicted classes: 	 [73 48 68 13 38 76 37 78 64 71]
True classes :		 [73 48 69 13 38 76 37 78 64 71 24  3]
Levenshtein Accuracy = 0.75 (0.6543090996629755)
[187/431]============
/home/aipu/qyh/datasets/EgoGesture/videos/Subject18/Scene1/Color/rgb1.avi
@@@@@@@@@@@@@@ Subject18/Scene1/Color/rgb1
[INFO]: Videot  is loading... /home/aipu/qyh/datasets/EgoGesture/videos/Subject18/Scene1/Color/rgb1 Subject18/Scene1/Color/rgb1
Late Detected - class : 44 with prob : 0.4784981456757608 at frame 174
Late Detected - class : 49 with prob : 0.4261545212829281 at frame 737
Late Detected - class : 8 with prob : 0.3226382453197019 at frame 1113
Late Detected - class : 31 with prob : 0.2309883281935063 at frame 1258
Late Detected - class : 20 with prob : 0.2322087445660788 at frame 1361
Late Detected - class : 56 with prob : 0.39063918354849836 at frame 1474
Late Detected - class : 76 with prob : 0.262658818278422 at frame 1596
Late Detected - class : 17 with prob : 0.6833289037721858 at frame 1770
predicted classes: 	 [44 49  8 31 20 56 76 17]
True classes :		 [44 60 58 49 25  8 31 20 56 76 17]
Levenshtein Accuracy = 0.7272727272727273 (0.6546934865900383)
[188/431]============
/home/aipu/qyh/datasets/EgoGesture/videos/Subject18/Scene1/Color/rgb2.avi
@@@@@@@@@@@@@@ Subject18/Scene1/Color/rgb2
[INFO]: Videot  is loading... /home/aipu/qyh/datasets/EgoGesture/videos/Subject18/Scene1/Color/rgb2 Subject18/Scene1/Color/rgb2
Late Detected - class : 21 with prob : 0.39809446670994886 at frame 282
Late Detected - class : 78 with prob : 0.2949182382195633 at frame 361
Late Detected - class : 26 with prob : 0.44889280434951984 at frame 644
Late Detected - class : 47 with prob : 0.31918368919536844 at frame 749
Late Detected - class : 42 with prob : 0.3109006438826708 at frame 984
Late Detected - class : 5 with prob : 0.1794646231184156 at frame 1126
Late Detected - class : 65 with prob : 0.3849419141884609 at frame 1326
Late Detected - class : 66 with prob : 0.32614321811971914 at frame 1419
Late Detected - class : 75 with prob : 0.5375845138123957 at frame 1544
Late Detected - class : 34 with prob : 0.4151350762031385 at frame 1679
Late Detected - class : 41 with prob : 0.31154332419487507 at frame 1778
predicted classes: 	 [21 78 26 47 42  5 65 66 75 34 41]
True classes :		 [71 21 79 26 47 42  5 65 66 75 34 41]
Levenshtein Accuracy = 0.8333333333333334 (0.6557142857142857)
[189/431]============
/home/aipu/qyh/datasets/EgoGesture/videos/Subject18/Scene1/Color/rgb6.avi
@@@@@@@@@@@@@@ Subject18/Scene1/Color/rgb6
[INFO]: Videot  is loading... /home/aipu/qyh/datasets/EgoGesture/videos/Subject18/Scene1/Color/rgb6 Subject18/Scene1/Color/rgb6
Late Detected - class : 7 with prob : 0.46659854624353336 at frame 193
Late Detected - class : 74 with prob : 0.4035081645031719 at frame 404
Late Detected - class : 59 with prob : 0.35160096068672075 at frame 595
Late Detected - class : 62 with prob : 0.3398395678583364 at frame 744
Late Detected - class : 9 with prob : 0.531628853035752 at frame 967
Late Detected - class : 70 with prob : 0.37890510327944255 at frame 1095
Late Detected - class : 62 with prob : 0.15327901207305597 at frame 1201
Late Detected - class : 82 with prob : 0.4671858353252329 at frame 1364
Late Detected - class : 50 with prob : 0.21222448046449086 at frame 1447
predicted classes: 	 [ 7 74 59 62  9 70 62 82 50]
True classes :		 [ 7 15 74 18 59 62  9 70 67 82 50]
Levenshtein Accuracy = 0.7272727272727273 (0.6560871624822359)
[190/431]============
/home/aipu/qyh/datasets/EgoGesture/videos/Subject18/Scene1/Color/rgb3.avi
@@@@@@@@@@@@@@ Subject18/Scene1/Color/rgb3
[INFO]: Videot  is loading... /home/aipu/qyh/datasets/EgoGesture/videos/Subject18/Scene1/Color/rgb3 Subject18/Scene1/Color/rgb3
Late Detected - class : 33 with prob : 0.3129334674209741 at frame 97
Late Detected - class : 13 with prob : 0.38479618747949507 at frame 221
Late Detected - class : 37 with prob : 0.3655865878894545 at frame 412
Late Detected - class : 0 with prob : 0.2917320086370828 at frame 603
Late Detected - class : 12 with prob : 0.3944515703645465 at frame 752
Late Detected - class : 6 with prob : 0.6404060764544365 at frame 906
Late Detected - class : 10 with prob : 0.5502989947006881 at frame 1219
Late Detected - class : 73 with prob : 0.23093017777242766 at frame 1340
Late Detected - class : 43 with prob : 0.3687836771243714 at frame 1601
predicted classes: 	 [33 13 37  0 12  6 10 73 43]
True classes :		 [33 13 69 37  0 12  6 16 10 73 43]
Levenshtein Accuracy = 0.8181818181818181 (0.6569274269557022)
[191/431]============
/home/aipu/qyh/datasets/EgoGesture/videos/Subject18/Scene1/Color/rgb7.avi
@@@@@@@@@@@@@@ Subject18/Scene1/Color/rgb7
[INFO]: Videot  is loading... /home/aipu/qyh/datasets/EgoGesture/videos/Subject18/Scene1/Color/rgb7 Subject18/Scene1/Color/rgb7
Late Detected - class : 45 with prob : 0.4451656737071755 at frame 162
Late Detected - class : 32 with prob : 0.2283106613298628 at frame 311
Late Detected - class : 63 with prob : 0.4428651940578381 at frame 397
Late Detected - class : 39 with prob : 0.329926595100193 at frame 529
Late Detected - class : 61 with prob : 0.5268518184213791 at frame 653
Late Detected - class : 22 with prob : 0.6622853174443003 at frame 828
Late Detected - class : 14 with prob : 0.4487538143890237 at frame 1080
Late Detected - class : 4 with prob : 0.21577964982356984 at frame 1268
Late Detected - class : 68 with prob : 0.47058693117243 at frame 1391
Late Detected - class : 2 with prob : 0.2691716541034758 at frame 1486
predicted classes: 	 [45 32 63 39 61 22 14  4 68  2]
True classes :		 [45 27 32 63 39 61 22 14  4 68  2]
Levenshtein Accuracy = 0.9090909090909091 (0.6582278481012658)
[192/431]============
/home/aipu/qyh/datasets/EgoGesture/videos/Subject18/Scene1/Color/rgb4.avi
@@@@@@@@@@@@@@ Subject18/Scene1/Color/rgb4
[INFO]: Videot  is loading... /home/aipu/qyh/datasets/EgoGesture/videos/Subject18/Scene1/Color/rgb4 Subject18/Scene1/Color/rgb4
Late Detected - class : 51 with prob : 0.48328004940709807 at frame 185
Late Detected - class : 77 with prob : 0.26959781102830477 at frame 274
Late Detected - class : 56 with prob : 0.27721834938193834 at frame 522
Late Detected - class : 28 with prob : 0.3222652230257248 at frame 650
Late Detected - class : 36 with prob : 0.5545907246160131 at frame 764
Late Detected - class : 30 with prob : 0.31787237844171073 at frame 931
Late Detected - class : 23 with prob : 0.5461719968729799 at frame 1039
Late Detected - class : 3 with prob : 0.27310302553912635 at frame 1253
Late Detected - class : 48 with prob : 0.6225299300158164 at frame 1405
Late Detected - class : 52 with prob : 0.7136918628847448 at frame 1534
predicted classes: 	 [51 77 56 28 36 30 23  3 48 52]
True classes :		 [51 77 80 57 28 36 30 23 64  3 48 52]
Levenshtein Accuracy = 0.75 (0.6587412587412588)
[193/431]============
/home/aipu/qyh/datasets/EgoGesture/videos/Subject18/Scene1/Color/rgb5.avi
@@@@@@@@@@@@@@ Subject18/Scene1/Color/rgb5
[INFO]: Videot  is loading... /home/aipu/qyh/datasets/EgoGesture/videos/Subject18/Scene1/Color/rgb5 Subject18/Scene1/Color/rgb5
Late Detected - class : 53 with prob : 0.2875079315123486 at frame 255
Late Detected - class : 35 with prob : 0.49686023906617793 at frame 344
Late Detected - class : 72 with prob : 0.7948082768035004 at frame 501
Late Detected - class : 46 with prob : 0.36599954963735953 at frame 585
Late Detected - class : 40 with prob : 0.4014921456966138 at frame 681
Late Detected - class : 1 with prob : 0.22336832591276062 at frame 768
Late Detected - class : 19 with prob : 0.23276580282861276 at frame 845
Late Detected - class : 78 with prob : 0.5132459952027774 at frame 1050
Late Detected - class : 81 with prob : 0.2712882252035468 at frame 1169
Late Detected - class : 38 with prob : 0.33165019807248997 at frame 1251
Late Detected - class : 54 with prob : 0.34969954431625355 at frame 1441
predicted classes: 	 [53 35 72 46 40  1 19 78 81 38 54]
True classes :		 [29 53 35 72 46 40  1 19 78 81 38 54]
Levenshtein Accuracy = 0.9166666666666666 (0.660176170607325)
[194/431]============
/home/aipu/qyh/datasets/EgoGesture/videos/Subject18/Scene3/Color/rgb1.avi
@@@@@@@@@@@@@@ Subject18/Scene3/Color/rgb1
[INFO]: Videot  is loading... /home/aipu/qyh/datasets/EgoGesture/videos/Subject18/Scene3/Color/rgb1 Subject18/Scene3/Color/rgb1
Late Detected - class : 26 with prob : 0.3736426003230831 at frame 209
Late Detected - class : 43 with prob : 0.40315013150093587 at frame 357
Late Detected - class : 12 with prob : 0.3549052680377443 at frame 498
Late Detected - class : 41 with prob : 0.3063955414481519 at frame 584
Late Detected - class : 8 with prob : 0.35133203846845323 at frame 763
Late Detected - class : 68 with prob : 0.4653678039098085 at frame 879
Late Detected - class : 1 with prob : 0.16684266266153783 at frame 952
Late Detected - class : 22 with prob : 0.6601702676046373 at frame 1220
Late Detected - class : 0 with prob : 0.23497471865036776 at frame 1390
predicted classes: 	 [26 43 12 41  8 68  1 22  0]
True classes :		 [26 43 12 41  8 68  1 76 22 20  0 16]
Levenshtein Accuracy = 0.75 (0.6606731212540341)
[195/431]============
/home/aipu/qyh/datasets/EgoGesture/videos/Subject18/Scene3/Color/rgb2.avi
@@@@@@@@@@@@@@ Subject18/Scene3/Color/rgb2
[INFO]: Videot  is loading... /home/aipu/qyh/datasets/EgoGesture/videos/Subject18/Scene3/Color/rgb2 Subject18/Scene3/Color/rgb2
Late Detected - class : 33 with prob : 0.38076718812643234 at frame 62
Late Detected - class : 6 with prob : 0.6043908707193245 at frame 215
Late Detected - class : 82 with prob : 0.3261822905836146 at frame 311
Late Detected - class : 66 with prob : 0.221814883803835 at frame 383
Late Detected - class : 40 with prob : 0.16013565245064806 at frame 452
Late Detected - class : 7 with prob : 0.3744713844000465 at frame 554
Late Detected - class : 46 with prob : 0.2101830327670017 at frame 632
Late Detected - class : 70 with prob : 0.2355506164096275 at frame 910
Late Detected - class : 78 with prob : 0.31795106914821053 at frame 1057
predicted classes: 	 [33  6 82 66 40  7 46 70 78]
True classes :		 [33  6 82 66 40  7 46 25 67 70 15 79]
Levenshtein Accuracy = 0.6666666666666667 (0.6607060981201284)
[196/431]============
/home/aipu/qyh/datasets/EgoGesture/videos/Subject18/Scene3/Color/rgb6.avi
@@@@@@@@@@@@@@ Subject18/Scene3/Color/rgb6
[INFO]: Videot  is loading... /home/aipu/qyh/datasets/EgoGesture/videos/Subject18/Scene3/Color/rgb6 Subject18/Scene3/Color/rgb6
Late Detected - class : 75 with prob : 0.4287594759446781 at frame 202
Late Detected - class : 10 with prob : 0.5010892641966863 at frame 402
Late Detected - class : 59 with prob : 0.297384147779317 at frame 616
Late Detected - class : 37 with prob : 0.30789362668393755 at frame 794
Late Detected - class : 5 with prob : 0.27463033348504845 at frame 1161
Late Detected - class : 72 with prob : 0.2505392341189043 at frame 1361
Late Detected - class : 83 with prob : 0.3579497241214154 at frame 1805
Late Detected - class : 23 with prob : 0.16543540039428167 at frame 1903
Late Detected - class : 4 with prob : 0.3243524346682118 at frame 2050
predicted classes: 	 [75 10 59 37  5 72 83 23  4]
True classes :		 [75 10 58 27 37  5 72 50 49 60 23  4]
Levenshtein Accuracy = 0.5833333333333333 (0.6602827177382581)
[197/431]============
/home/aipu/qyh/datasets/EgoGesture/videos/Subject18/Scene3/Color/rgb3.avi
@@@@@@@@@@@@@@ Subject18/Scene3/Color/rgb3
[INFO]: Videot  is loading... /home/aipu/qyh/datasets/EgoGesture/videos/Subject18/Scene3/Color/rgb3 Subject18/Scene3/Color/rgb3
Late Detected - class : 78 with prob : 0.43291186538868354 at frame 275
Late Detected - class : 68 with prob : 0.22665287369099324 at frame 536
Late Detected - class : 52 with prob : 0.6430433351941223 at frame 754
Late Detected - class : 47 with prob : 0.3426164650270916 at frame 904
Late Detected - class : 61 with prob : 0.48178861805602513 at frame 1010
Late Detected - class : 65 with prob : 0.3600867002715858 at frame 1183
Late Detected - class : 48 with prob : 0.38691339159524907 at frame 1269
Late Detected - class : 59 with prob : 0.38095652799425483 at frame 1708
predicted classes: 	 [78 68 52 47 61 65 48 59]
True classes :		 [24 71 78 21 69 52 47 61 65 48 42 59]
Levenshtein Accuracy = 0.5833333333333333 (0.6598639455782312)
[198/431]============
/home/aipu/qyh/datasets/EgoGesture/videos/Subject18/Scene3/Color/rgb7.avi
@@@@@@@@@@@@@@ Subject18/Scene3/Color/rgb7
[INFO]: Videot  is loading... /home/aipu/qyh/datasets/EgoGesture/videos/Subject18/Scene3/Color/rgb7 Subject18/Scene3/Color/rgb7
Late Detected - class : 30 with prob : 0.2226651823177334 at frame 300
Late Detected - class : 39 with prob : 0.4286615080870591 at frame 412
Late Detected - class : 68 with prob : 0.24535010804785504 at frame 574
Late Detected - class : 53 with prob : 0.5138363728132028 at frame 767
Late Detected - class : 56 with prob : 0.42309987575721164 at frame 909
Late Detected - class : 45 with prob : 0.42921407804314515 at frame 1065
Late Detected - class : 35 with prob : 0.4822886058011097 at frame 1192
Late Detected - class : 63 with prob : 0.4634696471887068 at frame 1309
Late Detected - class : 38 with prob : 0.41248580951083524 at frame 1428
Late Detected - class : 13 with prob : 0.4018285468501355 at frame 1621
predicted classes: 	 [30 39 68 53 56 45 35 63 38 13]
True classes :		 [81 30 39  2 53 56 45 35 63 38 13]
Levenshtein Accuracy = 0.8181818181818181 (0.6606498194945848)
[199/431]============
/home/aipu/qyh/datasets/EgoGesture/videos/Subject18/Scene3/Color/rgb4.avi
@@@@@@@@@@@@@@ Subject18/Scene3/Color/rgb4
[INFO]: Videot  is loading... /home/aipu/qyh/datasets/EgoGesture/videos/Subject18/Scene3/Color/rgb4 Subject18/Scene3/Color/rgb4
Late Detected - class : 51 with prob : 0.34872410574003004 at frame 121
Late Detected - class : 44 with prob : 0.3850207053303893 at frame 230
Late Detected - class : 3 with prob : 0.23170072772306288 at frame 316
Late Detected - class : 83 with prob : 0.1902218807967222 at frame 404
Late Detected - class : 14 with prob : 0.49361118087730177 at frame 528
Late Detected - class : 56 with prob : 0.3810875536187866 at frame 662
Late Detected - class : 11 with prob : 0.299969241409193 at frame 1081
Late Detected - class : 74 with prob : 0.42933469647672484 at frame 1254
Late Detected - class : 64 with prob : 0.3677910988533483 at frame 1496
Late Detected - class : 73 with prob : 0.3695421071343434 at frame 1619
Late Detected - class : 29 with prob : 0.35866657993482776 at frame 1686
Late Detected - class : 34 with prob : 0.3300411307510275 at frame 1783
predicted classes: 	 [51 44  3 83 14 56 11 74 64 73 29 34]
True classes :		 [51 44  3 28 14 57 11 74 64 73 29 34]
Levenshtein Accuracy = 0.8333333333333334 (0.6615798922800719)
[200/431]============
/home/aipu/qyh/datasets/EgoGesture/videos/Subject18/Scene3/Color/rgb5.avi
@@@@@@@@@@@@@@ Subject18/Scene3/Color/rgb5
[INFO]: Videot  is loading... /home/aipu/qyh/datasets/EgoGesture/videos/Subject18/Scene3/Color/rgb5 Subject18/Scene3/Color/rgb5
Late Detected - class : 80 with prob : 0.18229019727189882 at frame 185
Late Detected - class : 36 with prob : 0.2461941595245827 at frame 425
Late Detected - class : 9 with prob : 0.4825436619655383 at frame 565
Late Detected - class : 77 with prob : 0.27149855159780356 at frame 717
Late Detected - class : 17 with prob : 0.34881361437406594 at frame 856
Late Detected - class : 32 with prob : 0.29428944626778614 at frame 935
Late Detected - class : 31 with prob : 0.27305582615162066 at frame 996
Late Detected - class : 55 with prob : 0.27751813662726305 at frame 1100
Late Detected - class : 62 with prob : 0.24712899686157183 at frame 1353
Late Detected - class : 54 with prob : 0.24675283997887804 at frame 1590
predicted classes: 	 [80 36  9 77 17 32 31 55 62 54]
True classes :		 [80 18 36  9 77 17 32 31 55 62 54 19]
Levenshtein Accuracy = 0.8333333333333334 (0.6625)
[201/431]============
/home/aipu/qyh/datasets/EgoGesture/videos/Subject18/Scene2/Color/rgb1.avi
@@@@@@@@@@@@@@ Subject18/Scene2/Color/rgb1
[INFO]: Videot  is loading... /home/aipu/qyh/datasets/EgoGesture/videos/Subject18/Scene2/Color/rgb1 Subject18/Scene2/Color/rgb1
Late Detected - class : 8 with prob : 0.3925611341124058 at frame 403
Late Detected - class : 83 with prob : 0.3028963999339428 at frame 518
Late Detected - class : 44 with prob : 0.26536369463558446 at frame 653
Late Detected - class : 80 with prob : 0.3820833140407556 at frame 1028
Late Detected - class : 38 with prob : 0.16982811674153833 at frame 1119
Late Detected - class : 70 with prob : 0.3470706333755291 at frame 1238
Late Detected - class : 61 with prob : 0.4314828040287521 at frame 1318
Late Detected - class : 40 with prob : 0.29165209896903055 at frame 1389
Late Detected - class : 28 with prob : 0.20017633836786794 at frame 1467
predicted classes: 	 [ 8 83 44 80 38 70 61 40 28]
True classes :		 [58  8 66 44 24 62 80 38 70 61 40 28]
Levenshtein Accuracy = 0.6666666666666667 (0.6625222024866785)
[202/431]============
/home/aipu/qyh/datasets/EgoGesture/videos/Subject18/Scene2/Color/rgb2.avi
@@@@@@@@@@@@@@ Subject18/Scene2/Color/rgb2
[INFO]: Videot  is loading... /home/aipu/qyh/datasets/EgoGesture/videos/Subject18/Scene2/Color/rgb2 Subject18/Scene2/Color/rgb2
Late Detected - class : 22 with prob : 0.6143071149656587 at frame 179
Late Detected - class : 57 with prob : 0.24094313631922512 at frame 275
Late Detected - class : 50 with prob : 0.19002819040013338 at frame 336
Late Detected - class : 51 with prob : 0.3103605049890943 at frame 417
Late Detected - class : 4 with prob : 0.17722735840489154 at frame 577
Late Detected - class : 72 with prob : 0.6075472127034822 at frame 735
Late Detected - class : 13 with prob : 0.42182787193303706 at frame 866
Late Detected - class : 47 with prob : 0.31122132970066135 at frame 965
Late Detected - class : 31 with prob : 0.20353203681965618 at frame 1056
Late Detected - class : 20 with prob : 0.23337876025515306 at frame 1138
Late Detected - class : 7 with prob : 0.4817814629463255 at frame 1260
Late Detected - class : 46 with prob : 0.25366406364590127 at frame 1353
predicted classes: 	 [22 57 50 51  4 72 13 47 31 20  7 46]
True classes :		 [22 57 50 51  4 72 13 47 31 20  7 46]
Levenshtein Accuracy = 1.0 (0.6643109540636042)
[203/431]============
/home/aipu/qyh/datasets/EgoGesture/videos/Subject18/Scene2/Color/rgb6.avi
@@@@@@@@@@@@@@ Subject18/Scene2/Color/rgb6
[INFO]: Videot  is loading... /home/aipu/qyh/datasets/EgoGesture/videos/Subject18/Scene2/Color/rgb6 Subject18/Scene2/Color/rgb6
Late Detected - class : 26 with prob : 0.3465675423411466 at frame 166
Late Detected - class : 39 with prob : 0.3429604336123336 at frame 249
Late Detected - class : 83 with prob : 0.19624068259060615 at frame 362
Late Detected - class : 78 with prob : 0.5079015667920795 at frame 528
Late Detected - class : 77 with prob : 0.313946806266578 at frame 695
Late Detected - class : 76 with prob : 0.2196419306063895 at frame 793
Late Detected - class : 45 with prob : 0.3416288020070078 at frame 934
Late Detected - class : 23 with prob : 0.4094782027303213 at frame 1106
Late Detected - class : 83 with prob : 0.22354892649118463 at frame 1197
Late Detected - class : 61 with prob : 0.15279521025985593 at frame 1333
predicted classes: 	 [26 39 83 78 77 76 45 23 83 61]
True classes :		 [26 39  5 78 77 76 45 15 23 60 69  2]
Levenshtein Accuracy = 0.5833333333333333 (0.6638840070298769)
[204/431]============
/home/aipu/qyh/datasets/EgoGesture/videos/Subject18/Scene2/Color/rgb3.avi
@@@@@@@@@@@@@@ Subject18/Scene2/Color/rgb3
[INFO]: Videot  is loading... /home/aipu/qyh/datasets/EgoGesture/videos/Subject18/Scene2/Color/rgb3 Subject18/Scene2/Color/rgb3
Late Detected - class : 12 with prob : 0.33104846411386746 at frame 121
Late Detected - class : 6 with prob : 0.39799149338913076 at frame 217
Late Detected - class : 75 with prob : 0.32840038960475254 at frame 332
Late Detected - class : 11 with prob : 0.2772331348826832 at frame 422
Late Detected - class : 54 with prob : 0.27702927508047565 at frame 597
Late Detected - class : 0 with prob : 0.2526329158845578 at frame 701
Late Detected - class : 37 with prob : 0.36791598842148293 at frame 781
Late Detected - class : 78 with prob : 0.42349243839707806 at frame 959
Late Detected - class : 71 with prob : 0.26928365982111835 at frame 1084
Late Detected - class : 41 with prob : 0.24682237766710619 at frame 1178
Late Detected - class : 9 with prob : 0.24669761807272392 at frame 1408
predicted classes: 	 [12  6 75 11 54  0 37 78 71 41  9]
True classes :		 [12  6 75 11 54  0 37 25 79 71 41  9]
Levenshtein Accuracy = 0.8333333333333334 (0.6647727272727273)
[205/431]============
/home/aipu/qyh/datasets/EgoGesture/videos/Subject18/Scene2/Color/rgb7.avi
@@@@@@@@@@@@@@ Subject18/Scene2/Color/rgb7
[INFO]: Videot  is loading... /home/aipu/qyh/datasets/EgoGesture/videos/Subject18/Scene2/Color/rgb7 Subject18/Scene2/Color/rgb7
Late Detected - class : 43 with prob : 0.39097796902832804 at frame 239
Late Detected - class : 34 with prob : 0.43295329825447193 at frame 381
Late Detected - class : 56 with prob : 0.30417995630898775 at frame 499
Late Detected - class : 33 with prob : 0.3760540263846928 at frame 584
Late Detected - class : 14 with prob : 0.4727319432187877 at frame 765
Late Detected - class : 68 with prob : 0.36656058551240317 at frame 909
Late Detected - class : 29 with prob : 0.23338707937713152 at frame 995
Late Detected - class : 55 with prob : 0.20937383134831053 at frame 1158
Late Detected - class : 52 with prob : 0.6251766082513402 at frame 1549
Late Detected - class : 21 with prob : 0.4064127553566582 at frame 1663
Late Detected - class : 82 with prob : 0.33777659193608384 at frame 1779
predicted classes: 	 [43 34 56 33 14 68 29 55 52 21 82]
True classes :		 [43 34 56 33 14 68 29 55 52 21 82]
Levenshtein Accuracy = 1.0 (0.6663766855154415)
[206/431]============
/home/aipu/qyh/datasets/EgoGesture/videos/Subject18/Scene2/Color/rgb4.avi
@@@@@@@@@@@@@@ Subject18/Scene2/Color/rgb4
[INFO]: Videot  is loading... /home/aipu/qyh/datasets/EgoGesture/videos/Subject18/Scene2/Color/rgb4 Subject18/Scene2/Color/rgb4
Late Detected - class : 42 with prob : 0.2602779248622358 at frame 190
Late Detected - class : 1 with prob : 0.21946537157516163 at frame 374
Late Detected - class : 10 with prob : 0.5339581846061272 at frame 515
Late Detected - class : 36 with prob : 0.4517236935329598 at frame 655
Late Detected - class : 17 with prob : 0.43317230762965553 at frame 792
Late Detected - class : 35 with prob : 0.3307733146066545 at frame 864
Late Detected - class : 48 with prob : 0.601078408907333 at frame 987
Late Detected - class : 19 with prob : 0.27321807847176444 at frame 1060
Late Detected - class : 65 with prob : 0.2619657421500636 at frame 1146
Late Detected - class : 30 with prob : 0.3295762391900497 at frame 1284
Late Detected - class : 73 with prob : 0.2529719068913878 at frame 1401
predicted classes: 	 [42  1 10 36 17 35 48 19 65 30 73]
True classes :		 [42 16  1 10 36 17 35 48 19 65 30 73]
Levenshtein Accuracy = 0.9166666666666666 (0.667676330592817)
[207/431]============
/home/aipu/qyh/datasets/EgoGesture/videos/Subject18/Scene2/Color/rgb5.avi
@@@@@@@@@@@@@@ Subject18/Scene2/Color/rgb5
[INFO]: Videot  is loading... /home/aipu/qyh/datasets/EgoGesture/videos/Subject18/Scene2/Color/rgb5 Subject18/Scene2/Color/rgb5
Late Detected - class : 32 with prob : 0.24440158201798567 at frame 217
Late Detected - class : 53 with prob : 0.37355176243850374 at frame 382
Late Detected - class : 63 with prob : 0.23488756523016166 at frame 474
Late Detected - class : 64 with prob : 0.26878113258909286 at frame 567
Late Detected - class : 74 with prob : 0.39104309475777016 at frame 751
Late Detected - class : 83 with prob : 0.23607509660542264 at frame 844
Late Detected - class : 67 with prob : 0.21306214052371963 at frame 952
Late Detected - class : 3 with prob : 0.26618568949365407 at frame 1132
Late Detected - class : 81 with prob : 0.3856220436773794 at frame 1289
Late Detected - class : 59 with prob : 0.4040260800519626 at frame 1399
Late Detected - class : 49 with prob : 0.4655608080672416 at frame 1596
predicted classes: 	 [32 53 63 64 74 83 67  3 81 59 49]
True classes :		 [18 32 53 63 64 74 27 67  3 81 59 49]
Levenshtein Accuracy = 0.8333333333333334 (0.6685320705983642)
[208/431]============
/home/aipu/qyh/datasets/EgoGesture/videos/Subject18/Scene5/Color/rgb1.avi
@@@@@@@@@@@@@@ Subject18/Scene5/Color/rgb1
[INFO]: Videot  is loading... /home/aipu/qyh/datasets/EgoGesture/videos/Subject18/Scene5/Color/rgb1 Subject18/Scene5/Color/rgb1
Late Detected - class : 56 with prob : 0.4502071570348027 at frame 232
Late Detected - class : 35 with prob : 0.576395688988951 at frame 339
Late Detected - class : 8 with prob : 0.4489921107756266 at frame 537
Late Detected - class : 67 with prob : 0.2900870356990747 at frame 655
Late Detected - class : 37 with prob : 0.3627648823849939 at frame 733
Late Detected - class : 77 with prob : 0.3037151214822766 at frame 873
Late Detected - class : 62 with prob : 0.37840061977868544 at frame 1013
Late Detected - class : 81 with prob : 0.2487742033710594 at frame 1160
Late Detected - class : 51 with prob : 0.30703636761149844 at frame 1236
Late Detected - class : 75 with prob : 0.28650024582234573 at frame 1335
Late Detected - class : 41 with prob : 0.2754988380743187 at frame 1502
predicted classes: 	 [56 35  8 67 37 77 62 81 51 75 41]
True classes :		 [56 35  8 67 37 77 62 81 51 75 28 41]
Levenshtein Accuracy = 0.9166666666666666 (0.6698072805139186)
[209/431]============
/home/aipu/qyh/datasets/EgoGesture/videos/Subject18/Scene5/Color/rgb2.avi
@@@@@@@@@@@@@@ Subject18/Scene5/Color/rgb2
[INFO]: Videot  is loading... /home/aipu/qyh/datasets/EgoGesture/videos/Subject18/Scene5/Color/rgb2 Subject18/Scene5/Color/rgb2
Late Detected - class : 10 with prob : 0.48066239974477776 at frame 347
Late Detected - class : 68 with prob : 0.3871935062356461 at frame 497
Late Detected - class : 48 with prob : 0.49431223918458356 at frame 611
Late Detected - class : 32 with prob : 0.33041566211203865 at frame 733
Late Detected - class : 12 with prob : 0.415195172131273 at frame 944
Late Detected - class : 61 with prob : 0.44460467529972664 at frame 1053
Late Detected - class : 70 with prob : 0.39177108504984515 at frame 1297
Late Detected - class : 2 with prob : 0.2283390166776139 at frame 1676
Late Detected - class : 68 with prob : 0.4421886901896854 at frame 1818
Late Detected - class : 29 with prob : 0.25330303390020015 at frame 1885
predicted classes: 	 [10 68 48 32 12 61 70  2 68 29]
True classes :		 [10 69 48 32 12 61 50 70 59  2 68 29]
Levenshtein Accuracy = 0.75 (0.6702172986791649)
[210/431]============
/home/aipu/qyh/datasets/EgoGesture/videos/Subject18/Scene5/Color/rgb6.avi
@@@@@@@@@@@@@@ Subject18/Scene5/Color/rgb6
[INFO]: Videot  is loading... /home/aipu/qyh/datasets/EgoGesture/videos/Subject18/Scene5/Color/rgb6 Subject18/Scene5/Color/rgb6
Late Detected - class : 53 with prob : 0.4469961614807945 at frame 159
Late Detected - class : 73 with prob : 0.23455914216687596 at frame 344
Late Detected - class : 40 with prob : 0.34473211288668704 at frame 435
Late Detected - class : 3 with prob : 0.23804941667243767 at frame 536
Late Detected - class : 64 with prob : 0.346906209563476 at frame 651
Late Detected - class : 6 with prob : 0.5958319277746403 at frame 782
Late Detected - class : 0 with prob : 0.23279737103863524 at frame 937
Late Detected - class : 13 with prob : 0.46815525192542723 at frame 1307
Late Detected - class : 74 with prob : 0.3879120115898607 at frame 1487
Late Detected - class : 44 with prob : 0.3483441473624975 at frame 1629
Late Detected - class : 66 with prob : 0.2833570152331767 at frame 1719
predicted classes: 	 [53 73 40  3 64  6  0 13 74 44 66]
True classes :		 [53 62 73 40  3 64  6  0 13 74 44 66]
Levenshtein Accuracy = 0.9166666666666666 (0.6714709622721492)
[211/431]============
/home/aipu/qyh/datasets/EgoGesture/videos/Subject18/Scene5/Color/rgb3.avi
@@@@@@@@@@@@@@ Subject18/Scene5/Color/rgb3
[INFO]: Videot  is loading... /home/aipu/qyh/datasets/EgoGesture/videos/Subject18/Scene5/Color/rgb3 Subject18/Scene5/Color/rgb3
Late Detected - class : 44 with prob : 0.44258353942040335 at frame 235
Late Detected - class : 52 with prob : 0.4674415509195334 at frame 571
Late Detected - class : 22 with prob : 0.5847585833995671 at frame 710
Late Detected - class : 56 with prob : 0.171470462195345 at frame 990
Late Detected - class : 20 with prob : 0.16414970263557602 at frame 1079
Late Detected - class : 63 with prob : 0.46781512920042734 at frame 1218
Late Detected - class : 11 with prob : 0.4090461150047961 at frame 1373
Late Detected - class : 23 with prob : 0.3929827773514658 at frame 1519
Late Detected - class : 36 with prob : 0.3266392928569396 at frame 1610
Late Detected - class : 82 with prob : 0.34172595056127836 at frame 1729
predicted classes: 	 [44 52 22 56 20 63 11 23 36 82]
True classes :		 [47 46 52 22 24 57 20 63 11 23 36 82]
Levenshtein Accuracy = 0.6666666666666667 (0.6714466469843948)
[212/431]============
/home/aipu/qyh/datasets/EgoGesture/videos/Subject18/Scene5/Color/rgb7.avi
@@@@@@@@@@@@@@ Subject18/Scene5/Color/rgb7
[INFO]: Videot  is loading... /home/aipu/qyh/datasets/EgoGesture/videos/Subject18/Scene5/Color/rgb7 Subject18/Scene5/Color/rgb7
Late Detected - class : 34 with prob : 0.39068715589796066 at frame 101
Late Detected - class : 58 with prob : 0.4082696076569827 at frame 404
Late Detected - class : 76 with prob : 0.2582520118616209 at frame 538
Late Detected - class : 17 with prob : 0.5112981300562793 at frame 945
Late Detected - class : 7 with prob : 0.5500239035088695 at frame 1065
Late Detected - class : 49 with prob : 0.3662303624555399 at frame 1171
Late Detected - class : 65 with prob : 0.29004271327157083 at frame 1313
Late Detected - class : 71 with prob : 0.32614202808812376 at frame 1441
Late Detected - class : 14 with prob : 0.3784057415991337 at frame 1601
predicted classes: 	 [34 58 76 17  7 49 65 71 14]
True classes :		 [34 58 76 27  1 17  7 49 65 71 14]
Levenshtein Accuracy = 0.8181818181818181 (0.6721242653232578)
[213/431]============
/home/aipu/qyh/datasets/EgoGesture/videos/Subject18/Scene5/Color/rgb4.avi
@@@@@@@@@@@@@@ Subject18/Scene5/Color/rgb4
[INFO]: Videot  is loading... /home/aipu/qyh/datasets/EgoGesture/videos/Subject18/Scene5/Color/rgb4 Subject18/Scene5/Color/rgb4
Late Detected - class : 43 with prob : 0.3197503230927309 at frame 280
Late Detected - class : 5 with prob : 0.3295298571081117 at frame 757
Late Detected - class : 31 with prob : 0.27801964866430817 at frame 998
Late Detected - class : 26 with prob : 0.31576777595211103 at frame 1248
Late Detected - class : 4 with prob : 0.28200293125284254 at frame 1382
Late Detected - class : 39 with prob : 0.4030417314487284 at frame 1501
Late Detected - class : 72 with prob : 0.5513436716143466 at frame 1639
Late Detected - class : 38 with prob : 0.3271276210815568 at frame 1775
Late Detected - class : 30 with prob : 0.6415770344610616 at frame 2091
Late Detected - class : 33 with prob : 0.27206409132195486 at frame 2191
predicted classes: 	 [43  5 31 26  4 39 72 38 30 33]
True classes :		 [43  5 25 31 26  4 39 72 38 19 30 33]
Levenshtein Accuracy = 0.8333333333333334 (0.6729323308270677)
[214/431]============
/home/aipu/qyh/datasets/EgoGesture/videos/Subject18/Scene5/Color/rgb5.avi
@@@@@@@@@@@@@@ Subject18/Scene5/Color/rgb5
[INFO]: Videot  is loading... /home/aipu/qyh/datasets/EgoGesture/videos/Subject18/Scene5/Color/rgb5 Subject18/Scene5/Color/rgb5
Late Detected - class : 42 with prob : 0.3824399544203007 at frame 222
Late Detected - class : 83 with prob : 0.4088322249960952 at frame 400
Late Detected - class : 21 with prob : 0.3265542275247647 at frame 526
Late Detected - class : 45 with prob : 0.31337958533024707 at frame 799
Late Detected - class : 55 with prob : 0.20010322145229736 at frame 1255
Late Detected - class : 16 with prob : 0.2484061725408872 at frame 1354
Late Detected - class : 54 with prob : 0.30009607414405237 at frame 1516
Late Detected - class : 9 with prob : 0.5130612185486443 at frame 1716
Late Detected - class : 80 with prob : 0.38766983409484723 at frame 1895
Late Detected - class : 78 with prob : 0.4052397541827461 at frame 1980
predicted classes: 	 [42 83 21 45 55 16 54  9 80 78]
True classes :		 [42 60 21 15 45 18 55 16 54  9 80 79]
Levenshtein Accuracy = 0.6666666666666667 (0.6729010806317539)
[215/431]============
/home/aipu/qyh/datasets/EgoGesture/videos/Subject18/Scene4/Color/rgb1.avi
@@@@@@@@@@@@@@ Subject18/Scene4/Color/rgb1
[INFO]: Videot  is loading... /home/aipu/qyh/datasets/EgoGesture/videos/Subject18/Scene4/Color/rgb1 Subject18/Scene4/Color/rgb1
Late Detected - class : 11 with prob : 0.3757015851748785 at frame 188
Late Detected - class : 21 with prob : 0.48800744773820415 at frame 288
Late Detected - class : 83 with prob : 0.21334226160895114 at frame 359
Late Detected - class : 30 with prob : 0.2827128593572926 at frame 595
Late Detected - class : 81 with prob : 0.29019065695007085 at frame 784
Late Detected - class : 62 with prob : 0.4477366995317298 at frame 931
Late Detected - class : 65 with prob : 0.5176564245484887 at frame 1042
Late Detected - class : 35 with prob : 0.4701907731969141 at frame 1144
Late Detected - class : 24 with prob : 0.16580895677846835 at frame 1363
Late Detected - class : 2 with prob : 0.4069416989055723 at frame 1479
predicted classes: 	 [11 21 83 30 81 62 65 35 24  2]
True classes :		 [11 21 15 60 30 81 62 65 35 32 24  2]
Levenshtein Accuracy = 0.75 (0.6732837055417701)
[216/431]============
/home/aipu/qyh/datasets/EgoGesture/videos/Subject18/Scene4/Color/rgb2.avi
@@@@@@@@@@@@@@ Subject18/Scene4/Color/rgb2
[INFO]: Videot  is loading... /home/aipu/qyh/datasets/EgoGesture/videos/Subject18/Scene4/Color/rgb2 Subject18/Scene4/Color/rgb2
Late Detected - class : 18 with prob : 0.18009031818811072 at frame 153
Late Detected - class : 83 with prob : 0.24045309323364691 at frame 284
Late Detected - class : 44 with prob : 0.5327810902449772 at frame 458
Late Detected - class : 17 with prob : 0.5181614014780206 at frame 640
Late Detected - class : 42 with prob : 0.36383312264992757 at frame 833
Late Detected - class : 7 with prob : 0.4661735462249494 at frame 953
Late Detected - class : 33 with prob : 0.4740394171505635 at frame 1266
Late Detected - class : 3 with prob : 0.3175044364669379 at frame 1373
Late Detected - class : 26 with prob : 0.2719460304593091 at frame 1606
Late Detected - class : 78 with prob : 0.4558661827284697 at frame 1741
predicted classes: 	 [18 83 44 17 42  7 33  3 26 78]
True classes :		 [18 28 44 17 42  7 80 33  3 50 26 78]
Levenshtein Accuracy = 0.75 (0.6736625514403293)
[217/431]============
/home/aipu/qyh/datasets/EgoGesture/videos/Subject18/Scene4/Color/rgb6.avi
@@@@@@@@@@@@@@ Subject18/Scene4/Color/rgb6
[INFO]: Videot  is loading... /home/aipu/qyh/datasets/EgoGesture/videos/Subject18/Scene4/Color/rgb6 Subject18/Scene4/Color/rgb6
Late Detected - class : 29 with prob : 0.3963071771868505 at frame 132
Late Detected - class : 53 with prob : 0.5025010154509181 at frame 396
Late Detected - class : 23 with prob : 0.4413221697485727 at frame 501
Late Detected - class : 83 with prob : 0.19067867379893935 at frame 689
Late Detected - class : 75 with prob : 0.27427909650999677 at frame 788
Late Detected - class : 48 with prob : 0.49032411750569443 at frame 908
Late Detected - class : 70 with prob : 0.3412929298800051 at frame 1032
Late Detected - class : 19 with prob : 0.3075993704756592 at frame 1153
Late Detected - class : 47 with prob : 0.2591842319599845 at frame 1249
Late Detected - class : 77 with prob : 0.24915554229100012 at frame 1407
Late Detected - class : 54 with prob : 0.27401542275856916 at frame 1620
Late Detected - class : 45 with prob : 0.3311106404698328 at frame 1760
predicted classes: 	 [29 53 23 83 75 48 70 19 47 77 54 45]
True classes :		 [29 53 23 68 75 48 70 19 47 77 54 45]
Levenshtein Accuracy = 0.9166666666666666 (0.6748566748566749)
[218/431]============
/home/aipu/qyh/datasets/EgoGesture/videos/Subject18/Scene4/Color/rgb3.avi
@@@@@@@@@@@@@@ Subject18/Scene4/Color/rgb3
[INFO]: Videot  is loading... /home/aipu/qyh/datasets/EgoGesture/videos/Subject18/Scene4/Color/rgb3 Subject18/Scene4/Color/rgb3
Late Detected - class : 83 with prob : 0.26886377160039066 at frame 238
Late Detected - class : 22 with prob : 0.5322862210314081 at frame 384
Late Detected - class : 14 with prob : 0.2280415797646357 at frame 476
Late Detected - class : 64 with prob : 0.28834709100881184 at frame 702
Late Detected - class : 41 with prob : 0.3341029438062794 at frame 806
Late Detected - class : 10 with prob : 0.2827504845845392 at frame 970
Late Detected - class : 49 with prob : 0.33902875436031493 at frame 1134
Late Detected - class : 76 with prob : 0.30228001928395565 at frame 1504
Late Detected - class : 4 with prob : 0.320357841649582 at frame 1636
predicted classes: 	 [83 22 14 64 41 10 49 76  4]
True classes :		 [27 16 22 14 20 64 41 10 49 76  4 58]
Levenshtein Accuracy = 0.6666666666666667 (0.6748166259168704)
[219/431]============
/home/aipu/qyh/datasets/EgoGesture/videos/Subject18/Scene4/Color/rgb7.avi
@@@@@@@@@@@@@@ Subject18/Scene4/Color/rgb7
[INFO]: Videot  is loading... /home/aipu/qyh/datasets/EgoGesture/videos/Subject18/Scene4/Color/rgb7 Subject18/Scene4/Color/rgb7
Late Detected - class : 83 with prob : 0.3310617850638936 at frame 214
Late Detected - class : 73 with prob : 0.2983999700545049 at frame 324
Late Detected - class : 5 with prob : 0.2740641925238324 at frame 586
Late Detected - class : 1 with prob : 0.30610904252891247 at frame 762
Late Detected - class : 38 with prob : 0.440687974129225 at frame 960
Late Detected - class : 72 with prob : 0.5803912138721191 at frame 1167
Late Detected - class : 31 with prob : 0.28388409516603225 at frame 1241
Late Detected - class : 61 with prob : 0.48849136336064786 at frame 1339
Late Detected - class : 52 with prob : 0.5542237125032804 at frame 1708
predicted classes: 	 [83 73  5  1 38 72 31 61 52]
True classes :		 [59 73  5  1 25 38 72 31 61 79 52]
Levenshtein Accuracy = 0.7272727272727273 (0.6750507099391481)
[220/431]============
/home/aipu/qyh/datasets/EgoGesture/videos/Subject18/Scene4/Color/rgb4.avi
@@@@@@@@@@@@@@ Subject18/Scene4/Color/rgb4
[INFO]: Videot  is loading... /home/aipu/qyh/datasets/EgoGesture/videos/Subject18/Scene4/Color/rgb4 Subject18/Scene4/Color/rgb4
Late Detected - class : 6 with prob : 0.5792528855354552 at frame 144
Late Detected - class : 13 with prob : 0.45246580257489827 at frame 496
Late Detected - class : 74 with prob : 0.44214484469261295 at frame 651
Late Detected - class : 36 with prob : 0.373324821076048 at frame 772
Late Detected - class : 43 with prob : 0.38864942034534894 at frame 956
Late Detected - class : 8 with prob : 0.573282912536819 at frame 1117
Late Detected - class : 63 with prob : 0.27195559459436025 at frame 1270
Late Detected - class : 83 with prob : 0.2104341617530364 at frame 1378
Late Detected - class : 9 with prob : 0.5040638985455703 at frame 1619
Late Detected - class : 83 with prob : 0.4003206529467538 at frame 1765
Late Detected - class : 56 with prob : 0.37882047808864316 at frame 1950
Late Detected - class : 83 with prob : 0.16419612672986433 at frame 2055
predicted classes: 	 [ 6 13 74 36 43  8 63 83  9 83 56 83]
True classes :		 [ 6 13 74 36 43  8 63 69  9 71 56 67]
Levenshtein Accuracy = 0.75 (0.6754138070246266)
[221/431]============
/home/aipu/qyh/datasets/EgoGesture/videos/Subject18/Scene4/Color/rgb5.avi
@@@@@@@@@@@@@@ Subject18/Scene4/Color/rgb5
[INFO]: Videot  is loading... /home/aipu/qyh/datasets/EgoGesture/videos/Subject18/Scene4/Color/rgb5 Subject18/Scene4/Color/rgb5
Late Detected - class : 46 with prob : 0.3811232995027072 at frame 138
Late Detected - class : 0 with prob : 0.39074509645197314 at frame 406
Late Detected - class : 83 with prob : 0.4326199026242835 at frame 513
Late Detected - class : 55 with prob : 0.31834697589208155 at frame 1000
Late Detected - class : 37 with prob : 0.21242275433831664 at frame 1099
Late Detected - class : 66 with prob : 0.2789316596617218 at frame 1242
Late Detected - class : 39 with prob : 0.39232144831039545 at frame 1391
Late Detected - class : 40 with prob : 0.47437276620605134 at frame 1499
Late Detected - class : 82 with prob : 0.3389135798058918 at frame 1728
predicted classes: 	 [46  0 83 55 37 66 39 40 82]
True classes :		 [46  0 34 51 12 55 37 66 39 40 82 57]
Levenshtein Accuracy = 0.6666666666666667 (0.6753716351948573)
[222/431]============
/home/aipu/qyh/datasets/EgoGesture/videos/Subject19/Scene6/Color/rgb1.avi
@@@@@@@@@@@@@@ Subject19/Scene6/Color/rgb1
[INFO]: Videot  is loading... /home/aipu/qyh/datasets/EgoGesture/videos/Subject19/Scene6/Color/rgb1 Subject19/Scene6/Color/rgb1
Late Detected - class : 13 with prob : 0.27267046176889 at frame 164
Late Detected - class : 48 with prob : 0.2732675823040637 at frame 236
Late Detected - class : 8 with prob : 0.24464969642220383 at frame 497
Late Detected - class : 9 with prob : 0.42492239367153595 at frame 884
Late Detected - class : 42 with prob : 0.2786615630939863 at frame 1019
Late Detected - class : 71 with prob : 0.23913212063219844 at frame 1112
Late Detected - class : 41 with prob : 0.18105475609661162 at frame 1426
predicted classes: 	 [13 48  8  9 42 71 41]
True classes :		 [13 48 74  8 70  9 42 71  5 77 41 20]
Levenshtein Accuracy = 0.5833333333333333 (0.6749300279888045)
[223/431]============
/home/aipu/qyh/datasets/EgoGesture/videos/Subject19/Scene6/Color/rgb2.avi
@@@@@@@@@@@@@@ Subject19/Scene6/Color/rgb2
[INFO]: Videot  is loading... /home/aipu/qyh/datasets/EgoGesture/videos/Subject19/Scene6/Color/rgb2 Subject19/Scene6/Color/rgb2
Late Detected - class : 53 with prob : 0.3007428250146283 at frame 142
Late Detected - class : 22 with prob : 0.4755244911452261 at frame 358
Late Detected - class : 35 with prob : 0.31360210089402535 at frame 503
Late Detected - class : 6 with prob : 0.45166027340364534 at frame 591
Late Detected - class : 83 with prob : 0.4581075270118342 at frame 711
Late Detected - class : 58 with prob : 0.2893812256806879 at frame 913
Late Detected - class : 45 with prob : 0.2443088959340808 at frame 1082
Late Detected - class : 78 with prob : 0.41405944622610386 at frame 1249
Late Detected - class : 36 with prob : 0.2603070904538353 at frame 1464
Late Detected - class : 56 with prob : 0.3281767367312114 at frame 1545
predicted classes: 	 [53 22 35  6 83 58 45 78 36 56]
True classes :		 [53 80 22 25 35  6  1 58 45 78 36 57]
Levenshtein Accuracy = 0.6666666666666667 (0.6748905690409869)
[224/431]============
/home/aipu/qyh/datasets/EgoGesture/videos/Subject19/Scene6/Color/rgb6.avi
@@@@@@@@@@@@@@ Subject19/Scene6/Color/rgb6
[INFO]: Videot  is loading... /home/aipu/qyh/datasets/EgoGesture/videos/Subject19/Scene6/Color/rgb6 Subject19/Scene6/Color/rgb6
Late Detected - class : 52 with prob : 0.15607912021516174 at frame 339
Late Detected - class : 17 with prob : 0.36856236730687447 at frame 447
Late Detected - class : 39 with prob : 0.34943897420722525 at frame 597
predicted classes: 	 [52 17 39]
True classes :		 [23 56 52 17 39 15 30 81 26  0]
Levenshtein Accuracy = 0.30000000000000004 (0.6734046769718589)
[225/431]============
/home/aipu/qyh/datasets/EgoGesture/videos/Subject19/Scene6/Color/rgb3.avi
@@@@@@@@@@@@@@ Subject19/Scene6/Color/rgb3
[INFO]: Videot  is loading... /home/aipu/qyh/datasets/EgoGesture/videos/Subject19/Scene6/Color/rgb3 Subject19/Scene6/Color/rgb3
Late Detected - class : 43 with prob : 0.33014894950597956 at frame 248
Late Detected - class : 40 with prob : 0.2141088766417775 at frame 533
Late Detected - class : 66 with prob : 0.16631771797503095 at frame 666
Late Detected - class : 32 with prob : 0.16982804670754034 at frame 1291
Late Detected - class : 10 with prob : 0.35023839885125846 at frame 1441
Late Detected - class : 65 with prob : 0.18615641277580297 at frame 1511
predicted classes: 	 [43 40 66 32 10 65]
True classes :		 [29 43 28 27 60 40 66 69 32 61 10 65]
Levenshtein Accuracy = 0.5 (0.6725838264299803)
[226/431]============
/home/aipu/qyh/datasets/EgoGesture/videos/Subject19/Scene6/Color/rgb7.avi
@@@@@@@@@@@@@@ Subject19/Scene6/Color/rgb7
[INFO]: Videot  is loading... /home/aipu/qyh/datasets/EgoGesture/videos/Subject19/Scene6/Color/rgb7 Subject19/Scene6/Color/rgb7
Late Detected - class : 55 with prob : 0.24456778214581287 at frame 403
Late Detected - class : 4 with prob : 0.20531758867235453 at frame 976
Late Detected - class : 62 with prob : 0.25372974475623084 at frame 1074
Late Detected - class : 12 with prob : 0.19006188325416937 at frame 1172
predicted classes: 	 [55  4 62 12]
True classes :		 [16 50 82 55 24  3 34 64  4 62 12]
Levenshtein Accuracy = 0.36363636363636365 (0.671249018067557)
[227/431]============
/home/aipu/qyh/datasets/EgoGesture/videos/Subject19/Scene6/Color/rgb4.avi
@@@@@@@@@@@@@@ Subject19/Scene6/Color/rgb4
[INFO]: Videot  is loading... /home/aipu/qyh/datasets/EgoGesture/videos/Subject19/Scene6/Color/rgb4 Subject19/Scene6/Color/rgb4
Late Detected - class : 14 with prob : 0.31571788332346995 at frame 365
Late Detected - class : 75 with prob : 0.16767427949909522 at frame 436
Late Detected - class : 63 with prob : 0.32145295835672183 at frame 558
Late Detected - class : 37 with prob : 0.16759692953137653 at frame 677
Late Detected - class : 33 with prob : 0.24652660455884054 at frame 1106
predicted classes: 	 [14 75 63 37 33]
True classes :		 [51 21 59 14 75 63 37 47 73  2 33 76]
Levenshtein Accuracy = 0.41666666666666663 (0.6700547302580141)
[228/431]============
/home/aipu/qyh/datasets/EgoGesture/videos/Subject19/Scene6/Color/rgb5.avi
@@@@@@@@@@@@@@ Subject19/Scene6/Color/rgb5
[INFO]: Videot  is loading... /home/aipu/qyh/datasets/EgoGesture/videos/Subject19/Scene6/Color/rgb5 Subject19/Scene6/Color/rgb5
Late Detected - class : 54 with prob : 0.19637373825151866 at frame 459
Late Detected - class : 83 with prob : 0.3202338980126075 at frame 1030
Late Detected - class : 49 with prob : 0.23434863979592405 at frame 1037
Late Detected - class : 46 with prob : 0.1674353628377044 at frame 1107
Late Detected - class : 72 with prob : 0.5062466815483716 at frame 1200
Late Detected - class : 38 with prob : 0.27438039975325645 at frame 1260
predicted classes: 	 [54 83 49 46 72 38]
True classes :		 [31 68 19  7 54 67 49 46 72 38 79 44]
Levenshtein Accuracy = 0.41666666666666663 (0.6688715953307393)
[229/431]============
/home/aipu/qyh/datasets/EgoGesture/videos/Subject19/Scene1/Color/rgb1.avi
@@@@@@@@@@@@@@ Subject19/Scene1/Color/rgb1
[INFO]: Videot  is loading... /home/aipu/qyh/datasets/EgoGesture/videos/Subject19/Scene1/Color/rgb1 Subject19/Scene1/Color/rgb1
Late Detected - class : 23 with prob : 0.47355510501143583 at frame 122
Late Detected - class : 31 with prob : 0.35057016070494007 at frame 201
Late Detected - class : 69 with prob : 0.3647617839032548 at frame 329
Late Detected - class : 78 with prob : 0.5398259738094826 at frame 599
Late Detected - class : 15 with prob : 0.17680457978625577 at frame 688
Late Detected - class : 70 with prob : 0.31782087123387265 at frame 870
Late Detected - class : 16 with prob : 0.21971298588946836 at frame 1084
Late Detected - class : 13 with prob : 0.3101130735635899 at frame 1346
Late Detected - class : 32 with prob : 0.40665463477700536 at frame 1522
Late Detected - class : 49 with prob : 0.37502129435854514 at frame 1622
predicted classes: 	 [23 31 69 78 15 70 16 13 32 49]
True classes :		 [23 31 69 44 78 15 70 62 16 13 32 49]
Levenshtein Accuracy = 0.8333333333333334 (0.6696359411309063)
[230/431]============
/home/aipu/qyh/datasets/EgoGesture/videos/Subject19/Scene1/Color/rgb2.avi
@@@@@@@@@@@@@@ Subject19/Scene1/Color/rgb2
[INFO]: Videot  is loading... /home/aipu/qyh/datasets/EgoGesture/videos/Subject19/Scene1/Color/rgb2 Subject19/Scene1/Color/rgb2
Late Detected - class : 42 with prob : 0.3347481982574073 at frame 320
Late Detected - class : 46 with prob : 0.4583603650634562 at frame 439
Late Detected - class : 4 with prob : 0.34437893593406105 at frame 724
Late Detected - class : 75 with prob : 0.47856534646392646 at frame 861
Late Detected - class : 77 with prob : 0.47870655186573946 at frame 1030
Late Detected - class : 0 with prob : 0.365960618193549 at frame 1201
Late Detected - class : 47 with prob : 0.46464362462863856 at frame 1318
Late Detected - class : 27 with prob : 0.15212001364309166 at frame 1424
Late Detected - class : 33 with prob : 0.20585158832991104 at frame 1495
Late Detected - class : 26 with prob : 0.15332902980454474 at frame 1611
Late Detected - class : 7 with prob : 0.515379069310814 at frame 1741
predicted classes: 	 [42 46  4 75 77  0 47 27 33 26  7]
True classes :		 [34 42 46  4 30 77  0 47 28 33 27  7]
Levenshtein Accuracy = 0.6666666666666667 (0.6696222050886661)
[231/431]============
/home/aipu/qyh/datasets/EgoGesture/videos/Subject19/Scene1/Color/rgb6.avi
@@@@@@@@@@@@@@ Subject19/Scene1/Color/rgb6
[INFO]: Videot  is loading... /home/aipu/qyh/datasets/EgoGesture/videos/Subject19/Scene1/Color/rgb6 Subject19/Scene1/Color/rgb6
Late Detected - class : 41 with prob : 0.2892082021023081 at frame 116
Late Detected - class : 14 with prob : 0.41919760301614484 at frame 280
Late Detected - class : 61 with prob : 0.2903535075698882 at frame 392
Late Detected - class : 38 with prob : 0.33439080235967794 at frame 485
Late Detected - class : 37 with prob : 0.30014611657461765 at frame 635
Late Detected - class : 36 with prob : 0.5422870289499906 at frame 767
Late Detected - class : 18 with prob : 0.31878885096893156 at frame 849
Late Detected - class : 5 with prob : 0.27595694955766453 at frame 988
Late Detected - class : 56 with prob : 0.30306572668892284 at frame 1185
Late Detected - class : 40 with prob : 0.3370523294334792 at frame 1263
Late Detected - class : 6 with prob : 0.4012047376020872 at frame 1361
predicted classes: 	 [41 14 61 38 37 36 18  5 56 40  6]
True classes :		 [41 14 61 38 24 37 36 18  5 57 40  6]
Levenshtein Accuracy = 0.8333333333333334 (0.670376055257099)
[232/431]============
/home/aipu/qyh/datasets/EgoGesture/videos/Subject19/Scene1/Color/rgb3.avi
@@@@@@@@@@@@@@ Subject19/Scene1/Color/rgb3
[INFO]: Videot  is loading... /home/aipu/qyh/datasets/EgoGesture/videos/Subject19/Scene1/Color/rgb3 Subject19/Scene1/Color/rgb3
Late Detected - class : 83 with prob : 0.19969023236973935 at frame 104
Late Detected - class : 48 with prob : 0.4756694656970098 at frame 216
Late Detected - class : 17 with prob : 0.15806101721381524 at frame 323
Late Detected - class : 66 with prob : 0.3240809028112215 at frame 482
Late Detected - class : 78 with prob : 0.36201703945257757 at frame 633
Late Detected - class : 12 with prob : 0.25631654993424524 at frame 777
Late Detected - class : 52 with prob : 0.5333521296284686 at frame 884
Late Detected - class : 56 with prob : 0.38478756525415586 at frame 1134
Late Detected - class : 73 with prob : 0.3078244308464525 at frame 1243
Late Detected - class : 3 with prob : 0.26468755817758943 at frame 1422
Late Detected - class : 72 with prob : 0.5559922850236042 at frame 1660
Late Detected - class : 26 with prob : 0.43260863113401454 at frame 1778
predicted classes: 	 [83 48 17 66 78 12 52 56 73  3 72 26]
True classes :		 [60 48 17 66 79 12 52 56 73  3 72 26]
Levenshtein Accuracy = 0.8333333333333334 (0.6711229946524064)
[233/431]============
/home/aipu/qyh/datasets/EgoGesture/videos/Subject19/Scene1/Color/rgb7.avi
@@@@@@@@@@@@@@ Subject19/Scene1/Color/rgb7
[INFO]: Videot  is loading... /home/aipu/qyh/datasets/EgoGesture/videos/Subject19/Scene1/Color/rgb7 Subject19/Scene1/Color/rgb7
Late Detected - class : 71 with prob : 0.28544812795889923 at frame 133
Late Detected - class : 68 with prob : 0.20281092777190401 at frame 216
Late Detected - class : 11 with prob : 0.3703912939687793 at frame 336
Late Detected - class : 58 with prob : 0.2813273986202033 at frame 502
Late Detected - class : 21 with prob : 0.25973877665336303 at frame 615
Late Detected - class : 51 with prob : 0.32044151683906635 at frame 693
Late Detected - class : 10 with prob : 0.5012517558784909 at frame 845
Late Detected - class : 74 with prob : 0.1666084729633963 at frame 1016
Late Detected - class : 82 with prob : 0.33562441698497475 at frame 1154
Late Detected - class : 76 with prob : 0.3095039681458759 at frame 1266
Late Detected - class : 43 with prob : 0.4217577990548698 at frame 1525
predicted classes: 	 [71 68 11 58 21 51 10 74 82 76 43]
True classes :		 [71 68 11 58 21 51 10 74 82 76 43]
Levenshtein Accuracy = 1.0 (0.6724990490680868)
[234/431]============
/home/aipu/qyh/datasets/EgoGesture/videos/Subject19/Scene1/Color/rgb4.avi
@@@@@@@@@@@@@@ Subject19/Scene1/Color/rgb4
[INFO]: Videot  is loading... /home/aipu/qyh/datasets/EgoGesture/videos/Subject19/Scene1/Color/rgb4 Subject19/Scene1/Color/rgb4
Late Detected - class : 29 with prob : 0.41885475346098205 at frame 888
Late Detected - class : 80 with prob : 0.25011140321732817 at frame 1019
Late Detected - class : 63 with prob : 0.30138885028118684 at frame 1123
Late Detected - class : 75 with prob : 0.237411984743687 at frame 1207
Late Detected - class : 2 with prob : 0.369275056648767 at frame 1364
Late Detected - class : 77 with prob : 0.40028444320238266 at frame 1512
Late Detected - class : 22 with prob : 0.5549339398179893 at frame 1645
Late Detected - class : 19 with prob : 0.1828521651461108 at frame 1755
Late Detected - class : 53 with prob : 0.4553938944108949 at frame 1943
Late Detected - class : 20 with prob : 0.20534162601780417 at frame 2048
Late Detected - class : 35 with prob : 0.5067990092814127 at frame 2140
Late Detected - class : 54 with prob : 0.3811124985792553 at frame 2521
predicted classes: 	 [29 80 63 75  2 77 22 19 53 20 35 54]
True classes :		 [29 80 63 50  2 77 22 19 53 20 35 54]
Levenshtein Accuracy = 0.9166666666666666 (0.673608481635744)
[235/431]============
/home/aipu/qyh/datasets/EgoGesture/videos/Subject19/Scene1/Color/rgb5.avi
@@@@@@@@@@@@@@ Subject19/Scene1/Color/rgb5
[INFO]: Videot  is loading... /home/aipu/qyh/datasets/EgoGesture/videos/Subject19/Scene1/Color/rgb5 Subject19/Scene1/Color/rgb5
Late Detected - class : 64 with prob : 0.30590114393687734 at frame 251
Late Detected - class : 8 with prob : 0.3089344988775413 at frame 377
Late Detected - class : 1 with prob : 0.37132376174515763 at frame 548
Late Detected - class : 45 with prob : 0.3603372678329824 at frame 675
Late Detected - class : 65 with prob : 0.4501058134329298 at frame 874
Late Detected - class : 39 with prob : 0.33907455666823766 at frame 965
Late Detected - class : 55 with prob : 0.25031547938788085 at frame 1120
Late Detected - class : 67 with prob : 0.1598172079049221 at frame 1308
Late Detected - class : 75 with prob : 0.46226227458189034 at frame 1424
Late Detected - class : 59 with prob : 0.38806594806733496 at frame 1553
Late Detected - class : 9 with prob : 0.44378505242977345 at frame 1726
predicted classes: 	 [64  8  1 45 65 39 55 67 75 59  9]
True classes :		 [23 31 69 44 78 15 70 62 16 13 32 49]
Levenshtein Accuracy = 0.0 (0.6705616283452696)
[236/431]============
/home/aipu/qyh/datasets/EgoGesture/videos/Subject19/Scene3/Color/rgb1.avi
@@@@@@@@@@@@@@ Subject19/Scene3/Color/rgb1
[INFO]: Videot  is loading... /home/aipu/qyh/datasets/EgoGesture/videos/Subject19/Scene3/Color/rgb1 Subject19/Scene3/Color/rgb1
Late Detected - class : 21 with prob : 0.2515868824615733 at frame 82
Late Detected - class : 11 with prob : 0.27175978682264773 at frame 172
Late Detected - class : 23 with prob : 0.18681266946198355 at frame 324
Late Detected - class : 78 with prob : 0.17588438574609844 at frame 432
Late Detected - class : 63 with prob : 0.21081944287500828 at frame 518
Late Detected - class : 42 with prob : 0.20319527505937945 at frame 732
Late Detected - class : 5 with prob : 0.4114954905782335 at frame 969
Late Detected - class : 64 with prob : 0.21158431669847985 at frame 1078
Late Detected - class : 26 with prob : 0.19986752787615628 at frame 1223
predicted classes: 	 [21 11 23 78 63 42  5 64 26]
True classes :		 [21 11 27 23 79 63  5 42 70 76 64 26]
Levenshtein Accuracy = 0.5833333333333333 (0.6701688555347092)
[237/431]============
/home/aipu/qyh/datasets/EgoGesture/videos/Subject19/Scene3/Color/rgb2.avi
@@@@@@@@@@@@@@ Subject19/Scene3/Color/rgb2
[INFO]: Videot  is loading... /home/aipu/qyh/datasets/EgoGesture/videos/Subject19/Scene3/Color/rgb2 Subject19/Scene3/Color/rgb2
Late Detected - class : 82 with prob : 0.19450916585911612 at frame 146
Late Detected - class : 36 with prob : 0.20116759872668138 at frame 321
Late Detected - class : 8 with prob : 0.3653652466887614 at frame 418
Late Detected - class : 47 with prob : 0.23614415432478816 at frame 492
Late Detected - class : 17 with prob : 0.44152502316333825 at frame 747
Late Detected - class : 29 with prob : 0.15578292539094452 at frame 821
Late Detected - class : 10 with prob : 0.47734682969313874 at frame 937
Late Detected - class : 4 with prob : 0.34120725636691207 at frame 1182
Late Detected - class : 40 with prob : 0.26484123483191674 at frame 1281
predicted classes: 	 [82 36  8 47 17 29 10  4 40]
True classes :		 [82 67 36  8 47 65 24 17 29 10  4 40]
Levenshtein Accuracy = 0.75 (0.6705267090026149)
[238/431]============
/home/aipu/qyh/datasets/EgoGesture/videos/Subject19/Scene3/Color/rgb6.avi
@@@@@@@@@@@@@@ Subject19/Scene3/Color/rgb6
[INFO]: Videot  is loading... /home/aipu/qyh/datasets/EgoGesture/videos/Subject19/Scene3/Color/rgb6 Subject19/Scene3/Color/rgb6
Late Detected - class : 0 with prob : 0.15535687245733132 at frame 136
Late Detected - class : 66 with prob : 0.21952463444739317 at frame 243
Late Detected - class : 46 with prob : 0.4258395282010893 at frame 338
Late Detected - class : 31 with prob : 0.1996359444826417 at frame 410
Late Detected - class : 43 with prob : 0.3869509217985821 at frame 562
Late Detected - class : 49 with prob : 0.2870664088978068 at frame 664
Late Detected - class : 48 with prob : 0.260044416198868 at frame 1094
Late Detected - class : 71 with prob : 0.1957564572362978 at frame 1309
Late Detected - class : 53 with prob : 0.25758851914130987 at frame 1420
predicted classes: 	 [ 0 66 46 31 43 49 48 71 53]
True classes :		 [ 0 66 46 31 43 49 13 32 48 50 71 53]
Levenshtein Accuracy = 0.75 (0.6708813685384901)
[239/431]============
/home/aipu/qyh/datasets/EgoGesture/videos/Subject19/Scene3/Color/rgb3.avi
@@@@@@@@@@@@@@ Subject19/Scene3/Color/rgb3
[INFO]: Videot  is loading... /home/aipu/qyh/datasets/EgoGesture/videos/Subject19/Scene3/Color/rgb3 Subject19/Scene3/Color/rgb3
Late Detected - class : 9 with prob : 0.39033407624139094 at frame 217
Late Detected - class : 41 with prob : 0.18382880861099213 at frame 294
Late Detected - class : 51 with prob : 0.23714374509385877 at frame 365
Late Detected - class : 52 with prob : 0.20332402487941365 at frame 642
Late Detected - class : 6 with prob : 0.21893649662228304 at frame 750
Late Detected - class : 2 with prob : 0.214523899282525 at frame 1087
Late Detected - class : 54 with prob : 0.2926540131443492 at frame 1225
Late Detected - class : 22 with prob : 0.5484453125487494 at frame 1320
predicted classes: 	 [ 9 41 51 52  6  2 54 22]
True classes :		 [45  9 41 51 30 16 52  6 34  2 54 22]
Levenshtein Accuracy = 0.6666666666666667 (0.6708626434653832)
[240/431]============
/home/aipu/qyh/datasets/EgoGesture/videos/Subject19/Scene3/Color/rgb7.avi
@@@@@@@@@@@@@@ Subject19/Scene3/Color/rgb7
[INFO]: Videot  is loading... /home/aipu/qyh/datasets/EgoGesture/videos/Subject19/Scene3/Color/rgb7 Subject19/Scene3/Color/rgb7
Late Detected - class : 19 with prob : 0.2922281706402064 at frame 181
Late Detected - class : 14 with prob : 0.3453606019905688 at frame 357
Late Detected - class : 72 with prob : 0.6036055986037293 at frame 507
Late Detected - class : 7 with prob : 0.33177795068063254 at frame 621
Late Detected - class : 61 with prob : 0.38053265720675106 at frame 790
Late Detected - class : 56 with prob : 0.17093360445863862 at frame 887
Late Detected - class : 73 with prob : 0.19384485975061574 at frame 970
predicted classes: 	 [19 14 72  7 61 56 73]
True classes :		 [62 19 25 14 72  7 20 61 57 73 68]
Levenshtein Accuracy = 0.5454545454545454 (0.6703539823008849)
[241/431]============
/home/aipu/qyh/datasets/EgoGesture/videos/Subject19/Scene3/Color/rgb4.avi
@@@@@@@@@@@@@@ Subject19/Scene3/Color/rgb4
[INFO]: Videot  is loading... /home/aipu/qyh/datasets/EgoGesture/videos/Subject19/Scene3/Color/rgb4 Subject19/Scene3/Color/rgb4
Late Detected - class : 44 with prob : 0.2501877065563984 at frame 100
Late Detected - class : 12 with prob : 0.1671351682818373 at frame 344
Late Detected - class : 81 with prob : 0.3118721422899099 at frame 583
Late Detected - class : 28 with prob : 0.2574673828620321 at frame 665
Late Detected - class : 56 with prob : 0.18496319153576518 at frame 855
Late Detected - class : 75 with prob : 0.3206005494149234 at frame 962
Late Detected - class : 55 with prob : 0.28896234834084294 at frame 1089
Late Detected - class : 74 with prob : 0.225342859760763 at frame 1207
Late Detected - class : 60 with prob : 0.22399752999984204 at frame 1309
predicted classes: 	 [44 12 81 28 56 75 55 74 60]
True classes :		 [44 80 12 77 81 28 58 78 75 55 74 60]
Levenshtein Accuracy = 0.6666666666666667 (0.6703377386196769)
[242/431]============
/home/aipu/qyh/datasets/EgoGesture/videos/Subject19/Scene3/Color/rgb5.avi
@@@@@@@@@@@@@@ Subject19/Scene3/Color/rgb5
[INFO]: Videot  is loading... /home/aipu/qyh/datasets/EgoGesture/videos/Subject19/Scene3/Color/rgb5 Subject19/Scene3/Color/rgb5
Late Detected - class : 3 with prob : 0.22362426709944763 at frame 153
Late Detected - class : 39 with prob : 0.32116936667043616 at frame 247
Late Detected - class : 37 with prob : 0.35006216328884376 at frame 324
Late Detected - class : 35 with prob : 0.38867199625179605 at frame 537
Late Detected - class : 38 with prob : 0.3899984506844178 at frame 628
Late Detected - class : 33 with prob : 0.2779288087373399 at frame 700
Late Detected - class : 56 with prob : 0.39261803913677834 at frame 916
Late Detected - class : 15 with prob : 0.27879797656106636 at frame 1256
predicted classes: 	 [ 3 39 37 35 38 33 56 15]
True classes :		 [ 3 39 37 59 35 38 33 18 56  1 69 15]
Levenshtein Accuracy = 0.6666666666666667 (0.6703216374269005)
[243/431]============
/home/aipu/qyh/datasets/EgoGesture/videos/Subject19/Scene2/Color/rgb1.avi
@@@@@@@@@@@@@@ Subject19/Scene2/Color/rgb1
[INFO]: Videot  is loading... /home/aipu/qyh/datasets/EgoGesture/videos/Subject19/Scene2/Color/rgb1 Subject19/Scene2/Color/rgb1
Late Detected - class : 9 with prob : 0.3526792424303163 at frame 104
Late Detected - class : 37 with prob : 0.21091610925414186 at frame 279
Late Detected - class : 58 with prob : 0.19769098353390674 at frame 774
Late Detected - class : 82 with prob : 0.38547814828768034 at frame 899
Late Detected - class : 73 with prob : 0.29693919232358995 at frame 1274
Late Detected - class : 70 with prob : 0.1752188694310223 at frame 1415
Late Detected - class : 82 with prob : 0.2518948873701957 at frame 1655
predicted classes: 	 [ 9 37 58 82 73 70 82]
True classes :		 [ 9 75 37 76 58 82 19 16 73 70 18 67]
Levenshtein Accuracy = 0.5 (0.6695778748180495)
[244/431]============
/home/aipu/qyh/datasets/EgoGesture/videos/Subject19/Scene2/Color/rgb2.avi
@@@@@@@@@@@@@@ Subject19/Scene2/Color/rgb2
[INFO]: Videot  is loading... /home/aipu/qyh/datasets/EgoGesture/videos/Subject19/Scene2/Color/rgb2 Subject19/Scene2/Color/rgb2
Late Detected - class : 53 with prob : 0.4848207702078911 at frame 499
Late Detected - class : 28 with prob : 0.25076660416616586 at frame 695
Late Detected - class : 63 with prob : 0.38355746377200384 at frame 837
Late Detected - class : 47 with prob : 0.2812680170410298 at frame 938
Late Detected - class : 59 with prob : 0.383937833041647 at frame 1074
Late Detected - class : 42 with prob : 0.34353436655578967 at frame 1288
Late Detected - class : 56 with prob : 0.19817875683893424 at frame 1424
Late Detected - class : 36 with prob : 0.5968982051667051 at frame 1821
Late Detected - class : 3 with prob : 0.4304909731033333 at frame 2047
Late Detected - class : 40 with prob : 0.3344482857214049 at frame 2159
Late Detected - class : 21 with prob : 0.36857436267334803 at frame 2240
predicted classes: 	 [53 28 63 47 59 42 56 36  3 40 21]
True classes :		 [53 28 63 47 59 42 57 36 50  3 40 21]
Levenshtein Accuracy = 0.8333333333333334 (0.6702898550724637)
[245/431]============
/home/aipu/qyh/datasets/EgoGesture/videos/Subject19/Scene2/Color/rgb6.avi
@@@@@@@@@@@@@@ Subject19/Scene2/Color/rgb6
[INFO]: Videot  is loading... /home/aipu/qyh/datasets/EgoGesture/videos/Subject19/Scene2/Color/rgb6 Subject19/Scene2/Color/rgb6
Late Detected - class : 34 with prob : 0.22914257348404976 at frame 99
Late Detected - class : 64 with prob : 0.3831933537154745 at frame 255
Late Detected - class : 81 with prob : 0.4198066700784519 at frame 511
Late Detected - class : 29 with prob : 0.3134458059029196 at frame 600
Late Detected - class : 54 with prob : 0.19608624036255531 at frame 928
Late Detected - class : 46 with prob : 0.3261613640415174 at frame 1121
Late Detected - class : 71 with prob : 0.16730690195410675 at frame 1259
Late Detected - class : 10 with prob : 0.4719942023432408 at frame 1429
Late Detected - class : 65 with prob : 0.3282385337627142 at frame 1651
Late Detected - class : 49 with prob : 0.302644337664986 at frame 1741
predicted classes: 	 [34 64 81 29 54 46 71 10 65 49]
True classes :		 [34 64 81 29 68 54 24 46 71 10 65 49]
Levenshtein Accuracy = 0.8333333333333334 (0.670995670995671)
[246/431]============
/home/aipu/qyh/datasets/EgoGesture/videos/Subject19/Scene2/Color/rgb3.avi
@@@@@@@@@@@@@@ Subject19/Scene2/Color/rgb3
[INFO]: Videot  is loading... /home/aipu/qyh/datasets/EgoGesture/videos/Subject19/Scene2/Color/rgb3 Subject19/Scene2/Color/rgb3
Late Detected - class : 15 with prob : 0.2492809502539102 at frame 60
Late Detected - class : 43 with prob : 0.38490362712614173 at frame 315
Late Detected - class : 7 with prob : 0.41707587841151256 at frame 507
Late Detected - class : 12 with prob : 0.2907683387343579 at frame 674
Late Detected - class : 25 with prob : 0.24434670496905506 at frame 783
Late Detected - class : 60 with prob : 0.23242914749201507 at frame 874
Late Detected - class : 22 with prob : 0.5273481638998286 at frame 976
Late Detected - class : 35 with prob : 0.5088652283201178 at frame 1299
Late Detected - class : 48 with prob : 0.34821245978382853 at frame 1410
Late Detected - class : 1 with prob : 0.2752585118491708 at frame 1635
Late Detected - class : 11 with prob : 0.3677808420263191 at frame 1861
predicted classes: 	 [15 43  7 12 25 60 22 35 48  1 11]
True classes :		 [15 43  7 12 25 60 22 79 35 48  1 11]
Levenshtein Accuracy = 0.9166666666666666 (0.6720545977011494)
[247/431]============
/home/aipu/qyh/datasets/EgoGesture/videos/Subject19/Scene2/Color/rgb7.avi
@@@@@@@@@@@@@@ Subject19/Scene2/Color/rgb7
[INFO]: Videot  is loading... /home/aipu/qyh/datasets/EgoGesture/videos/Subject19/Scene2/Color/rgb7 Subject19/Scene2/Color/rgb7
Late Detected - class : 34 with prob : 0.20518285183375087 at frame 368
Late Detected - class : 31 with prob : 0.3580863315919062 at frame 472
Late Detected - class : 13 with prob : 0.3134697170043122 at frame 639
Late Detected - class : 5 with prob : 0.4349503621284705 at frame 1105
Late Detected - class : 62 with prob : 0.2814174799164116 at frame 1340
Late Detected - class : 77 with prob : 0.2905895813357569 at frame 1589
Late Detected - class : 2 with prob : 0.3578790016452211 at frame 1824
predicted classes: 	 [34 31 13  5 62 77  2]
True classes :		 [45 74 31 13 27 26  5 51 62 77  2]
Levenshtein Accuracy = 0.5454545454545454 (0.6715563506261181)
[248/431]============
/home/aipu/qyh/datasets/EgoGesture/videos/Subject19/Scene2/Color/rgb4.avi
@@@@@@@@@@@@@@ Subject19/Scene2/Color/rgb4
[INFO]: Videot  is loading... /home/aipu/qyh/datasets/EgoGesture/videos/Subject19/Scene2/Color/rgb4 Subject19/Scene2/Color/rgb4
Late Detected - class : 14 with prob : 0.4172808133697943 at frame 154
Late Detected - class : 38 with prob : 0.39703134651252464 at frame 272
Late Detected - class : 66 with prob : 0.30140504672796087 at frame 388
Late Detected - class : 0 with prob : 0.29744432212549865 at frame 636
Late Detected - class : 80 with prob : 0.25353155642942665 at frame 842
Late Detected - class : 41 with prob : 0.3402217807899988 at frame 1008
Late Detected - class : 8 with prob : 0.47392871086197125 at frame 1145
Late Detected - class : 56 with prob : 0.3352320461020744 at frame 1301
Late Detected - class : 17 with prob : 0.6180863943359569 at frame 1703
Late Detected - class : 32 with prob : 0.41245676709146356 at frame 1814
predicted classes: 	 [14 38 66  0 80 41  8 56 17 32]
True classes :		 [14 38 66 69  0 80 41  8 56 20 17 32]
Levenshtein Accuracy = 0.8333333333333334 (0.6722479515496972)
[249/431]============
/home/aipu/qyh/datasets/EgoGesture/videos/Subject19/Scene2/Color/rgb5.avi
@@@@@@@@@@@@@@ Subject19/Scene2/Color/rgb5
[INFO]: Videot  is loading... /home/aipu/qyh/datasets/EgoGesture/videos/Subject19/Scene2/Color/rgb5 Subject19/Scene2/Color/rgb5
Late Detected - class : 75 with prob : 0.1669853614789108 at frame 159
Late Detected - class : 52 with prob : 0.4376369746672324 at frame 266
Late Detected - class : 61 with prob : 0.3073495185555098 at frame 359
Late Detected - class : 72 with prob : 0.599336630811738 at frame 524
Late Detected - class : 39 with prob : 0.2903917386210192 at frame 635
Late Detected - class : 44 with prob : 0.18841542696158986 at frame 741
Late Detected - class : 55 with prob : 0.35589887620458016 at frame 907
Late Detected - class : 4 with prob : 0.3002235683747131 at frame 1065
Late Detected - class : 6 with prob : 0.504326220797109 at frame 1224
Late Detected - class : 56 with prob : 0.22691100227329494 at frame 1492
Late Detected - class : 33 with prob : 0.38041680815118106 at frame 1591
Late Detected - class : 23 with prob : 0.4494712467719591 at frame 1675
predicted classes: 	 [75 52 61 72 39 44 55  4  6 56 33 23]
True classes :		 [30 52 61 72 39 44 55  4  6 78 33 23]
Levenshtein Accuracy = 0.8333333333333334 (0.6729336644200071)
[250/431]============
/home/aipu/qyh/datasets/EgoGesture/videos/Subject19/Scene5/Color/rgb1.avi
@@@@@@@@@@@@@@ Subject19/Scene5/Color/rgb1
[INFO]: Videot  is loading... /home/aipu/qyh/datasets/EgoGesture/videos/Subject19/Scene5/Color/rgb1 Subject19/Scene5/Color/rgb1
Late Detected - class : 40 with prob : 0.28152956227642534 at frame 72
Late Detected - class : 76 with prob : 0.17188074719255106 at frame 212
Late Detected - class : 22 with prob : 0.462576269036203 at frame 309
Late Detected - class : 78 with prob : 0.32513232888627935 at frame 402
Late Detected - class : 33 with prob : 0.2429471390321831 at frame 484
Late Detected - class : 59 with prob : 0.28828603035847694 at frame 600
Late Detected - class : 20 with prob : 0.19969295498600537 at frame 695
Late Detected - class : 38 with prob : 0.3269110880625113 at frame 791
Late Detected - class : 44 with prob : 0.16788875111313098 at frame 912
Late Detected - class : 67 with prob : 0.29026750008329577 at frame 1034
Late Detected - class : 46 with prob : 0.40844305812022796 at frame 1231
predicted classes: 	 [40 76 22 78 33 59 20 38 44 67 46]
True classes :		 [40 76 22 78 33 59 20 38 44 67 73 46]
Levenshtein Accuracy = 0.9166666666666666 (0.6739667961850936)
[251/431]============
/home/aipu/qyh/datasets/EgoGesture/videos/Subject19/Scene5/Color/rgb2.avi
@@@@@@@@@@@@@@ Subject19/Scene5/Color/rgb2
[INFO]: Videot  is loading... /home/aipu/qyh/datasets/EgoGesture/videos/Subject19/Scene5/Color/rgb2 Subject19/Scene5/Color/rgb2
Late Detected - class : 4 with prob : 0.22659338866784892 at frame 89
Late Detected - class : 25 with prob : 0.23478774271066763 at frame 266
Late Detected - class : 72 with prob : 0.5314623462943693 at frame 381
Late Detected - class : 24 with prob : 0.16574866068858435 at frame 447
Late Detected - class : 55 with prob : 0.2882767715841678 at frame 602
Late Detected - class : 26 with prob : 0.24132483173670596 at frame 778
Late Detected - class : 71 with prob : 0.19831402578553553 at frame 948
Late Detected - class : 34 with prob : 0.2112104257052058 at frame 1103
Late Detected - class : 28 with prob : 0.2489043472447566 at frame 1218
Late Detected - class : 18 with prob : 0.15615151474962813 at frame 1313
Late Detected - class : 65 with prob : 0.2694285445803652 at frame 1405
predicted classes: 	 [ 4 25 72 24 55 26 71 34 28 18 65]
True classes :		 [ 4 57 25 72 24 55 26 71 74 28 18 65]
Levenshtein Accuracy = 0.8333333333333334 (0.6746394653534998)
[252/431]============
/home/aipu/qyh/datasets/EgoGesture/videos/Subject19/Scene5/Color/rgb6.avi
@@@@@@@@@@@@@@ Subject19/Scene5/Color/rgb6
[INFO]: Videot  is loading... /home/aipu/qyh/datasets/EgoGesture/videos/Subject19/Scene5/Color/rgb6 Subject19/Scene5/Color/rgb6
Late Detected - class : 12 with prob : 0.22427796197297292 at frame 156
Late Detected - class : 14 with prob : 0.3585558990459239 at frame 313
Late Detected - class : 52 with prob : 0.3529326461230938 at frame 422
Late Detected - class : 43 with prob : 0.30317899509974033 at frame 618
Late Detected - class : 42 with prob : 0.28651192340053744 at frame 807
Late Detected - class : 1 with prob : 0.2161704401637036 at frame 1031
Late Detected - class : 10 with prob : 0.3371656908969614 at frame 1182
Late Detected - class : 63 with prob : 0.31899400283457946 at frame 1276
Late Detected - class : 23 with prob : 0.23253454135944973 at frame 1358
Late Detected - class : 48 with prob : 0.26265044156029854 at frame 1440
Late Detected - class : 37 with prob : 0.20364732730302448 at frame 1506
predicted classes: 	 [12 14 52 43 42  1 10 63 23 48 37]
True classes :		 [12 14 52 43 42 30  1 10 63 23 48 37]
Levenshtein Accuracy = 0.9166666666666666 (0.6756567425569177)
[253/431]============
/home/aipu/qyh/datasets/EgoGesture/videos/Subject19/Scene5/Color/rgb3.avi
@@@@@@@@@@@@@@ Subject19/Scene5/Color/rgb3
[INFO]: Videot  is loading... /home/aipu/qyh/datasets/EgoGesture/videos/Subject19/Scene5/Color/rgb3 Subject19/Scene5/Color/rgb3
Late Detected - class : 80 with prob : 0.20013340114912817 at frame 269
Late Detected - class : 39 with prob : 0.3866032562202299 at frame 446
Late Detected - class : 60 with prob : 0.17819076102237336 at frame 543
Late Detected - class : 9 with prob : 0.36855250557010816 at frame 672
Late Detected - class : 45 with prob : 0.3423219825594215 at frame 797
Late Detected - class : 7 with prob : 0.26399022569793634 at frame 930
Late Detected - class : 11 with prob : 0.24659123540194167 at frame 1067
Late Detected - class : 0 with prob : 0.25693177682853546 at frame 1171
Late Detected - class : 5 with prob : 0.153934813339489 at frame 1287
Late Detected - class : 34 with prob : 0.2395959813519812 at frame 1418
predicted classes: 	 [80 39 60  9 45  7 11  0  5 34]
True classes :		 [70 80 29 39 60  9 45  7 11  0  5 34]
Levenshtein Accuracy = 0.8333333333333334 (0.6763167073596094)
[254/431]============
/home/aipu/qyh/datasets/EgoGesture/videos/Subject19/Scene5/Color/rgb7.avi
@@@@@@@@@@@@@@ Subject19/Scene5/Color/rgb7
[INFO]: Videot  is loading... /home/aipu/qyh/datasets/EgoGesture/videos/Subject19/Scene5/Color/rgb7 Subject19/Scene5/Color/rgb7
Late Detected - class : 53 with prob : 0.16052689445346272 at frame 138
Late Detected - class : 17 with prob : 0.6027453952024208 at frame 481
Late Detected - class : 41 with prob : 0.24025363676284683 at frame 874
predicted classes: 	 [53 17 41]
True classes :		 [53 82 19 17 58 32 15 41 75 77 79]
Levenshtein Accuracy = 0.2727272727272727 (0.674774148714385)
[255/431]============
/home/aipu/qyh/datasets/EgoGesture/videos/Subject19/Scene5/Color/rgb4.avi
@@@@@@@@@@@@@@ Subject19/Scene5/Color/rgb4
[INFO]: Videot  is loading... /home/aipu/qyh/datasets/EgoGesture/videos/Subject19/Scene5/Color/rgb4 Subject19/Scene5/Color/rgb4
Late Detected - class : 21 with prob : 0.1559980916588408 at frame 122
Late Detected - class : 8 with prob : 0.3232159533564344 at frame 339
Late Detected - class : 13 with prob : 0.26481677359134326 at frame 494
Late Detected - class : 47 with prob : 0.26424843788789387 at frame 582
Late Detected - class : 31 with prob : 0.23589253839530505 at frame 798
Late Detected - class : 6 with prob : 0.42166576872744777 at frame 898
Late Detected - class : 81 with prob : 0.2630729222043931 at frame 1219
Late Detected - class : 64 with prob : 0.18538686033830973 at frame 1444
Late Detected - class : 36 with prob : 0.38403241524472065 at frame 1542
Late Detected - class : 35 with prob : 0.4789117163526261 at frame 1678
predicted classes: 	 [21  8 13 47 31  6 81 64 36 35]
True classes :		 [21 62  8 13 47 31  6 16 81 64 36 35]
Levenshtein Accuracy = 0.8333333333333334 (0.6754325259515571)
[256/431]============
/home/aipu/qyh/datasets/EgoGesture/videos/Subject19/Scene5/Color/rgb5.avi
@@@@@@@@@@@@@@ Subject19/Scene5/Color/rgb5
[INFO]: Videot  is loading... /home/aipu/qyh/datasets/EgoGesture/videos/Subject19/Scene5/Color/rgb5 Subject19/Scene5/Color/rgb5
Late Detected - class : 56 with prob : 0.1778621821073153 at frame 187
Late Detected - class : 61 with prob : 0.1806974324462291 at frame 270
Late Detected - class : 54 with prob : 0.22192066902403312 at frame 373
Late Detected - class : 51 with prob : 0.2799637094813248 at frame 628
Late Detected - class : 3 with prob : 0.18688681344163005 at frame 814
Late Detected - class : 68 with prob : 0.25383068825704996 at frame 891
predicted classes: 	 [56 61 54 51  3 68]
True classes :		 [56 61 54 49 69 51  2  3 68 50 27 66]
Levenshtein Accuracy = 0.5 (0.6747070985527223)
[257/431]============
/home/aipu/qyh/datasets/EgoGesture/videos/Subject19/Scene4/Color/rgb1.avi
@@@@@@@@@@@@@@ Subject19/Scene4/Color/rgb1
[INFO]: Videot  is loading... /home/aipu/qyh/datasets/EgoGesture/videos/Subject19/Scene4/Color/rgb1 Subject19/Scene4/Color/rgb1
Late Detected - class : 83 with prob : 0.25175600095916 at frame 110
Late Detected - class : 1 with prob : 0.28463849490827126 at frame 198
Late Detected - class : 51 with prob : 0.39679318739235114 at frame 372
Late Detected - class : 78 with prob : 0.38594655789899973 at frame 488
Late Detected - class : 57 with prob : 0.31993149270164317 at frame 599
Late Detected - class : 54 with prob : 0.27592978086623143 at frame 704
Late Detected - class : 7 with prob : 0.3341670492706896 at frame 1001
Late Detected - class : 15 with prob : 0.3736218898764799 at frame 1099
Late Detected - class : 18 with prob : 0.35731822188510587 at frame 1195
predicted classes: 	 [83  1 51 78 57 54  7 15 18]
True classes :		 [37  1 24 51 78 57 54 28 45  7 15 18]
Levenshtein Accuracy = 0.6666666666666667 (0.6746739876458476)
[258/431]============
/home/aipu/qyh/datasets/EgoGesture/videos/Subject19/Scene4/Color/rgb2.avi
@@@@@@@@@@@@@@ Subject19/Scene4/Color/rgb2
[INFO]: Videot  is loading... /home/aipu/qyh/datasets/EgoGesture/videos/Subject19/Scene4/Color/rgb2 Subject19/Scene4/Color/rgb2
Late Detected - class : 36 with prob : 0.5025362699358759 at frame 123
Late Detected - class : 77 with prob : 0.24380785130202096 at frame 226
Late Detected - class : 32 with prob : 0.36949459206336077 at frame 407
Late Detected - class : 22 with prob : 0.6198685922691275 at frame 497
Late Detected - class : 60 with prob : 0.3083862284423659 at frame 594
Late Detected - class : 39 with prob : 0.4996376156934228 at frame 738
Late Detected - class : 58 with prob : 0.2810658163358275 at frame 837
Late Detected - class : 34 with prob : 0.28313865191277515 at frame 968
Late Detected - class : 35 with prob : 0.3639977202007041 at frame 1192
Late Detected - class : 2 with prob : 0.24312791909532216 at frame 1271
predicted classes: 	 [36 77 32 22 60 39 58 34 35  2]
True classes :		 [36 77 58 32 22 60 39 59 34 79 35  2]
Levenshtein Accuracy = 0.75 (0.6749829118250171)
[259/431]============
/home/aipu/qyh/datasets/EgoGesture/videos/Subject19/Scene4/Color/rgb6.avi
@@@@@@@@@@@@@@ Subject19/Scene4/Color/rgb6
[INFO]: Videot  is loading... /home/aipu/qyh/datasets/EgoGesture/videos/Subject19/Scene4/Color/rgb6 Subject19/Scene4/Color/rgb6
Late Detected - class : 76 with prob : 0.3430669647482002 at frame 107
Late Detected - class : 55 with prob : 0.2910683763047163 at frame 208
Late Detected - class : 61 with prob : 0.4433415546941924 at frame 300
Late Detected - class : 75 with prob : 0.44607147760259114 at frame 386
Late Detected - class : 12 with prob : 0.3673925635294419 at frame 529
Late Detected - class : 62 with prob : 0.2452222445705155 at frame 642
Late Detected - class : 21 with prob : 0.47541344545939646 at frame 752
Late Detected - class : 17 with prob : 0.7020129291184618 at frame 869
Late Detected - class : 13 with prob : 0.37097181254351164 at frame 984
Late Detected - class : 80 with prob : 0.3520201655414932 at frame 1158
Late Detected - class : 40 with prob : 0.3401733164897001 at frame 1246
Late Detected - class : 48 with prob : 0.3737262373069892 at frame 1336
predicted classes: 	 [76 55 61 75 12 62 21 17 13 80 40 48]
True classes :		 [76 55 61 75 12 62 21 17 13 80 40 48]
Levenshtein Accuracy = 1.0 (0.6763104152484684)
[260/431]============
/home/aipu/qyh/datasets/EgoGesture/videos/Subject19/Scene4/Color/rgb3.avi
@@@@@@@@@@@@@@ Subject19/Scene4/Color/rgb3
[INFO]: Videot  is loading... /home/aipu/qyh/datasets/EgoGesture/videos/Subject19/Scene4/Color/rgb3 Subject19/Scene4/Color/rgb3
Late Detected - class : 4 with prob : 0.30889681168636113 at frame 107
Late Detected - class : 19 with prob : 0.5344832963648936 at frame 245
Late Detected - class : 81 with prob : 0.3206011945009678 at frame 368
Late Detected - class : 33 with prob : 0.40474668059707586 at frame 489
Late Detected - class : 6 with prob : 0.4922415029197054 at frame 619
Late Detected - class : 83 with prob : 0.25213794830956 at frame 733
Late Detected - class : 56 with prob : 0.37098393416705644 at frame 886
Late Detected - class : 26 with prob : 0.39479696381749374 at frame 1112
Late Detected - class : 29 with prob : 0.43019096418966546 at frame 1208
Late Detected - class : 49 with prob : 0.36542326002867703 at frame 1294
predicted classes: 	 [ 4 19 81 33  6 83 56 26 29 49]
True classes :		 [ 4 19 71 33  6 16 56 27 26 29 49 25]
Levenshtein Accuracy = 0.6666666666666667 (0.676271186440678)
[261/431]============
/home/aipu/qyh/datasets/EgoGesture/videos/Subject19/Scene4/Color/rgb7.avi
@@@@@@@@@@@@@@ Subject19/Scene4/Color/rgb7
[INFO]: Videot  is loading... /home/aipu/qyh/datasets/EgoGesture/videos/Subject19/Scene4/Color/rgb7 Subject19/Scene4/Color/rgb7
Late Detected - class : 69 with prob : 0.2322461419529906 at frame 106
Late Detected - class : 8 with prob : 0.47023329379991713 at frame 238
Late Detected - class : 42 with prob : 0.3538789894435575 at frame 376
Late Detected - class : 52 with prob : 0.573246534501778 at frame 506
Late Detected - class : 46 with prob : 0.4914697523727625 at frame 615
Late Detected - class : 72 with prob : 0.193186438273477 at frame 749
Late Detected - class : 43 with prob : 0.39090914399739146 at frame 1055
Late Detected - class : 66 with prob : 0.3727035641422336 at frame 1228
Late Detected - class : 31 with prob : 0.19459256009694062 at frame 1320
Late Detected - class : 30 with prob : 0.19042709363366161 at frame 1386
predicted classes: 	 [69  8 42 52 46 72 43 66 31 30]
True classes :		 [69  8 42 52 46 72 20 43 66 31 23]
Levenshtein Accuracy = 0.8181818181818181 (0.6767983789260384)
[262/431]============
/home/aipu/qyh/datasets/EgoGesture/videos/Subject19/Scene4/Color/rgb4.avi
@@@@@@@@@@@@@@ Subject19/Scene4/Color/rgb4
[INFO]: Videot  is loading... /home/aipu/qyh/datasets/EgoGesture/videos/Subject19/Scene4/Color/rgb4 Subject19/Scene4/Color/rgb4
Late Detected - class : 38 with prob : 0.4826655043092578 at frame 199
Late Detected - class : 82 with prob : 0.4375562902158937 at frame 292
Late Detected - class : 14 with prob : 0.41090335692370217 at frame 458
Late Detected - class : 41 with prob : 0.3571723641097557 at frame 576
Late Detected - class : 3 with prob : 0.2701016941828639 at frame 697
Late Detected - class : 63 with prob : 0.41196623375001135 at frame 839
Late Detected - class : 64 with prob : 0.4944134770121986 at frame 955
Late Detected - class : 81 with prob : 0.38684662030958905 at frame 1119
Late Detected - class : 70 with prob : 0.230344788839223 at frame 1268
Late Detected - class : 44 with prob : 0.425550246850302 at frame 1410
Late Detected - class : 47 with prob : 0.3071969133965289 at frame 1537
predicted classes: 	 [38 82 14 41  3 63 64 81 70 44 47]
True classes :		 [73 38 82 14 41  3 63 64 81 70 44 47]
Levenshtein Accuracy = 0.9166666666666666 (0.6777665657584931)
[263/431]============
/home/aipu/qyh/datasets/EgoGesture/videos/Subject19/Scene4/Color/rgb5.avi
@@@@@@@@@@@@@@ Subject19/Scene4/Color/rgb5
[INFO]: Videot  is loading... /home/aipu/qyh/datasets/EgoGesture/videos/Subject19/Scene4/Color/rgb5 Subject19/Scene4/Color/rgb5
Late Detected - class : 68 with prob : 0.39059444982766206 at frame 179
Late Detected - class : 74 with prob : 0.2566169749627076 at frame 282
Late Detected - class : 5 with prob : 0.35004909791767613 at frame 442
Late Detected - class : 30 with prob : 0.3626147362927167 at frame 625
Late Detected - class : 0 with prob : 0.23487211438213307 at frame 770
Late Detected - class : 65 with prob : 0.36293004839738335 at frame 910
Late Detected - class : 67 with prob : 0.36884815513623975 at frame 1013
Late Detected - class : 9 with prob : 0.39134446153410535 at frame 1177
Late Detected - class : 53 with prob : 0.42129138692698276 at frame 1330
Late Detected - class : 10 with prob : 0.48679734816624226 at frame 1494
Late Detected - class : 11 with prob : 0.3400335360993935 at frame 1597
predicted classes: 	 [68 74  5 30  0 65 67  9 53 10 11]
True classes :		 [68 74  5 50 30  0 65 67  9 53 10 11]
Levenshtein Accuracy = 0.9166666666666666 (0.6787269681742043)
[264/431]============
/home/aipu/qyh/datasets/EgoGesture/videos/Subject28/Scene6/Color/rgb1.avi
@@@@@@@@@@@@@@ Subject28/Scene6/Color/rgb1
[INFO]: Videot  is loading... /home/aipu/qyh/datasets/EgoGesture/videos/Subject28/Scene6/Color/rgb1 Subject28/Scene6/Color/rgb1
Late Detected - class : 42 with prob : 0.24244054501040016 at frame 412
Late Detected - class : 28 with prob : 0.15217912260131722 at frame 470
Late Detected - class : 56 with prob : 0.414085417849172 at frame 562
Late Detected - class : 3 with prob : 0.17433728513233046 at frame 684
Late Detected - class : 61 with prob : 0.23046207652711775 at frame 838
Late Detected - class : 65 with prob : 0.2973923596109491 at frame 1019
Late Detected - class : 9 with prob : 0.37489082939289026 at frame 1106
Late Detected - class : 42 with prob : 0.19999146569870233 at frame 1194
Late Detected - class : 75 with prob : 0.6384352880303328 at frame 1486
Late Detected - class : 37 with prob : 0.32883130304576086 at frame 1550
predicted classes: 	 [42 28 56  3 61 65  9 42 75 37]
True classes :		 [42 28 56  3  2 61 65  9 47 36 75 37]
Levenshtein Accuracy = 0.75 (0.6790123456790124)
[265/431]============
/home/aipu/qyh/datasets/EgoGesture/videos/Subject28/Scene6/Color/rgb2.avi
@@@@@@@@@@@@@@ Subject28/Scene6/Color/rgb2
[INFO]: Videot  is loading... /home/aipu/qyh/datasets/EgoGesture/videos/Subject28/Scene6/Color/rgb2 Subject28/Scene6/Color/rgb2
Late Detected - class : 83 with prob : 0.23419810929274595 at frame 133
Late Detected - class : 53 with prob : 0.22033848856655477 at frame 407
Late Detected - class : 0 with prob : 0.19614757363787808 at frame 481
Late Detected - class : 66 with prob : 0.4098220720682462 at frame 584
Late Detected - class : 64 with prob : 0.4551176112760431 at frame 908
Late Detected - class : 4 with prob : 0.20289887098866435 at frame 1184
Late Detected - class : 1 with prob : 0.18063028039116574 at frame 1266
predicted classes: 	 [83 53  0 66 64  4  1]
True classes :		 [ 5 80 53  0 66 18 82 64 35  4  1 25]
Levenshtein Accuracy = 0.5 (0.6782984380192755)
[266/431]============
/home/aipu/qyh/datasets/EgoGesture/videos/Subject28/Scene6/Color/rgb6.avi
@@@@@@@@@@@@@@ Subject28/Scene6/Color/rgb6
[INFO]: Videot  is loading... /home/aipu/qyh/datasets/EgoGesture/videos/Subject28/Scene6/Color/rgb6 Subject28/Scene6/Color/rgb6
Late Detected - class : 67 with prob : 0.24298986763516964 at frame 276
Late Detected - class : 6 with prob : 0.32328250573741335 at frame 514
Late Detected - class : 23 with prob : 0.33694534756836925 at frame 844
Late Detected - class : 12 with prob : 0.3308142301568 at frame 960
Late Detected - class : 68 with prob : 0.34023616659714856 at frame 1044
Late Detected - class : 22 with prob : 0.4357040303596562 at frame 1109
Late Detected - class : 40 with prob : 0.3758336424772983 at frame 1199
Late Detected - class : 20 with prob : 0.2832799873322616 at frame 1283
predicted classes: 	 [67  6 23 12 68 22 40 20]
True classes :		 [74 67 76  6 77 13 23 12 68 22 40 20]
Levenshtein Accuracy = 0.6666666666666667 (0.6782522343594836)
[267/431]============
/home/aipu/qyh/datasets/EgoGesture/videos/Subject28/Scene6/Color/rgb3.avi
@@@@@@@@@@@@@@ Subject28/Scene6/Color/rgb3
[INFO]: Videot  is loading... /home/aipu/qyh/datasets/EgoGesture/videos/Subject28/Scene6/Color/rgb3 Subject28/Scene6/Color/rgb3
Late Detected - class : 41 with prob : 0.34242217600691166 at frame 145
Late Detected - class : 34 with prob : 0.29673250271824236 at frame 303
Late Detected - class : 26 with prob : 0.1543156295576243 at frame 411
Late Detected - class : 8 with prob : 0.22298299291532725 at frame 479
Late Detected - class : 83 with prob : 0.24362044877092212 at frame 660
Late Detected - class : 21 with prob : 0.31551624039002213 at frame 906
Late Detected - class : 14 with prob : 0.34772274494579386 at frame 1134
Late Detected - class : 32 with prob : 0.410951378943935 at frame 1214
predicted classes: 	 [41 34 26  8 83 21 14 32]
True classes :		 [41 71 34 26  8 44 31 27 59 21 14 32]
Levenshtein Accuracy = 0.5833333333333333 (0.6778766897461259)
[268/431]============
/home/aipu/qyh/datasets/EgoGesture/videos/Subject28/Scene6/Color/rgb7.avi
@@@@@@@@@@@@@@ Subject28/Scene6/Color/rgb7
[INFO]: Videot  is loading... /home/aipu/qyh/datasets/EgoGesture/videos/Subject28/Scene6/Color/rgb7 Subject28/Scene6/Color/rgb7
Late Detected - class : 10 with prob : 0.5334347267966187 at frame 163
Late Detected - class : 58 with prob : 0.4144298845186292 at frame 439
Late Detected - class : 46 with prob : 0.4502408457515854 at frame 531
Late Detected - class : 63 with prob : 0.41513587365989285 at frame 607
Late Detected - class : 78 with prob : 0.2264341873716909 at frame 847
Late Detected - class : 38 with prob : 0.35814770185150535 at frame 953
Late Detected - class : 82 with prob : 0.277527720724887 at frame 1122
Late Detected - class : 24 with prob : 0.3585804746414601 at frame 1248
Late Detected - class : 52 with prob : 0.7676016661239625 at frame 1369
predicted classes: 	 [10 58 46 63 78 38 82 24 52]
True classes :		 [10 79 58 46 63  7 78 38 81 24 52]
Levenshtein Accuracy = 0.7272727272727273 (0.6780551905387647)
[269/431]============
/home/aipu/qyh/datasets/EgoGesture/videos/Subject28/Scene6/Color/rgb4.avi
@@@@@@@@@@@@@@ Subject28/Scene6/Color/rgb4
[INFO]: Videot  is loading... /home/aipu/qyh/datasets/EgoGesture/videos/Subject28/Scene6/Color/rgb4 Subject28/Scene6/Color/rgb4
Late Detected - class : 60 with prob : 0.2002722671034945 at frame 199
Late Detected - class : 51 with prob : 0.3360867203250877 at frame 293
Late Detected - class : 33 with prob : 0.37387489481727637 at frame 364
Late Detected - class : 70 with prob : 0.35179402531314374 at frame 532
Late Detected - class : 11 with prob : 0.22293776477550487 at frame 654
Late Detected - class : 39 with prob : 0.26512404180479704 at frame 777
Late Detected - class : 17 with prob : 0.5598930549910489 at frame 1023
Late Detected - class : 73 with prob : 0.21339974678047022 at frame 1208
Late Detected - class : 30 with prob : 0.30408416167445773 at frame 1304
predicted classes: 	 [60 51 33 70 11 39 17 73 30]
True classes :		 [60 51 33 70 11 39 19 50 17 54 73 30]
Levenshtein Accuracy = 0.75 (0.6783376963350786)
[270/431]============
/home/aipu/qyh/datasets/EgoGesture/videos/Subject28/Scene6/Color/rgb5.avi
@@@@@@@@@@@@@@ Subject28/Scene6/Color/rgb5
[INFO]: Videot  is loading... /home/aipu/qyh/datasets/EgoGesture/videos/Subject28/Scene6/Color/rgb5 Subject28/Scene6/Color/rgb5
Late Detected - class : 62 with prob : 0.18299921754035864 at frame 136
Late Detected - class : 49 with prob : 0.24379432503963533 at frame 259
Late Detected - class : 48 with prob : 0.1846867442786572 at frame 328
Late Detected - class : 55 with prob : 0.2188914941708023 at frame 595
Late Detected - class : 45 with prob : 0.24671438712280255 at frame 1218
predicted classes: 	 [62 49 48 55 45]
True classes :		 [62 49 48 43 55 69 16 29 72 57 45 15]
Levenshtein Accuracy = 0.41666666666666663 (0.6773142112125163)
[271/431]============
/home/aipu/qyh/datasets/EgoGesture/videos/Subject28/Scene1/Color/rgb1.avi
@@@@@@@@@@@@@@ Subject28/Scene1/Color/rgb1
[INFO]: Videot  is loading... /home/aipu/qyh/datasets/EgoGesture/videos/Subject28/Scene1/Color/rgb1 Subject28/Scene1/Color/rgb1
Late Detected - class : 55 with prob : 0.20612463508348852 at frame 260
Late Detected - class : 61 with prob : 0.2885174867643783 at frame 330
Late Detected - class : 21 with prob : 0.21234083280135413 at frame 398
Late Detected - class : 37 with prob : 0.26604464473965195 at frame 462
Late Detected - class : 63 with prob : 0.2992496734439628 at frame 544
Late Detected - class : 66 with prob : 0.20175228012629245 at frame 613
Late Detected - class : 46 with prob : 0.4441219317328366 at frame 768
Late Detected - class : 56 with prob : 0.3100425706833923 at frame 853
Late Detected - class : 3 with prob : 0.19880438732225686 at frame 950
Late Detected - class : 38 with prob : 0.3190960021155896 at frame 1027
predicted classes: 	 [55 61 21 37 63 66 46 56  3 38]
True classes :		 [34 55 61 21 37 63 66 71 46 56  3 38]
Levenshtein Accuracy = 0.8333333333333334 (0.6779220779220779)
[272/431]============
/home/aipu/qyh/datasets/EgoGesture/videos/Subject28/Scene1/Color/rgb2.avi
@@@@@@@@@@@@@@ Subject28/Scene1/Color/rgb2
[INFO]: Videot  is loading... /home/aipu/qyh/datasets/EgoGesture/videos/Subject28/Scene1/Color/rgb2 Subject28/Scene1/Color/rgb2
Late Detected - class : 22 with prob : 0.46594347858358937 at frame 160
Late Detected - class : 43 with prob : 0.2669099245144306 at frame 277
Late Detected - class : 77 with prob : 0.2633062444690542 at frame 565
Late Detected - class : 78 with prob : 0.37425485230201416 at frame 776
Late Detected - class : 76 with prob : 0.25730774922035876 at frame 1041
Late Detected - class : 36 with prob : 0.22380813963116603 at frame 1133
Late Detected - class : 41 with prob : 0.1859686815061544 at frame 1301
predicted classes: 	 [22 43 77 78 76 36 41]
True classes :		 [22 43 20 70 77  4 78  2 45 76 36 41]
Levenshtein Accuracy = 0.5833333333333333 (0.6775549805950841)
[273/431]============
/home/aipu/qyh/datasets/EgoGesture/videos/Subject28/Scene1/Color/rgb6.avi
@@@@@@@@@@@@@@ Subject28/Scene1/Color/rgb6
[INFO]: Videot  is loading... /home/aipu/qyh/datasets/EgoGesture/videos/Subject28/Scene1/Color/rgb6 Subject28/Scene1/Color/rgb6
Late Detected - class : 56 with prob : 0.1610850467310932 at frame 159
Late Detected - class : 83 with prob : 0.35649630590221065 at frame 231
Late Detected - class : 42 with prob : 0.18186009201455297 at frame 351
Late Detected - class : 5 with prob : 0.23447370327713524 at frame 594
Late Detected - class : 31 with prob : 0.2797804417013295 at frame 697
Late Detected - class : 27 with prob : 0.21487977801092478 at frame 769
Late Detected - class : 42 with prob : 0.22139797280104823 at frame 840
Late Detected - class : 33 with prob : 0.24955058549910902 at frame 909
predicted classes: 	 [56 83 42  5 31 27 42 33]
True classes :		 [44 57 25 42 79  5 31 27 47 33 81 15]
Levenshtein Accuracy = 0.41666666666666663 (0.6765463917525774)
[274/431]============
/home/aipu/qyh/datasets/EgoGesture/videos/Subject28/Scene1/Color/rgb3.avi
@@@@@@@@@@@@@@ Subject28/Scene1/Color/rgb3
[INFO]: Videot  is loading... /home/aipu/qyh/datasets/EgoGesture/videos/Subject28/Scene1/Color/rgb3 Subject28/Scene1/Color/rgb3
Late Detected - class : 17 with prob : 0.3924050862122942 at frame 215
Late Detected - class : 23 with prob : 0.32568624827428105 at frame 411
Late Detected - class : 14 with prob : 0.46961127786336915 at frame 550
Late Detected - class : 12 with prob : 0.2287551083225791 at frame 643
Late Detected - class : 6 with prob : 0.3673828870309651 at frame 726
predicted classes: 	 [17 23 14 12  6]
True classes :		 [ 1 17 16 23 14 12  6 62 58 59 67 28]
Levenshtein Accuracy = 0.41666666666666663 (0.6755455712451861)
[275/431]============
/home/aipu/qyh/datasets/EgoGesture/videos/Subject28/Scene1/Color/rgb7.avi
@@@@@@@@@@@@@@ Subject28/Scene1/Color/rgb7
[INFO]: Videot  is loading... /home/aipu/qyh/datasets/EgoGesture/videos/Subject28/Scene1/Color/rgb7 Subject28/Scene1/Color/rgb7
Late Detected - class : 40 with prob : 0.3316797776735143 at frame 156
Late Detected - class : 54 with prob : 0.18298287389820536 at frame 268
Late Detected - class : 75 with prob : 0.37125461496326806 at frame 363
Late Detected - class : 52 with prob : 0.5073662100141695 at frame 466
Late Detected - class : 18 with prob : 0.27266459768315016 at frame 546
Late Detected - class : 8 with prob : 0.27631121993698654 at frame 621
Late Detected - class : 83 with prob : 0.17841172329297852 at frame 743
Late Detected - class : 11 with prob : 0.23156218762162298 at frame 889
Late Detected - class : 50 with prob : 0.15992632933056206 at frame 962
Late Detected - class : 35 with prob : 0.2783123625180675 at frame 1030
predicted classes: 	 [40 54 75 52 18  8 83 11 50 35]
True classes :		 [40 54 75 52 18  8 49 24 11 50 35]
Levenshtein Accuracy = 0.8181818181818181 (0.6760473297089863)
[276/431]============
/home/aipu/qyh/datasets/EgoGesture/videos/Subject28/Scene1/Color/rgb4.avi
@@@@@@@@@@@@@@ Subject28/Scene1/Color/rgb4
[INFO]: Videot  is loading... /home/aipu/qyh/datasets/EgoGesture/videos/Subject28/Scene1/Color/rgb4 Subject28/Scene1/Color/rgb4
Late Detected - class : 9 with prob : 0.40185974504637145 at frame 166
Late Detected - class : 68 with prob : 0.26427893499776933 at frame 244
Late Detected - class : 32 with prob : 0.18406565334499073 at frame 318
Late Detected - class : 72 with prob : 0.3031847528679674 at frame 397
Late Detected - class : 83 with prob : 0.2157632103002521 at frame 512
Late Detected - class : 39 with prob : 0.39499922209787247 at frame 604
Late Detected - class : 19 with prob : 0.28260125563315525 at frame 792
Late Detected - class : 83 with prob : 0.16344821930675393 at frame 863
Late Detected - class : 65 with prob : 0.23921698673163092 at frame 879
Late Detected - class : 60 with prob : 0.18054993290814936 at frame 1045
Late Detected - class : 10 with prob : 0.32499424679281946 at frame 1149
predicted classes: 	 [ 9 68 32 72 83 39 19 83 65 60 10]
True classes :		 [ 9 68 32 72 53 39 30 19 65 51 60 10]
Levenshtein Accuracy = 0.6666666666666667 (0.6760114686205798)
[277/431]============
/home/aipu/qyh/datasets/EgoGesture/videos/Subject28/Scene1/Color/rgb5.avi
@@@@@@@@@@@@@@ Subject28/Scene1/Color/rgb5
[INFO]: Videot  is loading... /home/aipu/qyh/datasets/EgoGesture/videos/Subject28/Scene1/Color/rgb5 Subject28/Scene1/Color/rgb5
Late Detected - class : 45 with prob : 0.40590219942068845 at frame 154
Late Detected - class : 68 with prob : 0.24407686262562095 at frame 212
Late Detected - class : 13 with prob : 0.35236378703861887 at frame 314
Late Detected - class : 83 with prob : 0.21008331765303043 at frame 467
Late Detected - class : 48 with prob : 0.40182337608611096 at frame 553
Late Detected - class : 64 with prob : 0.2942963565808876 at frame 629
Late Detected - class : 83 with prob : 0.4175996954583024 at frame 703
Late Detected - class : 29 with prob : 0.2991370669129262 at frame 776
Late Detected - class : 82 with prob : 0.3951734595432266 at frame 875
Late Detected - class : 0 with prob : 0.2715139651586926 at frame 959
Late Detected - class : 73 with prob : 0.1881786025087654 at frame 1044
predicted classes: 	 [45 68 13 83 48 64 83 29 82  0 73]
True classes :		 [74 69 13  7 26 48 64 80 29 82  0 73]
Levenshtein Accuracy = 0.5833333333333333 (0.6756585211044113)
[278/431]============
/home/aipu/qyh/datasets/EgoGesture/videos/Subject28/Scene3/Color/rgb1.avi
@@@@@@@@@@@@@@ Subject28/Scene3/Color/rgb1
[INFO]: Videot  is loading... /home/aipu/qyh/datasets/EgoGesture/videos/Subject28/Scene3/Color/rgb1 Subject28/Scene3/Color/rgb1
Late Detected - class : 63 with prob : 0.26487261035331966 at frame 253
Late Detected - class : 45 with prob : 0.23120652571983968 at frame 342
Late Detected - class : 35 with prob : 0.4020010884173326 at frame 431
Late Detected - class : 60 with prob : 0.2127706463368742 at frame 534
Late Detected - class : 43 with prob : 0.3336671973038291 at frame 702
Late Detected - class : 80 with prob : 0.27183472691966426 at frame 832
Late Detected - class : 8 with prob : 0.503289468969959 at frame 1060
Late Detected - class : 18 with prob : 0.25461123457955653 at frame 1245
predicted classes: 	 [63 45 35 60 43 80  8 18]
True classes :		 [16 63 45 35 60 43 80 24 47  8 34 18]
Levenshtein Accuracy = 0.6666666666666667 (0.6756244072083465)
[279/431]============
/home/aipu/qyh/datasets/EgoGesture/videos/Subject28/Scene3/Color/rgb2.avi
@@@@@@@@@@@@@@ Subject28/Scene3/Color/rgb2
[INFO]: Videot  is loading... /home/aipu/qyh/datasets/EgoGesture/videos/Subject28/Scene3/Color/rgb2 Subject28/Scene3/Color/rgb2
Late Detected - class : 64 with prob : 0.24827697301609167 at frame 118
Late Detected - class : 48 with prob : 0.400549844290216 at frame 242
Late Detected - class : 1 with prob : 0.1859189350039167 at frame 354
Late Detected - class : 70 with prob : 0.21657719177131204 at frame 466
Late Detected - class : 10 with prob : 0.45479347131579045 at frame 590
Late Detected - class : 73 with prob : 0.1855642282813582 at frame 697
Late Detected - class : 4 with prob : 0.2602134641750738 at frame 831
Late Detected - class : 56 with prob : 0.4070973285244491 at frame 933
Late Detected - class : 7 with prob : 0.26688686895900626 at frame 1069
Late Detected - class : 22 with prob : 0.552065176216103 at frame 1199
Late Detected - class : 68 with prob : 0.42982973976586464 at frame 1460
predicted classes: 	 [64 48  1 70 10 73  4 56  7 22 68]
True classes :		 [64 48  1 70 10 73  4 57  7 22 81 68]
Levenshtein Accuracy = 0.8333333333333334 (0.6762204724409449)
[280/431]============
/home/aipu/qyh/datasets/EgoGesture/videos/Subject28/Scene3/Color/rgb6.avi
@@@@@@@@@@@@@@ Subject28/Scene3/Color/rgb6
[INFO]: Videot  is loading... /home/aipu/qyh/datasets/EgoGesture/videos/Subject28/Scene3/Color/rgb6 Subject28/Scene3/Color/rgb6
Late Detected - class : 6 with prob : 0.48224460287360976 at frame 141
Late Detected - class : 83 with prob : 0.15576644043571983 at frame 223
Late Detected - class : 58 with prob : 0.33540721460715545 at frame 236
Late Detected - class : 77 with prob : 0.2790531345845044 at frame 374
Late Detected - class : 41 with prob : 0.3190230320288044 at frame 484
Late Detected - class : 82 with prob : 0.2965451196196137 at frame 593
Late Detected - class : 74 with prob : 0.3575737531225935 at frame 686
Late Detected - class : 25 with prob : 0.23555601802287746 at frame 759
Late Detected - class : 78 with prob : 0.46620713045308426 at frame 898
Late Detected - class : 53 with prob : 0.2109199607911888 at frame 1013
Late Detected - class : 65 with prob : 0.22939967589603502 at frame 1175
Late Detected - class : 29 with prob : 0.1930813943083307 at frame 1264
predicted classes: 	 [ 6 83 58 77 41 82 74 25 78 53 65 29]
True classes :		 [ 6 58 77 41 82 74 25 78 53 67 65 29]
Levenshtein Accuracy = 0.8333333333333334 (0.6768120489488547)
[281/431]============
/home/aipu/qyh/datasets/EgoGesture/videos/Subject28/Scene3/Color/rgb3.avi
@@@@@@@@@@@@@@ Subject28/Scene3/Color/rgb3
[INFO]: Videot  is loading... /home/aipu/qyh/datasets/EgoGesture/videos/Subject28/Scene3/Color/rgb3 Subject28/Scene3/Color/rgb3
Late Detected - class : 39 with prob : 0.3839394330442739 at frame 178
Late Detected - class : 62 with prob : 0.26814532317819156 at frame 244
Late Detected - class : 61 with prob : 0.3744335115712729 at frame 326
Late Detected - class : 13 with prob : 0.42222832638329577 at frame 476
Late Detected - class : 17 with prob : 0.46986649341124787 at frame 586
Late Detected - class : 11 with prob : 0.28635123004010193 at frame 679
Late Detected - class : 42 with prob : 0.26342179559930046 at frame 838
Late Detected - class : 75 with prob : 0.3831652557889914 at frame 1145
Late Detected - class : 51 with prob : 0.40308191131166576 at frame 1238
Late Detected - class : 55 with prob : 0.31302609013774957 at frame 1391
predicted classes: 	 [39 62 61 13 17 11 42 75 51 55]
True classes :		 [39 62 61 13 17 11 42 59 30 75 51 55]
Levenshtein Accuracy = 0.8333333333333334 (0.6773991872460143)
[282/431]============
/home/aipu/qyh/datasets/EgoGesture/videos/Subject28/Scene3/Color/rgb7.avi
@@@@@@@@@@@@@@ Subject28/Scene3/Color/rgb7
[INFO]: Videot  is loading... /home/aipu/qyh/datasets/EgoGesture/videos/Subject28/Scene3/Color/rgb7 Subject28/Scene3/Color/rgb7
Late Detected - class : 23 with prob : 0.4211931444398747 at frame 107
Late Detected - class : 68 with prob : 0.26958417440250987 at frame 189
Late Detected - class : 33 with prob : 0.31495718810218015 at frame 276
Late Detected - class : 38 with prob : 0.32544413117458004 at frame 356
Late Detected - class : 14 with prob : 0.4040618924495321 at frame 578
Late Detected - class : 12 with prob : 0.3271596878934265 at frame 831
Late Detected - class : 2 with prob : 0.18853208028818788 at frame 1009
predicted classes: 	 [23 68 33 38 14 12  2]
True classes :		 [23 69 33 38 27 14 71 12  0  2 19]
Levenshtein Accuracy = 0.5454545454545454 (0.6769470404984423)
[283/431]============
/home/aipu/qyh/datasets/EgoGesture/videos/Subject28/Scene3/Color/rgb4.avi
@@@@@@@@@@@@@@ Subject28/Scene3/Color/rgb4
[INFO]: Videot  is loading... /home/aipu/qyh/datasets/EgoGesture/videos/Subject28/Scene3/Color/rgb4 Subject28/Scene3/Color/rgb4
Late Detected - class : 78 with prob : 0.15447929263037138 at frame 144
Late Detected - class : 31 with prob : 0.2674031902538799 at frame 220
Late Detected - class : 36 with prob : 0.4964585031829269 at frame 331
Late Detected - class : 72 with prob : 0.39878315697842037 at frame 580
Late Detected - class : 26 with prob : 0.3013675242703319 at frame 673
Late Detected - class : 44 with prob : 0.15092926396424503 at frame 778
Late Detected - class : 20 with prob : 0.32533213632254154 at frame 903
Late Detected - class : 76 with prob : 0.20536339524486605 at frame 1022
Late Detected - class : 1 with prob : 0.3695451389699339 at frame 1178
Late Detected - class : 49 with prob : 0.26846102560490925 at frame 1413
predicted classes: 	 [78 31 36 72 26 44 20 76  1 49]
True classes :		 [79 31 36 15 72 26 44 20 76  5 28 49]
Levenshtein Accuracy = 0.6666666666666667 (0.6769087523277467)
[284/431]============
/home/aipu/qyh/datasets/EgoGesture/videos/Subject28/Scene3/Color/rgb5.avi
@@@@@@@@@@@@@@ Subject28/Scene3/Color/rgb5
[INFO]: Videot  is loading... /home/aipu/qyh/datasets/EgoGesture/videos/Subject28/Scene3/Color/rgb5 Subject28/Scene3/Color/rgb5
Late Detected - class : 40 with prob : 0.2865179078061859 at frame 137
Late Detected - class : 21 with prob : 0.33411558445704465 at frame 244
Late Detected - class : 9 with prob : 0.41622327859362657 at frame 411
Late Detected - class : 56 with prob : 0.40695604504085797 at frame 514
Late Detected - class : 37 with prob : 0.3453124242320175 at frame 609
Late Detected - class : 32 with prob : 0.37676155727612953 at frame 762
Late Detected - class : 52 with prob : 0.6744599307108715 at frame 897
Late Detected - class : 3 with prob : 0.22653667501462355 at frame 1002
Late Detected - class : 50 with prob : 0.18656438864139882 at frame 1070
Late Detected - class : 66 with prob : 0.30615437285562136 at frame 1157
Late Detected - class : 46 with prob : 0.44682104478151086 at frame 1262
Late Detected - class : 54 with prob : 0.22950430593666882 at frame 1365
predicted classes: 	 [40 21  9 56 37 32 52  3 50 66 46 54]
True classes :		 [40 21  9 56 37 32 52  3 50 66 46 54]
Levenshtein Accuracy = 1.0 (0.6781076066790352)
[285/431]============
/home/aipu/qyh/datasets/EgoGesture/videos/Subject28/Scene2/Color/rgb1.avi
@@@@@@@@@@@@@@ Subject28/Scene2/Color/rgb1
[INFO]: Videot  is loading... /home/aipu/qyh/datasets/EgoGesture/videos/Subject28/Scene2/Color/rgb1 Subject28/Scene2/Color/rgb1
Late Detected - class : 62 with prob : 0.25662126501340904 at frame 250
Late Detected - class : 42 with prob : 0.24593838554333178 at frame 324
Late Detected - class : 24 with prob : 0.15506889134540522 at frame 385
Late Detected - class : 60 with prob : 0.34455307472353647 at frame 471
Late Detected - class : 44 with prob : 0.23451454776517952 at frame 694
Late Detected - class : 50 with prob : 0.2720294966403671 at frame 800
Late Detected - class : 12 with prob : 0.33278841550354704 at frame 905
Late Detected - class : 15 with prob : 0.19182947703412362 at frame 997
Late Detected - class : 45 with prob : 0.3809998406212034 at frame 1123
Late Detected - class : 83 with prob : 0.15103115210367093 at frame 1218
Late Detected - class : 56 with prob : 0.40406372694561976 at frame 1234
predicted classes: 	 [62 42 24 60 44 50 12 15 45 83 56]
True classes :		 [74 62 47 24 60 79 44 50 12 15 45 56]
Levenshtein Accuracy = 0.6666666666666667 (0.6780653111521873)
[286/431]============
/home/aipu/qyh/datasets/EgoGesture/videos/Subject28/Scene2/Color/rgb2.avi
@@@@@@@@@@@@@@ Subject28/Scene2/Color/rgb2
[INFO]: Videot  is loading... /home/aipu/qyh/datasets/EgoGesture/videos/Subject28/Scene2/Color/rgb2 Subject28/Scene2/Color/rgb2
Late Detected - class : 32 with prob : 0.3356887572760999 at frame 112
Late Detected - class : 81 with prob : 0.22308951833579008 at frame 223
Late Detected - class : 17 with prob : 0.5212102177224196 at frame 351
Late Detected - class : 6 with prob : 0.41415224836778664 at frame 450
Late Detected - class : 37 with prob : 0.43389826858711317 at frame 542
Late Detected - class : 83 with prob : 0.19430618176978004 at frame 743
Late Detected - class : 22 with prob : 0.5724788977739435 at frame 862
Late Detected - class : 66 with prob : 0.41343300526341936 at frame 953
Late Detected - class : 82 with prob : 0.2133033455752539 at frame 1145
Late Detected - class : 75 with prob : 0.5016878555475338 at frame 1261
Late Detected - class : 39 with prob : 0.4176070491563183 at frame 1370
predicted classes: 	 [32 81 17  6 37 83 22 66 82 75 39]
True classes :		 [32 81 17  6 37 59 16 22 66 82 75 39]
Levenshtein Accuracy = 0.8333333333333334 (0.6786372007366482)
[287/431]============
/home/aipu/qyh/datasets/EgoGesture/videos/Subject28/Scene2/Color/rgb6.avi
@@@@@@@@@@@@@@ Subject28/Scene2/Color/rgb6
[INFO]: Videot  is loading... /home/aipu/qyh/datasets/EgoGesture/videos/Subject28/Scene2/Color/rgb6 Subject28/Scene2/Color/rgb6
Late Detected - class : 49 with prob : 0.2933005337599121 at frame 231
Late Detected - class : 55 with prob : 0.26916359930493183 at frame 377
Late Detected - class : 63 with prob : 0.3646976356091571 at frame 458
Late Detected - class : 31 with prob : 0.327412460688139 at frame 527
Late Detected - class : 72 with prob : 0.3977661954931086 at frame 630
Late Detected - class : 35 with prob : 0.3543739612775267 at frame 703
Late Detected - class : 46 with prob : 0.38008958624542893 at frame 783
Late Detected - class : 56 with prob : 0.15281509497779824 at frame 873
Late Detected - class : 9 with prob : 0.43054284936099285 at frame 1017
Late Detected - class : 78 with prob : 0.3529234546372604 at frame 1166
Late Detected - class : 33 with prob : 0.3625829548134221 at frame 1234
predicted classes: 	 [49 55 63 31 72 35 46 56  9 78 33]
True classes :		 [49 55 63 31 72 35 46 57  9 78 33 69]
Levenshtein Accuracy = 0.8333333333333334 (0.6792048929663609)
[288/431]============
/home/aipu/qyh/datasets/EgoGesture/videos/Subject28/Scene2/Color/rgb3.avi
@@@@@@@@@@@@@@ Subject28/Scene2/Color/rgb3
[INFO]: Videot  is loading... /home/aipu/qyh/datasets/EgoGesture/videos/Subject28/Scene2/Color/rgb3 Subject28/Scene2/Color/rgb3
Late Detected - class : 34 with prob : 0.18199850850861984 at frame 235
Late Detected - class : 54 with prob : 0.2740556758514261 at frame 379
Late Detected - class : 13 with prob : 0.37363397557363376 at frame 509
Late Detected - class : 19 with prob : 0.26920438504677663 at frame 605
Late Detected - class : 80 with prob : 0.2568142945438089 at frame 712
Late Detected - class : 52 with prob : 0.5191359387735196 at frame 854
Late Detected - class : 27 with prob : 0.2418489924670474 at frame 981
Late Detected - class : 77 with prob : 0.29454080780397546 at frame 1089
Late Detected - class : 76 with prob : 0.22955319270378335 at frame 1162
Late Detected - class : 14 with prob : 0.36005708672818704 at frame 1276
Late Detected - class : 51 with prob : 0.47632225392301913 at frame 1375
predicted classes: 	 [34 54 13 19 80 52 27 77 76 14 51]
True classes :		 [30 34 54 13 19 80 52 27 77 76 14 51]
Levenshtein Accuracy = 0.9166666666666666 (0.680073126142596)
[289/431]============
/home/aipu/qyh/datasets/EgoGesture/videos/Subject28/Scene2/Color/rgb7.avi
@@@@@@@@@@@@@@ Subject28/Scene2/Color/rgb7
[INFO]: Videot  is loading... /home/aipu/qyh/datasets/EgoGesture/videos/Subject28/Scene2/Color/rgb7 Subject28/Scene2/Color/rgb7
Late Detected - class : 64 with prob : 0.3252020533819515 at frame 154
Late Detected - class : 43 with prob : 0.3377771620411554 at frame 300
Late Detected - class : 58 with prob : 0.4066720930712364 at frame 387
Late Detected - class : 29 with prob : 0.27790111319140903 at frame 442
Late Detected - class : 0 with prob : 0.3121689597044312 at frame 526
Late Detected - class : 2 with prob : 0.2191111903513134 at frame 596
Late Detected - class : 68 with prob : 0.4689512663202718 at frame 688
Late Detected - class : 38 with prob : 0.39328359906091 at frame 765
Late Detected - class : 4 with prob : 0.3180976403861361 at frame 861
Late Detected - class : 11 with prob : 0.26141636114479905 at frame 1095
predicted classes: 	 [64 43 58 29  0  2 68 38  4 11]
True classes :		 [64 43 58 29  0  2 68 38  4 26 11]
Levenshtein Accuracy = 0.9090909090909091 (0.6808381415122988)
[290/431]============
/home/aipu/qyh/datasets/EgoGesture/videos/Subject28/Scene2/Color/rgb4.avi
@@@@@@@@@@@@@@ Subject28/Scene2/Color/rgb4
[INFO]: Videot  is loading... /home/aipu/qyh/datasets/EgoGesture/videos/Subject28/Scene2/Color/rgb4 Subject28/Scene2/Color/rgb4
Late Detected - class : 42 with prob : 0.25872200182548616 at frame 243
Late Detected - class : 7 with prob : 0.3808902315810378 at frame 359
Late Detected - class : 21 with prob : 0.23601200934825062 at frame 469
Late Detected - class : 61 with prob : 0.35731222597278106 at frame 566
Late Detected - class : 28 with prob : 0.1843632030764661 at frame 665
Late Detected - class : 73 with prob : 0.22487776960582498 at frame 769
Late Detected - class : 1 with prob : 0.22543758102314676 at frame 878
Late Detected - class : 25 with prob : 0.19678584544753586 at frame 960
Late Detected - class : 67 with prob : 0.3021971576958394 at frame 1057
Late Detected - class : 3 with prob : 0.28550821710928936 at frame 1138
Late Detected - class : 10 with prob : 0.4622804279942228 at frame 1260
Late Detected - class : 70 with prob : 0.30605833400587096 at frame 1374
predicted classes: 	 [42  7 21 61 28 73  1 25 67  3 10 70]
True classes :		 [42  7 21 61 28 73  1 25 67  3 10 70]
Levenshtein Accuracy = 1.0 (0.6819969742813918)
[291/431]============
/home/aipu/qyh/datasets/EgoGesture/videos/Subject28/Scene2/Color/rgb5.avi
@@@@@@@@@@@@@@ Subject28/Scene2/Color/rgb5
[INFO]: Videot  is loading... /home/aipu/qyh/datasets/EgoGesture/videos/Subject28/Scene2/Color/rgb5 Subject28/Scene2/Color/rgb5
Late Detected - class : 8 with prob : 0.33054955015716386 at frame 243
Late Detected - class : 18 with prob : 0.3030005365641144 at frame 347
Late Detected - class : 23 with prob : 0.4399109642161111 at frame 491
Late Detected - class : 65 with prob : 0.31657135745669074 at frame 590
Late Detected - class : 48 with prob : 0.4549571898306276 at frame 667
Late Detected - class : 1 with prob : 0.17548534065549615 at frame 783
Late Detected - class : 53 with prob : 0.23491811127131904 at frame 922
Late Detected - class : 40 with prob : 0.42070470218214995 at frame 1031
Late Detected - class : 20 with prob : 0.19429809281136642 at frame 1119
Late Detected - class : 83 with prob : 0.18410544182967245 at frame 1233
Late Detected - class : 36 with prob : 0.3794870688010042 at frame 1362
Late Detected - class : 41 with prob : 0.277526682510466 at frame 1446
predicted classes: 	 [ 8 18 23 65 48  1 53 40 20 83 36 41]
True classes :		 [ 8 18 23 65 48  5 53 40 20 71 36 41]
Levenshtein Accuracy = 0.8333333333333334 (0.6825444678926741)
[292/431]============
/home/aipu/qyh/datasets/EgoGesture/videos/Subject28/Scene5/Color/rgb1.avi
@@@@@@@@@@@@@@ Subject28/Scene5/Color/rgb1
[INFO]: Videot  is loading... /home/aipu/qyh/datasets/EgoGesture/videos/Subject28/Scene5/Color/rgb1 Subject28/Scene5/Color/rgb1
Late Detected - class : 33 with prob : 0.25918728077178366 at frame 614
Late Detected - class : 5 with prob : 0.2311234729593088 at frame 808
Late Detected - class : 51 with prob : 0.20194709082470208 at frame 901
Late Detected - class : 54 with prob : 0.3161194174044537 at frame 985
Late Detected - class : 71 with prob : 0.322492577480224 at frame 1116
Late Detected - class : 14 with prob : 0.40341981777109936 at frame 1233
Late Detected - class : 21 with prob : 0.2024709225219254 at frame 1314
Late Detected - class : 68 with prob : 0.24270057835894196 at frame 1390
Late Detected - class : 67 with prob : 0.4006081299866389 at frame 1565
Late Detected - class : 1 with prob : 0.1888975050877744 at frame 1736
Late Detected - class : 31 with prob : 0.3969544468416961 at frame 1836
predicted classes: 	 [33  5 51 54 71 14 21 68 67  1 31]
True classes :		 [15 33  5 51 39 71 14 21 69 67  1 31]
Levenshtein Accuracy = 0.75 (0.6827876239110844)
[293/431]============
/home/aipu/qyh/datasets/EgoGesture/videos/Subject28/Scene5/Color/rgb2.avi
@@@@@@@@@@@@@@ Subject28/Scene5/Color/rgb2
[INFO]: Videot  is loading... /home/aipu/qyh/datasets/EgoGesture/videos/Subject28/Scene5/Color/rgb2 Subject28/Scene5/Color/rgb2
Late Detected - class : 78 with prob : 0.3525982727513712 at frame 139
Late Detected - class : 11 with prob : 0.3376664128765639 at frame 359
Late Detected - class : 68 with prob : 0.38970850055478123 at frame 479
Late Detected - class : 7 with prob : 0.28700464479251075 at frame 602
Late Detected - class : 30 with prob : 0.19458254893910676 at frame 694
Late Detected - class : 77 with prob : 0.2950214995843158 at frame 830
Late Detected - class : 20 with prob : 0.1675126232513809 at frame 920
Late Detected - class : 25 with prob : 0.21159934545225662 at frame 995
Late Detected - class : 18 with prob : 0.28522016956713814 at frame 1205
Late Detected - class : 55 with prob : 0.27724918040273916 at frame 1422
Late Detected - class : 48 with prob : 0.18475482887362124 at frame 1519
predicted classes: 	 [78 11 68  7 30 77 20 25 18 55 48]
True classes :		 [78 11 68  7 30 77 20 25 44 18 55 48]
Levenshtein Accuracy = 0.9166666666666666 (0.6836276563903023)
[294/431]============
/home/aipu/qyh/datasets/EgoGesture/videos/Subject28/Scene5/Color/rgb6.avi
@@@@@@@@@@@@@@ Subject28/Scene5/Color/rgb6
[INFO]: Videot  is loading... /home/aipu/qyh/datasets/EgoGesture/videos/Subject28/Scene5/Color/rgb6 Subject28/Scene5/Color/rgb6
Late Detected - class : 80 with prob : 0.24232812998648987 at frame 91
Late Detected - class : 40 with prob : 0.3626867348898948 at frame 184
Late Detected - class : 83 with prob : 0.44650665431355724 at frame 281
Late Detected - class : 58 with prob : 0.26692396437734855 at frame 290
Late Detected - class : 0 with prob : 0.15575935174863934 at frame 388
Late Detected - class : 49 with prob : 0.24430529603185547 at frame 477
Late Detected - class : 66 with prob : 0.3687786089739618 at frame 572
Late Detected - class : 50 with prob : 0.20170866892806846 at frame 764
Late Detected - class : 36 with prob : 0.2162630607812932 at frame 854
Late Detected - class : 63 with prob : 0.4147235592211706 at frame 960
Late Detected - class : 75 with prob : 0.40981779251825506 at frame 1166
predicted classes: 	 [80 40 83 58  0 49 66 50 36 63 75]
True classes :		 [80 40 58  0 49 66 34 50 36 63 57 75]
Levenshtein Accuracy = 0.75 (0.68386519534745)
[295/431]============
/home/aipu/qyh/datasets/EgoGesture/videos/Subject28/Scene5/Color/rgb3.avi
@@@@@@@@@@@@@@ Subject28/Scene5/Color/rgb3
[INFO]: Videot  is loading... /home/aipu/qyh/datasets/EgoGesture/videos/Subject28/Scene5/Color/rgb3 Subject28/Scene5/Color/rgb3
Late Detected - class : 46 with prob : 0.4685615796911455 at frame 514
Late Detected - class : 9 with prob : 0.3593632668470901 at frame 652
Late Detected - class : 13 with prob : 0.37710216613397124 at frame 777
Late Detected - class : 23 with prob : 0.36377361819610926 at frame 876
Late Detected - class : 52 with prob : 0.5182475721115055 at frame 1018
Late Detected - class : 35 with prob : 0.36220079531287963 at frame 1107
Late Detected - class : 54 with prob : 0.23514993407084575 at frame 1300
Late Detected - class : 38 with prob : 0.3708139527718689 at frame 1407
Late Detected - class : 62 with prob : 0.18702812960225682 at frame 1492
Late Detected - class : 72 with prob : 0.6359022595040529 at frame 1607
Late Detected - class : 64 with prob : 0.3276339288521424 at frame 1721
Late Detected - class : 76 with prob : 0.17969362307480508 at frame 1806
predicted classes: 	 [46  9 13 23 52 35 54 38 62 72 64 76]
True classes :		 [46  9 13 23 52 35 54 38 62 72 64 76]
Levenshtein Accuracy = 1.0 (0.6849925705794948)
[296/431]============
/home/aipu/qyh/datasets/EgoGesture/videos/Subject28/Scene5/Color/rgb7.avi
@@@@@@@@@@@@@@ Subject28/Scene5/Color/rgb7
[INFO]: Videot  is loading... /home/aipu/qyh/datasets/EgoGesture/videos/Subject28/Scene5/Color/rgb7 Subject28/Scene5/Color/rgb7
Late Detected - class : 12 with prob : 0.2266529082900881 at frame 171
Late Detected - class : 3 with prob : 0.22183179409715847 at frame 258
Late Detected - class : 17 with prob : 0.5769375608534176 at frame 381
Late Detected - class : 65 with prob : 0.3131670910913026 at frame 518
Late Detected - class : 81 with prob : 0.31521850837381976 at frame 659
Late Detected - class : 78 with prob : 0.2595114077029874 at frame 735
Late Detected - class : 53 with prob : 0.23172332322195704 at frame 918
Late Detected - class : 37 with prob : 0.36205657763432486 at frame 1008
Late Detected - class : 24 with prob : 0.16262666860392505 at frame 1073
Late Detected - class : 73 with prob : 0.17749632620874098 at frame 1146
predicted classes: 	 [12  3 17 65 81 78 53 37 24 73]
True classes :		 [47 12  3 17 65 81 79 53 37 24 73]
Levenshtein Accuracy = 0.8181818181818181 (0.6854265402843602)
[297/431]============
/home/aipu/qyh/datasets/EgoGesture/videos/Subject28/Scene5/Color/rgb4.avi
@@@@@@@@@@@@@@ Subject28/Scene5/Color/rgb4
[INFO]: Videot  is loading... /home/aipu/qyh/datasets/EgoGesture/videos/Subject28/Scene5/Color/rgb4 Subject28/Scene5/Color/rgb4
Late Detected - class : 42 with prob : 0.28149688035796855 at frame 168
Late Detected - class : 22 with prob : 0.45320457957944316 at frame 262
Late Detected - class : 70 with prob : 0.200325335269494 at frame 376
Late Detected - class : 59 with prob : 0.30433001313290836 at frame 478
Late Detected - class : 10 with prob : 0.43563152916189035 at frame 624
Late Detected - class : 29 with prob : 0.26455028501638395 at frame 708
Late Detected - class : 43 with prob : 0.20287106662795665 at frame 861
Late Detected - class : 27 with prob : 0.2092072797834802 at frame 957
Late Detected - class : 26 with prob : 0.298500379004473 at frame 1096
predicted classes: 	 [42 22 70 59 10 29 43 27 26]
True classes :		 [42 22 70 59 10 29 43 27 26  2 28 16]
Levenshtein Accuracy = 0.75 (0.685655253837072)
[298/431]============
/home/aipu/qyh/datasets/EgoGesture/videos/Subject28/Scene5/Color/rgb5.avi
@@@@@@@@@@@@@@ Subject28/Scene5/Color/rgb5
[INFO]: Videot  is loading... /home/aipu/qyh/datasets/EgoGesture/videos/Subject28/Scene5/Color/rgb5 Subject28/Scene5/Color/rgb5
Late Detected - class : 41 with prob : 0.40067281266391036 at frame 136
Late Detected - class : 56 with prob : 0.3626199451295273 at frame 235
Late Detected - class : 4 with prob : 0.22437715600959213 at frame 351
Late Detected - class : 82 with prob : 0.29446321550525056 at frame 467
Late Detected - class : 45 with prob : 0.3752506380399399 at frame 595
Late Detected - class : 8 with prob : 0.3629134141698154 at frame 739
Late Detected - class : 6 with prob : 0.3713411452049782 at frame 889
Late Detected - class : 32 with prob : 0.37717092874971414 at frame 1072
Late Detected - class : 61 with prob : 0.2880140110260185 at frame 1154
Late Detected - class : 60 with prob : 0.23703379428685112 at frame 1229
Late Detected - class : 19 with prob : 0.2163508530258625 at frame 1326
Late Detected - class : 45 with prob : 0.1772852074453358 at frame 1468
predicted classes: 	 [41 56  4 82 45  8  6 32 61 60 19 45]
True classes :		 [41 56  4 82 74  8  6 32 61 60 19 45]
Levenshtein Accuracy = 0.9166666666666666 (0.6864705882352942)
[299/431]============
/home/aipu/qyh/datasets/EgoGesture/videos/Subject28/Scene4/Color/rgb1.avi
@@@@@@@@@@@@@@ Subject28/Scene4/Color/rgb1
[INFO]: Videot  is loading... /home/aipu/qyh/datasets/EgoGesture/videos/Subject28/Scene4/Color/rgb1 Subject28/Scene4/Color/rgb1
Late Detected - class : 22 with prob : 0.6418146016786531 at frame 147
Late Detected - class : 24 with prob : 0.3380577189124175 at frame 206
Late Detected - class : 77 with prob : 0.21542647367824996 at frame 313
Late Detected - class : 9 with prob : 0.5539220756161507 at frame 448
Late Detected - class : 83 with prob : 0.28366111470812055 at frame 531
Late Detected - class : 31 with prob : 0.4262815754591735 at frame 617
Late Detected - class : 42 with prob : 0.19640156988684498 at frame 696
Late Detected - class : 59 with prob : 0.15515431118004408 at frame 1003
Late Detected - class : 20 with prob : 0.32587377215855506 at frame 1100
Late Detected - class : 64 with prob : 0.41768587585159545 at frame 1169
predicted classes: 	 [22 24 77  9 83 31 42 59 20 64]
True classes :		 [22 24 77  9 60 31 47 30 79 59 20 64]
Levenshtein Accuracy = 0.6666666666666667 (0.686400937866354)
[300/431]============
/home/aipu/qyh/datasets/EgoGesture/videos/Subject28/Scene4/Color/rgb2.avi
@@@@@@@@@@@@@@ Subject28/Scene4/Color/rgb2
[INFO]: Videot  is loading... /home/aipu/qyh/datasets/EgoGesture/videos/Subject28/Scene4/Color/rgb2 Subject28/Scene4/Color/rgb2
Late Detected - class : 6 with prob : 0.5685576326474264 at frame 154
Late Detected - class : 17 with prob : 0.24862551011301032 at frame 225
Late Detected - class : 13 with prob : 0.37682179046057185 at frame 369
Late Detected - class : 40 with prob : 0.38904255288317835 at frame 448
Late Detected - class : 63 with prob : 0.3683101208401716 at frame 539
Late Detected - class : 25 with prob : 0.2599048597414532 at frame 624
Late Detected - class : 46 with prob : 0.4886107412990272 at frame 694
Late Detected - class : 56 with prob : 0.2507395707720802 at frame 763
Late Detected - class : 73 with prob : 0.2741650900730319 at frame 909
Late Detected - class : 53 with prob : 0.3078388509319247 at frame 997
Late Detected - class : 33 with prob : 0.5061737952342649 at frame 1071
predicted classes: 	 [ 6 17 13 40 63 25 46 56 73 53 33]
True classes :		 [ 6 17 13 40 63 25 46 57 28 73 53 33]
Levenshtein Accuracy = 0.8333333333333334 (0.6869158878504673)
[301/431]============
/home/aipu/qyh/datasets/EgoGesture/videos/Subject28/Scene4/Color/rgb6.avi
@@@@@@@@@@@@@@ Subject28/Scene4/Color/rgb6
[INFO]: Videot  is loading... /home/aipu/qyh/datasets/EgoGesture/videos/Subject28/Scene4/Color/rgb6 Subject28/Scene4/Color/rgb6
Late Detected - class : 27 with prob : 0.28572083481941996 at frame 204
Late Detected - class : 83 with prob : 0.29196250474003366 at frame 261
Late Detected - class : 68 with prob : 0.30059122684400896 at frame 278
Late Detected - class : 83 with prob : 0.20104873404510504 at frame 338
Late Detected - class : 26 with prob : 0.2301632339838302 at frame 412
Late Detected - class : 44 with prob : 0.2761714318110348 at frame 494
Late Detected - class : 14 with prob : 0.3765671290478667 at frame 592
Late Detected - class : 32 with prob : 0.4674343191870711 at frame 675
Late Detected - class : 55 with prob : 0.2972420293294103 at frame 765
Late Detected - class : 58 with prob : 0.2857457544252928 at frame 924
Late Detected - class : 41 with prob : 0.28787152654244985 at frame 1074
predicted classes: 	 [27 83 68 83 26 44 14 32 55 58 41]
True classes :		 [27 68 15 26 44 14 32 55 71 58 18 41]
Levenshtein Accuracy = 0.6666666666666667 (0.6868451688009313)
[302/431]============
/home/aipu/qyh/datasets/EgoGesture/videos/Subject28/Scene4/Color/rgb3.avi
@@@@@@@@@@@@@@ Subject28/Scene4/Color/rgb3
[INFO]: Videot  is loading... /home/aipu/qyh/datasets/EgoGesture/videos/Subject28/Scene4/Color/rgb3 Subject28/Scene4/Color/rgb3
Late Detected - class : 83 with prob : 0.3632398728449691 at frame 68
Late Detected - class : 29 with prob : 0.3033218835392121 at frame 149
Late Detected - class : 5 with prob : 0.15291238678861124 at frame 251
Late Detected - class : 66 with prob : 0.45415965143280823 at frame 450
Late Detected - class : 8 with prob : 0.23072777663002078 at frame 537
Late Detected - class : 82 with prob : 0.34680377226114295 at frame 652
Late Detected - class : 54 with prob : 0.22095813320734822 at frame 741
Late Detected - class : 43 with prob : 0.2517011974469597 at frame 868
Late Detected - class : 23 with prob : 0.4657848363089744 at frame 942
Late Detected - class : 1 with prob : 0.1932626534249294 at frame 1015
Late Detected - class : 61 with prob : 0.37428415159265876 at frame 1098
predicted classes: 	 [83 29  5 66  8 82 54 43 23  1 61]
True classes :		 [29  5 81 66  7 82 54 43 23  1 61 16]
Levenshtein Accuracy = 0.6666666666666667 (0.6867749419953596)
[303/431]============
/home/aipu/qyh/datasets/EgoGesture/videos/Subject28/Scene4/Color/rgb7.avi
@@@@@@@@@@@@@@ Subject28/Scene4/Color/rgb7
[INFO]: Videot  is loading... /home/aipu/qyh/datasets/EgoGesture/videos/Subject28/Scene4/Color/rgb7 Subject28/Scene4/Color/rgb7
Late Detected - class : 74 with prob : 0.33191725280519335 at frame 150
Late Detected - class : 83 with prob : 0.20950926418009969 at frame 211
Late Detected - class : 78 with prob : 0.3860154120008735 at frame 235
Late Detected - class : 80 with prob : 0.5984439906789526 at frame 348
Late Detected - class : 10 with prob : 0.36201864423400903 at frame 424
Late Detected - class : 17 with prob : 0.2498078054731083 at frame 494
Late Detected - class : 11 with prob : 0.2700345615035177 at frame 595
Late Detected - class : 21 with prob : 0.38955573870929094 at frame 681
Late Detected - class : 35 with prob : 0.3794707745981405 at frame 764
Late Detected - class : 4 with prob : 0.33581214973774154 at frame 874
Late Detected - class : 3 with prob : 0.26767211581969885 at frame 948
Late Detected - class : 56 with prob : 0.3391823884064566 at frame 1040
predicted classes: 	 [74 83 78 80 10 17 11 21 35  4  3 56]
True classes :		 [74 78 80 10 19 11 21 35  4  3 56]
Levenshtein Accuracy = 0.8181818181818181 (0.6871928302977739)
[304/431]============
/home/aipu/qyh/datasets/EgoGesture/videos/Subject28/Scene4/Color/rgb4.avi
@@@@@@@@@@@@@@ Subject28/Scene4/Color/rgb4
[INFO]: Videot  is loading... /home/aipu/qyh/datasets/EgoGesture/videos/Subject28/Scene4/Color/rgb4 Subject28/Scene4/Color/rgb4
Late Detected - class : 52 with prob : 0.6479486851301893 at frame 159
Late Detected - class : 37 with prob : 0.3004023766658627 at frame 218
Late Detected - class : 12 with prob : 0.3167572420800429 at frame 314
Late Detected - class : 42 with prob : 0.24063809783948212 at frame 397
Late Detected - class : 83 with prob : 0.23267208864201847 at frame 486
Late Detected - class : 70 with prob : 0.3846383027333988 at frame 502
Late Detected - class : 67 with prob : 0.4904382380968814 at frame 616
Late Detected - class : 31 with prob : 0.32130129746235864 at frame 721
Late Detected - class : 51 with prob : 0.29638336018393674 at frame 783
Late Detected - class : 8 with prob : 0.3175119421681099 at frame 889
Late Detected - class : 45 with prob : 0.29243079566371444 at frame 969
predicted classes: 	 [52 37 12 42 83 70 67 31 51  8 45]
True classes :		 [52 37 12 42 70 67 34 51  8 45  2 62]
Levenshtein Accuracy = 0.6666666666666667 (0.6871218668971478)
[305/431]============
/home/aipu/qyh/datasets/EgoGesture/videos/Subject28/Scene4/Color/rgb5.avi
@@@@@@@@@@@@@@ Subject28/Scene4/Color/rgb5
[INFO]: Videot  is loading... /home/aipu/qyh/datasets/EgoGesture/videos/Subject28/Scene4/Color/rgb5 Subject28/Scene4/Color/rgb5
Late Detected - class : 76 with prob : 0.180524462406391 at frame 129
Late Detected - class : 48 with prob : 0.492231445981378 at frame 265
Late Detected - class : 38 with prob : 0.215720754138338 at frame 405
Late Detected - class : 75 with prob : 0.3157182308937067 at frame 481
Late Detected - class : 39 with prob : 0.2699147977654984 at frame 680
Late Detected - class : 36 with prob : 0.6048468918780118 at frame 780
Late Detected - class : 49 with prob : 0.2266679607415851 at frame 873
Late Detected - class : 65 with prob : 0.3967778152989883 at frame 984
predicted classes: 	 [76 48 38 75 39 36 49 65]
True classes :		 [76 50 48 69 38 75  0 39 36 49 65 72]
Levenshtein Accuracy = 0.6666666666666667 (0.687051392477749)
[306/431]============
/home/aipu/qyh/datasets/EgoGesture/videos/Subject31/Scene6/Color/rgb1.avi
@@@@@@@@@@@@@@ Subject31/Scene6/Color/rgb1
[INFO]: Videot  is loading... /home/aipu/qyh/datasets/EgoGesture/videos/Subject31/Scene6/Color/rgb1 Subject31/Scene6/Color/rgb1
Late Detected - class : 52 with prob : 0.32385802531616453 at frame 96
Late Detected - class : 51 with prob : 0.25501190273951596 at frame 159
Late Detected - class : 83 with prob : 0.294915838004502 at frame 273
Late Detected - class : 37 with prob : 0.23942735459475561 at frame 433
Late Detected - class : 46 with prob : 0.32984600157880983 at frame 728
predicted classes: 	 [52 51 83 37 46]
True classes :		 [52 51 71 14 54 18 37 67 70 43 46 27]
Levenshtein Accuracy = 0.33333333333333337 (0.6858369098712447)
[307/431]============
/home/aipu/qyh/datasets/EgoGesture/videos/Subject31/Scene6/Color/rgb2.avi
@@@@@@@@@@@@@@ Subject31/Scene6/Color/rgb2
[INFO]: Videot  is loading... /home/aipu/qyh/datasets/EgoGesture/videos/Subject31/Scene6/Color/rgb2 Subject31/Scene6/Color/rgb2
Late Detected - class : 72 with prob : 0.588735107040943 at frame 274
Late Detected - class : 83 with prob : 0.17994734928135545 at frame 399
Late Detected - class : 22 with prob : 0.2903736567031292 at frame 468
Late Detected - class : 83 with prob : 0.34123132777076204 at frame 795
predicted classes: 	 [72 83 22 83]
True classes :		 [65 30 40 72 80 22 36 39 60 23 76 34]
Levenshtein Accuracy = 0.16666666666666663 (0.6840604505275164)
[308/431]============
/home/aipu/qyh/datasets/EgoGesture/videos/Subject31/Scene6/Color/rgb6.avi
@@@@@@@@@@@@@@ Subject31/Scene6/Color/rgb6
[INFO]: Videot  is loading... /home/aipu/qyh/datasets/EgoGesture/videos/Subject31/Scene6/Color/rgb6 Subject31/Scene6/Color/rgb6
Late Detected - class : 83 with prob : 0.21114632929393726 at frame 75
Late Detected - class : 11 with prob : 0.16760806551873042 at frame 373
Late Detected - class : 83 with prob : 0.17549852249784118 at frame 600
predicted classes: 	 [83 11 83]
True classes :		 [ 0 56 74 11 57 32 53 19 78  3 26  5]
Levenshtein Accuracy = 0.08333333333333337 (0.6820119352088662)
[309/431]============
/home/aipu/qyh/datasets/EgoGesture/videos/Subject31/Scene6/Color/rgb3.avi
@@@@@@@@@@@@@@ Subject31/Scene6/Color/rgb3
[INFO]: Videot  is loading... /home/aipu/qyh/datasets/EgoGesture/videos/Subject31/Scene6/Color/rgb3 Subject31/Scene6/Color/rgb3
Late Detected - class : 49 with prob : 0.4219136639922339 at frame 73
Late Detected - class : 33 with prob : 0.4157768544502412 at frame 144
Late Detected - class : 38 with prob : 0.27689698696676507 at frame 209
Late Detected - class : 29 with prob : 0.26761340732080807 at frame 341
Late Detected - class : 77 with prob : 0.2311920393013794 at frame 434
Late Detected - class : 12 with prob : 0.16643144916889968 at frame 568
Late Detected - class : 35 with prob : 0.2654299845024255 at frame 725
Late Detected - class : 6 with prob : 0.35094687524930396 at frame 822
predicted classes: 	 [49 33 38 29 77 12 35  6]
True classes :		 [49 33 38 21 29 77 12  4 35  6 28 81]
Levenshtein Accuracy = 0.6666666666666667 (0.681959784763523)
[310/431]============
/home/aipu/qyh/datasets/EgoGesture/videos/Subject31/Scene6/Color/rgb7.avi
@@@@@@@@@@@@@@ Subject31/Scene6/Color/rgb7
[INFO]: Videot  is loading... /home/aipu/qyh/datasets/EgoGesture/videos/Subject31/Scene6/Color/rgb7 Subject31/Scene6/Color/rgb7
Late Detected - class : 82 with prob : 0.17959764208477222 at frame 115
Late Detected - class : 83 with prob : 0.1679786360366331 at frame 183
Late Detected - class : 13 with prob : 0.23018308948511476 at frame 258
Late Detected - class : 83 with prob : 0.2528398882446354 at frame 384
predicted classes: 	 [82 83 13 83]
True classes :		 [82 44 13 68 64 59 42 69 66 61 15]
Levenshtein Accuracy = 0.18181818181818177 (0.6804065499717674)
[311/431]============
/home/aipu/qyh/datasets/EgoGesture/videos/Subject31/Scene6/Color/rgb4.avi
@@@@@@@@@@@@@@ Subject31/Scene6/Color/rgb4
[INFO]: Videot  is loading... /home/aipu/qyh/datasets/EgoGesture/videos/Subject31/Scene6/Color/rgb4 Subject31/Scene6/Color/rgb4
Late Detected - class : 83 with prob : 0.20855779172053543 at frame 94
Late Detected - class : 10 with prob : 0.18014312271954255 at frame 255
Late Detected - class : 8 with prob : 0.33393325027083054 at frame 474
Late Detected - class : 83 with prob : 0.2556139251956636 at frame 632
predicted classes: 	 [83 10  8 83]
True classes :		 [50 73 10 62 17  8 45 24  1 75  2  7]
Levenshtein Accuracy = 0.16666666666666663 (0.678671918964547)
[312/431]============
/home/aipu/qyh/datasets/EgoGesture/videos/Subject31/Scene6/Color/rgb5.avi
@@@@@@@@@@@@@@ Subject31/Scene6/Color/rgb5
[INFO]: Videot  is loading... /home/aipu/qyh/datasets/EgoGesture/videos/Subject31/Scene6/Color/rgb5 Subject31/Scene6/Color/rgb5
Late Detected - class : 83 with prob : 0.22197926354804418 at frame 190
Late Detected - class : 9 with prob : 0.42982397762304064 at frame 838
Late Detected - class : 83 with prob : 0.2104654119292625 at frame 1116
predicted classes: 	 [83  9 83]
True classes :		 [79 41 48 63 55 25 47 58  9 20 16 31]
Levenshtein Accuracy = 0.08333333333333337 (0.676668536174986)
[313/431]============
/home/aipu/qyh/datasets/EgoGesture/videos/Subject31/Scene1/Color/rgb1.avi
@@@@@@@@@@@@@@ Subject31/Scene1/Color/rgb1
[INFO]: Videot  is loading... /home/aipu/qyh/datasets/EgoGesture/videos/Subject31/Scene1/Color/rgb1 Subject31/Scene1/Color/rgb1
Late Detected - class : 47 with prob : 0.21749751942747506 at frame 133
Late Detected - class : 11 with prob : 0.3554283280708702 at frame 224
Late Detected - class : 83 with prob : 0.4189967177834935 at frame 619
predicted classes: 	 [47 11 83]
True classes :		 [47 11 29 30 24 74  4 20 75 23 58 60]
Levenshtein Accuracy = 0.16666666666666663 (0.674958077138066)
[314/431]============
/home/aipu/qyh/datasets/EgoGesture/videos/Subject31/Scene1/Color/rgb2.avi
@@@@@@@@@@@@@@ Subject31/Scene1/Color/rgb2
[INFO]: Videot  is loading... /home/aipu/qyh/datasets/EgoGesture/videos/Subject31/Scene1/Color/rgb2 Subject31/Scene1/Color/rgb2
Late Detected - class : 83 with prob : 0.35204290705691516 at frame 207
Late Detected - class : 32 with prob : 0.1968244846886245 at frame 377
Late Detected - class : 38 with prob : 0.17631338334195829 at frame 563
Late Detected - class : 17 with prob : 0.2790347782809336 at frame 616
predicted classes: 	 [83 32 38 17]
True classes :		 [44 41  8 10 73 48 40 43 51 61  2 45]
Levenshtein Accuracy = 0.0 (0.6727019498607242)
[315/431]============
/home/aipu/qyh/datasets/EgoGesture/videos/Subject31/Scene1/Color/rgb6.avi
@@@@@@@@@@@@@@ Subject31/Scene1/Color/rgb6
[INFO]: Videot  is loading... /home/aipu/qyh/datasets/EgoGesture/videos/Subject31/Scene1/Color/rgb6 Subject31/Scene1/Color/rgb6
Late Detected - class : 26 with prob : 0.2245404965741469 at frame 243
Late Detected - class : 81 with prob : 0.35772085062218295 at frame 342
Late Detected - class : 64 with prob : 0.23376343515911124 at frame 432
Late Detected - class : 34 with prob : 0.24649714314351495 at frame 704
Late Detected - class : 63 with prob : 0.15109080778004783 at frame 1117
Late Detected - class : 72 with prob : 0.21111257311684142 at frame 1242
predicted classes: 	 [26 81 64 34 63 72]
True classes :		 [49 26 81 64 16  3 34 79  6  5 63 72]
Levenshtein Accuracy = 0.5 (0.6721265963353692)
[316/431]============
/home/aipu/qyh/datasets/EgoGesture/videos/Subject31/Scene1/Color/rgb3.avi
@@@@@@@@@@@@@@ Subject31/Scene1/Color/rgb3
[INFO]: Videot  is loading... /home/aipu/qyh/datasets/EgoGesture/videos/Subject31/Scene1/Color/rgb3 Subject31/Scene1/Color/rgb3
Late Detected - class : 32 with prob : 0.21789588593568265 at frame 345
Late Detected - class : 31 with prob : 0.32181772884270987 at frame 407
Late Detected - class : 21 with prob : 0.18944236379114493 at frame 482
Late Detected - class : 78 with prob : 0.37057494428379756 at frame 579
Late Detected - class : 38 with prob : 0.31431243259941855 at frame 667
Late Detected - class : 17 with prob : 0.2530641909877055 at frame 741
Late Detected - class : 19 with prob : 0.20314728656751949 at frame 808
predicted classes: 	 [32 31 21 78 38 17 19]
True classes :		 [69 25 46 32 31 21 78 38 17 19 80]
Levenshtein Accuracy = 0.6363636363636364 (0.6720177138112372)
[317/431]============
/home/aipu/qyh/datasets/EgoGesture/videos/Subject31/Scene1/Color/rgb7.avi
@@@@@@@@@@@@@@ Subject31/Scene1/Color/rgb7
[INFO]: Videot  is loading... /home/aipu/qyh/datasets/EgoGesture/videos/Subject31/Scene1/Color/rgb7 Subject31/Scene1/Color/rgb7
Late Detected - class : 39 with prob : 0.3441400796866674 at frame 231
Late Detected - class : 66 with prob : 0.3890898589127639 at frame 312
Late Detected - class : 33 with prob : 0.2362010636947875 at frame 1131
predicted classes: 	 [39 66 33]
True classes :		 [36 39 66 70 82  9 67  1 53 50 33]
Levenshtein Accuracy = 0.2727272727272727 (0.6708057395143487)
[318/431]============
/home/aipu/qyh/datasets/EgoGesture/videos/Subject31/Scene1/Color/rgb4.avi
@@@@@@@@@@@@@@ Subject31/Scene1/Color/rgb4
[INFO]: Videot  is loading... /home/aipu/qyh/datasets/EgoGesture/videos/Subject31/Scene1/Color/rgb4 Subject31/Scene1/Color/rgb4
Late Detected - class : 68 with prob : 0.2440243237592597 at frame 204
Late Detected - class : 14 with prob : 0.3703094769046618 at frame 376
Late Detected - class : 54 with prob : 0.22707623098742147 at frame 458
Late Detected - class : 65 with prob : 0.15754341298418667 at frame 686
Late Detected - class : 0 with prob : 0.23383196646320129 at frame 780
Late Detected - class : 37 with prob : 0.305663520941081 at frame 856
predicted classes: 	 [68 14 54 65  0 37]
True classes :		 [27 68 77 14 54 71 28 65  0 37 62  7]
Levenshtein Accuracy = 0.5 (0.6702420242024203)
[319/431]============
/home/aipu/qyh/datasets/EgoGesture/videos/Subject31/Scene1/Color/rgb5.avi
@@@@@@@@@@@@@@ Subject31/Scene1/Color/rgb5
[INFO]: Videot  is loading... /home/aipu/qyh/datasets/EgoGesture/videos/Subject31/Scene1/Color/rgb5 Subject31/Scene1/Color/rgb5
Late Detected - class : 56 with prob : 0.1972073974248696 at frame 87
Late Detected - class : 22 with prob : 0.2949506095121736 at frame 178
Late Detected - class : 15 with prob : 0.25163487399367324 at frame 443
Late Detected - class : 56 with prob : 0.3247105230266375 at frame 539
Late Detected - class : 12 with prob : 0.21702404414368448 at frame 674
Late Detected - class : 13 with prob : 0.25881322398059176 at frame 764
Late Detected - class : 52 with prob : 0.15055803337206558 at frame 867
Late Detected - class : 35 with prob : 0.2573071729990144 at frame 945
Late Detected - class : 42 with prob : 0.16488020756169983 at frame 1049
predicted classes: 	 [56 22 15 56 12 13 52 35 42]
True classes :		 [57 22 59 76 15 56 18 12 13 52 35 42]
Levenshtein Accuracy = 0.6666666666666667 (0.6702302631578947)
[320/431]============
/home/aipu/qyh/datasets/EgoGesture/videos/Subject31/Scene3/Color/rgb1.avi
@@@@@@@@@@@@@@ Subject31/Scene3/Color/rgb1
[INFO]: Videot  is loading... /home/aipu/qyh/datasets/EgoGesture/videos/Subject31/Scene3/Color/rgb1 Subject31/Scene3/Color/rgb1
Late Detected - class : 80 with prob : 0.27442604587633357 at frame 248
Late Detected - class : 40 with prob : 0.30134569318319854 at frame 311
Late Detected - class : 31 with prob : 0.39779986373217696 at frame 378
Late Detected - class : 41 with prob : 0.32813288285277864 at frame 443
Late Detected - class : 36 with prob : 0.4265655458351487 at frame 529
Late Detected - class : 34 with prob : 0.40305859680547035 at frame 597
Late Detected - class : 37 with prob : 0.4064541792074414 at frame 658
Late Detected - class : 30 with prob : 0.34264282721113 at frame 723
Late Detected - class : 11 with prob : 0.28957017795530826 at frame 787
Late Detected - class : 22 with prob : 0.466093634891284 at frame 863
Late Detected - class : 70 with prob : 0.2558353739045025 at frame 962
Late Detected - class : 68 with prob : 0.15858773238287768 at frame 1021
predicted classes: 	 [80 40 31 41 36 34 37 30 11 22 70 68]
True classes :		 [80 40 31 41 36 34 37 30 11 22 70 68]
Levenshtein Accuracy = 1.0 (0.671311475409836)
[321/431]============
/home/aipu/qyh/datasets/EgoGesture/videos/Subject31/Scene3/Color/rgb2.avi
@@@@@@@@@@@@@@ Subject31/Scene3/Color/rgb2
[INFO]: Videot  is loading... /home/aipu/qyh/datasets/EgoGesture/videos/Subject31/Scene3/Color/rgb2 Subject31/Scene3/Color/rgb2
Late Detected - class : 46 with prob : 0.5207803410317026 at frame 247
Late Detected - class : 43 with prob : 0.3702294034138217 at frame 351
Late Detected - class : 61 with prob : 0.2697629521403082 at frame 420
Late Detected - class : 45 with prob : 0.2144468652727644 at frame 505
Late Detected - class : 4 with prob : 0.3793054801411903 at frame 584
Late Detected - class : 9 with prob : 0.2603628055014876 at frame 898
Late Detected - class : 17 with prob : 0.5428622420614981 at frame 1025
Late Detected - class : 42 with prob : 0.17549298674611896 at frame 1108
Late Detected - class : 23 with prob : 0.4537907776080868 at frame 1216
predicted classes: 	 [46 43 61 45  4  9 17 42 23]
True classes :		 [46 43 61 67  4 81 71  9 17 42 23 63]
Levenshtein Accuracy = 0.6666666666666667 (0.6712962962962963)
[322/431]============
/home/aipu/qyh/datasets/EgoGesture/videos/Subject31/Scene3/Color/rgb6.avi
@@@@@@@@@@@@@@ Subject31/Scene3/Color/rgb6
[INFO]: Videot  is loading... /home/aipu/qyh/datasets/EgoGesture/videos/Subject31/Scene3/Color/rgb6 Subject31/Scene3/Color/rgb6
Late Detected - class : 77 with prob : 0.24160155888260043 at frame 174
Late Detected - class : 68 with prob : 0.32480960343102705 at frame 238
Late Detected - class : 6 with prob : 0.41049708489641407 at frame 400
Late Detected - class : 58 with prob : 0.31306523421612864 at frame 498
Late Detected - class : 50 with prob : 0.25090905926211665 at frame 556
Late Detected - class : 32 with prob : 0.419863204419583 at frame 620
Late Detected - class : 56 with prob : 0.18351772015307985 at frame 676
Late Detected - class : 78 with prob : 0.467692933278315 at frame 775
Late Detected - class : 18 with prob : 0.15630888249019867 at frame 849
predicted classes: 	 [77 68  6 58 50 32 56 78 18]
True classes :		 [77 69 73  6 58 50 32 56 78 18 19 76]
Levenshtein Accuracy = 0.6666666666666667 (0.6712812160694897)
[323/431]============
/home/aipu/qyh/datasets/EgoGesture/videos/Subject31/Scene3/Color/rgb3.avi
@@@@@@@@@@@@@@ Subject31/Scene3/Color/rgb3
[INFO]: Videot  is loading... /home/aipu/qyh/datasets/EgoGesture/videos/Subject31/Scene3/Color/rgb3 Subject31/Scene3/Color/rgb3
Late Detected - class : 3 with prob : 0.25557643471830493 at frame 137
Late Detected - class : 33 with prob : 0.4361059357196079 at frame 293
Late Detected - class : 8 with prob : 0.5141971154303625 at frame 379
Late Detected - class : 10 with prob : 0.5278021823112707 at frame 501
Late Detected - class : 13 with prob : 0.318040275231879 at frame 664
Late Detected - class : 15 with prob : 0.1593588700535344 at frame 717
Late Detected - class : 82 with prob : 0.32324276558241205 at frame 1049
predicted classes: 	 [ 3 33  8 10 13 15 82]
True classes :		 [ 3 65 33  8 10 64 13 15 20 59 47 82]
Levenshtein Accuracy = 0.5833333333333333 (0.670995670995671)
[324/431]============
/home/aipu/qyh/datasets/EgoGesture/videos/Subject31/Scene3/Color/rgb7.avi
@@@@@@@@@@@@@@ Subject31/Scene3/Color/rgb7
[INFO]: Videot  is loading... /home/aipu/qyh/datasets/EgoGesture/videos/Subject31/Scene3/Color/rgb7 Subject31/Scene3/Color/rgb7
Late Detected - class : 62 with prob : 0.2691793819569749 at frame 137
Late Detected - class : 14 with prob : 0.45365219622590164 at frame 235
Late Detected - class : 74 with prob : 0.3671868691343909 at frame 318
Late Detected - class : 48 with prob : 0.38620197278018453 at frame 454
Late Detected - class : 26 with prob : 0.23877432990731487 at frame 541
Late Detected - class : 35 with prob : 0.3363393066821657 at frame 624
Late Detected - class : 66 with prob : 0.3031330353437607 at frame 730
Late Detected - class : 51 with prob : 0.16463849675852324 at frame 821
Late Detected - class : 0 with prob : 0.340147320553651 at frame 1012
predicted classes: 	 [62 14 74 48 26 35 66 51  0]
True classes :		 [62 14 74 16 48 26 35 66 51  7  0]
Levenshtein Accuracy = 0.8181818181818181 (0.6714324251416239)
[325/431]============
/home/aipu/qyh/datasets/EgoGesture/videos/Subject31/Scene3/Color/rgb4.avi
@@@@@@@@@@@@@@ Subject31/Scene3/Color/rgb4
[INFO]: Videot  is loading... /home/aipu/qyh/datasets/EgoGesture/videos/Subject31/Scene3/Color/rgb4 Subject31/Scene3/Color/rgb4
Late Detected - class : 39 with prob : 0.34057638781564653 at frame 130
Late Detected - class : 45 with prob : 0.23775215349440484 at frame 208
Late Detected - class : 5 with prob : 0.19676608675084237 at frame 293
Late Detected - class : 2 with prob : 0.15994177302206025 at frame 370
Late Detected - class : 28 with prob : 0.2337437712171143 at frame 447
Late Detected - class : 53 with prob : 0.2635439356396625 at frame 521
Late Detected - class : 25 with prob : 0.21721652463598357 at frame 594
Late Detected - class : 54 with prob : 0.1997308893766335 at frame 680
Late Detected - class : 78 with prob : 0.3432672686167138 at frame 772
Late Detected - class : 49 with prob : 0.32282634662359355 at frame 947
Late Detected - class : 38 with prob : 0.36843267420374043 at frame 1022
predicted classes: 	 [39 45  5  2 28 53 25 54 78 49 38]
True classes :		 [39 45  5  2 28 53 25 54 79  1 49 38]
Levenshtein Accuracy = 0.8333333333333334 (0.6719548265662812)
[326/431]============
/home/aipu/qyh/datasets/EgoGesture/videos/Subject31/Scene3/Color/rgb5.avi
@@@@@@@@@@@@@@ Subject31/Scene3/Color/rgb5
[INFO]: Videot  is loading... /home/aipu/qyh/datasets/EgoGesture/videos/Subject31/Scene3/Color/rgb5 Subject31/Scene3/Color/rgb5
Late Detected - class : 52 with prob : 0.2208775371308194 at frame 137
Late Detected - class : 21 with prob : 0.26041064588578744 at frame 211
Late Detected - class : 24 with prob : 0.2359291638789042 at frame 275
Late Detected - class : 56 with prob : 0.16200324904665572 at frame 344
Late Detected - class : 75 with prob : 0.21854835721641272 at frame 437
Late Detected - class : 55 with prob : 0.33290982087530346 at frame 520
Late Detected - class : 72 with prob : 0.3471604949472656 at frame 593
Late Detected - class : 44 with prob : 0.21223124978482916 at frame 690
Late Detected - class : 12 with prob : 0.3533000773832272 at frame 781
Late Detected - class : 29 with prob : 0.5208122182652777 at frame 867
Late Detected - class : 27 with prob : 0.24915247694795462 at frame 1006
predicted classes: 	 [52 21 24 56 75 55 72 44 12 29 27]
True classes :		 [52 21 24 57 75 55 72 44 12 29 60 27]
Levenshtein Accuracy = 0.8333333333333334 (0.6724738675958188)
[327/431]============
/home/aipu/qyh/datasets/EgoGesture/videos/Subject31/Scene2/Color/rgb1.avi
@@@@@@@@@@@@@@ Subject31/Scene2/Color/rgb1
[INFO]: Videot  is loading... /home/aipu/qyh/datasets/EgoGesture/videos/Subject31/Scene2/Color/rgb1 Subject31/Scene2/Color/rgb1
Late Detected - class : 31 with prob : 0.1591123017298968 at frame 105
Late Detected - class : 77 with prob : 0.1701580184299052 at frame 441
Late Detected - class : 29 with prob : 0.2020635852732301 at frame 597
Late Detected - class : 48 with prob : 0.4562616382400207 at frame 815
Late Detected - class : 55 with prob : 0.27389460135844323 at frame 889
Late Detected - class : 75 with prob : 0.1737378122640582 at frame 993
predicted classes: 	 [31 77 29 48 55 75]
True classes :		 [31 41  5  1 77 16 29 40 69 48 55 75]
Levenshtein Accuracy = 0.5 (0.6719209190488913)
[328/431]============
/home/aipu/qyh/datasets/EgoGesture/videos/Subject31/Scene2/Color/rgb2.avi
@@@@@@@@@@@@@@ Subject31/Scene2/Color/rgb2
[INFO]: Videot  is loading... /home/aipu/qyh/datasets/EgoGesture/videos/Subject31/Scene2/Color/rgb2 Subject31/Scene2/Color/rgb2
Late Detected - class : 61 with prob : 0.18390296535705056 at frame 180
Late Detected - class : 45 with prob : 0.3465945790160965 at frame 266
Late Detected - class : 63 with prob : 0.36710727862234455 at frame 485
Late Detected - class : 32 with prob : 0.2620809069945723 at frame 566
Late Detected - class : 54 with prob : 0.2407945193999252 at frame 756
Late Detected - class : 52 with prob : 0.3421668212008474 at frame 853
Late Detected - class : 34 with prob : 0.22900059424376965 at frame 936
Late Detected - class : 62 with prob : 0.24510792834725828 at frame 998
Late Detected - class : 74 with prob : 0.1724336388612644 at frame 1074
predicted classes: 	 [61 45 63 32 54 52 34 62 74]
True classes :		 [59 61 45 46 63 32 42 54 52 34 62 74]
Levenshtein Accuracy = 0.75 (0.6721704394141145)
[329/431]============
/home/aipu/qyh/datasets/EgoGesture/videos/Subject31/Scene2/Color/rgb6.avi
@@@@@@@@@@@@@@ Subject31/Scene2/Color/rgb6
[INFO]: Videot  is loading... /home/aipu/qyh/datasets/EgoGesture/videos/Subject31/Scene2/Color/rgb6 Subject31/Scene2/Color/rgb6
Late Detected - class : 21 with prob : 0.2843438741785459 at frame 126
Late Detected - class : 37 with prob : 0.3980671104694936 at frame 225
Late Detected - class : 68 with prob : 0.21597289073860576 at frame 482
Late Detected - class : 78 with prob : 0.18735922327793553 at frame 618
Late Detected - class : 12 with prob : 0.22561610019552836 at frame 814
Late Detected - class : 14 with prob : 0.47536704775161975 at frame 907
Late Detected - class : 3 with prob : 0.2078443361890807 at frame 980
Late Detected - class : 67 with prob : 0.1532424603194684 at frame 1063
predicted classes: 	 [21 37 68 78 12 14  3 67]
True classes :		 [21 37 25 81 68 76 79  0 12 14  3 67]
Levenshtein Accuracy = 0.5833333333333333 (0.6718874435890629)
[330/431]============
/home/aipu/qyh/datasets/EgoGesture/videos/Subject31/Scene2/Color/rgb3.avi
@@@@@@@@@@@@@@ Subject31/Scene2/Color/rgb3
[INFO]: Videot  is loading... /home/aipu/qyh/datasets/EgoGesture/videos/Subject31/Scene2/Color/rgb3 Subject31/Scene2/Color/rgb3
Late Detected - class : 39 with prob : 0.3027911578645748 at frame 152
Late Detected - class : 15 with prob : 0.15323517320740743 at frame 208
Late Detected - class : 17 with prob : 0.32849687482884976 at frame 338
Late Detected - class : 36 with prob : 0.3763379153212989 at frame 410
Late Detected - class : 47 with prob : 0.23652510806495122 at frame 488
Late Detected - class : 22 with prob : 0.34588477032403037 at frame 822
predicted classes: 	 [39 15 17 36 47 22]
True classes :		 [39 24 50 17 36 47 18 64 65 22  7 15]
Levenshtein Accuracy = 0.41666666666666663 (0.6710770044985446)
[331/431]============
/home/aipu/qyh/datasets/EgoGesture/videos/Subject31/Scene2/Color/rgb7.avi
@@@@@@@@@@@@@@ Subject31/Scene2/Color/rgb7
[INFO]: Videot  is loading... /home/aipu/qyh/datasets/EgoGesture/videos/Subject31/Scene2/Color/rgb7 Subject31/Scene2/Color/rgb7
Late Detected - class : 28 with prob : 0.21474035575390904 at frame 103
Late Detected - class : 26 with prob : 0.2662094571034472 at frame 177
Late Detected - class : 56 with prob : 0.23493449179644757 at frame 259
Late Detected - class : 66 with prob : 0.2129921407219424 at frame 330
Late Detected - class : 23 with prob : 0.3811114319514182 at frame 417
Late Detected - class : 11 with prob : 0.3231804242216017 at frame 518
Late Detected - class : 78 with prob : 0.2629047330196306 at frame 637
Late Detected - class : 2 with prob : 0.22647843905797052 at frame 792
Late Detected - class : 15 with prob : 0.1745776518865645 at frame 893
predicted classes: 	 [28 26 56 66 23 11 78  2 15]
True classes :		 [28 26 56 66 23 11 78 80  2 73  6]
Levenshtein Accuracy = 0.7272727272727273 (0.6712401055408971)
[332/431]============
/home/aipu/qyh/datasets/EgoGesture/videos/Subject31/Scene2/Color/rgb4.avi
@@@@@@@@@@@@@@ Subject31/Scene2/Color/rgb4
[INFO]: Videot  is loading... /home/aipu/qyh/datasets/EgoGesture/videos/Subject31/Scene2/Color/rgb4 Subject31/Scene2/Color/rgb4
Late Detected - class : 8 with prob : 0.3597884087189781 at frame 172
Late Detected - class : 33 with prob : 0.23213551977448704 at frame 224
Late Detected - class : 49 with prob : 0.3015655109865393 at frame 288
Late Detected - class : 72 with prob : 0.15662280231898626 at frame 329
Late Detected - class : 70 with prob : 0.15746596930273585 at frame 519
Late Detected - class : 19 with prob : 0.24316042984855668 at frame 589
Late Detected - class : 14 with prob : 0.39396749961290584 at frame 674
Late Detected - class : 43 with prob : 0.22993623473953945 at frame 826
Late Detected - class : 9 with prob : 0.2546763638443463 at frame 918
predicted classes: 	 [ 8 33 49 72 70 19 14 43  9]
True classes :		 [71  8 33 49 72 58 70 19 13 20 43  9]
Levenshtein Accuracy = 0.6666666666666667 (0.6712256706996318)
[333/431]============
/home/aipu/qyh/datasets/EgoGesture/videos/Subject31/Scene2/Color/rgb5.avi
@@@@@@@@@@@@@@ Subject31/Scene2/Color/rgb5
[INFO]: Videot  is loading... /home/aipu/qyh/datasets/EgoGesture/videos/Subject31/Scene2/Color/rgb5 Subject31/Scene2/Color/rgb5
Late Detected - class : 10 with prob : 0.1842298182327135 at frame 213
Late Detected - class : 30 with prob : 0.18534564809223575 at frame 396
Late Detected - class : 56 with prob : 0.1999742472952398 at frame 447
Late Detected - class : 27 with prob : 0.1888858200173992 at frame 529
Late Detected - class : 38 with prob : 0.30807906616945907 at frame 606
Late Detected - class : 44 with prob : 0.2209191992203189 at frame 779
Late Detected - class : 4 with prob : 0.1916155540029844 at frame 913
Late Detected - class : 53 with prob : 0.1635119869916251 at frame 1011
predicted classes: 	 [10 30 56 27 38 44  4 53]
True classes :		 [35 10 60 30 57 27 38 82 44 51  4 53]
Levenshtein Accuracy = 0.5833333333333333 (0.6709491347666492)
[334/431]============
/home/aipu/qyh/datasets/EgoGesture/videos/Subject31/Scene5/Color/rgb1.avi
@@@@@@@@@@@@@@ Subject31/Scene5/Color/rgb1
[INFO]: Videot  is loading... /home/aipu/qyh/datasets/EgoGesture/videos/Subject31/Scene5/Color/rgb1 Subject31/Scene5/Color/rgb1
Late Detected - class : 23 with prob : 0.4255618675769993 at frame 82
Late Detected - class : 13 with prob : 0.2893576010774129 at frame 186
Late Detected - class : 30 with prob : 0.32879998554164735 at frame 247
Late Detected - class : 33 with prob : 0.3121215555498068 at frame 298
Late Detected - class : 53 with prob : 0.1825512835449451 at frame 365
Late Detected - class : 10 with prob : 0.47944929491283983 at frame 470
Late Detected - class : 77 with prob : 0.23637953890586202 at frame 538
Late Detected - class : 75 with prob : 0.4057818281197117 at frame 661
Late Detected - class : 32 with prob : 0.382565625102905 at frame 722
Late Detected - class : 47 with prob : 0.16561590144163157 at frame 867
predicted classes: 	 [23 13 30 33 53 10 77 75 32 47]
True classes :		 [23 13 30 33 53 10 77 20 75 32  1 47]
Levenshtein Accuracy = 0.8333333333333334 (0.6714584422373235)
[335/431]============
/home/aipu/qyh/datasets/EgoGesture/videos/Subject31/Scene5/Color/rgb2.avi
@@@@@@@@@@@@@@ Subject31/Scene5/Color/rgb2
[INFO]: Videot  is loading... /home/aipu/qyh/datasets/EgoGesture/videos/Subject31/Scene5/Color/rgb2 Subject31/Scene5/Color/rgb2
Late Detected - class : 65 with prob : 0.1659709068526635 at frame 194
Late Detected - class : 73 with prob : 0.17691129768953157 at frame 272
Late Detected - class : 66 with prob : 0.2575018467202189 at frame 338
Late Detected - class : 68 with prob : 0.193102328043612 at frame 393
Late Detected - class : 37 with prob : 0.18976011324442504 at frame 451
Late Detected - class : 54 with prob : 0.20548222173009476 at frame 524
Late Detected - class : 6 with prob : 0.3561295540730705 at frame 597
Late Detected - class : 71 with prob : 0.3824860810850078 at frame 679
Late Detected - class : 82 with prob : 0.2862507092636121 at frame 740
Late Detected - class : 70 with prob : 0.2338757511531769 at frame 818
Late Detected - class : 8 with prob : 0.32946577705061436 at frame 886
predicted classes: 	 [65 73 66 68 37 54  6 71 82 70  8]
True classes :		 [50 65 73 66 69 37 54  6 71 82 70  8]
Levenshtein Accuracy = 0.8333333333333334 (0.6719645648775404)
[336/431]============
/home/aipu/qyh/datasets/EgoGesture/videos/Subject31/Scene5/Color/rgb6.avi
@@@@@@@@@@@@@@ Subject31/Scene5/Color/rgb6
[INFO]: Videot  is loading... /home/aipu/qyh/datasets/EgoGesture/videos/Subject31/Scene5/Color/rgb6 Subject31/Scene5/Color/rgb6
Late Detected - class : 68 with prob : 0.42857133064097686 at frame 124
Late Detected - class : 12 with prob : 0.23175298267607125 at frame 188
Late Detected - class : 42 with prob : 0.1805011648498625 at frame 292
Late Detected - class : 78 with prob : 0.4022527564130768 at frame 383
Late Detected - class : 9 with prob : 0.27043569499419384 at frame 453
Late Detected - class : 52 with prob : 0.3748741224178867 at frame 531
Late Detected - class : 48 with prob : 0.3771607698611747 at frame 762
Late Detected - class : 22 with prob : 0.36195661044233685 at frame 821
Late Detected - class : 64 with prob : 0.28034190176330337 at frame 900
predicted classes: 	 [68 12 42 78  9 52 48 22 64]
True classes :		 [68 12 42 78  9 52 79 15 48 22 64  2]
Levenshtein Accuracy = 0.75 (0.6722077922077923)
[337/431]============
/home/aipu/qyh/datasets/EgoGesture/videos/Subject31/Scene5/Color/rgb3.avi
@@@@@@@@@@@@@@ Subject31/Scene5/Color/rgb3
[INFO]: Videot  is loading... /home/aipu/qyh/datasets/EgoGesture/videos/Subject31/Scene5/Color/rgb3 Subject31/Scene5/Color/rgb3
Late Detected - class : 19 with prob : 0.35537192518144095 at frame 86
Late Detected - class : 28 with prob : 0.15780996047898832 at frame 131
Late Detected - class : 55 with prob : 0.2138439152967199 at frame 197
Late Detected - class : 26 with prob : 0.17533701366255122 at frame 271
Late Detected - class : 58 with prob : 0.27194543982905056 at frame 349
Late Detected - class : 31 with prob : 0.4185481810670641 at frame 410
Late Detected - class : 61 with prob : 0.3225111216387588 at frame 466
Late Detected - class : 3 with prob : 0.23760689049695938 at frame 527
Late Detected - class : 80 with prob : 0.1839506256691036 at frame 605
Late Detected - class : 29 with prob : 0.3115817406009136 at frame 662
Late Detected - class : 72 with prob : 0.25536589757415135 at frame 723
predicted classes: 	 [19 28 55 26 58 31 61  3 80 29 72]
True classes :		 [19 28 55 26 58 31 61  3 80 29 72 18]
Levenshtein Accuracy = 0.9166666666666666 (0.6729673744174003)
[338/431]============
/home/aipu/qyh/datasets/EgoGesture/videos/Subject31/Scene5/Color/rgb7.avi
@@@@@@@@@@@@@@ Subject31/Scene5/Color/rgb7
[INFO]: Videot  is loading... /home/aipu/qyh/datasets/EgoGesture/videos/Subject31/Scene5/Color/rgb7 Subject31/Scene5/Color/rgb7
Late Detected - class : 17 with prob : 0.41179295984528813 at frame 104
Late Detected - class : 14 with prob : 0.3855749717965743 at frame 172
Late Detected - class : 41 with prob : 0.17792434685428707 at frame 284
Late Detected - class : 56 with prob : 0.2102558003309438 at frame 407
Late Detected - class : 51 with prob : 0.18728526177828478 at frame 460
Late Detected - class : 11 with prob : 0.22070343161706366 at frame 653
Late Detected - class : 21 with prob : 0.3092550386353611 at frame 719
predicted classes: 	 [17 14 41 56 51 11 21]
True classes :		 [17 14 76 41 63 57 51 60 46 11 21]
Levenshtein Accuracy = 0.5454545454545454 (0.6726052155951459)
[339/431]============
/home/aipu/qyh/datasets/EgoGesture/videos/Subject31/Scene5/Color/rgb4.avi
@@@@@@@@@@@@@@ Subject31/Scene5/Color/rgb4
[INFO]: Videot  is loading... /home/aipu/qyh/datasets/EgoGesture/videos/Subject31/Scene5/Color/rgb4 Subject31/Scene5/Color/rgb4
Late Detected - class : 27 with prob : 0.16389362399197616 at frame 143
Late Detected - class : 43 with prob : 0.24300975037913228 at frame 216
Late Detected - class : 40 with prob : 0.236677722362301 at frame 288
Late Detected - class : 34 with prob : 0.19469320718404726 at frame 357
Late Detected - class : 49 with prob : 0.30918518547690904 at frame 428
Late Detected - class : 7 with prob : 0.25315427909652166 at frame 518
Late Detected - class : 81 with prob : 0.31076856208713155 at frame 616
Late Detected - class : 35 with prob : 0.38824555810672806 at frame 683
Late Detected - class : 67 with prob : 0.3617417200995001 at frame 755
Late Detected - class : 83 with prob : 0.15406251605554566 at frame 805
Late Detected - class : 62 with prob : 0.1925444565842278 at frame 875
predicted classes: 	 [27 43 40 34 49  7 81 35 67 83 62]
True classes :		 [ 0 27 43 40 34 49  7 81 35 67 56 62]
Levenshtein Accuracy = 0.8333333333333334 (0.6731016731016731)
[340/431]============
/home/aipu/qyh/datasets/EgoGesture/videos/Subject31/Scene5/Color/rgb5.avi
@@@@@@@@@@@@@@ Subject31/Scene5/Color/rgb5
[INFO]: Videot  is loading... /home/aipu/qyh/datasets/EgoGesture/videos/Subject31/Scene5/Color/rgb5 Subject31/Scene5/Color/rgb5
Late Detected - class : 45 with prob : 0.2398826580473616 at frame 113
Late Detected - class : 4 with prob : 0.27106131627982033 at frame 215
Late Detected - class : 59 with prob : 0.2557121460239141 at frame 404
Late Detected - class : 39 with prob : 0.26387540483769845 at frame 472
Late Detected - class : 38 with prob : 0.3819997305257854 at frame 537
Late Detected - class : 36 with prob : 0.425767966647074 at frame 726
Late Detected - class : 74 with prob : 0.24975040391131248 at frame 797
Late Detected - class : 44 with prob : 0.22582924224664278 at frame 864
predicted classes: 	 [45  4 59 39 38 36 74 44]
True classes :		 [25 45  4 24 16 59 39 38  5 36 74 44]
Levenshtein Accuracy = 0.6666666666666667 (0.6730818578393636)
[341/431]============
/home/aipu/qyh/datasets/EgoGesture/videos/Subject31/Scene4/Color/rgb1.avi
@@@@@@@@@@@@@@ Subject31/Scene4/Color/rgb1
[INFO]: Videot  is loading... /home/aipu/qyh/datasets/EgoGesture/videos/Subject31/Scene4/Color/rgb1 Subject31/Scene4/Color/rgb1
Late Detected - class : 46 with prob : 0.2124154718529116 at frame 131
Late Detected - class : 22 with prob : 0.36238160191371815 at frame 272
Late Detected - class : 83 with prob : 0.36807590888282404 at frame 416
Late Detected - class : 64 with prob : 0.37396086535319956 at frame 496
Late Detected - class : 42 with prob : 0.17812182753167613 at frame 631
Late Detected - class : 70 with prob : 0.2424976296998949 at frame 776
Late Detected - class : 83 with prob : 0.22206084455939823 at frame 933
Late Detected - class : 68 with prob : 0.20558126983182837 at frame 953
predicted classes: 	 [46 22 83 64 42 70 83 68]
True classes :		 [46 58 22 41 74 64 25 42 15 71 50 68]
Levenshtein Accuracy = 0.41666666666666663 (0.6722947045280123)
[342/431]============
/home/aipu/qyh/datasets/EgoGesture/videos/Subject31/Scene4/Color/rgb2.avi
@@@@@@@@@@@@@@ Subject31/Scene4/Color/rgb2
[INFO]: Videot  is loading... /home/aipu/qyh/datasets/EgoGesture/videos/Subject31/Scene4/Color/rgb2 Subject31/Scene4/Color/rgb2
Late Detected - class : 19 with prob : 0.25931695035331054 at frame 254
Late Detected - class : 35 with prob : 0.2869624016407625 at frame 324
Late Detected - class : 83 with prob : 0.19098362876694566 at frame 393
Late Detected - class : 56 with prob : 0.31362079277001975 at frame 412
Late Detected - class : 78 with prob : 0.391932361794836 at frame 611
Late Detected - class : 55 with prob : 0.1527500981183277 at frame 750
Late Detected - class : 23 with prob : 0.4710926454305226 at frame 821
Late Detected - class : 53 with prob : 0.20434968907639126 at frame 898
predicted classes: 	 [19 35 83 56 78 55 23 53]
True classes :		 [ 5 70 19 35 56 59 20 78 67 55 23 53]
Levenshtein Accuracy = 0.5 (0.6717674062739097)
[343/431]============
/home/aipu/qyh/datasets/EgoGesture/videos/Subject31/Scene4/Color/rgb6.avi
@@@@@@@@@@@@@@ Subject31/Scene4/Color/rgb6
[INFO]: Videot  is loading... /home/aipu/qyh/datasets/EgoGesture/videos/Subject31/Scene4/Color/rgb6 Subject31/Scene4/Color/rgb6
Late Detected - class : 83 with prob : 0.5260364314225283 at frame 76
Late Detected - class : 75 with prob : 0.23518920886959974 at frame 142
Late Detected - class : 39 with prob : 0.3628740631721268 at frame 207
Late Detected - class : 81 with prob : 0.1903682043466042 at frame 278
Late Detected - class : 12 with prob : 0.2805187720497058 at frame 349
Late Detected - class : 30 with prob : 0.40284237296872566 at frame 481
Late Detected - class : 4 with prob : 0.20491605779270272 at frame 534
Late Detected - class : 52 with prob : 0.23491276098716302 at frame 626
Late Detected - class : 83 with prob : 0.2252112326628276 at frame 682
Late Detected - class : 38 with prob : 0.24560964619943676 at frame 813
Late Detected - class : 83 with prob : 0.15257248643275131 at frame 852
predicted classes: 	 [83 75 39 81 12 30  4 52 83 38 83]
True classes :		 [75 39 81 12 51 30  4 52 57 18 38 65]
Levenshtein Accuracy = 0.5833333333333333 (0.6714975845410628)
[344/431]============
/home/aipu/qyh/datasets/EgoGesture/videos/Subject31/Scene4/Color/rgb3.avi
@@@@@@@@@@@@@@ Subject31/Scene4/Color/rgb3
[INFO]: Videot  is loading... /home/aipu/qyh/datasets/EgoGesture/videos/Subject31/Scene4/Color/rgb3 Subject31/Scene4/Color/rgb3
Late Detected - class : 17 with prob : 0.312385446843769 at frame 183
Late Detected - class : 72 with prob : 0.4942457239012386 at frame 265
Late Detected - class : 83 with prob : 0.3036942245265955 at frame 364
Late Detected - class : 1 with prob : 0.15573335035826694 at frame 631
Late Detected - class : 73 with prob : 0.19292824360128277 at frame 711
Late Detected - class : 36 with prob : 0.4193392290532392 at frame 857
Late Detected - class : 11 with prob : 0.449457872327788 at frame 953
predicted classes: 	 [17 72 83  1 73 36 11]
True classes :		 [29 17 72 14 82  7  1 73 34 36 11 44]
Levenshtein Accuracy = 0.5 (0.6709759188846641)
[345/431]============
/home/aipu/qyh/datasets/EgoGesture/videos/Subject31/Scene4/Color/rgb7.avi
@@@@@@@@@@@@@@ Subject31/Scene4/Color/rgb7
[INFO]: Videot  is loading... /home/aipu/qyh/datasets/EgoGesture/videos/Subject31/Scene4/Color/rgb7 Subject31/Scene4/Color/rgb7
Late Detected - class : 83 with prob : 0.16986758929064272 at frame 117
Late Detected - class : 10 with prob : 0.3535402335211568 at frame 315
Late Detected - class : 13 with prob : 0.23100054296757838 at frame 398
Late Detected - class : 9 with prob : 0.16736843490615128 at frame 582
Late Detected - class : 8 with prob : 0.3355046027397205 at frame 887
Late Detected - class : 83 with prob : 0.28325926971820825 at frame 997
predicted classes: 	 [83 10 13  9  8 83]
True classes :		 [27 66 10 13 79  9 63 31 60  8 77]
Levenshtein Accuracy = 0.36363636363636365 (0.6701213346814965)
[346/431]============
/home/aipu/qyh/datasets/EgoGesture/videos/Subject31/Scene4/Color/rgb4.avi
@@@@@@@@@@@@@@ Subject31/Scene4/Color/rgb4
[INFO]: Videot  is loading... /home/aipu/qyh/datasets/EgoGesture/videos/Subject31/Scene4/Color/rgb4 Subject31/Scene4/Color/rgb4
Late Detected - class : 49 with prob : 0.18042220620391883 at frame 98
Late Detected - class : 33 with prob : 0.407046820164059 at frame 167
Late Detected - class : 37 with prob : 0.1941657607343417 at frame 225
Late Detected - class : 28 with prob : 0.19942289404150046 at frame 297
Late Detected - class : 6 with prob : 0.27767575227098645 at frame 383
Late Detected - class : 54 with prob : 0.20283345825992757 at frame 476
Late Detected - class : 21 with prob : 0.21405516635225022 at frame 605
Late Detected - class : 83 with prob : 0.3592020053663252 at frame 822
Late Detected - class : 0 with prob : 0.16345148414638064 at frame 843
Late Detected - class : 61 with prob : 0.1827516347920578 at frame 899
Late Detected - class : 83 with prob : 0.15461668864559203 at frame 952
predicted classes: 	 [49 33 37 28  6 54 21 83  0 61 83]
True classes :		 [49 33 37 28  6 54 16 21 45 76  0 61]
Levenshtein Accuracy = 0.6666666666666667 (0.6701108870967742)
[347/431]============
/home/aipu/qyh/datasets/EgoGesture/videos/Subject31/Scene4/Color/rgb5.avi
@@@@@@@@@@@@@@ Subject31/Scene4/Color/rgb5
[INFO]: Videot  is loading... /home/aipu/qyh/datasets/EgoGesture/videos/Subject31/Scene4/Color/rgb5 Subject31/Scene4/Color/rgb5
Late Detected - class : 43 with prob : 0.1686092892067928 at frame 182
Late Detected - class : 47 with prob : 0.24684283204876506 at frame 268
Late Detected - class : 83 with prob : 0.2837293626922173 at frame 348
Late Detected - class : 3 with prob : 0.20367881334423504 at frame 418
Late Detected - class : 32 with prob : 0.26072788113346945 at frame 739
Late Detected - class : 80 with prob : 0.22473884820470216 at frame 957
predicted classes: 	 [43 47 83  3 32 80]
True classes :		 [43 47 62  3 26 40 48 24 32 69  2 80]
Levenshtein Accuracy = 0.41666666666666663 (0.6693467336683417)
[348/431]============
/home/aipu/qyh/datasets/EgoGesture/videos/Subject41/Scene6/Color/rgb1.avi
@@@@@@@@@@@@@@ Subject41/Scene6/Color/rgb1
[INFO]: Videot  is loading... /home/aipu/qyh/datasets/EgoGesture/videos/Subject41/Scene6/Color/rgb1 Subject41/Scene6/Color/rgb1
Late Detected - class : 13 with prob : 0.18430088495697308 at frame 106
Late Detected - class : 74 with prob : 0.1527476508007644 at frame 295
Late Detected - class : 8 with prob : 0.23436299789298767 at frame 398
Late Detected - class : 9 with prob : 0.31841105063631103 at frame 895
Late Detected - class : 83 with prob : 0.40740693563089436 at frame 1107
predicted classes: 	 [13 74  8  9 83]
True classes :		 [13 48 74  8 70  9 42 71  5 77 41 20]
Levenshtein Accuracy = 0.33333333333333337 (0.6683366733466933)
[349/431]============
/home/aipu/qyh/datasets/EgoGesture/videos/Subject41/Scene6/Color/rgb2.avi
@@@@@@@@@@@@@@ Subject41/Scene6/Color/rgb2
[INFO]: Videot  is loading... /home/aipu/qyh/datasets/EgoGesture/videos/Subject41/Scene6/Color/rgb2 Subject41/Scene6/Color/rgb2
Late Detected - class : 22 with prob : 0.4199936294214536 at frame 477
Late Detected - class : 83 with prob : 0.16406934520914057 at frame 579
Late Detected - class : 35 with prob : 0.48853567965836764 at frame 662
Late Detected - class : 6 with prob : 0.29986447953585926 at frame 750
Late Detected - class : 78 with prob : 0.24452466901928677 at frame 1293
Late Detected - class : 36 with prob : 0.3321418787429453 at frame 1392
predicted classes: 	 [22 83 35  6 78 36]
True classes :		 [53 80 22 25 35  6  1 58 45 78 36 57]
Levenshtein Accuracy = 0.41666666666666663 (0.6675824175824175)
[350/431]============
/home/aipu/qyh/datasets/EgoGesture/videos/Subject41/Scene6/Color/rgb6.avi
@@@@@@@@@@@@@@ Subject41/Scene6/Color/rgb6
[INFO]: Videot  is loading... /home/aipu/qyh/datasets/EgoGesture/videos/Subject41/Scene6/Color/rgb6 Subject41/Scene6/Color/rgb6
Late Detected - class : 56 with prob : 0.18237735707274383 at frame 150
Late Detected - class : 52 with prob : 0.24525716086031887 at frame 214
Late Detected - class : 17 with prob : 0.20485243955430688 at frame 274
Late Detected - class : 83 with prob : 0.31613042075016756 at frame 397
Late Detected - class : 30 with prob : 0.2277785679345217 at frame 574
predicted classes: 	 [56 52 17 83 30]
True classes :		 [23 56 52 17 11 39 15 30 18 81 26  0]
Levenshtein Accuracy = 0.33333333333333337 (0.6665836653386454)
[351/431]============
/home/aipu/qyh/datasets/EgoGesture/videos/Subject41/Scene6/Color/rgb3.avi
@@@@@@@@@@@@@@ Subject41/Scene6/Color/rgb3
[INFO]: Videot  is loading... /home/aipu/qyh/datasets/EgoGesture/videos/Subject41/Scene6/Color/rgb3 Subject41/Scene6/Color/rgb3
Late Detected - class : 83 with prob : 0.3225507914796656 at frame 453
Late Detected - class : 40 with prob : 0.24339538783071427 at frame 521
Late Detected - class : 32 with prob : 0.18176807941257989 at frame 707
Late Detected - class : 10 with prob : 0.3394407014657247 at frame 836
predicted classes: 	 [83 40 32 10]
True classes :		 [29 43 28 27 60 40 66 69 32 61 10 65]
Levenshtein Accuracy = 0.25 (0.6653426017874876)
[352/431]============
/home/aipu/qyh/datasets/EgoGesture/videos/Subject41/Scene6/Color/rgb7.avi
@@@@@@@@@@@@@@ Subject41/Scene6/Color/rgb7
[INFO]: Videot  is loading... /home/aipu/qyh/datasets/EgoGesture/videos/Subject41/Scene6/Color/rgb7 Subject41/Scene6/Color/rgb7
Late Detected - class : 55 with prob : 0.20428952710015644 at frame 341
predicted classes: 	 [55]
True classes :		 [16 50 82 55 24  3 34 64  4 62 12]
Levenshtein Accuracy = 0.09090909090909094 (0.6637781629116117)
[353/431]============
/home/aipu/qyh/datasets/EgoGesture/videos/Subject41/Scene6/Color/rgb4.avi
@@@@@@@@@@@@@@ Subject41/Scene6/Color/rgb4
[INFO]: Videot  is loading... /home/aipu/qyh/datasets/EgoGesture/videos/Subject41/Scene6/Color/rgb4 Subject41/Scene6/Color/rgb4
Late Detected - class : 51 with prob : 0.22414287109822587 at frame 188
Late Detected - class : 83 with prob : 0.28143142156211737 at frame 437
predicted classes: 	 [51 83]
True classes :		 [51 21 59 14 75 63 37 47 73  2 33 76]
Levenshtein Accuracy = 0.08333333333333337 (0.6620587509256973)
[354/431]============
/home/aipu/qyh/datasets/EgoGesture/videos/Subject41/Scene6/Color/rgb5.avi
@@@@@@@@@@@@@@ Subject41/Scene6/Color/rgb5
[INFO]: Videot  is loading... /home/aipu/qyh/datasets/EgoGesture/videos/Subject41/Scene6/Color/rgb5 Subject41/Scene6/Color/rgb5
Late Detected - class : 7 with prob : 0.3189346010285348 at frame 329
Late Detected - class : 83 with prob : 0.5090823554556274 at frame 504
Late Detected - class : 72 with prob : 0.46911697141414643 at frame 912
Late Detected - class : 38 with prob : 0.413285698208158 at frame 989
predicted classes: 	 [ 7 83 72 38]
True classes :		 [31 68 19  7 54 67 49 46 72 38 79 44]
Levenshtein Accuracy = 0.25 (0.6608417425547625)
[355/431]============
/home/aipu/qyh/datasets/EgoGesture/videos/Subject41/Scene1/Color/rgb1.avi
@@@@@@@@@@@@@@ Subject41/Scene1/Color/rgb1
[INFO]: Videot  is loading... /home/aipu/qyh/datasets/EgoGesture/videos/Subject41/Scene1/Color/rgb1 Subject41/Scene1/Color/rgb1
Late Detected - class : 23 with prob : 0.273428877463566 at frame 162
Late Detected - class : 78 with prob : 0.3837491529549419 at frame 621
Late Detected - class : 13 with prob : 0.28140811463102905 at frame 1301
Late Detected - class : 32 with prob : 0.44850296103478243 at frame 1468
Late Detected - class : 49 with prob : 0.2804024035754074 at frame 1572
predicted classes: 	 [23 78 13 32 49]
True classes :		 [23 31 69 44 78 15 70 62 16 13 32 49]
Levenshtein Accuracy = 0.41666666666666663 (0.660122699386503)
[356/431]============
/home/aipu/qyh/datasets/EgoGesture/videos/Subject41/Scene1/Color/rgb2.avi
@@@@@@@@@@@@@@ Subject41/Scene1/Color/rgb2
[INFO]: Videot  is loading... /home/aipu/qyh/datasets/EgoGesture/videos/Subject41/Scene1/Color/rgb2 Subject41/Scene1/Color/rgb2
Late Detected - class : 34 with prob : 0.38041479437161246 at frame 167
Late Detected - class : 42 with prob : 0.29598934272532706 at frame 500
Late Detected - class : 46 with prob : 0.34246442483204903 at frame 631
Late Detected - class : 4 with prob : 0.2691492544204125 at frame 761
Late Detected - class : 77 with prob : 0.1648887524767932 at frame 1157
Late Detected - class : 47 with prob : 0.23607042694441324 at frame 1309
Late Detected - class : 28 with prob : 0.2520760084783785 at frame 1433
Late Detected - class : 7 with prob : 0.36748553641600795 at frame 1749
predicted classes: 	 [34 42 46  4 77 47 28  7]
True classes :		 [34 42 46  4 30 77 47 28 33 27  7]
Levenshtein Accuracy = 0.7272727272727273 (0.6603034752814488)
[357/431]============
/home/aipu/qyh/datasets/EgoGesture/videos/Subject41/Scene1/Color/rgb6.avi
@@@@@@@@@@@@@@ Subject41/Scene1/Color/rgb6
[INFO]: Videot  is loading... /home/aipu/qyh/datasets/EgoGesture/videos/Subject41/Scene1/Color/rgb6 Subject41/Scene1/Color/rgb6
Late Detected - class : 41 with prob : 0.24528010228648528 at frame 126
Late Detected - class : 14 with prob : 0.3470299565230649 at frame 245
Late Detected - class : 38 with prob : 0.45089810922128004 at frame 475
Late Detected - class : 37 with prob : 0.45451168286932725 at frame 683
Late Detected - class : 36 with prob : 0.42023115024114166 at frame 809
Late Detected - class : 18 with prob : 0.3211966184181215 at frame 977
Late Detected - class : 40 with prob : 0.40302927952937145 at frame 1373
Late Detected - class : 6 with prob : 0.5843950309840714 at frame 1601
predicted classes: 	 [41 14 38 37 36 18 40  6]
True classes :		 [41 14 61 38 24 37 36 18  5 57 40  6]
Levenshtein Accuracy = 0.6666666666666667 (0.6603221083455344)
[358/431]============
/home/aipu/qyh/datasets/EgoGesture/videos/Subject41/Scene1/Color/rgb3.avi
@@@@@@@@@@@@@@ Subject41/Scene1/Color/rgb3
[INFO]: Videot  is loading... /home/aipu/qyh/datasets/EgoGesture/videos/Subject41/Scene1/Color/rgb3 Subject41/Scene1/Color/rgb3
Late Detected - class : 60 with prob : 0.25245418225586697 at frame 180
Late Detected - class : 48 with prob : 0.16976741051777666 at frame 278
Late Detected - class : 17 with prob : 0.19115743720811756 at frame 429
Late Detected - class : 66 with prob : 0.32470205592702267 at frame 556
Late Detected - class : 78 with prob : 0.34034871315493986 at frame 706
Late Detected - class : 52 with prob : 0.49753486075392905 at frame 1092
Late Detected - class : 56 with prob : 0.49452461513606344 at frame 1258
Late Detected - class : 73 with prob : 0.1586456528040441 at frame 1363
Late Detected - class : 3 with prob : 0.3241176512447802 at frame 1485
Late Detected - class : 72 with prob : 0.31973277757233104 at frame 1651
Late Detected - class : 26 with prob : 0.24760416871092056 at frame 1762
predicted classes: 	 [60 48 17 66 78 52 56 73  3 72 26]
True classes :		 [60 48 17 66 79 12 52 56 73  3 72 26]
Levenshtein Accuracy = 0.8333333333333334 (0.6608272506082725)
[359/431]============
/home/aipu/qyh/datasets/EgoGesture/videos/Subject41/Scene1/Color/rgb7.avi
@@@@@@@@@@@@@@ Subject41/Scene1/Color/rgb7
[INFO]: Videot  is loading... /home/aipu/qyh/datasets/EgoGesture/videos/Subject41/Scene1/Color/rgb7 Subject41/Scene1/Color/rgb7
Late Detected - class : 68 with prob : 0.319748323014905 at frame 329
Late Detected - class : 11 with prob : 0.3327346570101249 at frame 510
Late Detected - class : 83 with prob : 0.3667819341438049 at frame 644
Late Detected - class : 21 with prob : 0.3532913914670341 at frame 759
Late Detected - class : 51 with prob : 0.34189211904349026 at frame 853
Late Detected - class : 10 with prob : 0.5355950190000149 at frame 994
Late Detected - class : 74 with prob : 0.3255898687785979 at frame 1182
Late Detected - class : 82 with prob : 0.17813439638239573 at frame 1405
Late Detected - class : 76 with prob : 0.2354077880127033 at frame 1552
Late Detected - class : 43 with prob : 0.4789060442696614 at frame 1768
predicted classes: 	 [68 11 83 21 51 10 74 82 76 43]
True classes :		 [71 68 11 58 21 51 10 74 82 76 43]
Levenshtein Accuracy = 0.8181818181818181 (0.6612472700800777)
[360/431]============
/home/aipu/qyh/datasets/EgoGesture/videos/Subject41/Scene1/Color/rgb4.avi
@@@@@@@@@@@@@@ Subject41/Scene1/Color/rgb4
[INFO]: Videot  is loading... /home/aipu/qyh/datasets/EgoGesture/videos/Subject41/Scene1/Color/rgb4 Subject41/Scene1/Color/rgb4
Late Detected - class : 29 with prob : 0.16822125375502608 at frame 112
Late Detected - class : 78 with prob : 0.42273802938458094 at frame 329
Late Detected - class : 63 with prob : 0.45516397706393913 at frame 534
Late Detected - class : 2 with prob : 0.1576002637395895 at frame 738
Late Detected - class : 81 with prob : 0.25543939301089935 at frame 997
Late Detected - class : 22 with prob : 0.5953909336254836 at frame 1145
Late Detected - class : 53 with prob : 0.23500484357115015 at frame 1472
Late Detected - class : 56 with prob : 0.22957375458645923 at frame 1581
Late Detected - class : 35 with prob : 0.21022631959444885 at frame 1683
Late Detected - class : 54 with prob : 0.20723287298652698 at frame 1822
predicted classes: 	 [29 78 63  2 81 22 53 56 35 54]
True classes :		 [29 78 63 50  2 81 22 19 53 20 35 54]
Levenshtein Accuracy = 0.75 (0.6615049600774257)
[361/431]============
/home/aipu/qyh/datasets/EgoGesture/videos/Subject41/Scene1/Color/rgb5.avi
@@@@@@@@@@@@@@ Subject41/Scene1/Color/rgb5
[INFO]: Videot  is loading... /home/aipu/qyh/datasets/EgoGesture/videos/Subject41/Scene1/Color/rgb5 Subject41/Scene1/Color/rgb5
Late Detected - class : 25 with prob : 0.19178881780093074 at frame 110
Late Detected - class : 8 with prob : 0.5347020195129802 at frame 446
Late Detected - class : 1 with prob : 0.163136836445117 at frame 648
Late Detected - class : 45 with prob : 0.257063388367997 at frame 784
Late Detected - class : 65 with prob : 0.1934421967107283 at frame 949
Late Detected - class : 39 with prob : 0.2532355819360336 at frame 1108
Late Detected - class : 55 with prob : 0.34606719583072043 at frame 1260
Late Detected - class : 30 with prob : 0.5187356291632166 at frame 1635
Late Detected - class : 59 with prob : 0.3309837317910229 at frame 1789
Late Detected - class : 9 with prob : 0.4364277859884138 at frame 1947
predicted classes: 	 [25  8  1 45 65 39 55 30 59  9]
True classes :		 [25 64  8  1 45 65 39 55 67 75 59  9]
Levenshtein Accuracy = 0.75 (0.6617611580217129)
[362/431]============
/home/aipu/qyh/datasets/EgoGesture/videos/Subject41/Scene3/Color/rgb1.avi
@@@@@@@@@@@@@@ Subject41/Scene3/Color/rgb1
[INFO]: Videot  is loading... /home/aipu/qyh/datasets/EgoGesture/videos/Subject41/Scene3/Color/rgb1 Subject41/Scene3/Color/rgb1
Late Detected - class : 21 with prob : 0.32244755353495275 at frame 167
Late Detected - class : 11 with prob : 0.25010323984415783 at frame 299
Late Detected - class : 23 with prob : 0.3045321715106927 at frame 487
Late Detected - class : 78 with prob : 0.3403796542882965 at frame 620
Late Detected - class : 63 with prob : 0.1514116310407523 at frame 772
Late Detected - class : 5 with prob : 0.19235819662002512 at frame 869
Late Detected - class : 42 with prob : 0.23751749785067025 at frame 1015
Late Detected - class : 70 with prob : 0.32296863982900337 at frame 1186
Late Detected - class : 76 with prob : 0.2037289950198525 at frame 1344
Late Detected - class : 26 with prob : 0.22818062280421167 at frame 1680
predicted classes: 	 [21 11 23 78 63  5 42 70 76 26]
True classes :		 [21 11 27 23 79 63  5 42 70 76 64 26]
Levenshtein Accuracy = 0.75 (0.6620158768342554)
[363/431]============
/home/aipu/qyh/datasets/EgoGesture/videos/Subject41/Scene3/Color/rgb2.avi
@@@@@@@@@@@@@@ Subject41/Scene3/Color/rgb2
[INFO]: Videot  is loading... /home/aipu/qyh/datasets/EgoGesture/videos/Subject41/Scene3/Color/rgb2 Subject41/Scene3/Color/rgb2
Late Detected - class : 82 with prob : 0.19128588467181873 at frame 239
Late Detected - class : 36 with prob : 0.31939229281954024 at frame 545
Late Detected - class : 8 with prob : 0.30250093698929204 at frame 695
Late Detected - class : 47 with prob : 0.23797191803109832 at frame 796
Late Detected - class : 65 with prob : 0.31285309667436867 at frame 932
Late Detected - class : 17 with prob : 0.34342233768308733 at frame 1159
Late Detected - class : 29 with prob : 0.27264438853256034 at frame 1255
Late Detected - class : 10 with prob : 0.43980935014418815 at frame 1483
Late Detected - class : 4 with prob : 0.18536964186029797 at frame 1649
Late Detected - class : 40 with prob : 0.46338546801406255 at frame 1764
predicted classes: 	 [82 36  8 47 65 17 29 10  4 40]
True classes :		 [82 67 36  8 47 65 24 17 29 10  4 40]
Levenshtein Accuracy = 0.8333333333333334 (0.6625089949628208)
[364/431]============
/home/aipu/qyh/datasets/EgoGesture/videos/Subject41/Scene3/Color/rgb6.avi
@@@@@@@@@@@@@@ Subject41/Scene3/Color/rgb6
[INFO]: Videot  is loading... /home/aipu/qyh/datasets/EgoGesture/videos/Subject41/Scene3/Color/rgb6 Subject41/Scene3/Color/rgb6
Late Detected - class : 0 with prob : 0.18134839811755016 at frame 155
Late Detected - class : 46 with prob : 0.3480296162797692 at frame 385
Late Detected - class : 31 with prob : 0.16106535643921252 at frame 480
Late Detected - class : 43 with prob : 0.2904407177630243 at frame 609
Late Detected - class : 49 with prob : 0.23444100289355738 at frame 739
Late Detected - class : 13 with prob : 0.2951750203494486 at frame 857
Late Detected - class : 32 with prob : 0.21116076594744362 at frame 939
Late Detected - class : 71 with prob : 0.20409114874260265 at frame 1205
Late Detected - class : 54 with prob : 0.2466278407322635 at frame 1394
predicted classes: 	 [ 0 46 31 43 49 13 32 71 54]
True classes :		 [ 0 66 46 31 43 49 13 32 48 50 71 53]
Levenshtein Accuracy = 0.6666666666666667 (0.6625209280076537)
[365/431]============
/home/aipu/qyh/datasets/EgoGesture/videos/Subject41/Scene3/Color/rgb3.avi
@@@@@@@@@@@@@@ Subject41/Scene3/Color/rgb3
[INFO]: Videot  is loading... /home/aipu/qyh/datasets/EgoGesture/videos/Subject41/Scene3/Color/rgb3 Subject41/Scene3/Color/rgb3
Late Detected - class : 83 with prob : 0.17179701700598587 at frame 159
Late Detected - class : 10 with prob : 0.2944471660011298 at frame 305
Late Detected - class : 41 with prob : 0.4010804904545614 at frame 407
Late Detected - class : 51 with prob : 0.41068514546860396 at frame 496
Late Detected - class : 30 with prob : 0.3252164566523806 at frame 659
Late Detected - class : 52 with prob : 0.49894717205502725 at frame 908
Late Detected - class : 6 with prob : 0.5647326749931749 at frame 1170
Late Detected - class : 34 with prob : 0.24553157211327462 at frame 1333
Late Detected - class : 2 with prob : 0.23501740046509137 at frame 1473
Late Detected - class : 54 with prob : 0.24888334322896827 at frame 1636
Late Detected - class : 22 with prob : 0.5553254168774175 at frame 1751
predicted classes: 	 [83 10 41 51 30 52  6 34  2 54 22]
True classes :		 [45  9 41 51 30 16 52  6 34  2 54 22]
Levenshtein Accuracy = 0.75 (0.662771285475793)
[366/431]============
/home/aipu/qyh/datasets/EgoGesture/videos/Subject41/Scene3/Color/rgb7.avi
@@@@@@@@@@@@@@ Subject41/Scene3/Color/rgb7
[INFO]: Videot  is loading... /home/aipu/qyh/datasets/EgoGesture/videos/Subject41/Scene3/Color/rgb7 Subject41/Scene3/Color/rgb7
Late Detected - class : 83 with prob : 0.16008276297302346 at frame 415
Late Detected - class : 14 with prob : 0.2764544357487146 at frame 514
Late Detected - class : 72 with prob : 0.49524292989117247 at frame 679
Late Detected - class : 7 with prob : 0.1719133221482194 at frame 847
Late Detected - class : 61 with prob : 0.27384235446672645 at frame 1089
Late Detected - class : 56 with prob : 0.22667004102330948 at frame 1193
Late Detected - class : 83 with prob : 0.23840426009967516 at frame 1318
Late Detected - class : 68 with prob : 0.36133289161966314 at frame 1448
predicted classes: 	 [83 14 72  7 61 56 83 68]
True classes :		 [62 19 25 14 72  7 20 61 57 73 68]
Levenshtein Accuracy = 0.4545454545454546 (0.6622264509990485)
[367/431]============
/home/aipu/qyh/datasets/EgoGesture/videos/Subject41/Scene3/Color/rgb4.avi
@@@@@@@@@@@@@@ Subject41/Scene3/Color/rgb4
[INFO]: Videot  is loading... /home/aipu/qyh/datasets/EgoGesture/videos/Subject41/Scene3/Color/rgb4 Subject41/Scene3/Color/rgb4
Late Detected - class : 44 with prob : 0.16727044432299723 at frame 245
Late Detected - class : 80 with prob : 0.2915267608297117 at frame 389
Late Detected - class : 12 with prob : 0.2577560211917328 at frame 545
Late Detected - class : 77 with prob : 0.2748692911002536 at frame 717
Late Detected - class : 81 with prob : 0.29453928086254116 at frame 856
Late Detected - class : 58 with prob : 0.27316866711290066 at frame 1140
Late Detected - class : 78 with prob : 0.4018797421185296 at frame 1291
Late Detected - class : 30 with prob : 0.18374087775044087 at frame 1431
Late Detected - class : 55 with prob : 0.2812033942317456 at frame 1598
Late Detected - class : 74 with prob : 0.22677055878287375 at frame 1738
Late Detected - class : 60 with prob : 0.2760935581750644 at frame 1865
predicted classes: 	 [44 80 12 77 81 58 78 30 55 74 60]
True classes :		 [44 80 12 77 81 28 58 78 75 55 74 60]
Levenshtein Accuracy = 0.8333333333333334 (0.6627134724857685)
[368/431]============
/home/aipu/qyh/datasets/EgoGesture/videos/Subject41/Scene3/Color/rgb5.avi
@@@@@@@@@@@@@@ Subject41/Scene3/Color/rgb5
[INFO]: Videot  is loading... /home/aipu/qyh/datasets/EgoGesture/videos/Subject41/Scene3/Color/rgb5 Subject41/Scene3/Color/rgb5
Late Detected - class : 83 with prob : 0.19654104355252955 at frame 178
Late Detected - class : 39 with prob : 0.4301556811396396 at frame 346
Late Detected - class : 59 with prob : 0.21833763497572792 at frame 607
Late Detected - class : 35 with prob : 0.46409398042734823 at frame 708
Late Detected - class : 38 with prob : 0.4713721076866304 at frame 817
Late Detected - class : 18 with prob : 0.3310072874301265 at frame 1035
Late Detected - class : 56 with prob : 0.4078573441892977 at frame 1145
Late Detected - class : 1 with prob : 0.19066887870125931 at frame 1316
Late Detected - class : 15 with prob : 0.17698313453917794 at frame 1536
predicted classes: 	 [83 39 59 35 38 18 56  1 15]
True classes :		 [ 3 39 37 59 35 38 33 18 56  1 69 15]
Levenshtein Accuracy = 0.6666666666666667 (0.6627246925260171)
[369/431]============
/home/aipu/qyh/datasets/EgoGesture/videos/Subject41/Scene2/Color/rgb1.avi
@@@@@@@@@@@@@@ Subject41/Scene2/Color/rgb1
[INFO]: Videot  is loading... /home/aipu/qyh/datasets/EgoGesture/videos/Subject41/Scene2/Color/rgb1 Subject41/Scene2/Color/rgb1
Late Detected - class : 9 with prob : 0.3281595875394425 at frame 248
Late Detected - class : 37 with prob : 0.4381529454028625 at frame 507
Late Detected - class : 76 with prob : 0.2538280571378162 at frame 700
Late Detected - class : 58 with prob : 0.3448892314015592 at frame 917
Late Detected - class : 82 with prob : 0.2763982654453447 at frame 1063
Late Detected - class : 73 with prob : 0.18737407822031152 at frame 1457
Late Detected - class : 70 with prob : 0.26949148820224933 at frame 1622
Late Detected - class : 18 with prob : 0.3859614802875525 at frame 1726
Late Detected - class : 62 with prob : 0.29222560425467775 at frame 1914
predicted classes: 	 [ 9 37 76 58 82 73 70 18 62]
True classes :		 [ 9 75 37 76 58 82 19 16 73 70 18 67]
Levenshtein Accuracy = 0.6666666666666667 (0.6627358490566038)
[370/431]============
/home/aipu/qyh/datasets/EgoGesture/videos/Subject41/Scene2/Color/rgb2.avi
@@@@@@@@@@@@@@ Subject41/Scene2/Color/rgb2
[INFO]: Videot  is loading... /home/aipu/qyh/datasets/EgoGesture/videos/Subject41/Scene2/Color/rgb2 Subject41/Scene2/Color/rgb2
Late Detected - class : 54 with prob : 0.30034768559200486 at frame 250
Late Detected - class : 28 with prob : 0.1530982710835433 at frame 683
Late Detected - class : 47 with prob : 0.22809440946249146 at frame 945
Late Detected - class : 59 with prob : 0.28430737653033444 at frame 1098
Late Detected - class : 47 with prob : 0.17418982762016347 at frame 1347
Late Detected - class : 36 with prob : 0.42492119031142384 at frame 1601
Late Detected - class : 3 with prob : 0.27507349603696735 at frame 1811
Late Detected - class : 40 with prob : 0.4247114924492369 at frame 1935
Late Detected - class : 21 with prob : 0.46385774860794515 at frame 2097
predicted classes: 	 [54 28 47 59 47 36  3 40 21]
True classes :		 [53 28 63 47 59 42 57 36 50  3 40 21]
Levenshtein Accuracy = 0.5833333333333333 (0.6625117591721543)
[371/431]============
/home/aipu/qyh/datasets/EgoGesture/videos/Subject41/Scene2/Color/rgb6.avi
@@@@@@@@@@@@@@ Subject41/Scene2/Color/rgb6
[INFO]: Videot  is loading... /home/aipu/qyh/datasets/EgoGesture/videos/Subject41/Scene2/Color/rgb6 Subject41/Scene2/Color/rgb6
Late Detected - class : 34 with prob : 0.20477344381531626 at frame 319
Late Detected - class : 64 with prob : 0.20324416659386094 at frame 465
Late Detected - class : 29 with prob : 0.25533025927737 at frame 702
Late Detected - class : 68 with prob : 0.23490105711280662 at frame 819
Late Detected - class : 54 with prob : 0.18761361664810194 at frame 938
Late Detected - class : 46 with prob : 0.15093964538619795 at frame 1107
Late Detected - class : 71 with prob : 0.26057300987384224 at frame 1304
Late Detected - class : 10 with prob : 0.48141243128932615 at frame 1508
Late Detected - class : 65 with prob : 0.19839518572604106 at frame 1718
Late Detected - class : 49 with prob : 0.3141091513108252 at frame 1819
predicted classes: 	 [34 64 29 68 54 46 71 10 65 49]
True classes :		 [34 64 81 29 68 54 24 46 71 10 65 49]
Levenshtein Accuracy = 0.8333333333333334 (0.6629924953095685)
[372/431]============
/home/aipu/qyh/datasets/EgoGesture/videos/Subject41/Scene2/Color/rgb3.avi
@@@@@@@@@@@@@@ Subject41/Scene2/Color/rgb3
[INFO]: Videot  is loading... /home/aipu/qyh/datasets/EgoGesture/videos/Subject41/Scene2/Color/rgb3 Subject41/Scene2/Color/rgb3
Late Detected - class : 43 with prob : 0.36715586573867603 at frame 350
Late Detected - class : 7 with prob : 0.3107766569867006 at frame 498
Late Detected - class : 12 with prob : 0.21250674372322906 at frame 635
Late Detected - class : 25 with prob : 0.15869052538385045 at frame 724
Late Detected - class : 60 with prob : 0.24724153954427544 at frame 836
Late Detected - class : 22 with prob : 0.5525389365891142 at frame 983
Late Detected - class : 78 with prob : 0.16233593425243342 at frame 1164
Late Detected - class : 35 with prob : 0.4313444935961124 at frame 1409
Late Detected - class : 48 with prob : 0.20313572974652763 at frame 1510
Late Detected - class : 1 with prob : 0.26003886935064774 at frame 1677
Late Detected - class : 11 with prob : 0.3501902345886223 at frame 1886
predicted classes: 	 [43  7 12 25 60 22 78 35 48  1 11]
True classes :		 [15 43  7 12 25 60 22 79 35 48  1 11]
Levenshtein Accuracy = 0.8333333333333334 (0.6634705332086062)
[373/431]============
/home/aipu/qyh/datasets/EgoGesture/videos/Subject41/Scene2/Color/rgb7.avi
@@@@@@@@@@@@@@ Subject41/Scene2/Color/rgb7
[INFO]: Videot  is loading... /home/aipu/qyh/datasets/EgoGesture/videos/Subject41/Scene2/Color/rgb7 Subject41/Scene2/Color/rgb7
Late Detected - class : 45 with prob : 0.20418781041597875 at frame 155
Late Detected - class : 31 with prob : 0.22484064923844357 at frame 486
Late Detected - class : 13 with prob : 0.2795149290706983 at frame 647
Late Detected - class : 51 with prob : 0.31634270994117475 at frame 1242
Late Detected - class : 77 with prob : 0.1954929261734715 at frame 1693
Late Detected - class : 83 with prob : 0.18130839553708358 at frame 1864
predicted classes: 	 [45 31 13 51 77 83]
True classes :		 [45 74 31 13 27 26  5 51 62 77  2]
Levenshtein Accuracy = 0.4545454545454546 (0.6629344529974341)
[374/431]============
/home/aipu/qyh/datasets/EgoGesture/videos/Subject41/Scene2/Color/rgb4.avi
@@@@@@@@@@@@@@ Subject41/Scene2/Color/rgb4
[INFO]: Videot  is loading... /home/aipu/qyh/datasets/EgoGesture/videos/Subject41/Scene2/Color/rgb4 Subject41/Scene2/Color/rgb4
Late Detected - class : 14 with prob : 0.33580557175537423 at frame 223
Late Detected - class : 38 with prob : 0.45924054160264544 at frame 402
Late Detected - class : 66 with prob : 0.21273845045324685 at frame 514
Late Detected - class : 0 with prob : 0.23965397838221011 at frame 799
Late Detected - class : 80 with prob : 0.28396400943196437 at frame 1010
Late Detected - class : 41 with prob : 0.2886095135539986 at frame 1134
Late Detected - class : 8 with prob : 0.34565205701968016 at frame 1265
Late Detected - class : 56 with prob : 0.3786642453400775 at frame 1377
Late Detected - class : 20 with prob : 0.25126435581387396 at frame 1486
Late Detected - class : 17 with prob : 0.4833084644116261 at frame 1633
Late Detected - class : 32 with prob : 0.3539426950393277 at frame 1741
predicted classes: 	 [14 38 66  0 80 41  8 56 20 17 32]
True classes :		 [14 38 66 69  0 80 41  8 56 20 17 32]
Levenshtein Accuracy = 0.9166666666666666 (0.6636427076064201)
[375/431]============
/home/aipu/qyh/datasets/EgoGesture/videos/Subject41/Scene2/Color/rgb5.avi
@@@@@@@@@@@@@@ Subject41/Scene2/Color/rgb5
[INFO]: Videot  is loading... /home/aipu/qyh/datasets/EgoGesture/videos/Subject41/Scene2/Color/rgb5 Subject41/Scene2/Color/rgb5
Late Detected - class : 30 with prob : 0.17077098268597313 at frame 124
Late Detected - class : 52 with prob : 0.42089495335475763 at frame 214
Late Detected - class : 61 with prob : 0.2362648510377004 at frame 322
Late Detected - class : 72 with prob : 0.5037873855627862 at frame 495
Late Detected - class : 39 with prob : 0.38682288083020655 at frame 624
Late Detected - class : 44 with prob : 0.1985145008206131 at frame 725
Late Detected - class : 55 with prob : 0.2650186552187032 at frame 888
Late Detected - class : 4 with prob : 0.2062435826159079 at frame 1020
Late Detected - class : 6 with prob : 0.3606469331976906 at frame 1238
Late Detected - class : 78 with prob : 0.33020120865143776 at frame 1451
Late Detected - class : 33 with prob : 0.16168331605734534 at frame 1538
Late Detected - class : 23 with prob : 0.34400729421880116 at frame 1621
predicted classes: 	 [30 52 61 72 39 44 55  4  6 78 33 23]
True classes :		 [30 52 61 72 39 44 55  4  6 78 33 23]
Levenshtein Accuracy = 1.0 (0.6645789839944328)
[376/431]============
/home/aipu/qyh/datasets/EgoGesture/videos/Subject41/Scene5/Color/rgb1.avi
@@@@@@@@@@@@@@ Subject41/Scene5/Color/rgb1
[INFO]: Videot  is loading... /home/aipu/qyh/datasets/EgoGesture/videos/Subject41/Scene5/Color/rgb1 Subject41/Scene5/Color/rgb1
Late Detected - class : 40 with prob : 0.319132830354584 at frame 84
Late Detected - class : 22 with prob : 0.3549075921796074 at frame 200
Late Detected - class : 78 with prob : 0.21369864714806955 at frame 288
Late Detected - class : 38 with prob : 0.25344142321317836 at frame 564
predicted classes: 	 [40 22 78 38]
True classes :		 [40 76 22 78 33 59 20 38 44 67 73 46]
Levenshtein Accuracy = 0.33333333333333337 (0.6636594957205644)
[377/431]============
/home/aipu/qyh/datasets/EgoGesture/videos/Subject41/Scene5/Color/rgb2.avi
@@@@@@@@@@@@@@ Subject41/Scene5/Color/rgb2
[INFO]: Videot  is loading... /home/aipu/qyh/datasets/EgoGesture/videos/Subject41/Scene5/Color/rgb2 Subject41/Scene5/Color/rgb2
Late Detected - class : 72 with prob : 0.3794098387404838 at frame 358
predicted classes: 	 [72]
True classes :		 [ 4 57 25 72 24 55 26 71 74 28 18 65]
Levenshtein Accuracy = 0.08333333333333337 (0.6620530565167243)
[378/431]============
/home/aipu/qyh/datasets/EgoGesture/videos/Subject41/Scene5/Color/rgb6.avi
@@@@@@@@@@@@@@ Subject41/Scene5/Color/rgb6
[INFO]: Videot  is loading... /home/aipu/qyh/datasets/EgoGesture/videos/Subject41/Scene5/Color/rgb6 Subject41/Scene5/Color/rgb6
Late Detected - class : 14 with prob : 0.17723431625304398 at frame 155
Late Detected - class : 52 with prob : 0.30190340803991583 at frame 220
Late Detected - class : 43 with prob : 0.2196958668867182 at frame 289
Late Detected - class : 30 with prob : 0.2784853735550492 at frame 518
Late Detected - class : 10 with prob : 0.3529326413745385 at frame 667
Late Detected - class : 63 with prob : 0.18026934689336277 at frame 719
Late Detected - class : 23 with prob : 0.2638772165024464 at frame 788
predicted classes: 	 [14 52 43 30 10 63 23]
True classes :		 [12 14 52 43 42 30  1 10 63 23 48 37]
Levenshtein Accuracy = 0.5833333333333333 (0.6618357487922706)
[379/431]============
/home/aipu/qyh/datasets/EgoGesture/videos/Subject41/Scene5/Color/rgb3.avi
@@@@@@@@@@@@@@ Subject41/Scene5/Color/rgb3
[INFO]: Videot  is loading... /home/aipu/qyh/datasets/EgoGesture/videos/Subject41/Scene5/Color/rgb3 Subject41/Scene5/Color/rgb3
Late Detected - class : 39 with prob : 0.18762485460988856 at frame 262
Late Detected - class : 9 with prob : 0.22428499551741213 at frame 394
Late Detected - class : 7 with prob : 0.21687973441187441 at frame 541
Late Detected - class : 34 with prob : 0.23100751375097742 at frame 874
predicted classes: 	 [39  9  7 34]
True classes :		 [70 80 29 39 60  9 45  7 11  0  5 34]
Levenshtein Accuracy = 0.33333333333333337 (0.6609314062858453)
[380/431]============
/home/aipu/qyh/datasets/EgoGesture/videos/Subject41/Scene5/Color/rgb7.avi
@@@@@@@@@@@@@@ Subject41/Scene5/Color/rgb7
[INFO]: Videot  is loading... /home/aipu/qyh/datasets/EgoGesture/videos/Subject41/Scene5/Color/rgb7 Subject41/Scene5/Color/rgb7
Late Detected - class : 19 with prob : 0.23086956764242905 at frame 194
predicted classes: 	 [19]
True classes :		 [53 82 19 17 58 32 15 41 75 77 79]
Levenshtein Accuracy = 0.09090909090909094 (0.6594965675057208)
[381/431]============
/home/aipu/qyh/datasets/EgoGesture/videos/Subject41/Scene5/Color/rgb4.avi
@@@@@@@@@@@@@@ Subject41/Scene5/Color/rgb4
[INFO]: Videot  is loading... /home/aipu/qyh/datasets/EgoGesture/videos/Subject41/Scene5/Color/rgb4 Subject41/Scene5/Color/rgb4
Late Detected - class : 8 with prob : 0.21314989199029452 at frame 158
Late Detected - class : 6 with prob : 0.2614335140269643 at frame 462
Late Detected - class : 81 with prob : 0.20534233159038554 at frame 647
Late Detected - class : 36 with prob : 0.2635453188408564 at frame 791
Late Detected - class : 35 with prob : 0.28059935915652917 at frame 852
predicted classes: 	 [ 8  6 81 36 35]
True classes :		 [21 62  8 13 47 31  6 16 81 64 36 35]
Levenshtein Accuracy = 0.41666666666666663 (0.6588315837517116)
[382/431]============
/home/aipu/qyh/datasets/EgoGesture/videos/Subject41/Scene5/Color/rgb5.avi
@@@@@@@@@@@@@@ Subject41/Scene5/Color/rgb5
[INFO]: Videot  is loading... /home/aipu/qyh/datasets/EgoGesture/videos/Subject41/Scene5/Color/rgb5 Subject41/Scene5/Color/rgb5
Late Detected - class : 49 with prob : 0.1524125889043445 at frame 322
Late Detected - class : 51 with prob : 0.2521244877111519 at frame 440
Late Detected - class : 68 with prob : 0.2695658963901445 at frame 623
predicted classes: 	 [49 51 68]
True classes :		 [56 61 54 49 69 51  2  3 68 50 27 66]
Levenshtein Accuracy = 0.25 (0.6577150659990897)
[383/431]============
/home/aipu/qyh/datasets/EgoGesture/videos/Subject41/Scene4/Color/rgb1.avi
@@@@@@@@@@@@@@ Subject41/Scene4/Color/rgb1
[INFO]: Videot  is loading... /home/aipu/qyh/datasets/EgoGesture/videos/Subject41/Scene4/Color/rgb1 Subject41/Scene4/Color/rgb1
Late Detected - class : 37 with prob : 0.171431067017027 at frame 83
Late Detected - class : 1 with prob : 0.16266356385421915 at frame 221
Late Detected - class : 51 with prob : 0.3720411506890931 at frame 430
Late Detected - class : 78 with prob : 0.3639473521173962 at frame 544
Late Detected - class : 25 with prob : 0.18771010013298223 at frame 770
Late Detected - class : 7 with prob : 0.36202573501522206 at frame 1151
Late Detected - class : 18 with prob : 0.3407522556087582 at frame 1340
predicted classes: 	 [37  1 51 78 25  7 18]
True classes :		 [37  1 24 51 78 57 54 28 45  7 15 18]
Levenshtein Accuracy = 0.5 (0.6572855197458012)
[384/431]============
/home/aipu/qyh/datasets/EgoGesture/videos/Subject41/Scene4/Color/rgb2.avi
@@@@@@@@@@@@@@ Subject41/Scene4/Color/rgb2
[INFO]: Videot  is loading... /home/aipu/qyh/datasets/EgoGesture/videos/Subject41/Scene4/Color/rgb2 Subject41/Scene4/Color/rgb2
Late Detected - class : 36 with prob : 0.34224844810809907 at frame 137
Late Detected - class : 58 with prob : 0.2375337052501946 at frame 436
Late Detected - class : 32 with prob : 0.21353973136110388 at frame 544
Late Detected - class : 22 with prob : 0.41037632108619776 at frame 685
Late Detected - class : 60 with prob : 0.2830581643605542 at frame 800
Late Detected - class : 39 with prob : 0.29380499038462443 at frame 918
Late Detected - class : 34 with prob : 0.21074805145472028 at frame 1193
Late Detected - class : 35 with prob : 0.43202135884072534 at frame 1502
predicted classes: 	 [36 58 32 22 60 39 34 35]
True classes :		 [36 77 58 32 22 60 39 59 34 79 35  2]
Levenshtein Accuracy = 0.6666666666666667 (0.6573110004526935)
[385/431]============
/home/aipu/qyh/datasets/EgoGesture/videos/Subject41/Scene4/Color/rgb6.avi
@@@@@@@@@@@@@@ Subject41/Scene4/Color/rgb6
[INFO]: Videot  is loading... /home/aipu/qyh/datasets/EgoGesture/videos/Subject41/Scene4/Color/rgb6 Subject41/Scene4/Color/rgb6
Late Detected - class : 55 with prob : 0.1719804955109151 at frame 270
Late Detected - class : 75 with prob : 0.20831460519552636 at frame 477
Late Detected - class : 21 with prob : 0.2380343442806139 at frame 897
Late Detected - class : 17 with prob : 0.3047396172303454 at frame 1013
Late Detected - class : 13 with prob : 0.15746018864385491 at frame 1113
Late Detected - class : 80 with prob : 0.16246539705814683 at frame 1287
Late Detected - class : 40 with prob : 0.31061044439422614 at frame 1409
predicted classes: 	 [55 75 21 17 13 80 40]
True classes :		 [76 55 61 75 12 62 21 17 13 80 40 48]
Levenshtein Accuracy = 0.5833333333333333 (0.6571106094808127)
[386/431]============
/home/aipu/qyh/datasets/EgoGesture/videos/Subject41/Scene4/Color/rgb3.avi
@@@@@@@@@@@@@@ Subject41/Scene4/Color/rgb3
[INFO]: Videot  is loading... /home/aipu/qyh/datasets/EgoGesture/videos/Subject41/Scene4/Color/rgb3 Subject41/Scene4/Color/rgb3
Late Detected - class : 33 with prob : 0.16627687515262773 at frame 577
Late Detected - class : 6 with prob : 0.32557269178102377 at frame 736
Late Detected - class : 56 with prob : 0.2090960335417793 at frame 999
Late Detected - class : 29 with prob : 0.39408940122140834 at frame 1335
Late Detected - class : 49 with prob : 0.1686153692467953 at frame 1419
Late Detected - class : 83 with prob : 0.1605741967696741 at frame 1509
Late Detected - class : 38 with prob : 0.33844497594157186 at frame 1762
predicted classes: 	 [33  6 56 29 49 83 38]
True classes :		 [ 4 19 71 33  6 16 56 27 26 29 49 25 73 38]
Levenshtein Accuracy = 0.4285714285714286 (0.6563906390639064)
[387/431]============
/home/aipu/qyh/datasets/EgoGesture/videos/Subject41/Scene4/Color/rgb7.avi
@@@@@@@@@@@@@@ Subject41/Scene4/Color/rgb7
[INFO]: Videot  is loading... /home/aipu/qyh/datasets/EgoGesture/videos/Subject41/Scene4/Color/rgb7 Subject41/Scene4/Color/rgb7
Late Detected - class : 8 with prob : 0.3361425582006969 at frame 237
Late Detected - class : 42 with prob : 0.15146170158152666 at frame 468
Late Detected - class : 52 with prob : 0.3662657395149355 at frame 579
Late Detected - class : 72 with prob : 0.47009646979369957 at frame 862
predicted classes: 	 [ 8 42 52 72]
True classes :		 [69  8 42 52 46 72 20 43 66 31 23]
Levenshtein Accuracy = 0.36363636363636365 (0.6556677890011223)
[388/431]============
/home/aipu/qyh/datasets/EgoGesture/videos/Subject41/Scene4/Color/rgb4.avi
@@@@@@@@@@@@@@ Subject41/Scene4/Color/rgb4
[INFO]: Videot  is loading... /home/aipu/qyh/datasets/EgoGesture/videos/Subject41/Scene4/Color/rgb4 Subject41/Scene4/Color/rgb4
Late Detected - class : 14 with prob : 0.2212450940120996 at frame 309
Late Detected - class : 83 with prob : 0.2900126315889244 at frame 431
predicted classes: 	 [14 83]
True classes :		 [82 14 41  3 63 64 81 70 44 47]
Levenshtein Accuracy = 0.09999999999999998 (0.6544232922732363)
[389/431]============
/home/aipu/qyh/datasets/EgoGesture/videos/Subject41/Scene4/Color/rgb5.avi
@@@@@@@@@@@@@@ Subject41/Scene4/Color/rgb5
[INFO]: Videot  is loading... /home/aipu/qyh/datasets/EgoGesture/videos/Subject41/Scene4/Color/rgb5 Subject41/Scene4/Color/rgb5
Late Detected - class : 74 with prob : 0.15520666302277752 at frame 212
Late Detected - class : 9 with prob : 0.38461040480291725 at frame 1289
Late Detected - class : 10 with prob : 0.46682213597865546 at frame 1650
Late Detected - class : 11 with prob : 0.26466361258184395 at frame 1834
predicted classes: 	 [74  9 10 11]
True classes :		 [68 74  5 50 30  0 65 67  9 53 10 11]
Levenshtein Accuracy = 0.33333333333333337 (0.6535626535626535)
[390/431]============
/home/aipu/qyh/datasets/EgoGesture/videos/Subject47/Scene6/Color/rgb1.avi
@@@@@@@@@@@@@@ Subject47/Scene6/Color/rgb1
[INFO]: Videot  is loading... /home/aipu/qyh/datasets/EgoGesture/videos/Subject47/Scene6/Color/rgb1 Subject47/Scene6/Color/rgb1
Late Detected - class : 64 with prob : 0.29744801813755056 at frame 93
Late Detected - class : 74 with prob : 0.3433365463555831 at frame 181
Late Detected - class : 8 with prob : 0.4643635405858053 at frame 326
Late Detected - class : 27 with prob : 0.25573420734387287 at frame 394
Late Detected - class : 54 with prob : 0.22940175222517442 at frame 473
Late Detected - class : 56 with prob : 0.2735666675747866 at frame 545
Late Detected - class : 35 with prob : 0.28880145994279016 at frame 615
Late Detected - class : 41 with prob : 0.21226206755649255 at frame 685
Late Detected - class : 39 with prob : 0.16008986320519286 at frame 741
Late Detected - class : 19 with prob : 0.24247186641792867 at frame 808
Late Detected - class : 75 with prob : 0.2777186879935354 at frame 888
predicted classes: 	 [64 74  8 27 54 56 35 41 39 19 75]
True classes :		 [64 74 25  8 27 54 56 35 41 39 19 75]
Levenshtein Accuracy = 0.9166666666666666 (0.6542659835152596)
[391/431]============
/home/aipu/qyh/datasets/EgoGesture/videos/Subject47/Scene6/Color/rgb2.avi
@@@@@@@@@@@@@@ Subject47/Scene6/Color/rgb2
[INFO]: Videot  is loading... /home/aipu/qyh/datasets/EgoGesture/videos/Subject47/Scene6/Color/rgb2 Subject47/Scene6/Color/rgb2
Late Detected - class : 63 with prob : 0.22881750157385916 at frame 120
Late Detected - class : 36 with prob : 0.19845096135230714 at frame 180
Late Detected - class : 83 with prob : 0.15411401021358967 at frame 248
Late Detected - class : 78 with prob : 0.29278032571242746 at frame 323
Late Detected - class : 52 with prob : 0.4340502160397258 at frame 413
Late Detected - class : 1 with prob : 0.1732112706449566 at frame 683
Late Detected - class : 28 with prob : 0.37469727007961634 at frame 896
predicted classes: 	 [63 36 83 78 52  1 28]
True classes :		 [63 36 29 78 52 69 67 20  1 65 71 28]
Levenshtein Accuracy = 0.5 (0.6538546989557876)
[392/431]============
/home/aipu/qyh/datasets/EgoGesture/videos/Subject47/Scene6/Color/rgb6.avi
@@@@@@@@@@@@@@ Subject47/Scene6/Color/rgb6
[INFO]: Videot  is loading... /home/aipu/qyh/datasets/EgoGesture/videos/Subject47/Scene6/Color/rgb6 Subject47/Scene6/Color/rgb6
Late Detected - class : 4 with prob : 0.338690051553093 at frame 93
Late Detected - class : 46 with prob : 0.31802690667482475 at frame 166
Late Detected - class : 37 with prob : 0.26203625770246997 at frame 237
Late Detected - class : 78 with prob : 0.32993921342466015 at frame 316
Late Detected - class : 45 with prob : 0.23538899219832998 at frame 543
Late Detected - class : 43 with prob : 0.25615260869025125 at frame 643
Late Detected - class : 77 with prob : 0.20249481312524972 at frame 731
Late Detected - class : 58 with prob : 0.2667154494003713 at frame 917
predicted classes: 	 [ 4 46 37 78 45 43 77 58]
True classes :		 [ 4 46 37 68 12 31 45 43 77  5 58 57]
Levenshtein Accuracy = 0.5833333333333333 (0.6536671836915577)
[393/431]============
/home/aipu/qyh/datasets/EgoGesture/videos/Subject47/Scene6/Color/rgb3.avi
@@@@@@@@@@@@@@ Subject47/Scene6/Color/rgb3
[INFO]: Videot  is loading... /home/aipu/qyh/datasets/EgoGesture/videos/Subject47/Scene6/Color/rgb3 Subject47/Scene6/Color/rgb3
Late Detected - class : 33 with prob : 0.24544686212688804 at frame 331
Late Detected - class : 13 with prob : 0.2680797956737419 at frame 529
Late Detected - class : 72 with prob : 0.551337772925159 at frame 713
Late Detected - class : 66 with prob : 0.17050125643572817 at frame 772
predicted classes: 	 [33 13 72 66]
True classes :		 [ 2 34 16 33 24 15 13 59 72 66 44 81]
Levenshtein Accuracy = 0.33333333333333337 (0.6528176795580111)
[394/431]============
/home/aipu/qyh/datasets/EgoGesture/videos/Subject47/Scene6/Color/rgb7.avi
@@@@@@@@@@@@@@ Subject47/Scene6/Color/rgb7
[INFO]: Videot  is loading... /home/aipu/qyh/datasets/EgoGesture/videos/Subject47/Scene6/Color/rgb7 Subject47/Scene6/Color/rgb7
Late Detected - class : 73 with prob : 0.3015678062590048 at frame 118
Late Detected - class : 3 with prob : 0.25228372661359055 at frame 176
Late Detected - class : 39 with prob : 0.30248611426950994 at frame 250
Late Detected - class : 9 with prob : 0.2874580101795921 at frame 322
Late Detected - class : 80 with prob : 0.2402573752440235 at frame 531
Late Detected - class : 21 with prob : 0.2531920070180737 at frame 615
Late Detected - class : 83 with prob : 0.22993865294781635 at frame 670
predicted classes: 	 [73  3 39  9 80 21 83]
True classes :		 [73  3 39  9 79 61 80 21 60 82 62]
Levenshtein Accuracy = 0.5454545454545454 (0.6525573192239859)
[395/431]============
/home/aipu/qyh/datasets/EgoGesture/videos/Subject47/Scene6/Color/rgb4.avi
@@@@@@@@@@@@@@ Subject47/Scene6/Color/rgb4
[INFO]: Videot  is loading... /home/aipu/qyh/datasets/EgoGesture/videos/Subject47/Scene6/Color/rgb4 Subject47/Scene6/Color/rgb4
Late Detected - class : 48 with prob : 0.43946429659713493 at frame 146
Late Detected - class : 76 with prob : 0.22427979609074297 at frame 278
Late Detected - class : 0 with prob : 0.1769855194850779 at frame 353
Late Detected - class : 49 with prob : 0.16371633121865856 at frame 420
Late Detected - class : 51 with prob : 0.27603041330187195 at frame 481
Late Detected - class : 18 with prob : 0.2317962785701925 at frame 671
Late Detected - class : 70 with prob : 0.19921923351514628 at frame 739
Late Detected - class : 10 with prob : 0.3866614010608511 at frame 878
predicted classes: 	 [48 76  0 49 51 18 70 10]
True classes :		 [76 48  6 76  0 49 51 50 40 18 70 30 10]
Levenshtein Accuracy = 0.6153846153846154 (0.652451088151242)
[396/431]============
/home/aipu/qyh/datasets/EgoGesture/videos/Subject47/Scene6/Color/rgb5.avi
@@@@@@@@@@@@@@ Subject47/Scene6/Color/rgb5
[INFO]: Videot  is loading... /home/aipu/qyh/datasets/EgoGesture/videos/Subject47/Scene6/Color/rgb5 Subject47/Scene6/Color/rgb5
Late Detected - class : 11 with prob : 0.28436578219040126 at frame 210
Late Detected - class : 55 with prob : 0.2564545567885984 at frame 294
Late Detected - class : 26 with prob : 0.2962684479684645 at frame 362
Late Detected - class : 42 with prob : 0.16258151035837837 at frame 475
Late Detected - class : 14 with prob : 0.31280753109511544 at frame 641
Late Detected - class : 32 with prob : 0.3539290447747818 at frame 720
Late Detected - class : 17 with prob : 0.23599391664576427 at frame 878
Late Detected - class : 22 with prob : 0.5718199193108261 at frame 1032
predicted classes: 	 [11 55 26 42 14 32 17 22]
True classes :		 [53 11 55 26 42 47 14 32  7 17 23 22]
Levenshtein Accuracy = 0.6666666666666667 (0.652488489366367)
[397/431]============
/home/aipu/qyh/datasets/EgoGesture/videos/Subject47/Scene1/Color/rgb1.avi
@@@@@@@@@@@@@@ Subject47/Scene1/Color/rgb1
[INFO]: Videot  is loading... /home/aipu/qyh/datasets/EgoGesture/videos/Subject47/Scene1/Color/rgb1 Subject47/Scene1/Color/rgb1
Late Detected - class : 83 with prob : 0.3199351697141781 at frame 75
Late Detected - class : 20 with prob : 0.25123237714277696 at frame 273
Late Detected - class : 8 with prob : 0.49553206684552265 at frame 383
Late Detected - class : 19 with prob : 0.24392683961180323 at frame 477
Late Detected - class : 2 with prob : 0.2586970913748346 at frame 682
Late Detected - class : 44 with prob : 0.2597385634574519 at frame 780
Late Detected - class : 0 with prob : 0.2019277132043642 at frame 864
Late Detected - class : 42 with prob : 0.25539288714734043 at frame 962
Late Detected - class : 12 with prob : 0.2822213073270019 at frame 1101
Late Detected - class : 63 with prob : 0.3840072433678359 at frame 1206
Late Detected - class : 39 with prob : 0.2893173145123758 at frame 1291
Late Detected - class : 75 with prob : 0.43121481982949655 at frame 1378
predicted classes: 	 [83 20  8 19  2 44  0 42 12 63 39 75]
True classes :		 [20  8 19 51  2 44  4 42 12 63 39 75]
Levenshtein Accuracy = 0.75 (0.652744369123114)
[398/431]============
/home/aipu/qyh/datasets/EgoGesture/videos/Subject47/Scene1/Color/rgb2.avi
@@@@@@@@@@@@@@ Subject47/Scene1/Color/rgb2
[INFO]: Videot  is loading... /home/aipu/qyh/datasets/EgoGesture/videos/Subject47/Scene1/Color/rgb2 Subject47/Scene1/Color/rgb2
Late Detected - class : 80 with prob : 0.3643336281685118 at frame 127
Late Detected - class : 56 with prob : 0.21104104956992717 at frame 196
Late Detected - class : 57 with prob : 0.16320123347486754 at frame 209
Late Detected - class : 11 with prob : 0.30792057189042804 at frame 298
Late Detected - class : 70 with prob : 0.5384902690758097 at frame 476
Late Detected - class : 43 with prob : 0.3326004895115414 at frame 698
Late Detected - class : 74 with prob : 0.3037907077261574 at frame 824
Late Detected - class : 12 with prob : 0.2605661855134417 at frame 904
Late Detected - class : 5 with prob : 0.30191928294861464 at frame 981
Late Detected - class : 38 with prob : 0.26233193492436335 at frame 1172
predicted classes: 	 [80 56 57 11 70 43 74 12  5 38]
True classes :		 [80 57 11 70 29 43 24 74 12  5 78 38]
Levenshtein Accuracy = 0.6666666666666667 (0.6527808069792803)
[399/431]============
/home/aipu/qyh/datasets/EgoGesture/videos/Subject47/Scene1/Color/rgb6.avi
@@@@@@@@@@@@@@ Subject47/Scene1/Color/rgb6
[INFO]: Videot  is loading... /home/aipu/qyh/datasets/EgoGesture/videos/Subject47/Scene1/Color/rgb6 Subject47/Scene1/Color/rgb6
Late Detected - class : 83 with prob : 0.17571486758173888 at frame 274
Late Detected - class : 45 with prob : 0.2921393193782632 at frame 363
Late Detected - class : 6 with prob : 0.4127830887085205 at frame 445
Late Detected - class : 23 with prob : 0.43036002690785746 at frame 527
Late Detected - class : 66 with prob : 0.2977295890211459 at frame 610
Late Detected - class : 82 with prob : 0.3732575973784913 at frame 696
Late Detected - class : 46 with prob : 0.4419973487557918 at frame 774
Late Detected - class : 47 with prob : 0.2638669636062032 at frame 849
Late Detected - class : 56 with prob : 0.35055926457564107 at frame 932
Late Detected - class : 17 with prob : 0.3501964220347383 at frame 1017
predicted classes: 	 [83 45  6 23 66 82 46 47 56 17]
True classes :		 [ 3 26 34 45  6 23 66 82 46 47 56 17]
Levenshtein Accuracy = 0.75 (0.6530345877746356)
[400/431]============
/home/aipu/qyh/datasets/EgoGesture/videos/Subject47/Scene1/Color/rgb3.avi
@@@@@@@@@@@@@@ Subject47/Scene1/Color/rgb3
[INFO]: Videot  is loading... /home/aipu/qyh/datasets/EgoGesture/videos/Subject47/Scene1/Color/rgb3 Subject47/Scene1/Color/rgb3
Late Detected - class : 35 with prob : 0.34394488460447264 at frame 115
Late Detected - class : 48 with prob : 0.5252892499803127 at frame 205
Late Detected - class : 41 with prob : 0.303022490871499 at frame 274
Late Detected - class : 25 with prob : 0.30866026068305086 at frame 361
Late Detected - class : 27 with prob : 0.40046549119620223 at frame 439
Late Detected - class : 9 with prob : 0.4996503710686445 at frame 532
Late Detected - class : 62 with prob : 0.3180723264084212 at frame 609
Late Detected - class : 28 with prob : 0.2731522626608266 at frame 680
Late Detected - class : 68 with prob : 0.3954362213283197 at frame 758
Late Detected - class : 71 with prob : 0.3308204280424589 at frame 839
Late Detected - class : 60 with prob : 0.32073113347543397 at frame 916
Late Detected - class : 52 with prob : 0.5233630632294286 at frame 1040
predicted classes: 	 [35 48 41 25 27  9 62 28 68 71 60 52]
True classes :		 [35 48 41 25 27  9 62 28 68 71 60 52]
Levenshtein Accuracy = 1.0 (0.6539379474940334)
[401/431]============
/home/aipu/qyh/datasets/EgoGesture/videos/Subject47/Scene1/Color/rgb7.avi
@@@@@@@@@@@@@@ Subject47/Scene1/Color/rgb7
[INFO]: Videot  is loading... /home/aipu/qyh/datasets/EgoGesture/videos/Subject47/Scene1/Color/rgb7 Subject47/Scene1/Color/rgb7
Late Detected - class : 65 with prob : 0.1504568047358403 at frame 218
Late Detected - class : 77 with prob : 0.18237885876701693 at frame 309
Late Detected - class : 32 with prob : 0.4569693775361706 at frame 668
Late Detected - class : 31 with prob : 0.42875601458047174 at frame 735
Late Detected - class : 36 with prob : 0.29522106183176827 at frame 979
Late Detected - class : 58 with prob : 0.37050076837816215 at frame 1070
predicted classes: 	 [65 77 32 31 36 58]
True classes :		 [15 65 77 59 81 32 31 49 67 36 58]
Levenshtein Accuracy = 0.5454545454545454 (0.6536796536796536)
[402/431]============
/home/aipu/qyh/datasets/EgoGesture/videos/Subject47/Scene1/Color/rgb4.avi
@@@@@@@@@@@@@@ Subject47/Scene1/Color/rgb4
[INFO]: Videot  is loading... /home/aipu/qyh/datasets/EgoGesture/videos/Subject47/Scene1/Color/rgb4 Subject47/Scene1/Color/rgb4
Late Detected - class : 22 with prob : 0.6401434244395183 at frame 173
Late Detected - class : 14 with prob : 0.4957469749538299 at frame 281
Late Detected - class : 10 with prob : 0.5471834675715476 at frame 398
Late Detected - class : 30 with prob : 0.3432269689832299 at frame 481
Late Detected - class : 68 with prob : 0.3683306234714062 at frame 552
Late Detected - class : 33 with prob : 0.3500865912535732 at frame 637
Late Detected - class : 76 with prob : 0.3104942752970919 at frame 752
Late Detected - class : 55 with prob : 0.3531273494847859 at frame 883
Late Detected - class : 83 with prob : 0.2920193771873694 at frame 961
Late Detected - class : 0 with prob : 0.5263341008374081 at frame 987
Late Detected - class : 1 with prob : 0.4849561111107931 at frame 1081
Late Detected - class : 13 with prob : 0.37571116562988444 at frame 1268
predicted classes: 	 [22 14 10 30 68 33 76 55 83  0  1 13]
True classes :		 [22 14 10 30 69 33 76 55  0  1 18 13]
Levenshtein Accuracy = 0.75 (0.6539291882556131)
[403/431]============
/home/aipu/qyh/datasets/EgoGesture/videos/Subject47/Scene1/Color/rgb5.avi
@@@@@@@@@@@@@@ Subject47/Scene1/Color/rgb5
[INFO]: Videot  is loading... /home/aipu/qyh/datasets/EgoGesture/videos/Subject47/Scene1/Color/rgb5 Subject47/Scene1/Color/rgb5
Late Detected - class : 83 with prob : 0.4084564791223368 at frame 83
Late Detected - class : 78 with prob : 0.41379026060115826 at frame 174
Late Detected - class : 53 with prob : 0.31892843515880337 at frame 362
Late Detected - class : 73 with prob : 0.32213633659538077 at frame 530
Late Detected - class : 72 with prob : 0.6342259460193511 at frame 644
Late Detected - class : 7 with prob : 0.33238296038393444 at frame 736
Late Detected - class : 40 with prob : 0.3413261983980228 at frame 827
Late Detected - class : 50 with prob : 0.24206534160026502 at frame 904
Late Detected - class : 61 with prob : 0.34930108468767906 at frame 989
Late Detected - class : 37 with prob : 0.31232619948726537 at frame 1063
Late Detected - class : 54 with prob : 0.270886619396165 at frame 1165
predicted classes: 	 [83 78 53 73 72  7 40 50 61 37 54]
True classes :		 [79 64 53 16 73 72  7 40 50 61 37 54]
Levenshtein Accuracy = 0.75 (0.6541774332472007)
[404/431]============
/home/aipu/qyh/datasets/EgoGesture/videos/Subject47/Scene3/Color/rgb1.avi
@@@@@@@@@@@@@@ Subject47/Scene3/Color/rgb1
[INFO]: Videot  is loading... /home/aipu/qyh/datasets/EgoGesture/videos/Subject47/Scene3/Color/rgb1 Subject47/Scene3/Color/rgb1
Late Detected - class : 9 with prob : 0.29997268095087615 at frame 143
Late Detected - class : 38 with prob : 0.4741584508747019 at frame 247
Late Detected - class : 30 with prob : 0.18439665836904373 at frame 409
Late Detected - class : 65 with prob : 0.29244565194424116 at frame 610
Late Detected - class : 63 with prob : 0.3127033443356444 at frame 697
Late Detected - class : 10 with prob : 0.46987766417784055 at frame 901
Late Detected - class : 28 with prob : 0.2955106550402465 at frame 984
Late Detected - class : 51 with prob : 0.36680422455085265 at frame 1049
Late Detected - class : 80 with prob : 0.38943832349301943 at frame 1187
predicted classes: 	 [ 9 38 30 65 63 10 28 51 80]
True classes :		 [ 9 38 82 30 59 65 63  0 10 28 51 80]
Levenshtein Accuracy = 0.75 (0.6544243986254296)
[405/431]============
/home/aipu/qyh/datasets/EgoGesture/videos/Subject47/Scene3/Color/rgb2.avi
@@@@@@@@@@@@@@ Subject47/Scene3/Color/rgb2
[INFO]: Videot  is loading... /home/aipu/qyh/datasets/EgoGesture/videos/Subject47/Scene3/Color/rgb2 Subject47/Scene3/Color/rgb2
Late Detected - class : 72 with prob : 0.17637302005916353 at frame 131
Late Detected - class : 55 with prob : 0.32529673113527247 at frame 440
Late Detected - class : 17 with prob : 0.5414076584417851 at frame 909
Late Detected - class : 37 with prob : 0.39306130319952776 at frame 1086
Late Detected - class : 23 with prob : 0.21377491210578387 at frame 1162
predicted classes: 	 [72 55 17 37 23]
True classes :		 [72 77  2 55 19 34 48 47 17 44 37 23]
Levenshtein Accuracy = 0.41666666666666663 (0.6538131962296486)
[406/431]============
/home/aipu/qyh/datasets/EgoGesture/videos/Subject47/Scene3/Color/rgb6.avi
@@@@@@@@@@@@@@ Subject47/Scene3/Color/rgb6
[INFO]: Videot  is loading... /home/aipu/qyh/datasets/EgoGesture/videos/Subject47/Scene3/Color/rgb6 Subject47/Scene3/Color/rgb6
Late Detected - class : 18 with prob : 0.15468234539307013 at frame 228
Late Detected - class : 43 with prob : 0.25190063695645387 at frame 327
Late Detected - class : 26 with prob : 0.3785304618100894 at frame 415
Late Detected - class : 3 with prob : 0.34765030004148856 at frame 496
Late Detected - class : 7 with prob : 0.23898997395747448 at frame 575
Late Detected - class : 56 with prob : 0.4868955983897067 at frame 656
Late Detected - class : 74 with prob : 0.36318980448005284 at frame 731
Late Detected - class : 13 with prob : 0.361855328996815 at frame 821
Late Detected - class : 39 with prob : 0.17261108157858607 at frame 899
Late Detected - class : 66 with prob : 0.26597666371947404 at frame 960
Late Detected - class : 49 with prob : 0.4440767048474728 at frame 1052
predicted classes: 	 [18 43 26  3  7 56 74 13 39 66 49]
True classes :		 [40 18 43 26  3  7 56 74 13 39 66 49]
Levenshtein Accuracy = 0.9166666666666666 (0.6544871794871795)
[407/431]============
/home/aipu/qyh/datasets/EgoGesture/videos/Subject47/Scene3/Color/rgb3.avi
@@@@@@@@@@@@@@ Subject47/Scene3/Color/rgb3
[INFO]: Videot  is loading... /home/aipu/qyh/datasets/EgoGesture/videos/Subject47/Scene3/Color/rgb3 Subject47/Scene3/Color/rgb3
Late Detected - class : 22 with prob : 0.34171100410412425 at frame 127
Late Detected - class : 73 with prob : 0.26588570099551945 at frame 595
Late Detected - class : 56 with prob : 0.24904890770768706 at frame 673
Late Detected - class : 75 with prob : 0.18965585346394756 at frame 797
Late Detected - class : 62 with prob : 0.2700997886673789 at frame 885
Late Detected - class : 41 with prob : 0.31645563174513436 at frame 956
predicted classes: 	 [22 73 56 75 62 41]
True classes :		 [22 50 16  1 81 73 57 75 62 41 12 64]
Levenshtein Accuracy = 0.41666666666666663 (0.6538789428815004)
[408/431]============
/home/aipu/qyh/datasets/EgoGesture/videos/Subject47/Scene3/Color/rgb7.avi
@@@@@@@@@@@@@@ Subject47/Scene3/Color/rgb7
[INFO]: Videot  is loading... /home/aipu/qyh/datasets/EgoGesture/videos/Subject47/Scene3/Color/rgb7 Subject47/Scene3/Color/rgb7
Late Detected - class : 45 with prob : 0.24914639409112851 at frame 111
Late Detected - class : 6 with prob : 0.411981299221779 at frame 197
Late Detected - class : 78 with prob : 0.27383363656312953 at frame 267
Late Detected - class : 52 with prob : 0.5312526738001208 at frame 584
Late Detected - class : 12 with prob : 0.33392563275853376 at frame 713
Late Detected - class : 15 with prob : 0.367630100300786 at frame 977
Late Detected - class : 54 with prob : 0.38062318768230036 at frame 1094
predicted classes: 	 [45  6 78 52 12 15 54]
True classes :		 [45  6 79 21 14 52 12 71 20 15 54]
Levenshtein Accuracy = 0.5454545454545454 (0.6536253455241335)
[409/431]============
/home/aipu/qyh/datasets/EgoGesture/videos/Subject47/Scene3/Color/rgb4.avi
@@@@@@@@@@@@@@ Subject47/Scene3/Color/rgb4
[INFO]: Videot  is loading... /home/aipu/qyh/datasets/EgoGesture/videos/Subject47/Scene3/Color/rgb4 Subject47/Scene3/Color/rgb4
Late Detected - class : 8 with prob : 0.3854206808866662 at frame 137
Late Detected - class : 60 with prob : 0.2416237804905413 at frame 297
Late Detected - class : 46 with prob : 0.3811245610081605 at frame 401
Late Detected - class : 58 with prob : 0.4550178673923235 at frame 521
Late Detected - class : 27 with prob : 0.3359627383369721 at frame 609
Late Detected - class : 33 with prob : 0.35035847822499483 at frame 764
Late Detected - class : 70 with prob : 0.44489639631829836 at frame 860
Late Detected - class : 61 with prob : 0.2956640214082653 at frame 933
Late Detected - class : 53 with prob : 0.3693957106507074 at frame 1113
predicted classes: 	 [ 8 60 46 58 27 33 70 61 53]
True classes :		 [ 8 29 60 46 58 27 67 33 70 61 69 53]
Levenshtein Accuracy = 0.75 (0.6538706256627783)
[410/431]============
/home/aipu/qyh/datasets/EgoGesture/videos/Subject47/Scene3/Color/rgb5.avi
@@@@@@@@@@@@@@ Subject47/Scene3/Color/rgb5
[INFO]: Videot  is loading... /home/aipu/qyh/datasets/EgoGesture/videos/Subject47/Scene3/Color/rgb5 Subject47/Scene3/Color/rgb5
Late Detected - class : 32 with prob : 0.305968189736281 at frame 123
Late Detected - class : 5 with prob : 0.3611198562633822 at frame 207
Late Detected - class : 68 with prob : 0.3916272824976672 at frame 304
Late Detected - class : 78 with prob : 0.4964963515134046 at frame 388
Late Detected - class : 42 with prob : 0.16728449324465586 at frame 538
Late Detected - class : 35 with prob : 0.3084409201546023 at frame 613
Late Detected - class : 25 with prob : 0.22752282505790541 at frame 690
Late Detected - class : 36 with prob : 0.17223337926802165 at frame 868
Late Detected - class : 31 with prob : 0.46051808242911274 at frame 954
Late Detected - class : 76 with prob : 0.2773511184342544 at frame 1044
predicted classes: 	 [32  5 68 78 42 35 25 36 31 76]
True classes :		 [32  5 68 78 24 42 35 25  4 36 31 76]
Levenshtein Accuracy = 0.8333333333333334 (0.6543262111275651)
[411/431]============
/home/aipu/qyh/datasets/EgoGesture/videos/Subject47/Scene2/Color/rgb1.avi
@@@@@@@@@@@@@@ Subject47/Scene2/Color/rgb1
[INFO]: Videot  is loading... /home/aipu/qyh/datasets/EgoGesture/videos/Subject47/Scene2/Color/rgb1 Subject47/Scene2/Color/rgb1
Late Detected - class : 46 with prob : 0.2942813246081122 at frame 223
Late Detected - class : 68 with prob : 0.4317446078418814 at frame 323
Late Detected - class : 23 with prob : 0.4237405804706288 at frame 415
Late Detected - class : 70 with prob : 0.40886624464782584 at frame 502
Late Detected - class : 63 with prob : 0.31875732526001965 at frame 581
Late Detected - class : 17 with prob : 0.3889736072275167 at frame 654
Late Detected - class : 62 with prob : 0.2563921191130263 at frame 721
Late Detected - class : 14 with prob : 0.41387123929545344 at frame 822
Late Detected - class : 83 with prob : 0.18882462298264235 at frame 968
Late Detected - class : 56 with prob : 0.17585851143862946 at frame 1069
Late Detected - class : 12 with prob : 0.3101535873386919 at frame 1161
predicted classes: 	 [46 68 23 70 63 17 62 14 83 56 12]
True classes :		 [46 68 23 70 63 17 62 14 15 44 57 21]
Levenshtein Accuracy = 0.6666666666666667 (0.654357459379616)
[412/431]============
/home/aipu/qyh/datasets/EgoGesture/videos/Subject47/Scene2/Color/rgb2.avi
@@@@@@@@@@@@@@ Subject47/Scene2/Color/rgb2
[INFO]: Videot  is loading... /home/aipu/qyh/datasets/EgoGesture/videos/Subject47/Scene2/Color/rgb2 Subject47/Scene2/Color/rgb2
Late Detected - class : 65 with prob : 0.36628057406793657 at frame 173
Late Detected - class : 53 with prob : 0.42024775480637316 at frame 289
Late Detected - class : 56 with prob : 0.3671703756753929 at frame 445
Late Detected - class : 75 with prob : 0.31072229296873893 at frame 532
Late Detected - class : 48 with prob : 0.5184439126273481 at frame 626
Late Detected - class : 58 with prob : 0.45577313215970366 at frame 725
Late Detected - class : 28 with prob : 0.33531496441310504 at frame 799
Late Detected - class : 22 with prob : 0.40069554021810383 at frame 894
Late Detected - class : 64 with prob : 0.3240854548511298 at frame 1001
Late Detected - class : 60 with prob : 0.23800724557517536 at frame 1082
Late Detected - class : 43 with prob : 0.3577284749671488 at frame 1196
predicted classes: 	 [65 53 56 75 48 58 28 22 64 60 43]
True classes :		 [65 53 56 75 48 58 28 22 64 60 43 81]
Levenshtein Accuracy = 0.9166666666666666 (0.65501999579036)
[413/431]============
/home/aipu/qyh/datasets/EgoGesture/videos/Subject47/Scene2/Color/rgb6.avi
@@@@@@@@@@@@@@ Subject47/Scene2/Color/rgb6
[INFO]: Videot  is loading... /home/aipu/qyh/datasets/EgoGesture/videos/Subject47/Scene2/Color/rgb6 Subject47/Scene2/Color/rgb6
Late Detected - class : 39 with prob : 0.27578225560765585 at frame 173
Late Detected - class : 35 with prob : 0.28571253425503707 at frame 410
Late Detected - class : 47 with prob : 0.2761530650441671 at frame 513
Late Detected - class : 30 with prob : 0.1993538456186809 at frame 587
Late Detected - class : 78 with prob : 0.24688099235914973 at frame 650
Late Detected - class : 73 with prob : 0.2836176135472412 at frame 730
predicted classes: 	 [39 35 47 30 78 73]
True classes :		 [37 39 31 50 35 47 30 24 73 40 16 42]
Levenshtein Accuracy = 0.41666666666666663 (0.6544194835187906)
[414/431]============
/home/aipu/qyh/datasets/EgoGesture/videos/Subject47/Scene2/Color/rgb3.avi
@@@@@@@@@@@@@@ Subject47/Scene2/Color/rgb3
[INFO]: Videot  is loading... /home/aipu/qyh/datasets/EgoGesture/videos/Subject47/Scene2/Color/rgb3 Subject47/Scene2/Color/rgb3
Late Detected - class : 80 with prob : 0.3575873697681014 at frame 134
Late Detected - class : 1 with prob : 0.42619560281269003 at frame 380
Late Detected - class : 83 with prob : 0.1551538347073148 at frame 445
Late Detected - class : 11 with prob : 0.36663335114934575 at frame 635
Late Detected - class : 54 with prob : 0.27407739290300837 at frame 739
Late Detected - class : 41 with prob : 0.3096003131725341 at frame 834
Late Detected - class : 2 with prob : 0.26992694473800544 at frame 932
Late Detected - class : 45 with prob : 0.38779328727289275 at frame 1112
Late Detected - class : 5 with prob : 0.3029026582967582 at frame 1212
predicted classes: 	 [80  1 83 11 54 41  2 45  5]
True classes :		 [80 25 34  1 71 19 11 54 41  2 21 45  5]
Levenshtein Accuracy = 0.6153846153846154 (0.6543132328308208)
[415/431]============
/home/aipu/qyh/datasets/EgoGesture/videos/Subject47/Scene2/Color/rgb7.avi
@@@@@@@@@@@@@@ Subject47/Scene2/Color/rgb7
[INFO]: Videot  is loading... /home/aipu/qyh/datasets/EgoGesture/videos/Subject47/Scene2/Color/rgb7 Subject47/Scene2/Color/rgb7
Late Detected - class : 3 with prob : 0.3681806554229562 at frame 122
Late Detected - class : 27 with prob : 0.2186446086884163 at frame 203
Late Detected - class : 78 with prob : 0.33925767862857087 at frame 300
Late Detected - class : 76 with prob : 0.40261676211840164 at frame 411
Late Detected - class : 4 with prob : 0.3296860689829736 at frame 503
Late Detected - class : 66 with prob : 0.20677884605801683 at frame 573
Late Detected - class : 7 with prob : 0.24956256271294636 at frame 666
Late Detected - class : 55 with prob : 0.4001227265673105 at frame 798
Late Detected - class : 38 with prob : 0.36291207387484736 at frame 968
Late Detected - class : 29 with prob : 0.16581616012901595 at frame 1041
predicted classes: 	 [ 3 27 78 76  4 66  7 55 38 29]
True classes :		 [ 3 27 79 76  4 66  7 55 67 38 29]
Levenshtein Accuracy = 0.8181818181818181 (0.6546897848339253)
[416/431]============
/home/aipu/qyh/datasets/EgoGesture/videos/Subject47/Scene2/Color/rgb4.avi
@@@@@@@@@@@@@@ Subject47/Scene2/Color/rgb4
[INFO]: Videot  is loading... /home/aipu/qyh/datasets/EgoGesture/videos/Subject47/Scene2/Color/rgb4 Subject47/Scene2/Color/rgb4
Late Detected - class : 72 with prob : 0.6060537470453213 at frame 186
Late Detected - class : 6 with prob : 0.5173478985773035 at frame 269
Late Detected - class : 33 with prob : 0.45021728926016674 at frame 351
Late Detected - class : 78 with prob : 0.31663069582265285 at frame 449
Late Detected - class : 0 with prob : 0.33923780114230173 at frame 564
Late Detected - class : 8 with prob : 0.3394526438543612 at frame 650
Late Detected - class : 36 with prob : 0.4771444251689752 at frame 816
Late Detected - class : 13 with prob : 0.3972734321385236 at frame 928
Late Detected - class : 61 with prob : 0.3410662006451149 at frame 1012
Late Detected - class : 20 with prob : 0.24215270949202267 at frame 1098
Late Detected - class : 82 with prob : 0.48223200862447085 at frame 1195
predicted classes: 	 [72  6 33 78  0  8 36 13 61 20 82]
True classes :		 [72  6 33 78  0  8 69 36 13 61 20 82]
Levenshtein Accuracy = 0.9166666666666666 (0.655344863513232)
[417/431]============
/home/aipu/qyh/datasets/EgoGesture/videos/Subject47/Scene2/Color/rgb5.avi
@@@@@@@@@@@@@@ Subject47/Scene2/Color/rgb5
[INFO]: Videot  is loading... /home/aipu/qyh/datasets/EgoGesture/videos/Subject47/Scene2/Color/rgb5 Subject47/Scene2/Color/rgb5
Late Detected - class : 52 with prob : 0.6304331536899507 at frame 386
Late Detected - class : 32 with prob : 0.33875644629497687 at frame 463
Late Detected - class : 26 with prob : 0.3218112446337053 at frame 535
Late Detected - class : 10 with prob : 0.48511794836984323 at frame 655
Late Detected - class : 49 with prob : 0.30519897658310385 at frame 769
Late Detected - class : 51 with prob : 0.3086316536406003 at frame 847
Late Detected - class : 21 with prob : 0.2622402790795848 at frame 1031
Late Detected - class : 77 with prob : 0.380367039707164 at frame 1164
Late Detected - class : 9 with prob : 0.4368413549198725 at frame 1264
predicted classes: 	 [52 32 26 10 49 51 21 77  9]
True classes :		 [74 18 52 32 26 10 49 51 21 77  9 59]
Levenshtein Accuracy = 0.75 (0.6555809602993141)
[418/431]============
/home/aipu/qyh/datasets/EgoGesture/videos/Subject47/Scene5/Color/rgb1.avi
@@@@@@@@@@@@@@ Subject47/Scene5/Color/rgb1
[INFO]: Videot  is loading... /home/aipu/qyh/datasets/EgoGesture/videos/Subject47/Scene5/Color/rgb1 Subject47/Scene5/Color/rgb1
Late Detected - class : 30 with prob : 0.3158402055289599 at frame 105
Late Detected - class : 41 with prob : 0.17342159794838827 at frame 195
Late Detected - class : 9 with prob : 0.409828275660643 at frame 292
Late Detected - class : 44 with prob : 0.3911440107957153 at frame 393
Late Detected - class : 11 with prob : 0.32236951049116064 at frame 486
Late Detected - class : 63 with prob : 0.19238112604384605 at frame 567
Late Detected - class : 24 with prob : 0.1640103415761361 at frame 640
Late Detected - class : 31 with prob : 0.23307926752656905 at frame 703
Late Detected - class : 52 with prob : 0.5235504816317734 at frame 786
Late Detected - class : 25 with prob : 0.25885190424042653 at frame 844
Late Detected - class : 70 with prob : 0.4285921840756775 at frame 916
Late Detected - class : 53 with prob : 0.31352580285022535 at frame 1008
predicted classes: 	 [30 41  9 44 11 63 24 31 52 25 70 53]
True classes :		 [30  3  9 44 11 63 24 31 52 25 70 53]
Levenshtein Accuracy = 0.9166666666666666 (0.6562305618909392)
[419/431]============
/home/aipu/qyh/datasets/EgoGesture/videos/Subject47/Scene5/Color/rgb2.avi
@@@@@@@@@@@@@@ Subject47/Scene5/Color/rgb2
[INFO]: Videot  is loading... /home/aipu/qyh/datasets/EgoGesture/videos/Subject47/Scene5/Color/rgb2 Subject47/Scene5/Color/rgb2
Late Detected - class : 37 with prob : 0.42800391802901944 at frame 66
Late Detected - class : 4 with prob : 0.40144844745760444 at frame 148
Late Detected - class : 74 with prob : 0.3856981990604071 at frame 235
Late Detected - class : 46 with prob : 0.2800878982959746 at frame 322
Late Detected - class : 68 with prob : 0.18491634174957433 at frame 453
Late Detected - class : 62 with prob : 0.29539192474266895 at frame 547
Late Detected - class : 7 with prob : 0.4015053324765097 at frame 650
Late Detected - class : 57 with prob : 0.22813611087299626 at frame 761
Late Detected - class : 73 with prob : 0.35690511929442803 at frame 870
Late Detected - class : 18 with prob : 0.3383101706033186 at frame 967
Late Detected - class : 54 with prob : 0.34347277854073877 at frame 1093
Late Detected - class : 21 with prob : 0.2528263076424483 at frame 1218
predicted classes: 	 [37  4 74 46 68 62  7 57 73 18 54 21]
True classes :		 [37  4 74 46 56 62  7 57 73 18 54 21]
Levenshtein Accuracy = 0.9166666666666666 (0.6568769389865564)
[420/431]============
/home/aipu/qyh/datasets/EgoGesture/videos/Subject47/Scene5/Color/rgb6.avi
@@@@@@@@@@@@@@ Subject47/Scene5/Color/rgb6
[INFO]: Videot  is loading... /home/aipu/qyh/datasets/EgoGesture/videos/Subject47/Scene5/Color/rgb6 Subject47/Scene5/Color/rgb6
Late Detected - class : 77 with prob : 0.31343405401520297 at frame 138
Late Detected - class : 43 with prob : 0.27736233814390465 at frame 212
Late Detected - class : 49 with prob : 0.2801192551003278 at frame 278
Late Detected - class : 34 with prob : 0.27961139014033176 at frame 368
Late Detected - class : 67 with prob : 0.31803570084495986 at frame 443
Late Detected - class : 32 with prob : 0.37838439727308715 at frame 508
Late Detected - class : 17 with prob : 0.6028956135164902 at frame 594
Late Detected - class : 78 with prob : 0.21059475742919065 at frame 684
Late Detected - class : 23 with prob : 0.29074179420807406 at frame 744
Late Detected - class : 39 with prob : 0.2416007163275628 at frame 801
Late Detected - class : 22 with prob : 0.5051951483262744 at frame 921
predicted classes: 	 [77 43 49 34 67 32 17 78 23 39 22]
True classes :		 [66 77 43 49 34 67 32 17 79 23 39 22]
Levenshtein Accuracy = 0.8333333333333334 (0.6573138023519703)
[421/431]============
/home/aipu/qyh/datasets/EgoGesture/videos/Subject47/Scene5/Color/rgb3.avi
@@@@@@@@@@@@@@ Subject47/Scene5/Color/rgb3
[INFO]: Videot  is loading... /home/aipu/qyh/datasets/EgoGesture/videos/Subject47/Scene5/Color/rgb3 Subject47/Scene5/Color/rgb3
Late Detected - class : 12 with prob : 0.36880433726706574 at frame 94
Late Detected - class : 47 with prob : 0.2610849170794434 at frame 159
Late Detected - class : 2 with prob : 0.31554588660250077 at frame 231
Late Detected - class : 16 with prob : 0.16522095483622784 at frame 309
Late Detected - class : 68 with prob : 0.34088318666742506 at frame 400
Late Detected - class : 26 with prob : 0.19572883196941512 at frame 542
Late Detected - class : 1 with prob : 0.3309858332433034 at frame 641
Late Detected - class : 65 with prob : 0.38767952146200263 at frame 745
Late Detected - class : 55 with prob : 0.31315124995489063 at frame 866
Late Detected - class : 45 with prob : 0.4449420968729601 at frame 971
Late Detected - class : 81 with prob : 0.3991449917407233 at frame 1154
predicted classes: 	 [12 47  2 16 68 26  1 65 55 45 81]
True classes :		 [12 47  2 16 68 50 26  1 65 55 45 81]
Levenshtein Accuracy = 0.9166666666666666 (0.6579543115867462)
[422/431]============
/home/aipu/qyh/datasets/EgoGesture/videos/Subject47/Scene5/Color/rgb7.avi
@@@@@@@@@@@@@@ Subject47/Scene5/Color/rgb7
[INFO]: Videot  is loading... /home/aipu/qyh/datasets/EgoGesture/videos/Subject47/Scene5/Color/rgb7 Subject47/Scene5/Color/rgb7
Late Detected - class : 33 with prob : 0.33064575889898934 at frame 91
Late Detected - class : 82 with prob : 0.3124768939999147 at frame 164
Late Detected - class : 58 with prob : 0.3108121013162761 at frame 257
Late Detected - class : 36 with prob : 0.4156751093212822 at frame 334
Late Detected - class : 60 with prob : 0.34270987454774854 at frame 458
Late Detected - class : 10 with prob : 0.5210901915063203 at frame 540
Late Detected - class : 72 with prob : 0.29744378938387617 at frame 625
Late Detected - class : 35 with prob : 0.28659591595456624 at frame 688
Late Detected - class : 75 with prob : 0.4587916198953447 at frame 778
Late Detected - class : 0 with prob : 0.20347903627448174 at frame 853
predicted classes: 	 [33 82 58 36 60 10 72 35 75  0]
True classes :		 [33 82 58 36 20 60 10 71 35 75  0]
Levenshtein Accuracy = 0.8181818181818181 (0.6583162217659138)
[423/431]============
/home/aipu/qyh/datasets/EgoGesture/videos/Subject47/Scene5/Color/rgb4.avi
@@@@@@@@@@@@@@ Subject47/Scene5/Color/rgb4
[INFO]: Videot  is loading... /home/aipu/qyh/datasets/EgoGesture/videos/Subject47/Scene5/Color/rgb4 Subject47/Scene5/Color/rgb4
Late Detected - class : 14 with prob : 0.4878021206582785 at frame 170
Late Detected - class : 51 with prob : 0.3086898105703899 at frame 221
Late Detected - class : 38 with prob : 0.4048632020305 at frame 295
Late Detected - class : 72 with prob : 0.6921648176860855 at frame 413
Late Detected - class : 40 with prob : 0.3861488215398151 at frame 486
Late Detected - class : 15 with prob : 0.3025506524859166 at frame 555
Late Detected - class : 64 with prob : 0.25087728433983897 at frame 629
Late Detected - class : 48 with prob : 0.43722213367279444 at frame 698
Late Detected - class : 69 with prob : 0.18544934938983257 at frame 859
Late Detected - class : 80 with prob : 0.39039467206106665 at frame 947
Late Detected - class : 5 with prob : 0.2930933168121952 at frame 1064
predicted classes: 	 [14 51 38 72 40 15 64 48 69 80  5]
True classes :		 [14 51 38 72 40 15 64 48 42 69 80  5]
Levenshtein Accuracy = 0.9166666666666666 (0.6589512494879148)
[424/431]============
/home/aipu/qyh/datasets/EgoGesture/videos/Subject47/Scene5/Color/rgb5.avi
@@@@@@@@@@@@@@ Subject47/Scene5/Color/rgb5
[INFO]: Videot  is loading... /home/aipu/qyh/datasets/EgoGesture/videos/Subject47/Scene5/Color/rgb5 Subject47/Scene5/Color/rgb5
Late Detected - class : 59 with prob : 0.31012041505475485 at frame 180
Late Detected - class : 6 with prob : 0.3876742213351378 at frame 253
Late Detected - class : 41 with prob : 0.3112237300282423 at frame 327
Late Detected - class : 61 with prob : 0.2610833154126341 at frame 381
Late Detected - class : 19 with prob : 0.35083868486297987 at frame 449
Late Detected - class : 13 with prob : 0.3887471759667821 at frame 527
Late Detected - class : 8 with prob : 0.3748937728229171 at frame 607
Late Detected - class : 78 with prob : 0.43645379586129945 at frame 688
Late Detected - class : 28 with prob : 0.2710573149188774 at frame 746
Late Detected - class : 29 with prob : 0.304430546933939 at frame 806
Late Detected - class : 27 with prob : 0.35133892174405207 at frame 862
Late Detected - class : 76 with prob : 0.270195004539109 at frame 928
predicted classes: 	 [59  6 41 61 19 13  8 78 28 29 27 76]
True classes :		 [59  6 41 61 19 13  8 78 28 29 27 76]
Levenshtein Accuracy = 1.0 (0.6597874948917041)
[425/431]============
/home/aipu/qyh/datasets/EgoGesture/videos/Subject47/Scene4/Color/rgb1.avi
@@@@@@@@@@@@@@ Subject47/Scene4/Color/rgb1
[INFO]: Videot  is loading... /home/aipu/qyh/datasets/EgoGesture/videos/Subject47/Scene4/Color/rgb1 Subject47/Scene4/Color/rgb1
Late Detected - class : 10 with prob : 0.4438532507576626 at frame 179
Late Detected - class : 61 with prob : 0.412055533798497 at frame 479
Late Detected - class : 73 with prob : 0.4003895995762667 at frame 575
Late Detected - class : 58 with prob : 0.4920327950495648 at frame 682
Late Detected - class : 35 with prob : 0.42636945945459875 at frame 769
Late Detected - class : 76 with prob : 0.3320960778755571 at frame 940
Late Detected - class : 72 with prob : 0.4072475907545768 at frame 1046
Late Detected - class : 78 with prob : 0.44051352486625167 at frame 1170
Late Detected - class : 22 with prob : 0.44428520730283527 at frame 1250
predicted classes: 	 [10 61 73 58 35 76 72 78 22]
True classes :		 [10  4 81 61 73 58 35 25 76 72 78 22]
Levenshtein Accuracy = 0.75 (0.6600081532816959)
[426/431]============
/home/aipu/qyh/datasets/EgoGesture/videos/Subject47/Scene4/Color/rgb2.avi
@@@@@@@@@@@@@@ Subject47/Scene4/Color/rgb2
[INFO]: Videot  is loading... /home/aipu/qyh/datasets/EgoGesture/videos/Subject47/Scene4/Color/rgb2 Subject47/Scene4/Color/rgb2
Late Detected - class : 48 with prob : 0.3834124677939856 at frame 275
Late Detected - class : 43 with prob : 0.3505886692918413 at frame 470
Late Detected - class : 33 with prob : 0.37649043419947553 at frame 840
Late Detected - class : 83 with prob : 0.19976522375514377 at frame 924
Late Detected - class : 39 with prob : 0.4472485047198806 at frame 1013
Late Detected - class : 27 with prob : 0.3708647457992582 at frame 1097
Late Detected - class : 8 with prob : 0.37535684635665345 at frame 1198
predicted classes: 	 [48 43 33 83 39 27  8]
True classes :		 [26 48 50 43  0 64 63 33 30 39 27  8]
Levenshtein Accuracy = 0.5 (0.6596177307848718)
[427/431]============
/home/aipu/qyh/datasets/EgoGesture/videos/Subject47/Scene4/Color/rgb6.avi
@@@@@@@@@@@@@@ Subject47/Scene4/Color/rgb6
[INFO]: Videot  is loading... /home/aipu/qyh/datasets/EgoGesture/videos/Subject47/Scene4/Color/rgb6 Subject47/Scene4/Color/rgb6
Late Detected - class : 83 with prob : 0.31657629380653834 at frame 63
Late Detected - class : 56 with prob : 0.290853684223919 at frame 152
Late Detected - class : 74 with prob : 0.21143894519809017 at frame 230
Late Detected - class : 32 with prob : 0.17875350780177643 at frame 531
Late Detected - class : 68 with prob : 0.16127355823177808 at frame 700
Late Detected - class : 45 with prob : 0.1966624016042076 at frame 820
Late Detected - class : 31 with prob : 0.20215199987269805 at frame 915
Late Detected - class : 23 with prob : 0.30404245763232796 at frame 985
Late Detected - class : 52 with prob : 0.4495551511779062 at frame 1194
predicted classes: 	 [83 56 74 32 68 45 31 23 52]
True classes :		 [56 74 44 24 15 32 82 68 45 31 23 52]
Levenshtein Accuracy = 0.5833333333333333 (0.6594320486815416)
[428/431]============
/home/aipu/qyh/datasets/EgoGesture/videos/Subject47/Scene4/Color/rgb3.avi
@@@@@@@@@@@@@@ Subject47/Scene4/Color/rgb3
[INFO]: Videot  is loading... /home/aipu/qyh/datasets/EgoGesture/videos/Subject47/Scene4/Color/rgb3 Subject47/Scene4/Color/rgb3
Late Detected - class : 12 with prob : 0.3263252347476949 at frame 156
Late Detected - class : 13 with prob : 0.4055143535587918 at frame 353
Late Detected - class : 3 with prob : 0.19368952186446609 at frame 443
Late Detected - class : 37 with prob : 0.18703526811802829 at frame 526
Late Detected - class : 65 with prob : 0.2314835635775848 at frame 689
Late Detected - class : 41 with prob : 0.19544421073173499 at frame 1000
Late Detected - class : 51 with prob : 0.28757466020557504 at frame 1064
predicted classes: 	 [12 13  3 37 65 41 51]
True classes :		 [12 16 13  3 37 69 65 55 62 42 41 51]
Levenshtein Accuracy = 0.5833333333333333 (0.6592472683124241)
[429/431]============
/home/aipu/qyh/datasets/EgoGesture/videos/Subject47/Scene4/Color/rgb7.avi
@@@@@@@@@@@@@@ Subject47/Scene4/Color/rgb7
[INFO]: Videot  is loading... /home/aipu/qyh/datasets/EgoGesture/videos/Subject47/Scene4/Color/rgb7 Subject47/Scene4/Color/rgb7
Late Detected - class : 2 with prob : 0.1696871983913888 at frame 113
Late Detected - class : 5 with prob : 0.2383189180920428 at frame 191
Late Detected - class : 66 with prob : 0.21673406421122068 at frame 365
Late Detected - class : 83 with prob : 0.1910288223232146 at frame 441
Late Detected - class : 54 with prob : 0.2939419440323924 at frame 547
Late Detected - class : 46 with prob : 0.22520528145994081 at frame 621
Late Detected - class : 75 with prob : 0.2965650423311272 at frame 723
Late Detected - class : 14 with prob : 0.36942758924499136 at frame 949
Late Detected - class : 20 with prob : 0.335874635323318 at frame 1057
predicted classes: 	 [ 2  5 66 83 54 46 75 14 20]
True classes :		 [ 2  5  7 66 60 54 46 75 71 14 20]
Levenshtein Accuracy = 0.7272727272727273 (0.6593983444377145)
[430/431]============
/home/aipu/qyh/datasets/EgoGesture/videos/Subject47/Scene4/Color/rgb4.avi
@@@@@@@@@@@@@@ Subject47/Scene4/Color/rgb4
[INFO]: Videot  is loading... /home/aipu/qyh/datasets/EgoGesture/videos/Subject47/Scene4/Color/rgb4 Subject47/Scene4/Color/rgb4
Late Detected - class : 18 with prob : 0.168151442998772 at frame 232
Late Detected - class : 28 with prob : 0.23425065343675247 at frame 306
Late Detected - class : 53 with prob : 0.30150906680735967 at frame 422
Late Detected - class : 83 with prob : 0.17876276719912165 at frame 560
Late Detected - class : 6 with prob : 0.2113765972379378 at frame 667
Late Detected - class : 11 with prob : 0.4063131596516282 at frame 863
Late Detected - class : 29 with prob : 0.17439711270485478 at frame 1020
predicted classes: 	 [18 28 53 83  6 11 29]
True classes :		 [59 18 28 53 70  6 67 11 47 29 19 57]
Levenshtein Accuracy = 0.5 (0.6590130916414905)
[431/431]============
/home/aipu/qyh/datasets/EgoGesture/videos/Subject47/Scene4/Color/rgb5.avi
@@@@@@@@@@@@@@ Subject47/Scene4/Color/rgb5
[INFO]: Videot  is loading... /home/aipu/qyh/datasets/EgoGesture/videos/Subject47/Scene4/Color/rgb5 Subject47/Scene4/Color/rgb5
Late Detected - class : 49 with prob : 0.24201959812013882 at frame 120
Late Detected - class : 80 with prob : 0.3187256779239194 at frame 398
Late Detected - class : 17 with prob : 0.31634017515785373 at frame 476
Late Detected - class : 77 with prob : 0.28459131563664386 at frame 548
Late Detected - class : 1 with prob : 0.35093971109079825 at frame 629
Late Detected - class : 38 with prob : 0.43370308271062236 at frame 707
Late Detected - class : 36 with prob : 0.33080502398368744 at frame 783
Late Detected - class : 9 with prob : 0.3887239852191902 at frame 981
predicted classes: 	 [49 80 17 77  1 38 36  9]
True classes :		 [49 34 21 80 17 77  1 38 36 40  9 79]
Levenshtein Accuracy = 0.6666666666666667 (0.6590315451074945)
Average Levenshtein Accuracy= 0.6590315451074945
-----Evaluation is finished------
